[9010:9010:0814/035645.710080:INFO:render_frame_host_impl.cc(3718)] >>>	[site, common.url, headers] = 3:9_https://tag.idsync.analytics.yahoo.com/, HTTP/1.1 200 status:200 content-encoding:gzip content-type:text/html date:Mon, 12 Aug 2019 11:58:24 GMT etag:"9b27f08842ec1f21101a0bc4c5dba12e+gzip" last-modified:Thu, 08 Aug 2019 17:26:39 GMT server:ECS (sgb/C6E6) vary:Accept-Encoding x-amz-id-2:/jw3BeuK3VBRgbV7BwzdypkMPUTPb/nTEdYHO8NTh3oLxoyuUdYw5o+8NbVPrV32svKZnh17dBk= x-amz-request-id:33BD832464322143 x-amz-server-side-encryption:AES256 x-cache:HIT content-length:153  ,9054, 3
[1:7:0814/035645.711763:INFO:ipc_mojo_bootstrap.cc(809)] >>> [IPC] Accept. post a task to AcceptOnProxyThread
[9010:9010:0814/035645.838470:INFO:CONSOLE(14)] "yui: NOT loaded: videoplayer", source: https://s.yimg.com/zz/combo?yui:/3.18.0/yui/yui-min.js (14)
[9010:9010:0814/035645.843098:INFO:CONSOLE(14)] "yui: NOT loaded: videoplayer", source: https://s.yimg.com/zz/combo?yui:/3.18.0/yui/yui-min.js (14)
[9010:9010:0814/035645.848879:INFO:CONSOLE(14)] "yui: NOT loaded: td-applet-storyswarm-atomic-templates-list.tumblr", source: https://s.yimg.com/zz/combo?yui:/3.18.0/yui/yui-min.js (14)
[1:1:0814/035645.858676:INFO:script_loader.cc(852)]  $$$ [Script] ScriptLoader::ExecuteScriptBlock. task_id, url is 2243, "https://s.yimg.com/rq/darla/3-15-0/html/r-sf.html"
[1:1:0814/035645.898753:INFO:event_target.cc(534)] !!!!!!!!!!!!!!!! RegisteredEventListener::SetCallback. 0x2207a2c72ec0
[1:1:0814/035645.913504:INFO:script_loader.cc(852)]  $$$ [Script] ScriptLoader::ExecuteScriptBlock. task_id, url is 2243, "https://s.yimg.com/rq/darla/3-15-0/html/r-sf.html"
[1:1:0814/035645.914630:INFO:script_loader.cc(852)]  $$$ [Script] ScriptLoader::ExecuteScriptBlock. task_id, url is 2243, "https://s.yimg.com/rq/darla/3-15-0/html/r-sf.html"
[1:1:0814/035645.919619:INFO:html_tree_builder.cc(780)] >>> [renderer][DOM] receive <iframe>
[9010:9010:0814/035645.920218:INFO:render_frame_host_impl.cc(1417)] 	 enter RenderFrameHostImpl::OnCreateChildFrame
[1:1:0814/035645.921136:INFO:render_frame_impl.cc(1477)] 	RenderFrameImpl::Initialize. 10, 0x11a19df8b220
[1:1:0814/035645.921237:INFO:web_local_frame_impl.cc(1666)] 		WebLocalFrame::SetRoutingID. routing_id = 10
[9010:9010:0814/035645.922204:INFO:frame_tree.cc(218)] 	 enter FrameTree::AddFrame: , 10, 9, 
[1:1:0814/035645.928200:INFO:render_frame_impl.cc(7018)] >>> [renderer][DOM] RenderFrameImpl::BeginNavigation
[1:1:0814/035645.928317:INFO:render_frame_impl.cc(7019)] 	 [url] = https://s.yimg.com
[9010:9010:0814/035645.928783:INFO:render_frame_host_impl.cc(3108)] >>> [broswer][navigation] RenderFrameHostImpl::BeginNavigation. ID from switcher is 3:6_https://s.yimg.com/
[1:1:0814/035645.929410:INFO:script_loader.cc(852)]  $$$ [Script] ScriptLoader::ExecuteScriptBlock. task_id, url is 2243, "https://s.yimg.com/rq/darla/3-15-0/html/r-sf.html"
[1:1:0814/035645.931363:INFO:script_loader.cc(852)]  $$$ [Script] ScriptLoader::ExecuteScriptBlock. task_id, url is 2243, "https://s.yimg.com/rq/darla/3-15-0/html/r-sf.html"
[1:1:0814/035645.944127:INFO:event_target.cc(534)] !!!!!!!!!!!!!!!! RegisteredEventListener::SetCallback. 0x2207a2c72ec0
[1:1:0814/035645.958890:INFO:script_loader.cc(852)]  $$$ [Script] ScriptLoader::ExecuteScriptBlock. task_id, url is 2255, "https://s.yimg.com/rq/darla/3-15-0/html/r-sf.html"
[9010:9010:0814/035645.973536:INFO:navigation_url_loader_network_service.cc(1293)] 	 enter NavigationURLLoaderNetworkService::OnReceiveResponse
[9010:9010:0814/035645.974008:INFO:navigation_handle_impl.cc(765)] 	 enter NavigationHandleImpl::WillProcessResponse
[9010:9020:0814/035645.975500:INFO:interface_endpoint_client.cc(447)] >>> [Frame] get kURLLoader_ProceedWithResponse_Name. [pid, routing_id] = 3, 10
[9010:9020:0814/035645.975544:INFO:mojo_async_resource_handler.cc(459)] >>> [IPC] MojoAsyncResourceHandler::ProceedWithResponse konws [cid, routing_id]: 3, 10, HandleIncomingMessage, HandleIncomingMessage
[9010:9010:0814/035645.975573:INFO:render_frame_host_impl.cc(3699)] >>> RenderFrameHostImpl::CommitNavigation https://googleads.g.doubleclick.net/
[9010:9010:0814/035645.975606:INFO:switcher_host_impl.cc(127)] >>> [Key] add a new principal. [cid, principal, url, frame_id] = 3, 3:10_https://googleads.g.doubleclick.net/, https://googleads.g.doubleclick.net/xbbe/pixel?d=CNMDENuYlQIY3OKsXDAB&v=APEucNVw82V5IYkOjy3-0ybZ7rtjQuKnHgN_hNLKOLbXhU0-iuik0S5zHeMueZSwxJ4DMZVdH3Ju2qJA5yZyLvoJtVufEFl_ZA, 9
[9010:9010:0814/035645.975657:INFO:render_frame_host_impl.cc(3718)] >>>	[site, common.url, headers] = 3:10_https://googleads.g.doubleclick.net/, HTTP/1.1 200 status:200 p3p:policyref="https://googleads.g.doubleclick.net/pagead/gcn_p3p_.xml", CP="CURa ADMa DEVa TAIo PSAo PSDo OUR IND UNI PUR INT DEM STA PRE COM NAV OTC NOI DSP COR" timing-allow-origin:* content-type:text/html; charset=UTF-8 x-content-type-options:nosniff date:Mon, 12 Aug 2019 11:58:24 GMT server:cafe content-length:0 x-xss-protection:0 set-cookie:test_cookie=CheckForPermission; expires=Mon, 12-Aug-2019 12:13:24 GMT; path=/; domain=.doubleclick.net alt-svc:quic="googleads.g.doubleclick.net:443"; ma=2592000; v="46,43,39",quic=":443"; ma=2592000; v="46,43,39" expires:Mon, 12 Aug 2019 11:58:24 GMT cache-control:private  ,9054, 3
[1:7:0814/035645.977062:INFO:ipc_mojo_bootstrap.cc(809)] >>> [IPC] Accept. post a task to AcceptOnProxyThread
[1:1:0814/035645.980495:INFO:event_target.cc(534)] !!!!!!!!!!!!!!!! RegisteredEventListener::SetCallback. 0x2207a2c74c60
[1:1:0814/035645.992537:INFO:script_loader.cc(852)]  $$$ [Script] ScriptLoader::ExecuteScriptBlock. task_id, url is 2255, "https://s.yimg.com/rq/darla/3-15-0/html/r-sf.html"
[1:1:0814/035645.996520:INFO:event_target.cc(534)] !!!!!!!!!!!!!!!! RegisteredEventListener::SetCallback. 0x2207a2c74c60
[1:1:0814/035646.079793:INFO:ipc_mojo_bootstrap.cc(894)] ### [Switcher][kFrameNavigationControl_CommitNavigation_Name] get additional field: 3:9_https://tag.idsync.analytics.yahoo.com/
[1:1:0814/035646.582537:INFO:script_loader.cc(852)]  $$$ [Script] ScriptLoader::ExecuteScriptBlock. task_id, url is 2493 0x7f40a3162bd0 0x11a19e4a6dd8 , "https://s.yimg.com/rq/darla/3-15-0/html/r-sf.html"
[1:1:0814/035646.604100:INFO:event_target.cc(534)] !!!!!!!!!!!!!!!! RegisteredEventListener::SetCallback. 0x2207a2c7b2c0
[1:1:0814/035646.616360:INFO:script_loader.cc(852)]  $$$ [Script] ScriptLoader::ExecuteScriptBlock. task_id, url is 2493 0x7f40a3162bd0 0x11a19e4a6dd8 , "https://s.yimg.com/rq/darla/3-15-0/html/r-sf.html"
[1:1:0814/035646.617228:INFO:html_tree_builder.cc(780)] >>> [renderer][DOM] receive <iframe>
[9010:9010:0814/035646.618845:INFO:render_frame_host_impl.cc(1417)] 	 enter RenderFrameHostImpl::OnCreateChildFrame
[1:1:0814/035646.619526:INFO:render_frame_impl.cc(1477)] 	RenderFrameImpl::Initialize. 11, 0x11a19cc41a20
[1:1:0814/035646.619649:INFO:web_local_frame_impl.cc(1666)] 		WebLocalFrame::SetRoutingID. routing_id = 11
[9010:9010:0814/035646.621334:INFO:frame_tree.cc(218)] 	 enter FrameTree::AddFrame: , 11, 10, 
[1:1:0814/035646.625861:INFO:render_frame_impl.cc(7018)] >>> [renderer][DOM] RenderFrameImpl::BeginNavigation
[1:1:0814/035646.625971:INFO:render_frame_impl.cc(7019)] 	 [url] = https://s.yimg.com
[9010:9010:0814/035646.626419:INFO:render_frame_host_impl.cc(3108)] >>> [broswer][navigation] RenderFrameHostImpl::BeginNavigation. ID from switcher is 3:6_https://s.yimg.com/
[1:1:0814/035646.630087:INFO:event_target.cc(534)] !!!!!!!!!!!!!!!! RegisteredEventListener::SetCallback. 0x2207a2c7b2c0
[1:1:0814/035646.646066:INFO:script_loader.cc(852)]  $$$ [Script] ScriptLoader::ExecuteScriptBlock. task_id, url is 2519 0x7f40a3162bd0 0x11a19d3b6058 , "https://s.yimg.com/rq/darla/3-15-0/html/r-sf.html"
[1:1:0814/035646.666747:INFO:event_target.cc(534)] !!!!!!!!!!!!!!!! RegisteredEventListener::SetCallback. 0x2207a2c7d3a8
[1:1:0814/035646.678315:INFO:script_loader.cc(852)]  $$$ [Script] ScriptLoader::ExecuteScriptBlock. task_id, url is 2519 0x7f40a3162bd0 0x11a19d3b6058 , "https://s.yimg.com/rq/darla/3-15-0/html/r-sf.html"
[1:1:0814/035646.682941:INFO:event_target.cc(534)] !!!!!!!!!!!!!!!! RegisteredEventListener::SetCallback. 0x2207a2c7d3a8
[1:1:0814/035646.688368:INFO:ipc_mojo_bootstrap.cc(894)] ### [Switcher][kFrameNavigationControl_CommitNavigation_Name] get additional field: 3:10_https://googleads.g.doubleclick.net/
[1:1:0814/035646.707079:INFO:script_loader.cc(852)]  $$$ [Script] ScriptLoader::ExecuteScriptBlock. task_id, url is 2550, "https://s.yimg.com/rq/darla/3-15-0/html/r-sf.html"
[9010:9010:0814/035646.904591:INFO:switcher_host_impl.cc(127)] >>> [Key] add a new principal. [cid, principal, url, frame_id] = 3, 3:9_https://tag.idsync.analytics.yahoo.com/, https://tag.idsync.analytics.yahoo.com/, 8
[9010:9010:0814/035646.904665:INFO:frame_tree_node.cc(349)] 	FrameTreeNode::SetCurrentOrigin. [frameid, routingid, origin, url] = 8, 9, https://tag.idsync.analytics.yahoo.com/, https://tag.idsync.analytics.yahoo.com
[1:1:0814/035646.912364:INFO:html_document_parser.cc(1203)]  $$$ [TASK] HTMLDocumentParser::AppendBytes -> BackgroundHTMLParser::AppendRawBytesFromMainThread
[1:1:0814/035647.045528:INFO:platform_thread_posix.cc(131)] >>> invoke pthread_create
[1:1:0814/035647.072427:INFO:platform_thread_posix.cc(131)] >>> invoke pthread_create
[1:1:0814/035647.140993:INFO:script_loader.cc(852)]  $$$ [Script] ScriptLoader::ExecuteScriptBlock. task_id, url is 2685, "https://s.yimg.com/rq/darla/3-15-0/html/r-sf.html"
[9010:9010:0814/035647.191799:INFO:switcher_host_impl.cc(127)] >>> [Key] add a new principal. [cid, principal, url, frame_id] = 3, 3:10_https://googleads.g.doubleclick.net/, https://googleads.g.doubleclick.net/, 9
[9010:9010:0814/035647.191870:INFO:frame_tree_node.cc(349)] 	FrameTreeNode::SetCurrentOrigin. [frameid, routingid, origin, url] = 9, 10, https://googleads.g.doubleclick.net/, https://googleads.g.doubleclick.net
[1:1:0814/035647.216509:INFO:script_loader.cc(852)]  $$$ [Script] ScriptLoader::ExecuteScriptBlock. task_id, url is 2719, "https://s.yimg.com/rq/darla/3-15-0/html/r-sf.html"
[1:1:0814/035647.263874:INFO:html_parser_scheduler.cc(81)]  $$$ [TASK] HTMLParserScheduler::ScheduleForUnpause -> HTMLParserScheduler::ContinueParsing
[1:1:0814/035647.385433:INFO:html_parser_scheduler.cc(81)]  $$$ [TASK] HTMLParserScheduler::ScheduleForUnpause -> HTMLParserScheduler::ContinueParsing
[9010:9010:0814/035647.389541:INFO:navigation_url_loader_network_service.cc(1293)] 	 enter NavigationURLLoaderNetworkService::OnReceiveResponse
[9010:9010:0814/035647.390009:INFO:navigation_handle_impl.cc(765)] 	 enter NavigationHandleImpl::WillProcessResponse
[9010:9020:0814/035647.391525:INFO:interface_endpoint_client.cc(447)] >>> [Frame] get kURLLoader_ProceedWithResponse_Name. [pid, routing_id] = 3, 11
[9010:9010:0814/035647.391609:INFO:render_frame_host_impl.cc(3699)] >>> RenderFrameHostImpl::CommitNavigation https://s.yimg.com/
[9010:9020:0814/035647.391606:INFO:mojo_async_resource_handler.cc(459)] >>> [IPC] MojoAsyncResourceHandler::ProceedWithResponse konws [cid, routing_id]: 3, 11, HandleIncomingMessage, HandleIncomingMessage
[9010:9010:0814/035647.391654:INFO:switcher_host_impl.cc(127)] >>> [Key] add a new principal. [cid, principal, url, frame_id] = 3, 3:11_https://s.yimg.com/, https://s.yimg.com/ja/ap/ssp_cookie_sync/apac.html, 10
[9010:9010:0814/035647.391811:INFO:render_frame_host_impl.cc(3718)] >>>	[site, common.url, headers] = 3:11_https://s.yimg.com/, HTTP/1.1 200 status:200 x-amz-id-2:/CxrRoItWimIAidXNRXvdeZL88oBCKvYE4MZgkJvjaSUHnnAJWxAbe1ozxXNWT/LtZlhYt8GKew= x-amz-request-id:A7378EEA8E506E76 date:Mon, 12 Aug 2019 01:50:52 GMT last-modified:Mon, 30 Apr 2018 16:10:55 GMT etag:"08dc3a26368ba18d7aa3f08b2f39a55b-df" x-amz-server-side-encryption:AES256 cache-control:max-age=86400,public x-amz-meta-created-date:Fri, 15 Sep 2017 22:03:21 GMT x-amz-meta-mbst-etag:"YM:1:249064fb-6bcc-4b95-ad2a-83d4eb1faf2a000559418fadbd30" x-amz-meta-x-ysws-mbst-vtime:1505513001827632 expires:Sat, 05 Sep 2026 00:00:00 GMT x-amz-meta-x-ysws-access:public accept-ranges:bytes content-type:text/html; charset=utf-8 server:ATS referrer-policy:no-referrer-when-downgrade vary:Origin, Accept-Encoding content-encoding:gzip content-length:415 age:36454 strict-transport-security:max-age=15552000 expect-ct:max-age=31536000, report-uri="http://csp.yahoo.com/beacon/csp?src=yahoocom-expect-ct-report-only" x-xss-protection:1; mode=block x-content-type-options:nosniff  ,9054, 3
[1:7:0814/035647.394138:INFO:ipc_mojo_bootstrap.cc(809)] >>> [IPC] Accept. post a task to AcceptOnProxyThread
[1:1:0814/035647.399036:INFO:html_parser_scheduler.cc(81)]  $$$ [TASK] HTMLParserScheduler::ScheduleForUnpause -> HTMLParserScheduler::ContinueParsing
[1:1:0814/035647.410043:INFO:script_loader.cc(852)]  $$$ [Script] ScriptLoader::ExecuteScriptBlock. task_id, url is 2883 0x7f40a4d208b0 0x11a19cc4dfe0 , "https://s.yimg.com/rq/darla/3-15-0/html/r-sf.html"
[9010:9010:0814/035647.431578:INFO:render_frame_host_impl.cc(1417)] 	 enter RenderFrameHostImpl::OnCreateChildFrame
[1:1:0814/035647.432737:INFO:render_frame_impl.cc(1477)] 	RenderFrameImpl::Initialize. 12, 0x11a19dc36a20
[1:1:0814/035647.432894:INFO:web_local_frame_impl.cc(1666)] 		WebLocalFrame::SetRoutingID. routing_id = 12
[9010:9010:0814/035647.433361:INFO:frame_tree.cc(218)] 	 enter FrameTree::AddFrame: , 12, 11, 
[1:1:0814/035647.439377:INFO:render_frame_impl.cc(7018)] >>> [renderer][DOM] RenderFrameImpl::BeginNavigation
[1:1:0814/035647.439508:INFO:render_frame_impl.cc(7019)] 	 [url] = https://s.yimg.com
[9010:9010:0814/035647.442448:INFO:render_frame_host_impl.cc(3108)] >>> [broswer][navigation] RenderFrameHostImpl::BeginNavigation. ID from switcher is 3:6_https://s.yimg.com/
[1:1:0814/035647.452468:INFO:script_loader.cc(852)]  $$$ [Script] ScriptLoader::ExecuteScriptBlock. task_id, url is 2884 0x7f40a4d208b0 0x11a19d89af60 , "https://s.yimg.com/rq/darla/3-15-0/html/r-sf.html"
[9010:9010:0814/035647.455509:INFO:navigation_url_loader_network_service.cc(1293)] 	 enter NavigationURLLoaderNetworkService::OnReceiveResponse
[9010:9010:0814/035647.456206:INFO:navigation_handle_impl.cc(765)] 	 enter NavigationHandleImpl::WillProcessResponse
[9010:9010:0814/035647.457969:INFO:render_frame_host_impl.cc(3699)] >>> RenderFrameHostImpl::CommitNavigation https://tpc.googlesyndication.com/
[9010:9010:0814/035647.458009:INFO:switcher_host_impl.cc(127)] >>> [Key] add a new principal. [cid, principal, url, frame_id] = 3, 3:12_https://tpc.googlesyndication.com/, https://tpc.googlesyndication.com/sodar/Enqz_20U.html, 11
[9010:9010:0814/035647.458065:INFO:render_frame_host_impl.cc(3718)] >>>	[site, common.url, headers] = 3:12_https://tpc.googlesyndication.com/, HTTP/1.1 200 status:200 accept-ranges:bytes vary:Accept-Encoding content-encoding:gzip content-type:text/html content-length:8395 date:Mon, 29 Jul 2019 22:01:42 GMT expires:Tue, 28 Jul 2020 22:01:42 GMT last-modified:Wed, 09 May 2018 20:45:00 GMT x-content-type-options:nosniff server:sffe x-xss-protection:0 cache-control:public, max-age=31536000 age:1173404 alt-svc:quic=":443"; ma=2592000; v="46,43,39"  ,9054, 3
[9010:9020:0814/035647.460394:INFO:interface_endpoint_client.cc(447)] >>> [Frame] get kURLLoader_ProceedWithResponse_Name. [pid, routing_id] = 3, 12
[9010:9020:0814/035647.460439:INFO:mojo_async_resource_handler.cc(459)] >>> [IPC] MojoAsyncResourceHandler::ProceedWithResponse konws [cid, routing_id]: 3, 12, HandleIncomingMessage, HandleIncomingMessage
[1:7:0814/035647.460933:INFO:ipc_mojo_bootstrap.cc(809)] >>> [IPC] Accept. post a task to AcceptOnProxyThread
[1:1:0814/035647.491903:INFO:html_parser_scheduler.cc(158)]  $$$ [TASK] HTMLParserScheduler::ContinueParsing
[1:1:0814/035647.492064:INFO:html_document_parser.cc(272)] >>> HTMLDocumentParser::ResumeParsingAfterYield. url is "https://tag.idsync.analytics.yahoo.com/sp-frame.html?referrer=https%3A%2F%2Fsg.yahoo.com%2F%3Fp%3Dus"
[1:1:0814/035647.497725:INFO:platform_thread_posix.cc(131)] >>> invoke pthread_create
[1:1:0814/035647.559826:INFO:script_loader.cc(852)]  $$$ [Script] ScriptLoader::ExecuteScriptBlock. task_id, url is 2922 0x7f40a4d208b0 0x11a19d0f3ee0 , "https://s.yimg.com/rq/darla/3-15-0/html/r-sf.html"
[1:1:0814/035647.640333:INFO:render_frame_impl.cc(1477)] 	RenderFrameImpl::Initialize. 13, 0x11a19dc39220
[1:1:0814/035647.640497:INFO:web_local_frame_impl.cc(1666)] 		WebLocalFrame::SetRoutingID. routing_id = 13
[9010:9010:0814/035647.641121:INFO:render_frame_host_impl.cc(1417)] 	 enter RenderFrameHostImpl::OnCreateChildFrame
[9010:9010:0814/035647.643240:INFO:frame_tree.cc(218)] 	 enter FrameTree::AddFrame: , 13, 12, 
[9010:9010:0814/035647.660997:INFO:switcher_host_impl.cc(127)] >>> [Key] add a new principal. [cid, principal, url, frame_id] = 3, 3:13_https://s.yimg.com/, https://s.yimg.com/, 12
[9010:9010:0814/035647.661064:INFO:frame_tree_node.cc(349)] 	FrameTreeNode::SetCurrentOrigin. [frameid, routingid, origin, url] = 12, 13, https://s.yimg.com/, https://s.yimg.com
[1:1:0814/035647.677109:INFO:script_loader.cc(852)]  $$$ [Script] ScriptLoader::ExecuteScriptBlock. task_id, url is 2922 0x7f40a4d208b0 0x11a19d0f3ee0 , "https://s.yimg.com/rq/darla/3-15-0/html/r-sf.html"
[1:1:0814/035647.703005:INFO:html_tree_builder.cc(780)] >>> [renderer][DOM] receive <iframe>
[1:1:0814/035647.705285:INFO:render_frame_impl.cc(1477)] 	RenderFrameImpl::Initialize. 14, 0x11a19e8e1a20
[1:1:0814/035647.705487:INFO:web_local_frame_impl.cc(1666)] 		WebLocalFrame::SetRoutingID. routing_id = 14
[9010:9010:0814/035647.705789:INFO:render_frame_host_impl.cc(1417)] 	 enter RenderFrameHostImpl::OnCreateChildFrame
[9010:9010:0814/035647.708051:INFO:frame_tree.cc(218)] 	 enter FrameTree::AddFrame: aswift_0, 14, 13, 
[9010:9010:0814/035647.722071:INFO:switcher_host_impl.cc(127)] >>> [Key] add a new principal. [cid, principal, url, frame_id] = 3, 3:14_https://s.yimg.com/, https://s.yimg.com/, 13
[9010:9010:0814/035647.722131:INFO:frame_tree_node.cc(349)] 	FrameTreeNode::SetCurrentOrigin. [frameid, routingid, origin, url] = 13, 14, https://s.yimg.com/, https://s.yimg.com
[1:1:0814/035647.753189:INFO:render_frame_impl.cc(1477)] 	RenderFrameImpl::Initialize. 15, 0x11a19e8e2420
[1:1:0814/035647.753324:INFO:web_local_frame_impl.cc(1666)] 		WebLocalFrame::SetRoutingID. routing_id = 15
[9010:9010:0814/035647.753595:INFO:render_frame_host_impl.cc(1417)] 	 enter RenderFrameHostImpl::OnCreateChildFrame
[9010:9010:0814/035647.755606:INFO:frame_tree.cc(218)] 	 enter FrameTree::AddFrame: google_esf, 15, 14, 
[1:1:0814/035647.760220:INFO:render_frame_impl.cc(7018)] >>> [renderer][DOM] RenderFrameImpl::BeginNavigation
[1:1:0814/035647.760360:INFO:render_frame_impl.cc(7019)] 	 [url] = https://s.yimg.com
[9010:9010:0814/035647.762426:INFO:render_frame_host_impl.cc(3108)] >>> [broswer][navigation] RenderFrameHostImpl::BeginNavigation. ID from switcher is 3:6_https://s.yimg.com/
[9010:9010:0814/035647.774150:INFO:navigation_url_loader_network_service.cc(1293)] 	 enter NavigationURLLoaderNetworkService::OnReceiveResponse
[1:1:0814/035647.774302:INFO:html_parser_scheduler.cc(158)]  $$$ [TASK] HTMLParserScheduler::ContinueParsing
[1:1:0814/035647.774448:INFO:html_document_parser.cc(272)] >>> HTMLDocumentParser::ResumeParsingAfterYield. url is "https://s.yimg.com/rq/darla/3-15-0/html/r-sf.html"
[9010:9010:0814/035647.774881:INFO:navigation_handle_impl.cc(765)] 	 enter NavigationHandleImpl::WillProcessResponse
[9010:9020:0814/035647.776969:INFO:interface_endpoint_client.cc(447)] >>> [Frame] get kURLLoader_ProceedWithResponse_Name. [pid, routing_id] = 3, 15
[9010:9010:0814/035647.777029:INFO:render_frame_host_impl.cc(3699)] >>> RenderFrameHostImpl::CommitNavigation https://googleads.g.doubleclick.net/
[9010:9020:0814/035647.777028:INFO:mojo_async_resource_handler.cc(459)] >>> [IPC] MojoAsyncResourceHandler::ProceedWithResponse konws [cid, routing_id]: 3, 15, HandleIncomingMessage, HandleIncomingMessage
[9010:9010:0814/035647.777068:INFO:switcher_host_impl.cc(127)] >>> [Key] add a new principal. [cid, principal, url, frame_id] = 3, 3:15_https://googleads.g.doubleclick.net/, https://googleads.g.doubleclick.net/pagead/html/r20190807/r20190131/zrt_lookup.html#, 14
[9010:9010:0814/035647.777125:INFO:render_frame_host_impl.cc(3718)] >>>	[site, common.url, headers] = 3:15_https://googleads.g.doubleclick.net/, HTTP/1.1 200 status:200 p3p:policyref="https://googleads.g.doubleclick.net/pagead/gcn_p3p_.xml", CP="CURa ADMa DEVa TAIo PSAo PSDo OUR IND UNI PUR INT DEM STA PRE COM NAV OTC NOI DSP COR" timing-allow-origin:* vary:Accept-Encoding date:Thu, 08 Aug 2019 17:29:39 GMT expires:Thu, 22 Aug 2019 17:29:39 GMT content-type:text/html; charset=UTF-8 etag:4817175036427020965 x-content-type-options:nosniff content-encoding:gzip server:cafe content-length:7274 x-xss-protection:0 cache-control:public, max-age=1209600 age:325727 alt-svc:quic="googleads.g.doubleclick.net:443"; ma=2592000; v="46,43,39",quic=":443"; ma=2592000; v="46,43,39"  ,9054, 3
[1:7:0814/035647.779472:INFO:ipc_mojo_bootstrap.cc(809)] >>> [IPC] Accept. post a task to AcceptOnProxyThread
[1:1:0814/035647.785120:INFO:ipc_mojo_bootstrap.cc(894)] ### [Switcher][kFrameNavigationControl_CommitNavigation_Name] get additional field: 3:11_https://s.yimg.com/
[1:1:0814/035647.794546:INFO:html_parser_scheduler.cc(158)]  $$$ [TASK] HTMLParserScheduler::ContinueParsing
[1:1:0814/035647.794682:INFO:html_document_parser.cc(272)] >>> HTMLDocumentParser::ResumeParsingAfterYield. url is "https://s.yimg.com/rq/darla/3-15-0/html/r-sf.html"
[1:1:0814/035647.795174:INFO:script_loader.cc(852)]  $$$ [Script] ScriptLoader::ExecuteScriptBlock. task_id, url is 2950 0x7f40a2dfa070 0x11a19e81bd60 , "https://s.yimg.com/rq/darla/3-15-0/html/r-sf.html"
[1:1:0814/035647.796422:INFO:script_loader.cc(852)]  $$$ [Script] ScriptLoader::ExecuteScriptBlock. task_id, url is 2950 0x7f40a2dfa070 0x11a19e81bd60 , "https://s.yimg.com/rq/darla/3-15-0/html/r-sf.html"
[1:1:0814/035647.804365:INFO:script_loader.cc(852)]  $$$ [Script] ScriptLoader::ExecuteScriptBlock. task_id, url is 2950 0x7f40a2dfa070 0x11a19e81bd60 , "https://s.yimg.com/rq/darla/3-15-0/html/r-sf.html"
[1:1:0814/035647.906046:INFO:ipc_mojo_bootstrap.cc(894)] ### [Switcher][kFrameNavigationControl_CommitNavigation_Name] get additional field: 3:12_https://tpc.googlesyndication.com/
[1:1:0814/035647.922264:INFO:script_loader.cc(852)]  $$$ [Script] ScriptLoader::ExecuteScriptBlock. task_id, url is 2993, "https://tag.idsync.analytics.yahoo.com/sp-frame.html?referrer=https%3A%2F%2Fsg.yahoo.com%2F%3Fp%3Dus"
[1:1:0814/035648.043466:INFO:ipc_mojo_bootstrap.cc(894)] ### [Switcher][kFrameNavigationControl_CommitNavigation_Name] get additional field: 3:15_https://googleads.g.doubleclick.net/
[9010:9010:0814/035648.054411:INFO:switcher_host_impl.cc(127)] >>> [Key] add a new principal. [cid, principal, url, frame_id] = 3, 3:11_https://s.yimg.com/, https://s.yimg.com/, 10
[9010:9010:0814/035648.054467:INFO:frame_tree_node.cc(349)] 	FrameTreeNode::SetCurrentOrigin. [frameid, routingid, origin, url] = 10, 11, https://s.yimg.com/, https://s.yimg.com
[1:1:0814/035648.056860:INFO:html_document_parser.cc(1203)]  $$$ [TASK] HTMLDocumentParser::AppendBytes -> BackgroundHTMLParser::AppendRawBytesFromMainThread
[1:1:0814/035648.103784:INFO:html_document_parser.cc(1203)]  $$$ [TASK] HTMLDocumentParser::AppendBytes -> BackgroundHTMLParser::AppendRawBytesFromMainThread
[9010:9010:0814/035648.106409:INFO:switcher_host_impl.cc(127)] >>> [Key] add a new principal. [cid, principal, url, frame_id] = 3, 3:12_https://tpc.googlesyndication.com/, https://tpc.googlesyndication.com/, 11
[9010:9010:0814/035648.106503:INFO:frame_tree_node.cc(349)] 	FrameTreeNode::SetCurrentOrigin. [frameid, routingid, origin, url] = 11, 12, https://tpc.googlesyndication.com/, https://tpc.googlesyndication.com
[1:1:0814/035648.201074:INFO:script_loader.cc(852)]  $$$ [Script] ScriptLoader::ExecuteScriptBlock. task_id, url is 3208 0x7f40a4d208b0 0x11a19d3310e0 , "https://s.yimg.com/rq/darla/3-15-0/html/r-sf.html"
[1:1:0814/035648.202846:INFO:script_loader.cc(852)]  $$$ [Script] ScriptLoader::ExecuteScriptBlock. task_id, url is 3209 0x7f40a4d208b0 0x11a19da851e0 , "https://s.yimg.com/rq/darla/3-15-0/html/r-sf.html"
[9010:9010:0814/035648.216687:INFO:switcher_host_impl.cc(127)] >>> [Key] add a new principal. [cid, principal, url, frame_id] = 3, 3:15_https://googleads.g.doubleclick.net/, https://googleads.g.doubleclick.net/, 14
[9010:9010:0814/035648.216761:INFO:frame_tree_node.cc(349)] 	FrameTreeNode::SetCurrentOrigin. [frameid, routingid, origin, url] = 14, 15, https://googleads.g.doubleclick.net/, https://googleads.g.doubleclick.net
[1:1:0814/035648.234431:INFO:html_document_parser.cc(1203)]  $$$ [TASK] HTMLDocumentParser::AppendBytes -> BackgroundHTMLParser::AppendRawBytesFromMainThread
[1:1:0814/035648.244886:INFO:script_loader.cc(852)]  $$$ [Script] ScriptLoader::ExecuteScriptBlock. task_id, url is 3231 0x7f40b9481080 0x11a19e0a1ce0 1 0 0x11a19e0a1cf8 , "https://s.yimg.com/rq/darla/3-15-0/html/r-sf.html"
[9010:9010:0814/035648.425295:INFO:render_frame_host_impl.cc(1417)] 	 enter RenderFrameHostImpl::OnCreateChildFrame
[1:1:0814/035648.426171:INFO:render_frame_impl.cc(1477)] 	RenderFrameImpl::Initialize. 16, 0x11a19dc37e20
[1:1:0814/035648.426287:INFO:web_local_frame_impl.cc(1666)] 		WebLocalFrame::SetRoutingID. routing_id = 16
[9010:9010:0814/035648.427266:INFO:frame_tree.cc(218)] 	 enter FrameTree::AddFrame: , 16, 15, 
[9010:9010:0814/035648.438093:INFO:switcher_host_impl.cc(127)] >>> [Key] add a new principal. [cid, principal, url, frame_id] = 3, 3:16_https://s.yimg.com/, https://s.yimg.com/, 15
[9010:9010:0814/035648.438165:INFO:frame_tree_node.cc(349)] 	FrameTreeNode::SetCurrentOrigin. [frameid, routingid, origin, url] = 15, 16, https://s.yimg.com/, https://s.yimg.com
[1:1:0814/035648.625731:INFO:html_parser_scheduler.cc(81)]  $$$ [TASK] HTMLParserScheduler::ScheduleForUnpause -> HTMLParserScheduler::ContinueParsing
[1:1:0814/035648.633874:INFO:script_loader.cc(852)]  $$$ [Script] ScriptLoader::ExecuteScriptBlock. task_id, url is 3246 0x7f40a3162bd0 0x11a19d0f3ed8 , "https://s.yimg.com/rq/darla/3-15-0/html/r-sf.html"
[9010:9010:0814/035648.709634:INFO:render_frame_host_impl.cc(1417)] 	 enter RenderFrameHostImpl::OnCreateChildFrame
[1:1:0814/035648.709747:INFO:render_frame_impl.cc(1477)] 	RenderFrameImpl::Initialize. 17, 0x11a19dc37e20
[1:1:0814/035648.709893:INFO:web_local_frame_impl.cc(1666)] 		WebLocalFrame::SetRoutingID. routing_id = 17
[9010:9010:0814/035648.712488:INFO:frame_tree.cc(218)] 	 enter FrameTree::AddFrame: , 17, 16, 
[9010:9010:0814/035648.726519:INFO:switcher_host_impl.cc(127)] >>> [Key] add a new principal. [cid, principal, url, frame_id] = 3, 3:17_https://s.yimg.com/, https://s.yimg.com/, 16
[9010:9010:0814/035648.726601:INFO:frame_tree_node.cc(349)] 	FrameTreeNode::SetCurrentOrigin. [frameid, routingid, origin, url] = 16, 17, https://s.yimg.com/, https://s.yimg.com
[1:1:0814/035648.868704:INFO:html_parser_scheduler.cc(81)]  $$$ [TASK] HTMLParserScheduler::ScheduleForUnpause -> HTMLParserScheduler::ContinueParsing
[1:1:0814/035648.946697:INFO:html_parser_scheduler.cc(81)]  $$$ [TASK] HTMLParserScheduler::ScheduleForUnpause -> HTMLParserScheduler::ContinueParsing
[1:1:0814/035648.982743:INFO:html_parser_scheduler.cc(158)]  $$$ [TASK] HTMLParserScheduler::ContinueParsing
[1:1:0814/035648.982881:INFO:html_document_parser.cc(272)] >>> HTMLDocumentParser::ResumeParsingAfterYield. url is "https://s.yimg.com/ja/ap/ssp_cookie_sync/apac.html"
[1:1:0814/035648.984358:INFO:script_loader.cc(852)]  $$$ [Script] ScriptLoader::ExecuteScriptBlock. task_id, url is 3416 0x7f40a2dfa070 0x11a19da84160 , "https://s.yimg.com/ja/ap/ssp_cookie_sync/apac.html"
[9010:9010:0814/035648.989077:INFO:render_frame_host_impl.cc(1417)] 	 enter RenderFrameHostImpl::OnCreateChildFrame
[1:1:0814/035648.990163:INFO:render_frame_impl.cc(1477)] 	RenderFrameImpl::Initialize. 18, 0x11a19cedca20
[1:1:0814/035648.990316:INFO:web_local_frame_impl.cc(1666)] 		WebLocalFrame::SetRoutingID. routing_id = 18
[9010:9010:0814/035648.991283:INFO:frame_tree.cc(218)] 	 enter FrameTree::AddFrame: , 18, 17, 
[1:1:0814/035648.997105:INFO:render_frame_impl.cc(7018)] >>> [renderer][DOM] RenderFrameImpl::BeginNavigation
[1:1:0814/035648.997253:INFO:render_frame_impl.cc(7019)] 	 [url] = https://s.yimg.com
[9010:9010:0814/035648.997789:INFO:render_frame_host_impl.cc(3108)] >>> [broswer][navigation] RenderFrameHostImpl::BeginNavigation. ID from switcher is 3:11_https://s.yimg.com/
[1:1:0814/035649.060686:INFO:html_parser_scheduler.cc(158)]  $$$ [TASK] HTMLParserScheduler::ContinueParsing
[1:1:0814/035649.060808:INFO:html_document_parser.cc(272)] >>> HTMLDocumentParser::ResumeParsingAfterYield. url is "https://tpc.googlesyndication.com/sodar/Enqz_20U.html"
[1:1:0814/035649.061784:INFO:script_loader.cc(852)]  $$$ [Script] ScriptLoader::ExecuteScriptBlock. task_id, url is 3503 0x7f40a2dfa070 0x11a19eaa13e0 , "https://tpc.googlesyndication.com/sodar/Enqz_20U.html"
[9010:9010:0814/035649.062369:INFO:navigation_url_loader_network_service.cc(1293)] 	 enter NavigationURLLoaderNetworkService::OnReceiveResponse
[9010:9010:0814/035649.062790:INFO:navigation_handle_impl.cc(765)] 	 enter NavigationHandleImpl::WillProcessResponse
[9010:9020:0814/035649.064311:INFO:interface_endpoint_client.cc(447)] >>> [Frame] get kURLLoader_ProceedWithResponse_Name. [pid, routing_id] = 3, 18
[9010:9020:0814/035649.064355:INFO:mojo_async_resource_handler.cc(459)] >>> [IPC] MojoAsyncResourceHandler::ProceedWithResponse konws [cid, routing_id]: 3, 18, HandleIncomingMessage, HandleIncomingMessage
[9010:9010:0814/035649.064363:INFO:render_frame_host_impl.cc(3699)] >>> RenderFrameHostImpl::CommitNavigation https://ads.pubmatic.com/
[9010:9010:0814/035649.064396:INFO:switcher_host_impl.cc(127)] >>> [Key] add a new principal. [cid, principal, url, frame_id] = 3, 3:18_https://ads.pubmatic.com/, https://ads.pubmatic.com/AdServer/js/user_sync.html?p=156107&s=176446&predirect=https%3A%2F%2Fpr-bh.ybp.yahoo.com%2Fsync%2Fpubmatic%2F, 17
[9010:9010:0814/035649.064448:INFO:render_frame_host_impl.cc(3718)] >>>	[site, common.url, headers] = 3:18_https://ads.pubmatic.com/, HTTP/1.1 200 OK Last-Modified: Fri, 26 Jul 2019 09:40:01 GMT ETag: "1300708-26ca-58e92538a370a" Server: Apache/2.2.15 (CentOS) Accept-Ranges: bytes Content-Encoding: gzip P3P: CP="NOI DSP COR LAW CUR ADMo DEVo TAIo PSAo PSDo IVAo IVDo HISo OTPo OUR SAMo BUS UNI COM NAV INT DEM CNT STA PRE LOC", CP="NOI DSP COR LAW CUR ADMo DEVo TAIo PSAo PSDo IVAo IVDo HISo OTPo OUR SAMo BUS UNI COM NAV INT DEM CNT STA PRE LOC" Content-Length: 3860 Content-Type: text/html; charset=UTF-8 Cache-Control: max-age=62743 Expires: Tue, 13 Aug 2019 05:24:10 GMT Date: Mon, 12 Aug 2019 11:58:27 GMT Connection: keep-alive Vary: Accept-Encoding  ,9054, 3
[1:7:0814/035649.065381:INFO:ipc_mojo_bootstrap.cc(809)] >>> [IPC] Accept. post a task to AcceptOnProxyThread
[1:1:0814/035649.112075:INFO:script_loader.cc(852)]  $$$ [Script] ScriptLoader::ExecuteScriptBlock. task_id, url is 3535 0x7f40b9481080 0x11a19da801a0 1 0 0x11a19da801b8 , "https://s.yimg.com/rq/darla/3-15-0/html/r-sf.html"
[1:1:0814/035649.177000:INFO:script_loader.cc(852)]  $$$ [Script] ScriptLoader::ExecuteScriptBlock. task_id, url is 3535 0x7f40b9481080 0x11a19da801a0 1 0 0x11a19da801b8 , "https://s.yimg.com/rq/darla/3-15-0/html/r-sf.html"
[1:1:0814/035649.177771:INFO:script_loader.cc(852)]  $$$ [Script] ScriptLoader::ExecuteScriptBlock. task_id, url is 3535 0x7f40b9481080 0x11a19da801a0 1 0 0x11a19da801b8 , "https://s.yimg.com/rq/darla/3-15-0/html/r-sf.html"
[9010:9010:0814/035649.257304:INFO:render_frame_host_impl.cc(1417)] 	 enter RenderFrameHostImpl::OnCreateChildFrame
[1:1:0814/035649.258252:INFO:render_frame_impl.cc(1477)] 	RenderFrameImpl::Initialize. 19, 0x11a19dc37e20
[1:1:0814/035649.258411:INFO:web_local_frame_impl.cc(1666)] 		WebLocalFrame::SetRoutingID. routing_id = 19
[9010:9010:0814/035649.259588:INFO:frame_tree.cc(218)] 	 enter FrameTree::AddFrame: google_ads_frame1, 19, 18, 
[1:1:0814/035649.266112:INFO:render_frame_impl.cc(7018)] >>> [renderer][DOM] RenderFrameImpl::BeginNavigation
[1:1:0814/035649.266247:INFO:render_frame_impl.cc(7019)] 	 [url] = https://s.yimg.com
[9010:9010:0814/035649.266936:INFO:render_frame_host_impl.cc(3108)] >>> [broswer][navigation] RenderFrameHostImpl::BeginNavigation. ID from switcher is 3:6_https://s.yimg.com/
[1:1:0814/035649.286686:INFO:html_parser_scheduler.cc(158)]  $$$ [TASK] HTMLParserScheduler::ContinueParsing
[1:1:0814/035649.286822:INFO:html_document_parser.cc(272)] >>> HTMLDocumentParser::ResumeParsingAfterYield. url is "https://googleads.g.doubleclick.net/pagead/html/r20190807/r20190131/zrt_lookup.html#"
[1:1:0814/035649.288105:INFO:script_loader.cc(852)]  $$$ [Script] ScriptLoader::ExecuteScriptBlock. task_id, url is 3540 0x7f40a2dfa070 0x11a19daf8360 , "https://googleads.g.doubleclick.net/pagead/html/r20190807/r20190131/zrt_lookup.html#"
[1:1:0814/035649.364829:INFO:script_loader.cc(852)]  $$$ [Script] ScriptLoader::ExecuteScriptBlock. task_id, url is 3583 0x7f40a4d208b0 0x11a19ea84e60 , "https://s.yimg.com/rq/darla/3-15-0/html/r-sf.html"
[1:1:0814/035649.370142:INFO:event_target.cc(534)] !!!!!!!!!!!!!!!! RegisteredEventListener::SetCallback. 0x2207a2c72ec0
[1:1:0814/035649.433849:INFO:script_loader.cc(852)]  $$$ [Script] ScriptLoader::ExecuteScriptBlock. task_id, url is 3599 0x7f40a4d208b0 0x11a19d11f0e0 , "https://s.yimg.com/rq/darla/3-15-0/html/r-sf.html"
[1:1:0814/035649.438667:INFO:ipc_mojo_bootstrap.cc(894)] ### [Switcher][kFrameNavigationControl_CommitNavigation_Name] get additional field: 3:18_https://ads.pubmatic.com/
[9010:9010:0814/035649.555928:INFO:navigation_url_loader_network_service.cc(1293)] 	 enter NavigationURLLoaderNetworkService::OnReceiveResponse
[9010:9010:0814/035649.556550:INFO:navigation_handle_impl.cc(765)] 	 enter NavigationHandleImpl::WillProcessResponse
[9010:9020:0814/035649.558283:INFO:interface_endpoint_client.cc(447)] >>> [Frame] get kURLLoader_ProceedWithResponse_Name. [pid, routing_id] = 3, 19
[9010:9020:0814/035649.558349:INFO:mojo_async_resource_handler.cc(459)] >>> [IPC] MojoAsyncResourceHandler::ProceedWithResponse konws [cid, routing_id]: 3, 19, HandleIncomingMessage, HandleIncomingMessage
[9010:9010:0814/035649.558362:INFO:render_frame_host_impl.cc(3699)] >>> RenderFrameHostImpl::CommitNavigation https://googleads.g.doubleclick.net/
[9010:9010:0814/035649.558412:INFO:switcher_host_impl.cc(127)] >>> [Key] add a new principal. [cid, principal, url, frame_id] = 3, 3:19_https://googleads.g.doubleclick.net/, https://googleads.g.doubleclick.net/pagead/ads?client=ca-pub-6785382607161389&output=html&h=250&slotname=1481641241&adk=3950437848&adf=2170632791&w=300&guci=2.2.0.0.2.2.0.0&format=300x250&url=https%3A%2F%2Fsg.yahoo.com%2F%3Fp%3Dus&ea=0&flash=0&avail_w=0&wgl=1&adsid=NT&dt=1565726207633&bpp=128&bdt=3316&fdt=1545&idt=1546&shv=r20190807&cbv=r20190131&saldr=aa&correlator=48266095533&frm=24&ife=3&pv=2&ga_vid=1217837324.1565726209&ga_sid=1565726209&ga_hid=1914328119&ga_fc=0&iag=3&icsg=649&nhd=1&dssz=7&mdo=33554432&mso=33554432&u_tz=480&u_his=2&u_java=0&u_h=1080&u_w=1920&u_ah=1056&u_aw=1855&u_cd=24&u_nplug=2&u_nmime=2&adx=0&ady=0&biw=-12245933&bih=-12245933&isw=300&ish=250&ifk=1120905753&scr_x=-12245933&scr_y=-12245933&oid=3&loc=https%3A%2F%2Fsg.yahoo.com%2F%3Fp%3Dus&rx=0&eae=3&brdim=75%2C34%2C75%2C34%2C1855%2C24%2C1280%2C1024%2C300%2C250&vis=1&rsz=%7C%7CaeE%7C&abl=CA&pfx=0&fu=16&bc=31&osw_key=1550835982&ifi=1&uci=1.6achcsceb1cw&fsb=1&dtd=1622, 18
[9010:9010:0814/035649.558481:INFO:render_frame_host_impl.cc(3718)] >>>	[site, common.url, headers] = 3:19_https://googleads.g.doubleclick.net/, HTTP/1.1 200 status:200 p3p:policyref="https://googleads.g.doubleclick.net/pagead/gcn_p3p_.xml", CP="CURa ADMa DEVa TAIo PSAo PSDo OUR IND UNI PUR INT DEM STA PRE COM NAV OTC NOI DSP COR" timing-allow-origin:* content-type:text/html; charset=UTF-8 x-content-type-options:nosniff content-encoding:br date:Mon, 12 Aug 2019 11:58:28 GMT server:cafe content-length:26413 x-xss-protection:0 alt-svc:quic="googleads.g.doubleclick.net:443"; ma=2592000; v="46,43,39",quic=":443"; ma=2592000; v="46,43,39"  ,9054, 3
[1:7:0814/035649.560162:INFO:ipc_mojo_bootstrap.cc(809)] >>> [IPC] Accept. post a task to AcceptOnProxyThread
[9010:9010:0814/035649.710532:INFO:switcher_host_impl.cc(127)] >>> [Key] add a new principal. [cid, principal, url, frame_id] = 3, 3:18_https://ads.pubmatic.com/, https://ads.pubmatic.com/, 17
[9010:9010:0814/035649.710612:INFO:frame_tree_node.cc(349)] 	FrameTreeNode::SetCurrentOrigin. [frameid, routingid, origin, url] = 17, 18, https://ads.pubmatic.com/, https://ads.pubmatic.com
[1:1:0814/035649.721395:INFO:html_document_parser.cc(1203)]  $$$ [TASK] HTMLDocumentParser::AppendBytes -> BackgroundHTMLParser::AppendRawBytesFromMainThread
[1:1:0814/035649.751877:INFO:ipc_mojo_bootstrap.cc(894)] ### [Switcher][kFrameNavigationControl_CommitNavigation_Name] get additional field: 3:19_https://googleads.g.doubleclick.net/
[1:1:0814/035649.811440:INFO:html_parser_scheduler.cc(81)]  $$$ [TASK] HTMLParserScheduler::ScheduleForUnpause -> HTMLParserScheduler::ContinueParsing
[1:1:0814/035649.817859:INFO:script_loader.cc(852)]  $$$ [Script] ScriptLoader::ExecuteScriptBlock. task_id, url is 3854 0x7f40a4d208b0 0x11a19908b660 , "https://tpc.googlesyndication.com/sodar/Enqz_20U.html"
[1:1:0814/035649.861300:INFO:script_loader.cc(852)]  $$$ [Script] ScriptLoader::ExecuteScriptBlock. task_id, url is 3872 0x7f40a4d208b0 0x11a198f679e0 , "https://s.yimg.com/rq/darla/3-15-0/html/r-sf.html"
[9010:9010:0814/035649.898824:INFO:render_frame_host_impl.cc(1417)] 	 enter RenderFrameHostImpl::OnCreateChildFrame
[1:1:0814/035649.899823:INFO:render_frame_impl.cc(1477)] 	RenderFrameImpl::Initialize. 20, 0x11a19e8e2e20
[1:1:0814/035649.899983:INFO:web_local_frame_impl.cc(1666)] 		WebLocalFrame::SetRoutingID. routing_id = 20
[9010:9010:0814/035649.901467:INFO:frame_tree.cc(218)] 	 enter FrameTree::AddFrame: google_osd_static_frame, 20, 19, 
[9010:9010:0814/035649.914922:INFO:switcher_host_impl.cc(127)] >>> [Key] add a new principal. [cid, principal, url, frame_id] = 3, 3:20_https://s.yimg.com/, https://s.yimg.com/, 19
[9010:9010:0814/035649.915013:INFO:frame_tree_node.cc(349)] 	FrameTreeNode::SetCurrentOrigin. [frameid, routingid, origin, url] = 19, 20, https://s.yimg.com/, https://s.yimg.com
[1:1:0814/035650.117264:INFO:html_document_parser.cc(1203)]  $$$ [TASK] HTMLDocumentParser::AppendBytes -> BackgroundHTMLParser::AppendRawBytesFromMainThread
[9010:9010:0814/035650.117849:INFO:switcher_host_impl.cc(127)] >>> [Key] add a new principal. [cid, principal, url, frame_id] = 3, 3:19_https://googleads.g.doubleclick.net/, https://googleads.g.doubleclick.net/, 18
[9010:9010:0814/035650.117924:INFO:frame_tree_node.cc(349)] 	FrameTreeNode::SetCurrentOrigin. [frameid, routingid, origin, url] = 18, 19, https://googleads.g.doubleclick.net/, https://googleads.g.doubleclick.net
[1:1:0814/035650.188390:INFO:event_target.cc(534)] !!!!!!!!!!!!!!!! RegisteredEventListener::SetCallback. 0x2207a2c74c60
[1:1:0814/035650.209153:INFO:html_parser_scheduler.cc(158)]  $$$ [TASK] HTMLParserScheduler::ContinueParsing
[1:1:0814/035650.209371:INFO:html_document_parser.cc(272)] >>> HTMLDocumentParser::ResumeParsingAfterYield. url is "https://ads.pubmatic.com/AdServer/js/user_sync.html?p=156107&s=176446&predirect=https%3A%2F%2Fpr-bh.ybp.yahoo.com%2Fsync%2Fpubmatic%2F"
[1:1:0814/035650.210852:INFO:script_loader.cc(852)]  $$$ [Script] ScriptLoader::ExecuteScriptBlock. task_id, url is 3913 0x7f40a2dfa070 0x11a19e5ba5e0 , "https://ads.pubmatic.com/AdServer/js/user_sync.html?p=156107&s=176446&predirect=https%3A%2F%2Fpr-bh.ybp.yahoo.com%2Fsync%2Fpubmatic%2F"
[1:1:0814/035650.219897:INFO:html_tree_builder.cc(780)] >>> [renderer][DOM] receive <iframe>
[9010:9010:0814/035650.220792:INFO:render_frame_host_impl.cc(1417)] 	 enter RenderFrameHostImpl::OnCreateChildFrame
[1:1:0814/035650.222021:INFO:render_frame_impl.cc(1477)] 	RenderFrameImpl::Initialize. 21, 0x11a19dc36020
[1:1:0814/035650.222188:INFO:web_local_frame_impl.cc(1666)] 		WebLocalFrame::SetRoutingID. routing_id = 21
[9010:9010:0814/035650.222923:INFO:frame_tree.cc(218)] 	 enter FrameTree::AddFrame: , 21, 20, 
[1:1:0814/035650.229209:INFO:render_frame_impl.cc(7018)] >>> [renderer][DOM] RenderFrameImpl::BeginNavigation
[1:1:0814/035650.229362:INFO:render_frame_impl.cc(7019)] 	 [url] = https://ads.pubmatic.com
[9010:9010:0814/035650.229885:INFO:render_frame_host_impl.cc(3108)] >>> [broswer][navigation] RenderFrameHostImpl::BeginNavigation. ID from switcher is 3:18_https://ads.pubmatic.com/
[9010:9010:0814/035650.266184:INFO:navigation_url_loader_network_service.cc(1293)] 	 enter NavigationURLLoaderNetworkService::OnReceiveResponse
[9010:9010:0814/035650.266600:INFO:navigation_handle_impl.cc(765)] 	 enter NavigationHandleImpl::WillProcessResponse
[9010:9020:0814/035650.268082:INFO:interface_endpoint_client.cc(447)] >>> [Frame] get kURLLoader_ProceedWithResponse_Name. [pid, routing_id] = 3, 21
[9010:9020:0814/035650.268146:INFO:mojo_async_resource_handler.cc(459)] >>> [IPC] MojoAsyncResourceHandler::ProceedWithResponse konws [cid, routing_id]: 3, 21, HandleIncomingMessage, HandleIncomingMessage
[9010:9010:0814/035650.268165:INFO:render_frame_host_impl.cc(3699)] >>> RenderFrameHostImpl::CommitNavigation https://ads.pubmatic.com/
[9010:9010:0814/035650.268198:INFO:switcher_host_impl.cc(127)] >>> [Key] add a new principal. [cid, principal, url, frame_id] = 3, 3:21_https://ads.pubmatic.com/, https://ads.pubmatic.com/AdServer/js/showad.js#PIX&kdntuid=1&SPug=true&p=156107&s=176446&predirect=https%3A%2F%2Fpr-bh.ybp.yahoo.com%2Fsync%2Fpubmatic%2F&it=0&gdpr=0&np=0, 20
[9010:9010:0814/035650.268251:INFO:render_frame_host_impl.cc(3718)] >>>	[site, common.url, headers] = 3:21_https://ads.pubmatic.com/, HTTP/1.1 200 OK Server: Apache/2.2.15 (CentOS) ETag: "13006b6-9bf6-58e925294ef26" Set-Cookie: KTPCACOOKIE=YES; domain=.pubmatic.com; path=/; max-age=7776000; Last-Modified: Fri, 26 Jul 2019 09:39:45 GMT Accept-Ranges: bytes Content-Encoding: gzip P3P: CP="NOI DSP COR LAW CUR ADMo DEVo TAIo PSAo PSDo IVAo IVDo HISo OTPo OUR SAMo BUS UNI COM NAV INT DEM CNT STA PRE LOC", CP="NOI DSP COR LAW CUR ADMo DEVo TAIo PSAo PSDo IVAo IVDo HISo OTPo OUR SAMo BUS UNI COM NAV INT DEM CNT STA PRE LOC" Content-Length: 14898 Content-Type: text/html; charset=UTF-8 Cache-Control: public, max-age=100717 Expires: Tue, 13 Aug 2019 15:57:05 GMT Date: Mon, 12 Aug 2019 11:58:28 GMT Connection: keep-alive Vary: Accept-Encoding  ,9054, 3
[1:7:0814/035650.269589:INFO:ipc_mojo_bootstrap.cc(809)] >>> [IPC] Accept. post a task to AcceptOnProxyThread
[1:1:0814/035650.321910:INFO:html_parser_scheduler.cc(81)]  $$$ [TASK] HTMLParserScheduler::ScheduleForUnpause -> HTMLParserScheduler::ContinueParsing
[1:1:0814/035650.352691:INFO:html_document_parser.cc(1203)]  $$$ [TASK] HTMLDocumentParser::AppendBytes -> BackgroundHTMLParser::AppendRawBytesFromMainThread
[1:1:0814/035650.499853:INFO:ipc_mojo_bootstrap.cc(894)] ### [Switcher][kFrameNavigationControl_CommitNavigation_Name] get additional field: 3:21_https://ads.pubmatic.com/
[1:1:0814/035650.531621:INFO:html_parser_scheduler.cc(158)]  $$$ [TASK] HTMLParserScheduler::ContinueParsing
[1:1:0814/035650.531805:INFO:html_document_parser.cc(272)] >>> HTMLDocumentParser::ResumeParsingAfterYield. url is "https://googleads.g.doubleclick.net/pagead/ads?client=ca-pub-6785382607161389&output=html&h=250&slotname=1481641241&adk=3950437848&adf=2170632791&w=300&guci=2.2.0.0.2.2.0.0&format=300x250&url=https%3A%2F%2Fsg.yahoo.com%2F%3Fp%3Dus&ea=0&flash=0&avail_w=0&wgl=1&adsid=NT&dt=1565726207633&bpp=128&bdt=3316&fdt=1545&idt=1546&shv=r20190807&cbv=r20190131&saldr=aa&correlator=48266095533&frm=24&ife=3&pv=2&ga_vid=1217837324.1565726209&ga_sid=1565726209&ga_hid=1914328119&ga_fc=0&iag=3&icsg=649&nhd=1&dssz=7&mdo=33554432&mso=33554432&u_tz=480&u_his=2&u_java=0&u_h=1080&u_w=1920&u_ah=1056&u_aw=1855&u_cd=24&u_nplug=2&u_nmime=2&adx=0&ady=0&biw=-12245933&bih=-12245933&isw=300&ish=250&ifk=1120905753&scr_x=-12245933&scr_y=-12245933&oid=3&loc=https%3A%2F%2Fsg.yahoo.com%2F%3Fp%3Dus&rx=0&eae=3&brdim=75%2C34%2C75%2C34%2C1855%2C24%2C1280%2C1024%2C300%2C250&vis=1&rsz=%7C%7CaeE%7C&abl=CA&pfx=0&fu=16&bc=31&osw_key=1550835982&ifi=1&uci=1.6achcsceb1cw&fsb=1&dtd=1622"
[1:1:0814/035650.534301:INFO:script_loader.cc(852)]  $$$ [Script] ScriptLoader::ExecuteScriptBlock. task_id, url is 4103 0x7f40a2dfa070 0x11a19d0489e0 , "https://googleads.g.doubleclick.net/pagead/ads?client=ca-pub-6785382607161389&output=html&h=250&slotname=1481641241&adk=3950437848&adf=2170632791&w=300&guci=2.2.0.0.2.2.0.0&format=300x250&url=https%3A%2F%2Fsg.yahoo.com%2F%3Fp%3Dus&ea=0&flash=0&avail_w=0&wgl=1&adsid=NT&dt=1565726207633&bpp=128&bdt=3316&fdt=1545&idt=1546&shv=r20190807&cbv=r20190131&saldr=aa&correlator=48266095533&frm=24&ife=3&pv=2&ga_vid=1217837324.1565726209&ga_sid=1565726209&ga_hid=1914328119&ga_fc=0&iag=3&icsg=649&nhd=1&dssz=7&mdo=33554432&mso=33554432&u_tz=480&u_his=2&u_java=0&u_h=1080&u_w=1920&u_ah=1056&u_aw=1855&u_cd=24&u_nplug=2&u_nmime=2&adx=0&ady=0&biw=-12245933&bih=-12245933&isw=300&ish=250&ifk=1120905753&scr_x=-12245933&scr_y=-12245933&oid=3&loc=https%3A%2F%2Fsg.yahoo.com%2F%3Fp%3Dus&rx=0&eae=3&brdim=75%2C34%2C75%2C34%2C1855%2C24%2C1280%2C1024%2C300%2C250&vis=1&rsz=%7C%7CaeE%7C&abl=CA&pfx=0&fu=16&bc=31&osw_key=1550835982&ifi=1&uci=1.6achcsceb1cw&fsb=1&dtd=1622"
[1:1:0814/035650.536594:INFO:script_loader.cc(852)]  $$$ [Script] ScriptLoader::ExecuteScriptBlock. task_id, url is 4103 0x7f40a2dfa070 0x11a19d0489e0 , "https://googleads.g.doubleclick.net/pagead/ads?client=ca-pub-6785382607161389&output=html&h=250&slotname=1481641241&adk=3950437848&adf=2170632791&w=300&guci=2.2.0.0.2.2.0.0&format=300x250&url=https%3A%2F%2Fsg.yahoo.com%2F%3Fp%3Dus&ea=0&flash=0&avail_w=0&wgl=1&adsid=NT&dt=1565726207633&bpp=128&bdt=3316&fdt=1545&idt=1546&shv=r20190807&cbv=r20190131&saldr=aa&correlator=48266095533&frm=24&ife=3&pv=2&ga_vid=1217837324.1565726209&ga_sid=1565726209&ga_hid=1914328119&ga_fc=0&iag=3&icsg=649&nhd=1&dssz=7&mdo=33554432&mso=33554432&u_tz=480&u_his=2&u_java=0&u_h=1080&u_w=1920&u_ah=1056&u_aw=1855&u_cd=24&u_nplug=2&u_nmime=2&adx=0&ady=0&biw=-12245933&bih=-12245933&isw=300&ish=250&ifk=1120905753&scr_x=-12245933&scr_y=-12245933&oid=3&loc=https%3A%2F%2Fsg.yahoo.com%2F%3Fp%3Dus&rx=0&eae=3&brdim=75%2C34%2C75%2C34%2C1855%2C24%2C1280%2C1024%2C300%2C250&vis=1&rsz=%7C%7CaeE%7C&abl=CA&pfx=0&fu=16&bc=31&osw_key=1550835982&ifi=1&uci=1.6achcsceb1cw&fsb=1&dtd=1622"
[9010:9010:0814/035650.621806:INFO:switcher_host_impl.cc(127)] >>> [Key] add a new principal. [cid, principal, url, frame_id] = 3, 3:21_https://ads.pubmatic.com/, https://ads.pubmatic.com/, 20
[9010:9010:0814/035650.621960:INFO:frame_tree_node.cc(349)] 	FrameTreeNode::SetCurrentOrigin. [frameid, routingid, origin, url] = 20, 21, https://ads.pubmatic.com/, https://ads.pubmatic.com
[1:1:0814/035650.634788:INFO:html_document_parser.cc(1203)]  $$$ [TASK] HTMLDocumentParser::AppendBytes -> BackgroundHTMLParser::AppendRawBytesFromMainThread
[1:1:0814/035650.674233:INFO:script_loader.cc(852)]  $$$ [Script] ScriptLoader::ExecuteScriptBlock. task_id, url is 4200 0x7f40a4d208b0 0x11a19d04a2e0 , "https://s.yimg.com/rq/darla/3-15-0/html/r-sf.html"
[1:1:0814/035650.711598:INFO:script_loader.cc(852)]  $$$ [Script] ScriptLoader::ExecuteScriptBlock. task_id, url is 4209 0x7f40a3162bd0 0x11a19e9b3ad8 , "https://googleads.g.doubleclick.net/pagead/ads?client=ca-pub-6785382607161389&output=html&h=250&slotname=1481641241&adk=3950437848&adf=2170632791&w=300&guci=2.2.0.0.2.2.0.0&format=300x250&url=https%3A%2F%2Fsg.yahoo.com%2F%3Fp%3Dus&ea=0&flash=0&avail_w=0&wgl=1&adsid=NT&dt=1565726207633&bpp=128&bdt=3316&fdt=1545&idt=1546&shv=r20190807&cbv=r20190131&saldr=aa&correlator=48266095533&frm=24&ife=3&pv=2&ga_vid=1217837324.1565726209&ga_sid=1565726209&ga_hid=1914328119&ga_fc=0&iag=3&icsg=649&nhd=1&dssz=7&mdo=33554432&mso=33554432&u_tz=480&u_his=2&u_java=0&u_h=1080&u_w=1920&u_ah=1056&u_aw=1855&u_cd=24&u_nplug=2&u_nmime=2&adx=0&ady=0&biw=-12245933&bih=-12245933&isw=300&ish=250&ifk=1120905753&scr_x=-12245933&scr_y=-12245933&oid=3&loc=https%3A%2F%2Fsg.yahoo.com%2F%3Fp%3Dus&rx=0&eae=3&brdim=75%2C34%2C75%2C34%2C1855%2C24%2C1280%2C1024%2C300%2C250&vis=1&rsz=%7C%7CaeE%7C&abl=CA&pfx=0&fu=16&bc=31&osw_key=1550835982&ifi=1&uci=1.6achcsceb1cw&fsb=1&dtd=1622"
[1:1:0814/035650.729902:INFO:script_loader.cc(852)]  $$$ [Script] ScriptLoader::ExecuteScriptBlock. task_id, url is 4209 0x7f40a3162bd0 0x11a19e9b3ad8 , "https://googleads.g.doubleclick.net/pagead/ads?client=ca-pub-6785382607161389&output=html&h=250&slotname=1481641241&adk=3950437848&adf=2170632791&w=300&guci=2.2.0.0.2.2.0.0&format=300x250&url=https%3A%2F%2Fsg.yahoo.com%2F%3Fp%3Dus&ea=0&flash=0&avail_w=0&wgl=1&adsid=NT&dt=1565726207633&bpp=128&bdt=3316&fdt=1545&idt=1546&shv=r20190807&cbv=r20190131&saldr=aa&correlator=48266095533&frm=24&ife=3&pv=2&ga_vid=1217837324.1565726209&ga_sid=1565726209&ga_hid=1914328119&ga_fc=0&iag=3&icsg=649&nhd=1&dssz=7&mdo=33554432&mso=33554432&u_tz=480&u_his=2&u_java=0&u_h=1080&u_w=1920&u_ah=1056&u_aw=1855&u_cd=24&u_nplug=2&u_nmime=2&adx=0&ady=0&biw=-12245933&bih=-12245933&isw=300&ish=250&ifk=1120905753&scr_x=-12245933&scr_y=-12245933&oid=3&loc=https%3A%2F%2Fsg.yahoo.com%2F%3Fp%3Dus&rx=0&eae=3&brdim=75%2C34%2C75%2C34%2C1855%2C24%2C1280%2C1024%2C300%2C250&vis=1&rsz=%7C%7CaeE%7C&abl=CA&pfx=0&fu=16&bc=31&osw_key=1550835982&ifi=1&uci=1.6achcsceb1cw&fsb=1&dtd=1622"
