[1:1:0813/041110.379918:INFO:script_loader.cc(852)]  $$$ [Script] ScriptLoader::ExecuteScriptBlock. task_id, url is 2006 0x7f6a02863f00 0x620b1f03960 , "https://sg.yahoo.com/?p=us"
[1:1:0813/041110.386559:INFO:script_loader.cc(852)]  $$$ [Script] ScriptLoader::ExecuteScriptBlock. task_id, url is 2008 0x7f6a02863f00 0x620b1de78e0 , "https://sg.yahoo.com/?p=us"
[1:1:0813/041110.388314:INFO:html_parser_scheduler.cc(158)]  $$$ [TASK] HTMLParserScheduler::ContinueParsing
[1:1:0813/041110.388375:INFO:html_document_parser.cc(272)] >>> HTMLDocumentParser::ResumeParsingAfterYield. url is "https://s.yimg.com/rq/darla/3-15-0/html/r-sf.html"
[1:1:0813/041110.390669:INFO:script_loader.cc(852)]  $$$ [Script] ScriptLoader::ExecuteScriptBlock. task_id, url is 2010 0x7f6a0093d070 0x620b17a1b60 , "https://s.yimg.com/rq/darla/3-15-0/html/r-sf.html"
[1:1:0813/041110.404245:INFO:script_loader.cc(852)]  $$$ [Script] ScriptLoader::ExecuteScriptBlock. task_id, url is 2015 0x7f6a02863f00 0x620b1da42e0 , "https://sg.yahoo.com/?p=us"
[1:1:0813/041110.407185:INFO:script_loader.cc(852)]  $$$ [Script] ScriptLoader::ExecuteScriptBlock. task_id, url is 2016 0x7f6a02863f00 0x620af3b0460 , "https://sg.yahoo.com/?p=us"
[1:1:0813/041110.556782:INFO:script_loader.cc(852)]  $$$ [Script] ScriptLoader::ExecuteScriptBlock. task_id, url is 2026 0x7f6a02863f00 0x620b179b5e0 , "https://sg.yahoo.com/?p=us"
[1:1:0813/041110.558926:INFO:script_loader.cc(852)]  $$$ [Script] ScriptLoader::ExecuteScriptBlock. task_id, url is 2027 0x7f6a02863f00 0x620aa7e7660 , "https://sg.yahoo.com/?p=us"
[1:1:0813/041110.565860:INFO:script_loader.cc(852)]  $$$ [Script] ScriptLoader::ExecuteScriptBlock. task_id, url is 2030 0x7f6a02863f00 0x620b1f15660 , "https://sg.yahoo.com/?p=us"
[1:1:0813/041110.567642:INFO:script_loader.cc(852)]  $$$ [Script] ScriptLoader::ExecuteScriptBlock. task_id, url is 2032 0x7f6a02863f00 0x620b096f0e0 , "https://sg.yahoo.com/?p=us"
[1:1:0813/041110.575454:INFO:script_loader.cc(852)]  $$$ [Script] ScriptLoader::ExecuteScriptBlock. task_id, url is 2035 0x7f6a02863f00 0x620b06335e0 , "https://sg.yahoo.com/?p=us"
[1:1:0813/041110.578381:INFO:script_loader.cc(852)]  $$$ [Script] ScriptLoader::ExecuteScriptBlock. task_id, url is 2037 0x7f6a02863f00 0x620b1deb960 , "https://sg.yahoo.com/?p=us"
[1:1:0813/041110.582716:INFO:script_loader.cc(852)]  $$$ [Script] ScriptLoader::ExecuteScriptBlock. task_id, url is 2042 0x7f6a02863f00 0x620aee22ee0 , "https://sg.yahoo.com/?p=us"
[1:1:0813/041110.584910:INFO:script_loader.cc(852)]  $$$ [Script] ScriptLoader::ExecuteScriptBlock. task_id, url is 2043 0x7f6a02863f00 0x620aef212e0 , "https://sg.yahoo.com/?p=us"
[1:1:0813/041110.587949:INFO:script_loader.cc(852)]  $$$ [Script] ScriptLoader::ExecuteScriptBlock. task_id, url is 2046 0x7f6a02863f00 0x620b06333e0 , "https://sg.yahoo.com/?p=us"
[1:1:0813/041110.590254:INFO:script_loader.cc(852)]  $$$ [Script] ScriptLoader::ExecuteScriptBlock. task_id, url is 2047 0x7f6a02863f00 0x620aa7889e0 , "https://sg.yahoo.com/?p=us"
[1:1:0813/041110.598101:INFO:script_loader.cc(852)]  $$$ [Script] ScriptLoader::ExecuteScriptBlock. task_id, url is 2051 0x7f6a02863f00 0x620b0e1e060 , "https://sg.yahoo.com/?p=us"
[1:1:0813/041110.600899:INFO:script_loader.cc(852)]  $$$ [Script] ScriptLoader::ExecuteScriptBlock. task_id, url is 2052 0x7f6a02863f00 0x620af4e92e0 , "https://sg.yahoo.com/?p=us"
[1:1:0813/041110.608417:INFO:script_loader.cc(852)]  $$$ [Script] ScriptLoader::ExecuteScriptBlock. task_id, url is 2056 0x7f6a02863f00 0x620aa7e89e0 , "https://sg.yahoo.com/?p=us"
[1:1:0813/041110.610396:INFO:script_loader.cc(852)]  $$$ [Script] ScriptLoader::ExecuteScriptBlock. task_id, url is 2057 0x7f6a02863f00 0x620b2208160 , "https://sg.yahoo.com/?p=us"
[1:1:0813/041110.622255:INFO:script_loader.cc(852)]  $$$ [Script] ScriptLoader::ExecuteScriptBlock. task_id, url is 2063 0x7f6a02863f00 0x620b1df55e0 , "https://sg.yahoo.com/?p=us"
[1:1:0813/041110.624588:INFO:script_loader.cc(852)]  $$$ [Script] ScriptLoader::ExecuteScriptBlock. task_id, url is 2064 0x7f6a02863f00 0x620b1d5f460 , "https://sg.yahoo.com/?p=us"
[1:1:0813/041110.639243:INFO:script_loader.cc(852)]  $$$ [Script] ScriptLoader::ExecuteScriptBlock. task_id, url is 2072 0x7f6a02863f00 0x620b02ad560 , "https://sg.yahoo.com/?p=us"
[1:1:0813/041110.644139:INFO:script_loader.cc(852)]  $$$ [Script] ScriptLoader::ExecuteScriptBlock. task_id, url is 2073 0x7f6a02863f00 0x620aee92de0 , "https://sg.yahoo.com/?p=us"
[1:1:0813/041110.655451:INFO:script_loader.cc(852)]  $$$ [Script] ScriptLoader::ExecuteScriptBlock. task_id, url is 2077 0x7f6a02863f00 0x620af625f60 , "https://sg.yahoo.com/?p=us"
[1:1:0813/041110.657745:INFO:script_loader.cc(852)]  $$$ [Script] ScriptLoader::ExecuteScriptBlock. task_id, url is 2078 0x7f6a02863f00 0x620b02ac660 , "https://sg.yahoo.com/?p=us"
[1:1:0813/041110.665023:INFO:script_loader.cc(852)]  $$$ [Script] ScriptLoader::ExecuteScriptBlock. task_id, url is 2082 0x7f6a02863f00 0x620b1e08260 , "https://sg.yahoo.com/?p=us"
[1:1:0813/041110.666883:INFO:script_loader.cc(852)]  $$$ [Script] ScriptLoader::ExecuteScriptBlock. task_id, url is 2084 0x7f6a02863f00 0x620af4a4de0 , "https://sg.yahoo.com/?p=us"
[1:1:0813/041110.669175:INFO:script_loader.cc(852)]  $$$ [Script] ScriptLoader::ExecuteScriptBlock. task_id, url is 2087 0x7f6a02863f00 0x620b1d64960 , "https://sg.yahoo.com/?p=us"
[1:1:0813/041110.676473:INFO:script_loader.cc(852)]  $$$ [Script] ScriptLoader::ExecuteScriptBlock. task_id, url is 2089 0x7f6a02863f00 0x620aa8577e0 , "https://sg.yahoo.com/?p=us"
[1:1:0813/041110.688334:INFO:script_loader.cc(852)]  $$$ [Script] ScriptLoader::ExecuteScriptBlock. task_id, url is 2093 0x7f6a02863f00 0x620aa788560 , "https://sg.yahoo.com/?p=us"
[1:1:0813/041110.691007:INFO:script_loader.cc(852)]  $$$ [Script] ScriptLoader::ExecuteScriptBlock. task_id, url is 2094 0x7f6a02863f00 0x620afb32860 , "https://sg.yahoo.com/?p=us"
[1:1:0813/041110.701627:INFO:script_loader.cc(852)]  $$$ [Script] ScriptLoader::ExecuteScriptBlock. task_id, url is 2098 0x7f6a02863f00 0x620b1ba12e0 , "https://sg.yahoo.com/?p=us"
[1:1:0813/041110.703654:INFO:script_loader.cc(852)]  $$$ [Script] ScriptLoader::ExecuteScriptBlock. task_id, url is 2099 0x7f6a02863f00 0x620b1e016e0 , "https://sg.yahoo.com/?p=us"
[1:1:0813/041110.706461:INFO:script_loader.cc(852)]  $$$ [Script] ScriptLoader::ExecuteScriptBlock. task_id, url is 2101 0x7f6a02863f00 0x620aa7887e0 , "https://sg.yahoo.com/?p=us"
[1:1:0813/041110.708868:INFO:script_loader.cc(852)]  $$$ [Script] ScriptLoader::ExecuteScriptBlock. task_id, url is 2102 0x7f6a02863f00 0x620aa8edbe0 , "https://sg.yahoo.com/?p=us"
[1:1:0813/041110.711148:INFO:script_loader.cc(852)]  $$$ [Script] ScriptLoader::ExecuteScriptBlock. task_id, url is 2105 0x7f6a02863f00 0x620b1f0fde0 , "https://sg.yahoo.com/?p=us"
[1:1:0813/041110.713030:INFO:script_loader.cc(852)]  $$$ [Script] ScriptLoader::ExecuteScriptBlock. task_id, url is 2107 0x7f6a02863f00 0x620af422260 , "https://sg.yahoo.com/?p=us"
[1:1:0813/041110.715143:INFO:script_loader.cc(852)]  $$$ [Script] ScriptLoader::ExecuteScriptBlock. task_id, url is 2111 0x7f6a02863f00 0x620b1f031e0 , "https://sg.yahoo.com/?p=us"
[1:1:0813/041110.716800:INFO:script_loader.cc(852)]  $$$ [Script] ScriptLoader::ExecuteScriptBlock. task_id, url is 2112 0x7f6a02863f00 0x620aa6cd9e0 , "https://sg.yahoo.com/?p=us"
[1:1:0813/041110.719022:INFO:script_loader.cc(852)]  $$$ [Script] ScriptLoader::ExecuteScriptBlock. task_id, url is 2115 0x7f6a02863f00 0x620aed70360 , "https://sg.yahoo.com/?p=us"
[1:1:0813/041110.721247:INFO:script_loader.cc(852)]  $$$ [Script] ScriptLoader::ExecuteScriptBlock. task_id, url is 2116 0x7f6a02863f00 0x620b0b45ce0 , "https://sg.yahoo.com/?p=us"
[1:1:0813/041110.723641:INFO:script_loader.cc(852)]  $$$ [Script] ScriptLoader::ExecuteScriptBlock. task_id, url is 2118 0x7f6a02863f00 0x620aa787a60 , "https://sg.yahoo.com/?p=us"
[1:1:0813/041110.725759:INFO:script_loader.cc(852)]  $$$ [Script] ScriptLoader::ExecuteScriptBlock. task_id, url is 2119 0x7f6a02863f00 0x620aa7e8660 , "https://sg.yahoo.com/?p=us"
[1:1:0813/041110.727637:INFO:script_loader.cc(852)]  $$$ [Script] ScriptLoader::ExecuteScriptBlock. task_id, url is 2121 0x7f6a02863f00 0x620b16a50e0 , "https://sg.yahoo.com/?p=us"
[1:1:0813/041110.729257:INFO:script_loader.cc(852)]  $$$ [Script] ScriptLoader::ExecuteScriptBlock. task_id, url is 2122 0x7f6a02863f00 0x620af4a7ee0 , "https://sg.yahoo.com/?p=us"
[1:1:0813/041110.734113:INFO:script_loader.cc(852)]  $$$ [Script] ScriptLoader::ExecuteScriptBlock. task_id, url is 2124 0x7f6a02863f00 0x620b096f1e0 , "https://sg.yahoo.com/?p=us"
[1:1:0813/041110.736183:INFO:script_loader.cc(852)]  $$$ [Script] ScriptLoader::ExecuteScriptBlock. task_id, url is 2125 0x7f6a02863f00 0x620aef20de0 , "https://sg.yahoo.com/?p=us"
[1:1:0813/041110.764104:INFO:script_loader.cc(852)]  $$$ [Script] ScriptLoader::ExecuteScriptBlock. task_id, url is 2136 0x7f6a02863f00 0x620aa75ca60 , "https://sg.yahoo.com/?p=us"
[1:1:0813/041110.766339:INFO:script_loader.cc(852)]  $$$ [Script] ScriptLoader::ExecuteScriptBlock. task_id, url is 2137 0x7f6a02863f00 0x620b0e1d0e0 , "https://sg.yahoo.com/?p=us"
[1:1:0813/041110.769342:INFO:script_loader.cc(852)]  $$$ [Script] ScriptLoader::ExecuteScriptBlock. task_id, url is 2139 0x7f6a02863f00 0x620aec790e0 , "https://sg.yahoo.com/?p=us"
[1:1:0813/041110.775006:INFO:script_loader.cc(852)]  $$$ [Script] ScriptLoader::ExecuteScriptBlock. task_id, url is 2140 0x7f6a02863f00 0x620aa7e7760 , "https://sg.yahoo.com/?p=us"
[1:1:0813/041110.781501:INFO:script_loader.cc(852)]  $$$ [Script] ScriptLoader::ExecuteScriptBlock. task_id, url is 2142 0x7f6a02863f00 0x620b16a57e0 , "https://sg.yahoo.com/?p=us"
[1:1:0813/041110.786705:INFO:script_loader.cc(852)]  $$$ [Script] ScriptLoader::ExecuteScriptBlock. task_id, url is 2143 0x7f6a02863f00 0x620b0e1efe0 , "https://sg.yahoo.com/?p=us"
[1:1:0813/041110.789997:INFO:script_loader.cc(852)]  $$$ [Script] ScriptLoader::ExecuteScriptBlock. task_id, url is 2145 0x7f6a02863f00 0x620af3bd1e0 , "https://sg.yahoo.com/?p=us"
[1:1:0813/041110.795271:INFO:script_loader.cc(852)]  $$$ [Script] ScriptLoader::ExecuteScriptBlock. task_id, url is 2146 0x7f6a02863f00 0x620aa8eb4e0 , "https://sg.yahoo.com/?p=us"
[1:1:0813/041110.798490:INFO:script_loader.cc(852)]  $$$ [Script] ScriptLoader::ExecuteScriptBlock. task_id, url is 2148 0x7f6a02863f00 0x620b179a5e0 , "https://sg.yahoo.com/?p=us"
[1:1:0813/041110.800925:INFO:script_loader.cc(852)]  $$$ [Script] ScriptLoader::ExecuteScriptBlock. task_id, url is 2149 0x7f6a02863f00 0x620aa7e81e0 , "https://sg.yahoo.com/?p=us"
[1:1:0813/041110.804719:INFO:script_loader.cc(852)]  $$$ [Script] ScriptLoader::ExecuteScriptBlock. task_id, url is 2151 0x7f6a02863f00 0x620b1a1ea60 , "https://sg.yahoo.com/?p=us"
[1:1:0813/041110.808303:INFO:script_loader.cc(852)]  $$$ [Script] ScriptLoader::ExecuteScriptBlock. task_id, url is 2152 0x7f6a02863f00 0x620b1de73e0 , "https://sg.yahoo.com/?p=us"
[1:1:0813/041110.811223:INFO:script_loader.cc(852)]  $$$ [Script] ScriptLoader::ExecuteScriptBlock. task_id, url is 2154 0x7f6a02863f00 0x620b1de9860 , "https://sg.yahoo.com/?p=us"
[1:1:0813/041110.812857:INFO:script_loader.cc(852)]  $$$ [Script] ScriptLoader::ExecuteScriptBlock. task_id, url is 2155 0x7f6a02863f00 0x620af4ec960 , "https://sg.yahoo.com/?p=us"
[1:1:0813/041110.815372:INFO:script_loader.cc(852)]  $$$ [Script] ScriptLoader::ExecuteScriptBlock. task_id, url is 2158 0x7f6a02863f00 0x620b1be05e0 , "https://sg.yahoo.com/?p=us"
[1:1:0813/041110.817745:INFO:script_loader.cc(852)]  $$$ [Script] ScriptLoader::ExecuteScriptBlock. task_id, url is 2159 0x7f6a02863f00 0x620aa59f360 , "https://sg.yahoo.com/?p=us"
[1:1:0813/041110.819672:INFO:script_loader.cc(852)]  $$$ [Script] ScriptLoader::ExecuteScriptBlock. task_id, url is 2161 0x7f6a02863f00 0x620aa786f60 , "https://sg.yahoo.com/?p=us"
[1:1:0813/041110.823491:INFO:script_loader.cc(852)]  $$$ [Script] ScriptLoader::ExecuteScriptBlock. task_id, url is 2162 0x7f6a02863f00 0x620b09748e0 , "https://sg.yahoo.com/?p=us"
[1:1:0813/041110.828118:INFO:script_loader.cc(852)]  $$$ [Script] ScriptLoader::ExecuteScriptBlock. task_id, url is 2164 0x7f6a02863f00 0x620aa8ec660 , "https://sg.yahoo.com/?p=us"
[1:1:0813/041110.830725:INFO:script_loader.cc(852)]  $$$ [Script] ScriptLoader::ExecuteScriptBlock. task_id, url is 2165 0x7f6a02863f00 0x620b158ede0 , "https://sg.yahoo.com/?p=us"
[1:1:0813/041110.834315:INFO:script_loader.cc(852)]  $$$ [Script] ScriptLoader::ExecuteScriptBlock. task_id, url is 2167 0x7f6a02863f00 0x620b16a53e0 , "https://sg.yahoo.com/?p=us"
[1:1:0813/041110.836495:INFO:script_loader.cc(852)]  $$$ [Script] ScriptLoader::ExecuteScriptBlock. task_id, url is 2168 0x7f6a02863f00 0x620aa857860 , "https://sg.yahoo.com/?p=us"
[1:1:0813/041110.841148:INFO:script_loader.cc(852)]  $$$ [Script] ScriptLoader::ExecuteScriptBlock. task_id, url is 2171 0x7f6a02863f00 0x620ae968fe0 , "https://sg.yahoo.com/?p=us"
[1:1:0813/041110.844062:INFO:script_loader.cc(852)]  $$$ [Script] ScriptLoader::ExecuteScriptBlock. task_id, url is 2172 0x7f6a02863f00 0x620b1f12260 , "https://sg.yahoo.com/?p=us"
[1:1:0813/041110.845881:INFO:script_loader.cc(852)]  $$$ [Script] ScriptLoader::ExecuteScriptBlock. task_id, url is 2174 0x7f6a02863f00 0x620aa786be0 , "https://sg.yahoo.com/?p=us"
[1:1:0813/041110.848581:INFO:script_loader.cc(852)]  $$$ [Script] ScriptLoader::ExecuteScriptBlock. task_id, url is 2175 0x7f6a02863f00 0x620aef20060 , "https://sg.yahoo.com/?p=us"
[1:1:0813/041110.851540:INFO:script_loader.cc(852)]  $$$ [Script] ScriptLoader::ExecuteScriptBlock. task_id, url is 2177 0x7f6a02863f00 0x620b1a1ee60 , "https://sg.yahoo.com/?p=us"
[1:1:0813/041110.854263:INFO:script_loader.cc(852)]  $$$ [Script] ScriptLoader::ExecuteScriptBlock. task_id, url is 2178 0x7f6a02863f00 0x620aa858ce0 , "https://sg.yahoo.com/?p=us"
[1:1:0813/041110.857439:INFO:script_loader.cc(852)]  $$$ [Script] ScriptLoader::ExecuteScriptBlock. task_id, url is 2180 0x7f6a02863f00 0x620aa788ce0 , "https://sg.yahoo.com/?p=us"
[1:1:0813/041110.861753:INFO:script_loader.cc(852)]  $$$ [Script] ScriptLoader::ExecuteScriptBlock. task_id, url is 2181 0x7f6a02863f00 0x620b1a32360 , "https://sg.yahoo.com/?p=us"
[1:1:0813/041110.865425:INFO:script_loader.cc(852)]  $$$ [Script] ScriptLoader::ExecuteScriptBlock. task_id, url is 2183 0x7f6a02863f00 0x620b1a360e0 , "https://sg.yahoo.com/?p=us"
[1:1:0813/041110.867104:INFO:script_loader.cc(852)]  $$$ [Script] ScriptLoader::ExecuteScriptBlock. task_id, url is 2184 0x7f6a02863f00 0x620b02abe60 , "https://sg.yahoo.com/?p=us"
[1:1:0813/041110.869668:INFO:script_loader.cc(852)]  $$$ [Script] ScriptLoader::ExecuteScriptBlock. task_id, url is 2186 0x7f6a02863f00 0x620b0e1ebe0 , "https://sg.yahoo.com/?p=us"
[1:1:0813/041110.872109:INFO:script_loader.cc(852)]  $$$ [Script] ScriptLoader::ExecuteScriptBlock. task_id, url is 2187 0x7f6a02863f00 0x620af345f60 , "https://sg.yahoo.com/?p=us"
[1:1:0813/041110.874864:INFO:script_loader.cc(852)]  $$$ [Script] ScriptLoader::ExecuteScriptBlock. task_id, url is 2189 0x7f6a02863f00 0x620af33ac60 , "https://sg.yahoo.com/?p=us"
[1:1:0813/041110.878018:INFO:script_loader.cc(852)]  $$$ [Script] ScriptLoader::ExecuteScriptBlock. task_id, url is 2190 0x7f6a02863f00 0x620b0e1ece0 , "https://sg.yahoo.com/?p=us"
[1:1:0813/041110.881405:INFO:script_loader.cc(852)]  $$$ [Script] ScriptLoader::ExecuteScriptBlock. task_id, url is 2192 0x7f6a02863f00 0x620b15fdf60 , "https://sg.yahoo.com/?p=us"
[1:1:0813/041110.883456:INFO:script_loader.cc(852)]  $$$ [Script] ScriptLoader::ExecuteScriptBlock. task_id, url is 2193 0x7f6a02863f00 0x620b17a0e60 , "https://sg.yahoo.com/?p=us"
[10713:10713:0813/041110.933808:INFO:CONSOLE(14)] "yui: NOT loaded: videoplayer", source: https://s.yimg.com/zz/combo?yui:/3.18.0/yui/yui-min.js (14)
[10713:10713:0813/041110.934385:INFO:CONSOLE(14)] "yui: NOT loaded: td-applet-storyswarm-atomic-templates-list.tumblr", source: https://s.yimg.com/zz/combo?yui:/3.18.0/yui/yui-min.js (14)
[10713:10713:0813/041111.133849:INFO:CONSOLE(14)] "yui: NOT loaded: videoplayer", source: https://s.yimg.com/zz/combo?yui:/3.18.0/yui/yui-min.js (14)
[10713:10713:0813/041111.138824:INFO:CONSOLE(14)] "yui: NOT loaded: videoplayer", source: https://s.yimg.com/zz/combo?yui:/3.18.0/yui/yui-min.js (14)
[10713:10713:0813/041111.148562:INFO:CONSOLE(14)] "yui: NOT loaded: td-applet-storyswarm-atomic-templates-list.tumblr", source: https://s.yimg.com/zz/combo?yui:/3.18.0/yui/yui-min.js (14)
[10713:10713:0813/041111.167934:INFO:CONSOLE(3)] "D0CF64D203B1D1F7CD95A0B9F02EB601: 0.027099609375ms", source:  (3)
[1:1:0813/041111.215745:INFO:script_loader.cc(852)]  $$$ [Script] ScriptLoader::ExecuteScriptBlock. task_id, url is 2376, "https://s.yimg.com/rq/darla/3-15-0/html/r-csc.html"
[1:1:0813/041111.219249:INFO:render_frame_impl.cc(1477)] 	RenderFrameImpl::Initialize. 10, 0x620af1d0020
[1:1:0813/041111.219367:INFO:web_local_frame_impl.cc(1666)] 		WebLocalFrame::SetRoutingID. routing_id = 10
[1:1:0813/041111.225071:INFO:render_frame_impl.cc(7018)] >>> [renderer][DOM] RenderFrameImpl::BeginNavigation
[1:1:0813/041111.225227:INFO:render_frame_impl.cc(7019)] 	 [url] = https://s.yimg.com
[1:1:0813/041111.243609:INFO:script_loader.cc(852)]  $$$ [Script] ScriptLoader::ExecuteScriptBlock. task_id, url is 2400, "https://s.yimg.com/rq/darla/3-15-0/html/r-sf.html"
[1:1:0813/041111.318352:INFO:event_target.cc(534)] !!!!!!!!!!!!!!!! RegisteredEventListener::SetCallback. 0x42c18710010
[1:1:0813/041111.375638:INFO:script_loader.cc(852)]  $$$ [Script] ScriptLoader::ExecuteScriptBlock. task_id, url is 2400, "https://s.yimg.com/rq/darla/3-15-0/html/r-sf.html"
[1:1:0813/041111.376426:INFO:html_tree_builder.cc(780)] >>> [renderer][DOM] receive <iframe>
[1:1:0813/041111.380120:INFO:render_frame_impl.cc(1477)] 	RenderFrameImpl::Initialize. 11, 0x620b0c20220
[1:1:0813/041111.380219:INFO:web_local_frame_impl.cc(1666)] 		WebLocalFrame::SetRoutingID. routing_id = 11
[1:1:0813/041111.387143:INFO:render_frame_impl.cc(7018)] >>> [renderer][DOM] RenderFrameImpl::BeginNavigation
[1:1:0813/041111.387247:INFO:render_frame_impl.cc(7019)] 	 [url] = https://s.yimg.com
[1:1:0813/041111.392720:INFO:event_target.cc(534)] !!!!!!!!!!!!!!!! RegisteredEventListener::SetCallback. 0x42c18710010
[1:1:0813/041111.406027:INFO:script_loader.cc(852)]  $$$ [Script] ScriptLoader::ExecuteScriptBlock. task_id, url is 2406, "https://s.yimg.com/rq/darla/3-15-0/html/r-sf.html"
[10713:10713:0813/041111.422240:INFO:render_frame_host_impl.cc(1417)] 	 enter RenderFrameHostImpl::OnCreateChildFrame
[10713:10713:0813/041111.424065:INFO:frame_tree.cc(218)] 	 enter FrameTree::AddFrame: , 10, 9, 
[10713:10713:0813/041111.426531:INFO:render_frame_host_impl.cc(3108)] >>> [broswer][navigation] RenderFrameHostImpl::BeginNavigation. ID from switcher is 3:4_https://s.yimg.com/
[10713:10713:0813/041111.434717:INFO:render_frame_host_impl.cc(1417)] 	 enter RenderFrameHostImpl::OnCreateChildFrame
[10713:10713:0813/041111.436407:INFO:frame_tree.cc(218)] 	 enter FrameTree::AddFrame: , 11, 10, 
[10713:10713:0813/041111.439981:INFO:render_frame_host_impl.cc(3108)] >>> [broswer][navigation] RenderFrameHostImpl::BeginNavigation. ID from switcher is 3:6_https://s.yimg.com/
[1:1:0813/041111.467950:INFO:event_target.cc(534)] !!!!!!!!!!!!!!!! RegisteredEventListener::SetCallback. 0x42c18711e28
[10713:10713:0813/041111.482553:INFO:navigation_url_loader_network_service.cc(1293)] 	 enter NavigationURLLoaderNetworkService::OnReceiveResponse
[10713:10713:0813/041111.483006:INFO:navigation_handle_impl.cc(765)] 	 enter NavigationHandleImpl::WillProcessResponse
[10713:10723:0813/041111.484568:INFO:interface_endpoint_client.cc(447)] >>> [Frame] get kURLLoader_ProceedWithResponse_Name. [pid, routing_id] = 3, 10
[10713:10723:0813/041111.484656:INFO:mojo_async_resource_handler.cc(459)] >>> [IPC] MojoAsyncResourceHandler::ProceedWithResponse konws [cid, routing_id]: 3, 10, HandleIncomingMessage, HandleIncomingMessage
[10713:10713:0813/041111.485134:INFO:render_frame_host_impl.cc(3699)] >>> RenderFrameHostImpl::CommitNavigation https://tag.idsync.analytics.yahoo.com/
[10713:10713:0813/041111.485172:INFO:switcher_host_impl.cc(127)] >>> [Key] add a new principal. [cid, principal, url, frame_id] = 3, 3:10_https://tag.idsync.analytics.yahoo.com/, https://tag.idsync.analytics.yahoo.com/sp-frame.html?referrer=https%3A%2F%2Fsg.yahoo.com%2F%3Fp%3Dus, 9
[10713:10713:0813/041111.485263:INFO:render_frame_host_impl.cc(3718)] >>>	[site, common.url, headers] = 3:10_https://tag.idsync.analytics.yahoo.com/, HTTP/1.1 200 status:200 content-encoding:gzip content-type:text/html date:Sun, 11 Aug 2019 12:12:49 GMT etag:"9b27f08842ec1f21101a0bc4c5dba12e+gzip" last-modified:Thu, 08 Aug 2019 17:26:39 GMT server:ECS (sgb/C6E6) vary:Accept-Encoding x-amz-id-2:/jw3BeuK3VBRgbV7BwzdypkMPUTPb/nTEdYHO8NTh3oLxoyuUdYw5o+8NbVPrV32svKZnh17dBk= x-amz-request-id:33BD832464322143 x-amz-server-side-encryption:AES256 x-cache:HIT content-length:153  ,10757, 3
[1:7:0813/041111.487265:INFO:ipc_mojo_bootstrap.cc(809)] >>> [IPC] Accept. post a task to AcceptOnProxyThread
[1:1:0813/041111.528946:INFO:script_loader.cc(852)]  $$$ [Script] ScriptLoader::ExecuteScriptBlock. task_id, url is 2406, "https://s.yimg.com/rq/darla/3-15-0/html/r-sf.html"
[1:1:0813/041111.533051:INFO:event_target.cc(534)] !!!!!!!!!!!!!!!! RegisteredEventListener::SetCallback. 0x42c18711e28
[10713:10713:0813/041111.631676:INFO:navigation_url_loader_network_service.cc(1293)] 	 enter NavigationURLLoaderNetworkService::OnReceiveResponse
[10713:10713:0813/041111.632297:INFO:navigation_handle_impl.cc(765)] 	 enter NavigationHandleImpl::WillProcessResponse
[10713:10723:0813/041111.634148:INFO:interface_endpoint_client.cc(447)] >>> [Frame] get kURLLoader_ProceedWithResponse_Name. [pid, routing_id] = 3, 11
[10713:10723:0813/041111.634265:INFO:mojo_async_resource_handler.cc(459)] >>> [IPC] MojoAsyncResourceHandler::ProceedWithResponse konws [cid, routing_id]: 3, 11, HandleIncomingMessage, HandleIncomingMessage
[10713:10713:0813/041111.634445:INFO:render_frame_host_impl.cc(3699)] >>> RenderFrameHostImpl::CommitNavigation https://s.yimg.com/
[10713:10713:0813/041111.634483:INFO:switcher_host_impl.cc(127)] >>> [Key] add a new principal. [cid, principal, url, frame_id] = 3, 3:11_https://s.yimg.com/, https://s.yimg.com/ja/ap/ssp_cookie_sync/apac.html, 10
[10713:10713:0813/041111.634636:INFO:render_frame_host_impl.cc(3718)] >>>	[site, common.url, headers] = 3:11_https://s.yimg.com/, HTTP/1.1 200 status:200 x-amz-id-2:o0Al9Rk0G1ODVB4QKhLp/dUS/6F5qkIftP6tg9EF4iJk95E5N+NPA648kbzLBoQOoLL6/sOVlcs= x-amz-request-id:5D4307B859EFA46D date:Sun, 11 Aug 2019 01:54:43 GMT last-modified:Mon, 30 Apr 2018 16:10:55 GMT etag:"08dc3a26368ba18d7aa3f08b2f39a55b-df" x-amz-server-side-encryption:AES256 cache-control:max-age=86400,public x-amz-meta-created-date:Fri, 15 Sep 2017 22:03:21 GMT x-amz-meta-mbst-etag:"YM:1:249064fb-6bcc-4b95-ad2a-83d4eb1faf2a000559418fadbd30" x-amz-meta-x-ysws-mbst-vtime:1505513001827632 expires:Sat, 05 Sep 2026 00:00:00 GMT x-amz-meta-x-ysws-access:public accept-ranges:bytes content-type:text/html; charset=utf-8 server:ATS referrer-policy:no-referrer-when-downgrade vary:Origin, Accept-Encoding content-encoding:gzip content-length:415 age:37088 strict-transport-security:max-age=15552000 expect-ct:max-age=31536000, report-uri="http://csp.yahoo.com/beacon/csp?src=yahoocom-expect-ct-report-only" x-xss-protection:1; mode=block x-content-type-options:nosniff  ,10757, 3
[1:7:0813/041111.637014:INFO:ipc_mojo_bootstrap.cc(809)] >>> [IPC] Accept. post a task to AcceptOnProxyThread
[1:1:0813/041113.183340:INFO:script_loader.cc(852)]  $$$ [Script] ScriptLoader::ExecuteScriptBlock. task_id, url is 2526 0x7f6a02863f00 0x620b2666b60 , "https://s.yimg.com/rq/darla/3-15-0/html/r-csc.html"
[10713:10713:0813/041113.185448:INFO:render_frame_host_impl.cc(1417)] 	 enter RenderFrameHostImpl::OnCreateChildFrame
[1:1:0813/041113.186279:INFO:render_frame_impl.cc(1477)] 	RenderFrameImpl::Initialize. 12, 0x620b2c1a020
[1:1:0813/041113.186471:INFO:web_local_frame_impl.cc(1666)] 		WebLocalFrame::SetRoutingID. routing_id = 12
[10713:10713:0813/041113.187307:INFO:frame_tree.cc(218)] 	 enter FrameTree::AddFrame: , 12, 11, 
[1:1:0813/041113.192178:INFO:render_frame_impl.cc(7018)] >>> [renderer][DOM] RenderFrameImpl::BeginNavigation
[1:1:0813/041113.192290:INFO:render_frame_impl.cc(7019)] 	 [url] = https://s.yimg.com
[10713:10713:0813/041113.192777:INFO:render_frame_host_impl.cc(3108)] >>> [broswer][navigation] RenderFrameHostImpl::BeginNavigation. ID from switcher is 3:4_https://s.yimg.com/
[1:1:0813/041113.197805:INFO:script_loader.cc(852)]  $$$ [Script] ScriptLoader::ExecuteScriptBlock. task_id, url is 2532 0x7f6a00ca5bd0 0x620aa786fd8 , "https://s.yimg.com/rq/darla/3-15-0/html/r-sf.html"
[10713:10713:0813/041113.204370:INFO:navigation_url_loader_network_service.cc(1293)] 	 enter NavigationURLLoaderNetworkService::OnReceiveResponse
[10713:10713:0813/041113.204970:INFO:navigation_handle_impl.cc(765)] 	 enter NavigationHandleImpl::WillProcessResponse
[10713:10723:0813/041113.206744:INFO:interface_endpoint_client.cc(447)] >>> [Frame] get kURLLoader_ProceedWithResponse_Name. [pid, routing_id] = 3, 12
[10713:10723:0813/041113.206808:INFO:mojo_async_resource_handler.cc(459)] >>> [IPC] MojoAsyncResourceHandler::ProceedWithResponse konws [cid, routing_id]: 3, 12, HandleIncomingMessage, HandleIncomingMessage
[10713:10713:0813/041113.206855:INFO:render_frame_host_impl.cc(3699)] >>> RenderFrameHostImpl::CommitNavigation https://tag.sp.advertising.com/
[10713:10713:0813/041113.206886:INFO:switcher_host_impl.cc(127)] >>> [Key] add a new principal. [cid, principal, url, frame_id] = 3, 3:12_https://tag.sp.advertising.com/, https://tag.sp.advertising.com/bid-apid/bid-apid-idsync.html, 11
[10713:10713:0813/041113.206942:INFO:render_frame_host_impl.cc(3718)] >>>	[site, common.url, headers] = 3:12_https://tag.sp.advertising.com/, HTTP/1.1 200 status:200 content-encoding:gzip content-type:text/html date:Sun, 11 Aug 2019 12:12:51 GMT etag:"f3441e2c340de93b6af4903c3c078bb8+gzip" last-modified:Thu, 27 Jun 2019 13:56:45 GMT server:ECS (sgb/C6BE) vary:Accept-Encoding x-amz-id-2:M1HQqWPvVEQf3YkX16x4ZiM/Xwe5vzKLIVNeCbFAUJqq7pi/LNrHpHWK4x9IMaPmMbvSiKHFpwo= x-amz-request-id:9D5C101F81ED8B4A x-amz-server-side-encryption:AES256 x-cache:HIT content-length:124  ,10757, 3
[1:7:0813/041113.208557:INFO:ipc_mojo_bootstrap.cc(809)] >>> [IPC] Accept. post a task to AcceptOnProxyThread
[1:1:0813/041113.255029:INFO:event_target.cc(534)] !!!!!!!!!!!!!!!! RegisteredEventListener::SetCallback. 0x42c187193a0
[1:1:0813/041113.310297:INFO:script_loader.cc(852)]  $$$ [Script] ScriptLoader::ExecuteScriptBlock. task_id, url is 2532 0x7f6a00ca5bd0 0x620aa786fd8 , "https://s.yimg.com/rq/darla/3-15-0/html/r-sf.html"
[1:1:0813/041113.311027:INFO:html_tree_builder.cc(780)] >>> [renderer][DOM] receive <iframe>
[10713:10713:0813/041113.311880:INFO:render_frame_host_impl.cc(1417)] 	 enter RenderFrameHostImpl::OnCreateChildFrame
[1:1:0813/041113.312701:INFO:render_frame_impl.cc(1477)] 	RenderFrameImpl::Initialize. 13, 0x620b2c1aa20
[1:1:0813/041113.312800:INFO:web_local_frame_impl.cc(1666)] 		WebLocalFrame::SetRoutingID. routing_id = 13
[10713:10713:0813/041113.313647:INFO:frame_tree.cc(218)] 	 enter FrameTree::AddFrame: , 13, 12, 
[1:1:0813/041113.318661:INFO:render_frame_impl.cc(7018)] >>> [renderer][DOM] RenderFrameImpl::BeginNavigation
[1:1:0813/041113.318796:INFO:render_frame_impl.cc(7019)] 	 [url] = https://s.yimg.com
[10713:10713:0813/041113.320631:INFO:render_frame_host_impl.cc(3108)] >>> [broswer][navigation] RenderFrameHostImpl::BeginNavigation. ID from switcher is 3:6_https://s.yimg.com/
[1:1:0813/041113.323741:INFO:event_target.cc(534)] !!!!!!!!!!!!!!!! RegisteredEventListener::SetCallback. 0x42c187193a0
[1:1:0813/041113.349599:INFO:script_loader.cc(852)]  $$$ [Script] ScriptLoader::ExecuteScriptBlock. task_id, url is 2566 0x7f6a00ca5bd0 0x620b1a25658 , "https://s.yimg.com/rq/darla/3-15-0/html/r-sf.html"
[1:1:0813/041113.403205:INFO:event_target.cc(534)] !!!!!!!!!!!!!!!! RegisteredEventListener::SetCallback. 0x42c1871b1b8
[1:1:0813/041113.460314:INFO:script_loader.cc(852)]  $$$ [Script] ScriptLoader::ExecuteScriptBlock. task_id, url is 2566 0x7f6a00ca5bd0 0x620b1a25658 , "https://s.yimg.com/rq/darla/3-15-0/html/r-sf.html"
[1:1:0813/041113.465924:INFO:event_target.cc(534)] !!!!!!!!!!!!!!!! RegisteredEventListener::SetCallback. 0x42c1871b1b8
[1:1:0813/041113.483762:INFO:ipc_mojo_bootstrap.cc(894)] ### [Switcher][kFrameNavigationControl_CommitNavigation_Name] get additional field: 3:10_https://tag.idsync.analytics.yahoo.com/
[1:1:0813/041113.543981:INFO:ipc_mojo_bootstrap.cc(894)] ### [Switcher][kFrameNavigationControl_CommitNavigation_Name] get additional field: 3:11_https://s.yimg.com/
[1:1:0813/041113.612673:INFO:script_loader.cc(852)]  $$$ [Script] ScriptLoader::ExecuteScriptBlock. task_id, url is 2652, "https://s.yimg.com/rq/darla/3-15-0/html/r-sf.html"
[1:1:0813/041113.635202:INFO:platform_thread_posix.cc(131)] >>> invoke pthread_create
[1:1:0813/041113.747183:INFO:platform_thread_posix.cc(131)] >>> invoke pthread_create
[1:1:0813/041113.761367:INFO:ipc_mojo_bootstrap.cc(894)] ### [Switcher][kFrameNavigationControl_CommitNavigation_Name] get additional field: 3:12_https://tag.sp.advertising.com/
[10713:10713:0813/041113.795684:INFO:switcher_host_impl.cc(127)] >>> [Key] add a new principal. [cid, principal, url, frame_id] = 3, 3:10_https://tag.idsync.analytics.yahoo.com/, https://tag.idsync.analytics.yahoo.com/, 9
[10713:10713:0813/041113.795761:INFO:frame_tree_node.cc(349)] 	FrameTreeNode::SetCurrentOrigin. [frameid, routingid, origin, url] = 9, 10, https://tag.idsync.analytics.yahoo.com/, https://tag.idsync.analytics.yahoo.com
[1:1:0813/041113.806883:INFO:html_document_parser.cc(1203)]  $$$ [TASK] HTMLDocumentParser::AppendBytes -> BackgroundHTMLParser::AppendRawBytesFromMainThread
[10713:10713:0813/041113.851353:INFO:switcher_host_impl.cc(127)] >>> [Key] add a new principal. [cid, principal, url, frame_id] = 3, 3:11_https://s.yimg.com/, https://s.yimg.com/, 10
[10713:10713:0813/041113.851397:INFO:frame_tree_node.cc(349)] 	FrameTreeNode::SetCurrentOrigin. [frameid, routingid, origin, url] = 10, 11, https://s.yimg.com/, https://s.yimg.com
[1:1:0813/041113.864425:INFO:html_document_parser.cc(1203)]  $$$ [TASK] HTMLDocumentParser::AppendBytes -> BackgroundHTMLParser::AppendRawBytesFromMainThread
[1:1:0813/041113.875523:INFO:script_loader.cc(852)]  $$$ [Script] ScriptLoader::ExecuteScriptBlock. task_id, url is 2845, "https://s.yimg.com/rq/darla/3-15-0/html/r-sf.html"
[1:1:0813/041113.884161:INFO:html_parser_scheduler.cc(81)]  $$$ [TASK] HTMLParserScheduler::ScheduleForUnpause -> HTMLParserScheduler::ContinueParsing
[10713:10713:0813/041114.012193:INFO:navigation_url_loader_network_service.cc(1293)] 	 enter NavigationURLLoaderNetworkService::OnReceiveResponse
[10713:10713:0813/041114.012824:INFO:navigation_handle_impl.cc(765)] 	 enter NavigationHandleImpl::WillProcessResponse
[10713:10723:0813/041114.014859:INFO:interface_endpoint_client.cc(447)] >>> [Frame] get kURLLoader_ProceedWithResponse_Name. [pid, routing_id] = 3, 13
[10713:10723:0813/041114.014908:INFO:mojo_async_resource_handler.cc(459)] >>> [IPC] MojoAsyncResourceHandler::ProceedWithResponse konws [cid, routing_id]: 3, 13, HandleIncomingMessage, HandleIncomingMessage
[10713:10713:0813/041114.014951:INFO:render_frame_host_impl.cc(3699)] >>> RenderFrameHostImpl::CommitNavigation https://s.yimg.com/
[10713:10713:0813/041114.014980:INFO:switcher_host_impl.cc(127)] >>> [Key] add a new principal. [cid, principal, url, frame_id] = 3, 3:13_https://s.yimg.com/, https://s.yimg.com/ja/ap/ssp_cookie_sync/apac.html, 12
[10713:10713:0813/041114.015031:INFO:render_frame_host_impl.cc(3718)] >>>	[site, common.url, headers] = 3:13_https://s.yimg.com/, HTTP/1.1 200 status:304 date:Sun, 11 Aug 2019 12:12:51 GMT expires:Sat, 05 Sep 2026 00:00:00 GMT cache-control:max-age=86400,public vary:Origin, Accept-Encoding strict-transport-security:max-age=15552000 server:ATS expect-ct:max-age=31536000, report-uri="http://csp.yahoo.com/beacon/csp?src=yahoocom-expect-ct-report-only" x-amz-id-2:o0Al9Rk0G1ODVB4QKhLp/dUS/6F5qkIftP6tg9EF4iJk95E5N+NPA648kbzLBoQOoLL6/sOVlcs= x-amz-request-id:5D4307B859EFA46D last-modified:Mon, 30 Apr 2018 16:10:55 GMT etag:"08dc3a26368ba18d7aa3f08b2f39a55b-df" x-amz-server-side-encryption:AES256 x-amz-meta-created-date:Fri, 15 Sep 2017 22:03:21 GMT x-amz-meta-mbst-etag:"YM:1:249064fb-6bcc-4b95-ad2a-83d4eb1faf2a000559418fadbd30" x-amz-meta-x-ysws-mbst-vtime:1505513001827632 x-amz-meta-x-ysws-access:public accept-ranges:bytes content-type:text/html; charset=utf-8 referrer-policy:no-referrer-when-downgrade content-encoding:gzip content-length:415 age:37088 x-xss-protection:1; mode=block x-content-type-options:nosniff  ,10757, 3
[1:7:0813/041114.018092:INFO:ipc_mojo_bootstrap.cc(809)] >>> [IPC] Accept. post a task to AcceptOnProxyThread
[10713:10713:0813/041114.093759:INFO:switcher_host_impl.cc(127)] >>> [Key] add a new principal. [cid, principal, url, frame_id] = 3, 3:12_https://tag.sp.advertising.com/, https://tag.sp.advertising.com/, 11
[10713:10713:0813/041114.093834:INFO:frame_tree_node.cc(349)] 	FrameTreeNode::SetCurrentOrigin. [frameid, routingid, origin, url] = 11, 12, https://tag.sp.advertising.com/, https://tag.sp.advertising.com
[1:1:0813/041114.108698:INFO:html_document_parser.cc(1203)]  $$$ [TASK] HTMLDocumentParser::AppendBytes -> BackgroundHTMLParser::AppendRawBytesFromMainThread
[1:1:0813/041114.126510:INFO:html_parser_scheduler.cc(81)]  $$$ [TASK] HTMLParserScheduler::ScheduleForUnpause -> HTMLParserScheduler::ContinueParsing
[1:1:0813/041114.130586:INFO:script_loader.cc(852)]  $$$ [Script] ScriptLoader::ExecuteScriptBlock. task_id, url is 2938 0x7f6a02863f00 0x620af3b09e0 , "https://s.yimg.com/rq/darla/3-15-0/html/r-sf.html"
[1:1:0813/041114.230480:INFO:render_frame_impl.cc(1477)] 	RenderFrameImpl::Initialize. 14, 0x620b283b020
[1:1:0813/041114.230666:INFO:web_local_frame_impl.cc(1666)] 		WebLocalFrame::SetRoutingID. routing_id = 14
[10713:10713:0813/041114.231046:INFO:render_frame_host_impl.cc(1417)] 	 enter RenderFrameHostImpl::OnCreateChildFrame
[10713:10713:0813/041114.233451:INFO:frame_tree.cc(218)] 	 enter FrameTree::AddFrame: , 14, 13, 
[10713:10713:0813/041114.246889:INFO:switcher_host_impl.cc(127)] >>> [Key] add a new principal. [cid, principal, url, frame_id] = 3, 3:14_https://s.yimg.com/, https://s.yimg.com/, 13
[10713:10713:0813/041114.246955:INFO:frame_tree_node.cc(349)] 	FrameTreeNode::SetCurrentOrigin. [frameid, routingid, origin, url] = 13, 14, https://s.yimg.com/, https://s.yimg.com
[1:1:0813/041114.267539:INFO:script_loader.cc(852)]  $$$ [Script] ScriptLoader::ExecuteScriptBlock. task_id, url is 2938 0x7f6a02863f00 0x620af3b09e0 , "https://s.yimg.com/rq/darla/3-15-0/html/r-sf.html"
[1:1:0813/041114.295402:INFO:html_tree_builder.cc(780)] >>> [renderer][DOM] receive <iframe>
[1:1:0813/041114.297528:INFO:render_frame_impl.cc(1477)] 	RenderFrameImpl::Initialize. 15, 0x620b283ba20
[1:1:0813/041114.297677:INFO:web_local_frame_impl.cc(1666)] 		WebLocalFrame::SetRoutingID. routing_id = 15
[10713:10713:0813/041114.297888:INFO:render_frame_host_impl.cc(1417)] 	 enter RenderFrameHostImpl::OnCreateChildFrame
[10713:10713:0813/041114.300219:INFO:frame_tree.cc(218)] 	 enter FrameTree::AddFrame: aswift_0, 15, 14, 
[10713:10713:0813/041114.314602:INFO:switcher_host_impl.cc(127)] >>> [Key] add a new principal. [cid, principal, url, frame_id] = 3, 3:15_https://s.yimg.com/, https://s.yimg.com/, 14
[10713:10713:0813/041114.314668:INFO:frame_tree_node.cc(349)] 	FrameTreeNode::SetCurrentOrigin. [frameid, routingid, origin, url] = 14, 15, https://s.yimg.com/, https://s.yimg.com
[10713:10713:0813/041114.349380:INFO:render_frame_host_impl.cc(1417)] 	 enter RenderFrameHostImpl::OnCreateChildFrame
[1:1:0813/041114.349400:INFO:render_frame_impl.cc(1477)] 	RenderFrameImpl::Initialize. 16, 0x620b283c420
[1:1:0813/041114.349500:INFO:web_local_frame_impl.cc(1666)] 		WebLocalFrame::SetRoutingID. routing_id = 16
[10713:10713:0813/041114.351295:INFO:frame_tree.cc(218)] 	 enter FrameTree::AddFrame: google_esf, 16, 15, 
[1:1:0813/041114.356393:INFO:render_frame_impl.cc(7018)] >>> [renderer][DOM] RenderFrameImpl::BeginNavigation
[1:1:0813/041114.356536:INFO:render_frame_impl.cc(7019)] 	 [url] = https://s.yimg.com
[10713:10713:0813/041114.360905:INFO:render_frame_host_impl.cc(3108)] >>> [broswer][navigation] RenderFrameHostImpl::BeginNavigation. ID from switcher is 3:10_https://tag.idsync.analytics.yahoo.com/
[10713:10713:0813/041114.369803:INFO:navigation_url_loader_network_service.cc(1293)] 	 enter NavigationURLLoaderNetworkService::OnReceiveResponse
[10713:10713:0813/041114.370369:INFO:navigation_handle_impl.cc(765)] 	 enter NavigationHandleImpl::WillProcessResponse
[10713:10723:0813/041114.372388:INFO:interface_endpoint_client.cc(447)] >>> [Frame] get kURLLoader_ProceedWithResponse_Name. [pid, routing_id] = 3, 16
[10713:10723:0813/041114.372456:INFO:mojo_async_resource_handler.cc(459)] >>> [IPC] MojoAsyncResourceHandler::ProceedWithResponse konws [cid, routing_id]: 3, 16, HandleIncomingMessage, HandleIncomingMessage
[10713:10713:0813/041114.372519:INFO:render_frame_host_impl.cc(3699)] >>> RenderFrameHostImpl::CommitNavigation https://googleads.g.doubleclick.net/
[10713:10713:0813/041114.372561:INFO:switcher_host_impl.cc(127)] >>> [Key] add a new principal. [cid, principal, url, frame_id] = 3, 3:16_https://googleads.g.doubleclick.net/, https://googleads.g.doubleclick.net/pagead/html/r20190807/r20190131/zrt_lookup.html#, 15
[10713:10713:0813/041114.372640:INFO:render_frame_host_impl.cc(3718)] >>>	[site, common.url, headers] = 3:16_https://googleads.g.doubleclick.net/, HTTP/1.1 200 status:200 p3p:policyref="https://googleads.g.doubleclick.net/pagead/gcn_p3p_.xml", CP="CURa ADMa DEVa TAIo PSAo PSDo OUR IND UNI PUR INT DEM STA PRE COM NAV OTC NOI DSP COR" timing-allow-origin:* vary:Accept-Encoding date:Wed, 07 Aug 2019 20:43:51 GMT expires:Wed, 21 Aug 2019 20:43:51 GMT content-type:text/html; charset=UTF-8 etag:4817175036427020965 x-content-type-options:nosniff content-encoding:gzip server:cafe content-length:7274 x-xss-protection:0 cache-control:public, max-age=1209600 age:314941 alt-svc:quic="googleads.g.doubleclick.net:443"; ma=2592000; v="46,43,39",quic=":443"; ma=2592000; v="46,43,39"  ,10757, 3
[1:7:0813/041114.375416:INFO:ipc_mojo_bootstrap.cc(809)] >>> [IPC] Accept. post a task to AcceptOnProxyThread
[1:1:0813/041114.416732:INFO:html_parser_scheduler.cc(81)]  $$$ [TASK] HTMLParserScheduler::ScheduleForUnpause -> HTMLParserScheduler::ContinueParsing
[1:1:0813/041114.423788:INFO:html_parser_scheduler.cc(81)]  $$$ [TASK] HTMLParserScheduler::ScheduleForUnpause -> HTMLParserScheduler::ContinueParsing
[1:1:0813/041114.424708:INFO:html_parser_scheduler.cc(158)]  $$$ [TASK] HTMLParserScheduler::ContinueParsing
[1:1:0813/041114.424889:INFO:html_document_parser.cc(272)] >>> HTMLDocumentParser::ResumeParsingAfterYield. url is "https://s.yimg.com/rq/darla/3-15-0/html/r-sf.html"
[1:1:0813/041114.449512:INFO:ipc_mojo_bootstrap.cc(894)] ### [Switcher][kFrameNavigationControl_CommitNavigation_Name] get additional field: 3:13_https://s.yimg.com/
[1:1:0813/041114.471925:INFO:html_parser_scheduler.cc(81)]  $$$ [TASK] HTMLParserScheduler::ScheduleForUnpause -> HTMLParserScheduler::ContinueParsing
[1:1:0813/041114.479578:INFO:script_loader.cc(852)]  $$$ [Script] ScriptLoader::ExecuteScriptBlock. task_id, url is 3022 0x7f6a02863f00 0x620b2bf0160 , "https://s.yimg.com/rq/darla/3-15-0/html/r-sf.html"
[1:1:0813/041114.534562:INFO:render_frame_impl.cc(1477)] 	RenderFrameImpl::Initialize. 17, 0x620b2c1d220
[10713:10713:0813/041114.534705:INFO:render_frame_host_impl.cc(1417)] 	 enter RenderFrameHostImpl::OnCreateChildFrame
[1:1:0813/041114.534699:INFO:web_local_frame_impl.cc(1666)] 		WebLocalFrame::SetRoutingID. routing_id = 17
[10713:10713:0813/041114.537232:INFO:frame_tree.cc(218)] 	 enter FrameTree::AddFrame: , 17, 16, 
[10713:10713:0813/041114.550401:INFO:switcher_host_impl.cc(127)] >>> [Key] add a new principal. [cid, principal, url, frame_id] = 3, 3:17_https://s.yimg.com/, https://s.yimg.com/, 16
[10713:10713:0813/041114.550465:INFO:frame_tree_node.cc(349)] 	FrameTreeNode::SetCurrentOrigin. [frameid, routingid, origin, url] = 16, 17, https://s.yimg.com/, https://s.yimg.com
[1:1:0813/041114.566029:INFO:script_loader.cc(852)]  $$$ [Script] ScriptLoader::ExecuteScriptBlock. task_id, url is 3022 0x7f6a02863f00 0x620b2bf0160 , "https://s.yimg.com/rq/darla/3-15-0/html/r-sf.html"
[1:1:0813/041114.583451:INFO:html_tree_builder.cc(780)] >>> [renderer][DOM] receive <iframe>
[1:1:0813/041114.585340:INFO:render_frame_impl.cc(1477)] 	RenderFrameImpl::Initialize. 18, 0x620b2c1b420
[1:1:0813/041114.585453:INFO:web_local_frame_impl.cc(1666)] 		WebLocalFrame::SetRoutingID. routing_id = 18
[10713:10713:0813/041114.586015:INFO:render_frame_host_impl.cc(1417)] 	 enter RenderFrameHostImpl::OnCreateChildFrame
[10713:10713:0813/041114.588583:INFO:frame_tree.cc(218)] 	 enter FrameTree::AddFrame: aswift_0, 18, 17, 
[10713:10713:0813/041114.602105:INFO:switcher_host_impl.cc(127)] >>> [Key] add a new principal. [cid, principal, url, frame_id] = 3, 3:18_https://s.yimg.com/, https://s.yimg.com/, 17
[10713:10713:0813/041114.602166:INFO:frame_tree_node.cc(349)] 	FrameTreeNode::SetCurrentOrigin. [frameid, routingid, origin, url] = 17, 18, https://s.yimg.com/, https://s.yimg.com
[1:1:0813/041114.652417:INFO:html_parser_scheduler.cc(158)]  $$$ [TASK] HTMLParserScheduler::ContinueParsing
[1:1:0813/041114.652573:INFO:html_document_parser.cc(272)] >>> HTMLDocumentParser::ResumeParsingAfterYield. url is "https://tag.idsync.analytics.yahoo.com/sp-frame.html?referrer=https%3A%2F%2Fsg.yahoo.com%2F%3Fp%3Dus"
[1:1:0813/041114.705120:INFO:ipc_mojo_bootstrap.cc(894)] ### [Switcher][kFrameNavigationControl_CommitNavigation_Name] get additional field: 3:16_https://googleads.g.doubleclick.net/
[1:1:0813/041114.776362:INFO:html_parser_scheduler.cc(158)]  $$$ [TASK] HTMLParserScheduler::ContinueParsing
[1:1:0813/041114.776493:INFO:html_document_parser.cc(272)] >>> HTMLDocumentParser::ResumeParsingAfterYield. url is "https://s.yimg.com/ja/ap/ssp_cookie_sync/apac.html"
[1:1:0813/041114.778328:INFO:script_loader.cc(852)]  $$$ [Script] ScriptLoader::ExecuteScriptBlock. task_id, url is 3116 0x7f6a0093d070 0x620b17600e0 , "https://s.yimg.com/ja/ap/ssp_cookie_sync/apac.html"
[1:1:0813/041114.783289:INFO:render_frame_impl.cc(1477)] 	RenderFrameImpl::Initialize. 19, 0x620b2c1c820
[1:1:0813/041114.783415:INFO:web_local_frame_impl.cc(1666)] 		WebLocalFrame::SetRoutingID. routing_id = 19
[10713:10713:0813/041114.784102:INFO:render_frame_host_impl.cc(1417)] 	 enter RenderFrameHostImpl::OnCreateChildFrame
[10713:10713:0813/041114.786863:INFO:frame_tree.cc(218)] 	 enter FrameTree::AddFrame: , 19, 18, 
[1:1:0813/041114.788971:INFO:render_frame_impl.cc(7018)] >>> [renderer][DOM] RenderFrameImpl::BeginNavigation
[1:1:0813/041114.789112:INFO:render_frame_impl.cc(7019)] 	 [url] = https://s.yimg.com
[1:1:0813/041114.795799:INFO:html_parser_scheduler.cc(158)]  $$$ [TASK] HTMLParserScheduler::ContinueParsing
[1:1:0813/041114.795942:INFO:html_document_parser.cc(272)] >>> HTMLDocumentParser::ResumeParsingAfterYield. url is "https://s.yimg.com/rq/darla/3-15-0/html/r-sf.html"
[10713:10713:0813/041114.798686:INFO:render_frame_host_impl.cc(3108)] >>> [broswer][navigation] RenderFrameHostImpl::BeginNavigation. ID from switcher is 3:11_https://s.yimg.com/
[1:1:0813/041114.824494:INFO:html_document_parser.cc(1203)]  $$$ [TASK] HTMLDocumentParser::AppendBytes -> BackgroundHTMLParser::AppendRawBytesFromMainThread
[10713:10713:0813/041114.828100:INFO:switcher_host_impl.cc(127)] >>> [Key] add a new principal. [cid, principal, url, frame_id] = 3, 3:13_https://s.yimg.com/, https://s.yimg.com/, 12
[10713:10713:0813/041114.828178:INFO:frame_tree_node.cc(349)] 	FrameTreeNode::SetCurrentOrigin. [frameid, routingid, origin, url] = 12, 13, https://s.yimg.com/, https://s.yimg.com
[1:1:0813/041114.829095:INFO:html_parser_scheduler.cc(158)]  $$$ [TASK] HTMLParserScheduler::ContinueParsing
[1:1:0813/041114.829246:INFO:html_document_parser.cc(272)] >>> HTMLDocumentParser::ResumeParsingAfterYield. url is "https://tag.sp.advertising.com/bid-apid/bid-apid-idsync.html"
[1:1:0813/041114.873110:INFO:script_loader.cc(852)]  $$$ [Script] ScriptLoader::ExecuteScriptBlock. task_id, url is 3217, "https://tag.idsync.analytics.yahoo.com/sp-frame.html?referrer=https%3A%2F%2Fsg.yahoo.com%2F%3Fp%3Dus"
[10713:10713:0813/041114.892843:INFO:navigation_url_loader_network_service.cc(1293)] 	 enter NavigationURLLoaderNetworkService::OnReceiveResponse
[10713:10713:0813/041114.893336:INFO:navigation_handle_impl.cc(765)] 	 enter NavigationHandleImpl::WillProcessResponse
[10713:10723:0813/041114.895123:INFO:interface_endpoint_client.cc(447)] >>> [Frame] get kURLLoader_ProceedWithResponse_Name. [pid, routing_id] = 3, 19
[10713:10723:0813/041114.895179:INFO:mojo_async_resource_handler.cc(459)] >>> [IPC] MojoAsyncResourceHandler::ProceedWithResponse konws [cid, routing_id]: 3, 19, HandleIncomingMessage, HandleIncomingMessage
[10713:10713:0813/041114.895261:INFO:render_frame_host_impl.cc(3699)] >>> RenderFrameHostImpl::CommitNavigation https://ads.pubmatic.com/
[10713:10713:0813/041114.895299:INFO:switcher_host_impl.cc(127)] >>> [Key] add a new principal. [cid, principal, url, frame_id] = 3, 3:19_https://ads.pubmatic.com/, https://ads.pubmatic.com/AdServer/js/user_sync.html?p=156107&s=176446&predirect=https%3A%2F%2Fpr-bh.ybp.yahoo.com%2Fsync%2Fpubmatic%2F, 18
[10713:10713:0813/041114.895377:INFO:render_frame_host_impl.cc(3718)] >>>	[site, common.url, headers] = 3:19_https://ads.pubmatic.com/, HTTP/1.1 200 OK Last-Modified: Fri, 26 Jul 2019 09:40:01 GMT ETag: "1300708-26ca-58e92538a370a" Server: Apache/2.2.15 (CentOS) Accept-Ranges: bytes Content-Encoding: gzip P3P: CP="NOI DSP COR LAW CUR ADMo DEVo TAIo PSAo PSDo IVAo IVDo HISo OTPo OUR SAMo BUS UNI COM NAV INT DEM CNT STA PRE LOC", CP="NOI DSP COR LAW CUR ADMo DEVo TAIo PSAo PSDo IVAo IVDo HISo OTPo OUR SAMo BUS UNI COM NAV INT DEM CNT STA PRE LOC" Content-Length: 3860 Content-Type: text/html; charset=UTF-8 Cache-Control: max-age=26165 Expires: Sun, 11 Aug 2019 19:28:57 GMT Date: Sun, 11 Aug 2019 12:12:52 GMT Connection: keep-alive Vary: Accept-Encoding  ,10757, 3
[1:1:0813/041114.898352:INFO:script_loader.cc(852)]  $$$ [Script] ScriptLoader::ExecuteScriptBlock. task_id, url is 3233 0x7f6a16fc4080 0x620b1e872e0 1 0 0x620b1e872f8 , "https://s.yimg.com/rq/darla/3-15-0/html/r-sf.html"
[1:7:0813/041114.900924:INFO:ipc_mojo_bootstrap.cc(809)] >>> [IPC] Accept. post a task to AcceptOnProxyThread
[1:1:0813/041115.113123:INFO:render_frame_impl.cc(1477)] 	RenderFrameImpl::Initialize. 20, 0x620b283ce20
[1:1:0813/041115.113273:INFO:web_local_frame_impl.cc(1666)] 		WebLocalFrame::SetRoutingID. routing_id = 20
[10713:10713:0813/041115.114482:INFO:render_frame_host_impl.cc(1417)] 	 enter RenderFrameHostImpl::OnCreateChildFrame
[10713:10713:0813/041115.116304:INFO:frame_tree.cc(218)] 	 enter FrameTree::AddFrame: , 20, 19, 
[10713:10713:0813/041115.232494:INFO:switcher_host_impl.cc(127)] >>> [Key] add a new principal. [cid, principal, url, frame_id] = 3, 3:20_https://s.yimg.com/, https://s.yimg.com/, 19
[10713:10713:0813/041115.232556:INFO:frame_tree_node.cc(349)] 	FrameTreeNode::SetCurrentOrigin. [frameid, routingid, origin, url] = 19, 20, https://s.yimg.com/, https://s.yimg.com
[10713:10713:0813/041115.554131:INFO:switcher_host_impl.cc(127)] >>> [Key] add a new principal. [cid, principal, url, frame_id] = 3, 3:16_https://googleads.g.doubleclick.net/, https://googleads.g.doubleclick.net/, 15
[10713:10713:0813/041115.554231:INFO:frame_tree_node.cc(349)] 	FrameTreeNode::SetCurrentOrigin. [frameid, routingid, origin, url] = 15, 16, https://googleads.g.doubleclick.net/, https://googleads.g.doubleclick.net
[1:1:0813/041115.556964:INFO:html_document_parser.cc(1203)]  $$$ [TASK] HTMLDocumentParser::AppendBytes -> BackgroundHTMLParser::AppendRawBytesFromMainThread
[1:1:0813/041115.607051:INFO:html_parser_scheduler.cc(81)]  $$$ [TASK] HTMLParserScheduler::ScheduleForUnpause -> HTMLParserScheduler::ContinueParsing
[1:1:0813/041115.613779:INFO:script_loader.cc(852)]  $$$ [Script] ScriptLoader::ExecuteScriptBlock. task_id, url is 3304, "https://tag.sp.advertising.com/bid-apid/bid-apid-idsync.html"
[10713:10713:0813/041115.622839:INFO:render_frame_host_impl.cc(1417)] 	 enter RenderFrameHostImpl::OnCreateChildFrame
[1:1:0813/041115.624220:INFO:render_frame_impl.cc(1477)] 	RenderFrameImpl::Initialize. 21, 0x620af1d3220
[1:1:0813/041115.624371:INFO:web_local_frame_impl.cc(1666)] 		WebLocalFrame::SetRoutingID. routing_id = 21
[10713:10713:0813/041115.625120:INFO:frame_tree.cc(218)] 	 enter FrameTree::AddFrame: , 21, 20, 
[1:1:0813/041115.631883:INFO:render_frame_impl.cc(7018)] >>> [renderer][DOM] RenderFrameImpl::BeginNavigation
[1:1:0813/041115.632051:INFO:render_frame_impl.cc(7019)] 	 [url] = https://tag.sp.advertising.com
[10713:10713:0813/041115.632655:INFO:render_frame_host_impl.cc(3108)] >>> [broswer][navigation] RenderFrameHostImpl::BeginNavigation. ID from switcher is 3:12_https://tag.sp.advertising.com/
[1:1:0813/041115.648139:INFO:script_loader.cc(852)]  $$$ [Script] ScriptLoader::ExecuteScriptBlock. task_id, url is 3312 0x7f6a16fc4080 0x620b1f2d560 1 0 0x620b1f2d578 , "https://s.yimg.com/rq/darla/3-15-0/html/r-sf.html"
[10713:10713:0813/041115.685015:INFO:navigation_url_loader_network_service.cc(1293)] 	 enter NavigationURLLoaderNetworkService::OnReceiveResponse
[10713:10713:0813/041115.685375:INFO:navigation_handle_impl.cc(765)] 	 enter NavigationHandleImpl::WillProcessResponse
