[27875:27875:0813/045240.810650:INFO:CONSOLE(14)] "yui: NOT loaded: highlander-client-templates-viewer-controls-atomic", source: https://s.yimg.com/zz/combo?yui:/3.18.0/yui/yui-min.js (14)
[27875:27875:0813/045240.811190:INFO:CONSOLE(14)] "yui: NOT loaded: highlander-vertical-video", source: https://s.yimg.com/zz/combo?yui:/3.18.0/yui/yui-min.js (14)
[27875:27875:0813/045241.442075:INFO:switcher_host_impl.cc(127)] >>> [Key] add a new principal. [cid, principal, url, frame_id] = 3, 3:2_https://sg.yahoo.com/, https://sg.yahoo.com/, 1
[27875:27875:0813/045241.442124:INFO:frame_tree_node.cc(349)] 	FrameTreeNode::SetCurrentOrigin. [frameid, routingid, origin, url] = 1, 2, https://sg.yahoo.com/, https://sg.yahoo.com
[1:1:0813/045241.524090:INFO:script_loader.cc(852)]  $$$ [Script] ScriptLoader::ExecuteScriptBlock. task_id, url is 1575 0x7fe4a9e6df00 0x35ac115733e0 , "https://sg.yahoo.com/?p=us"
[1:1:0813/045241.786122:INFO:html_parser_scheduler.cc(158)]  $$$ [TASK] HTMLParserScheduler::ContinueParsing
[1:1:0813/045241.786278:INFO:html_document_parser.cc(272)] >>> HTMLDocumentParser::ResumeParsingAfterYield. url is "https://s.yimg.com/rq/darla/3-15-0/html/r-csc.html"
[1:1:0813/045241.787656:INFO:script_loader.cc(852)]  $$$ [Script] ScriptLoader::ExecuteScriptBlock. task_id, url is 1627 0x7fe4a7f47070 0x35ac15d9fde0 , "https://s.yimg.com/rq/darla/3-15-0/html/r-csc.html"
[1:1:0813/045241.788768:INFO:script_loader.cc(852)]  $$$ [Script] ScriptLoader::ExecuteScriptBlock. task_id, url is 1627 0x7fe4a7f47070 0x35ac15d9fde0 , "https://s.yimg.com/rq/darla/3-15-0/html/r-csc.html"
[27875:27875:0813/045241.791483:INFO:CONSOLE(21)] "darla csc writer, potential invalid html content", source: https://s.yimg.com/rq/darla/3-15-0/html/r-csc.html (21)
[1:1:0813/045241.791930:INFO:script_loader.cc(852)]  $$$ [Script] ScriptLoader::ExecuteScriptBlock. task_id, url is 1627 0x7fe4a7f47070 0x35ac15d9fde0 , "https://s.yimg.com/rq/darla/3-15-0/html/r-csc.html"
[1:1:0813/045241.796324:INFO:script_loader.cc(852)]  $$$ [Script] ScriptLoader::ExecuteScriptBlock. task_id, url is 1627 0x7fe4a7f47070 0x35ac15d9fde0 , "https://s.yimg.com/rq/darla/3-15-0/html/r-csc.html"
[1:1:0813/045241.810840:INFO:html_parser_scheduler.cc(158)]  $$$ [TASK] HTMLParserScheduler::ContinueParsing
[1:1:0813/045241.810947:INFO:html_document_parser.cc(272)] >>> HTMLDocumentParser::ResumeParsingAfterYield. url is "https://s.yimg.com/rq/darla/3-15-0/html/r-sf.html"
[1:1:0813/045241.813908:INFO:script_loader.cc(852)]  $$$ [Script] ScriptLoader::ExecuteScriptBlock. task_id, url is 1629 0x7fe4a7f47070 0x35ac1156f960 , "https://s.yimg.com/rq/darla/3-15-0/html/r-sf.html"
[1:1:0813/045241.818441:INFO:html_parser_scheduler.cc(158)]  $$$ [TASK] HTMLParserScheduler::ContinueParsing
[1:1:0813/045241.818545:INFO:html_document_parser.cc(272)] >>> HTMLDocumentParser::ResumeParsingAfterYield. url is "https://s.yimg.com/rq/darla/3-15-0/html/r-sf.html"
[1:1:0813/045241.821110:INFO:script_loader.cc(852)]  $$$ [Script] ScriptLoader::ExecuteScriptBlock. task_id, url is 1630 0x7fe4a7f47070 0x35ac184734e0 , "https://s.yimg.com/rq/darla/3-15-0/html/r-sf.html"
[1:1:0813/045241.826565:INFO:html_parser_scheduler.cc(158)]  $$$ [TASK] HTMLParserScheduler::ContinueParsing
[1:1:0813/045241.826665:INFO:html_document_parser.cc(272)] >>> HTMLDocumentParser::ResumeParsingAfterYield. url is "https://s.yimg.com/rq/darla/3-15-0/html/r-sf.html"
[1:1:0813/045241.828939:INFO:script_loader.cc(852)]  $$$ [Script] ScriptLoader::ExecuteScriptBlock. task_id, url is 1636 0x7fe4a7f47070 0x35ac18420360 , "https://s.yimg.com/rq/darla/3-15-0/html/r-sf.html"
[1:1:0813/045241.834392:INFO:html_parser_scheduler.cc(158)]  $$$ [TASK] HTMLParserScheduler::ContinueParsing
[1:1:0813/045241.834483:INFO:html_document_parser.cc(272)] >>> HTMLDocumentParser::ResumeParsingAfterYield. url is "https://s.yimg.com/rq/darla/3-15-0/html/r-sf.html"
[1:1:0813/045241.836990:INFO:script_loader.cc(852)]  $$$ [Script] ScriptLoader::ExecuteScriptBlock. task_id, url is 1642 0x7fe4a7f47070 0x35ac15a77a60 , "https://s.yimg.com/rq/darla/3-15-0/html/r-sf.html"
[1:1:0813/045242.117266:INFO:script_loader.cc(852)]  $$$ [Script] ScriptLoader::ExecuteScriptBlock. task_id, url is 1850 0x7fe4a9e6df00 0x35ac188bbc60 , "https://sg.yahoo.com/?p=us"
[1:1:0813/045242.119563:INFO:script_loader.cc(852)]  $$$ [Script] ScriptLoader::ExecuteScriptBlock. task_id, url is 1851 0x7fe4a9e6df00 0x35ac15ddc860 , "https://sg.yahoo.com/?p=us"
[1:1:0813/045242.121881:INFO:script_loader.cc(852)]  $$$ [Script] ScriptLoader::ExecuteScriptBlock. task_id, url is 1853 0x7fe4a9e6df00 0x35ac17546ee0 , "https://sg.yahoo.com/?p=us"
[1:1:0813/045242.124446:INFO:script_loader.cc(852)]  $$$ [Script] ScriptLoader::ExecuteScriptBlock. task_id, url is 1854 0x7fe4a9e6df00 0x35ac1770c4e0 , "https://sg.yahoo.com/?p=us"
[1:1:0813/045242.126674:INFO:script_loader.cc(852)]  $$$ [Script] ScriptLoader::ExecuteScriptBlock. task_id, url is 1856 0x7fe4a9e6df00 0x35ac18951ce0 , "https://sg.yahoo.com/?p=us"
[1:1:0813/045242.128349:INFO:script_loader.cc(852)]  $$$ [Script] ScriptLoader::ExecuteScriptBlock. task_id, url is 1857 0x7fe4a9e6df00 0x35ac18abd9e0 , "https://sg.yahoo.com/?p=us"
[1:1:0813/045242.131191:INFO:script_loader.cc(852)]  $$$ [Script] ScriptLoader::ExecuteScriptBlock. task_id, url is 1862 0x7fe4a9e6df00 0x35ac17d41c60 , "https://sg.yahoo.com/?p=us"
[1:1:0813/045242.133448:INFO:script_loader.cc(852)]  $$$ [Script] ScriptLoader::ExecuteScriptBlock. task_id, url is 1863 0x7fe4a9e6df00 0x35ac17134fe0 , "https://sg.yahoo.com/?p=us"
[1:1:0813/045242.135429:INFO:script_loader.cc(852)]  $$$ [Script] ScriptLoader::ExecuteScriptBlock. task_id, url is 1865 0x7fe4a9e6df00 0x35ac18ad6b60 , "https://sg.yahoo.com/?p=us"
[1:1:0813/045242.136857:INFO:script_loader.cc(852)]  $$$ [Script] ScriptLoader::ExecuteScriptBlock. task_id, url is 1866 0x7fe4a9e6df00 0x35ac1729d9e0 , "https://sg.yahoo.com/?p=us"
[1:1:0813/045242.138374:INFO:script_loader.cc(852)]  $$$ [Script] ScriptLoader::ExecuteScriptBlock. task_id, url is 1868 0x7fe4a9e6df00 0x35ac1770a360 , "https://sg.yahoo.com/?p=us"
[1:1:0813/045242.139789:INFO:script_loader.cc(852)]  $$$ [Script] ScriptLoader::ExecuteScriptBlock. task_id, url is 1869 0x7fe4a9e6df00 0x35ac174ae960 , "https://sg.yahoo.com/?p=us"
[1:1:0813/045242.141732:INFO:script_loader.cc(852)]  $$$ [Script] ScriptLoader::ExecuteScriptBlock. task_id, url is 1871 0x7fe4a9e6df00 0x35ac1770ace0 , "https://sg.yahoo.com/?p=us"
[1:1:0813/045242.144977:INFO:script_loader.cc(852)]  $$$ [Script] ScriptLoader::ExecuteScriptBlock. task_id, url is 1872 0x7fe4a9e6df00 0x35ac18ad2d60 , "https://sg.yahoo.com/?p=us"
[1:1:0813/045242.149136:INFO:script_loader.cc(852)]  $$$ [Script] ScriptLoader::ExecuteScriptBlock. task_id, url is 1874 0x7fe4a9e6df00 0x35ac16275260 , "https://sg.yahoo.com/?p=us"
[1:1:0813/045242.157008:INFO:script_loader.cc(852)]  $$$ [Script] ScriptLoader::ExecuteScriptBlock. task_id, url is 1885 0x7fe4a9e6df00 0x35ac15daa2e0 , "https://sg.yahoo.com/?p=us"
[1:1:0813/045242.162345:INFO:script_loader.cc(852)]  $$$ [Script] ScriptLoader::ExecuteScriptBlock. task_id, url is 1891 0x7fe4a9e6df00 0x35ac18952be0 , "https://sg.yahoo.com/?p=us"
[1:1:0813/045242.167253:INFO:script_loader.cc(852)]  $$$ [Script] ScriptLoader::ExecuteScriptBlock. task_id, url is 1896 0x7fe4a9e6df00 0x35ac18aae7e0 , "https://sg.yahoo.com/?p=us"
[1:1:0813/045242.171732:INFO:script_loader.cc(852)]  $$$ [Script] ScriptLoader::ExecuteScriptBlock. task_id, url is 1900 0x7fe4a9e6df00 0x35ac1770c3e0 , "https://sg.yahoo.com/?p=us"
[1:1:0813/045242.307780:INFO:script_loader.cc(852)]  $$$ [Script] ScriptLoader::ExecuteScriptBlock. task_id, url is 1977, "https://s.yimg.com/rq/darla/3-15-0/html/r-sf.html"
[1:1:0813/045242.379960:INFO:event_target.cc(534)] !!!!!!!!!!!!!!!! RegisteredEventListener::SetCallback. 0x370fa3417af8
[1:1:0813/045242.434765:INFO:script_loader.cc(852)]  $$$ [Script] ScriptLoader::ExecuteScriptBlock. task_id, url is 1977, "https://s.yimg.com/rq/darla/3-15-0/html/r-sf.html"
[1:1:0813/045242.435802:INFO:html_tree_builder.cc(780)] >>> [renderer][DOM] receive <iframe>
[27875:27875:0813/045242.437085:INFO:render_frame_host_impl.cc(1417)] 	 enter RenderFrameHostImpl::OnCreateChildFrame
[1:1:0813/045242.438082:INFO:render_frame_impl.cc(1477)] 	RenderFrameImpl::Initialize. 9, 0x35ac155b2a20
[1:1:0813/045242.438220:INFO:web_local_frame_impl.cc(1666)] 		WebLocalFrame::SetRoutingID. routing_id = 9
[27875:27875:0813/045242.439082:INFO:frame_tree.cc(218)] 	 enter FrameTree::AddFrame: , 9, 8, 
[1:1:0813/045242.444865:INFO:render_frame_impl.cc(7018)] >>> [renderer][DOM] RenderFrameImpl::BeginNavigation
[1:1:0813/045242.445008:INFO:render_frame_impl.cc(7019)] 	 [url] = https://s.yimg.com
[27875:27875:0813/045242.445536:INFO:render_frame_host_impl.cc(3108)] >>> [broswer][navigation] RenderFrameHostImpl::BeginNavigation. ID from switcher is 3:6_https://s.yimg.com/
[1:1:0813/045242.450155:INFO:event_target.cc(534)] !!!!!!!!!!!!!!!! RegisteredEventListener::SetCallback. 0x370fa3417af8
[1:1:0813/045242.464508:INFO:script_loader.cc(852)]  $$$ [Script] ScriptLoader::ExecuteScriptBlock. task_id, url is 1980, "https://s.yimg.com/rq/darla/3-15-0/html/r-sf.html"
[1:1:0813/045242.514992:INFO:event_target.cc(534)] !!!!!!!!!!!!!!!! RegisteredEventListener::SetCallback. 0x370fa3419910
[1:1:0813/045242.568725:INFO:script_loader.cc(852)]  $$$ [Script] ScriptLoader::ExecuteScriptBlock. task_id, url is 1980, "https://s.yimg.com/rq/darla/3-15-0/html/r-sf.html"
[1:1:0813/045242.572979:INFO:event_target.cc(534)] !!!!!!!!!!!!!!!! RegisteredEventListener::SetCallback. 0x370fa3419910
[1:1:0813/045242.577291:INFO:script_loader.cc(852)]  $$$ [Script] ScriptLoader::ExecuteScriptBlock. task_id, url is 1983 0x7fe4a9e6df00 0x35ac17132360 , "https://sg.yahoo.com/?p=us"
[1:1:0813/045242.579843:INFO:script_loader.cc(852)]  $$$ [Script] ScriptLoader::ExecuteScriptBlock. task_id, url is 1984 0x7fe4a9e6df00 0x35ac18ad7860 , "https://sg.yahoo.com/?p=us"
[1:1:0813/045242.613302:INFO:script_loader.cc(852)]  $$$ [Script] ScriptLoader::ExecuteScriptBlock. task_id, url is 1992 0x7fe4a9e6df00 0x35ac18ad7fe0 , "https://sg.yahoo.com/?p=us"
[1:1:0813/045242.615229:INFO:script_loader.cc(852)]  $$$ [Script] ScriptLoader::ExecuteScriptBlock. task_id, url is 1993 0x7fe4a9e6df00 0x35ac18a9b160 , "https://sg.yahoo.com/?p=us"
[1:1:0813/045242.617679:INFO:script_loader.cc(852)]  $$$ [Script] ScriptLoader::ExecuteScriptBlock. task_id, url is 1995 0x7fe4a9e6df00 0x35ac18acb4e0 , "https://sg.yahoo.com/?p=us"
[1:1:0813/045242.620786:INFO:script_loader.cc(852)]  $$$ [Script] ScriptLoader::ExecuteScriptBlock. task_id, url is 1996 0x7fe4a9e6df00 0x35ac18952460 , "https://sg.yahoo.com/?p=us"
[27875:27875:0813/045242.621903:INFO:navigation_url_loader_network_service.cc(1293)] 	 enter NavigationURLLoaderNetworkService::OnReceiveResponse
[27875:27875:0813/045242.622368:INFO:navigation_handle_impl.cc(765)] 	 enter NavigationHandleImpl::WillProcessResponse
[27875:27875:0813/045242.623929:INFO:render_frame_host_impl.cc(3699)] >>> RenderFrameHostImpl::CommitNavigation https://s.yimg.com/
[27875:27875:0813/045242.623970:INFO:switcher_host_impl.cc(127)] >>> [Key] add a new principal. [cid, principal, url, frame_id] = 3, 3:9_https://s.yimg.com/, https://s.yimg.com/ja/ap/ssp_cookie_sync/apac.html, 8
[1:1:0813/045242.623862:INFO:script_loader.cc(852)]  $$$ [Script] ScriptLoader::ExecuteScriptBlock. task_id, url is 1998 0x7fe4a9e6df00 0x35ac1770a460 , "https://sg.yahoo.com/?p=us"
[27875:27875:0813/045242.624018:INFO:render_frame_host_impl.cc(3718)] >>>	[site, common.url, headers] = 3:9_https://s.yimg.com/, HTTP/1.1 200 status:200 x-amz-id-2:o0Al9Rk0G1ODVB4QKhLp/dUS/6F5qkIftP6tg9EF4iJk95E5N+NPA648kbzLBoQOoLL6/sOVlcs= x-amz-request-id:5D4307B859EFA46D date:Sun, 11 Aug 2019 01:54:43 GMT last-modified:Mon, 30 Apr 2018 16:10:55 GMT etag:"08dc3a26368ba18d7aa3f08b2f39a55b-df" x-amz-server-side-encryption:AES256 cache-control:max-age=86400,public x-amz-meta-created-date:Fri, 15 Sep 2017 22:03:21 GMT x-amz-meta-mbst-etag:"YM:1:249064fb-6bcc-4b95-ad2a-83d4eb1faf2a000559418fadbd30" x-amz-meta-x-ysws-mbst-vtime:1505513001827632 expires:Sat, 05 Sep 2026 00:00:00 GMT x-amz-meta-x-ysws-access:public accept-ranges:bytes content-type:text/html; charset=utf-8 server:ATS referrer-policy:no-referrer-when-downgrade vary:Origin, Accept-Encoding content-encoding:gzip content-length:415 age:39579 strict-transport-security:max-age=15552000 expect-ct:max-age=31536000, report-uri="http://csp.yahoo.com/beacon/csp?src=yahoocom-expect-ct-report-only" x-xss-protection:1; mode=block x-content-type-options:nosniff  ,27919, 3
[27875:27885:0813/045242.624034:INFO:interface_endpoint_client.cc(447)] >>> [Frame] get kURLLoader_ProceedWithResponse_Name. [pid, routing_id] = 3, 9
[27875:27885:0813/045242.624083:INFO:mojo_async_resource_handler.cc(459)] >>> [IPC] MojoAsyncResourceHandler::ProceedWithResponse konws [cid, routing_id]: 3, 9, HandleIncomingMessage, HandleIncomingMessage
[1:7:0813/045242.624568:INFO:ipc_mojo_bootstrap.cc(809)] >>> [IPC] Accept. post a task to AcceptOnProxyThread
[1:1:0813/045242.627035:INFO:script_loader.cc(852)]  $$$ [Script] ScriptLoader::ExecuteScriptBlock. task_id, url is 1999 0x7fe4a9e6df00 0x35ac15b770e0 , "https://sg.yahoo.com/?p=us"
[1:1:0813/045242.630658:INFO:script_loader.cc(852)]  $$$ [Script] ScriptLoader::ExecuteScriptBlock. task_id, url is 2001 0x7fe4a9e6df00 0x35ac1841cc60 , "https://sg.yahoo.com/?p=us"
[1:1:0813/045242.633687:INFO:script_loader.cc(852)]  $$$ [Script] ScriptLoader::ExecuteScriptBlock. task_id, url is 2002 0x7fe4a9e6df00 0x35ac17768d60 , "https://sg.yahoo.com/?p=us"
[1:1:0813/045242.636050:INFO:script_loader.cc(852)]  $$$ [Script] ScriptLoader::ExecuteScriptBlock. task_id, url is 2004 0x7fe4a9e6df00 0x35ac18467ce0 , "https://sg.yahoo.com/?p=us"
[1:1:0813/045242.638115:INFO:script_loader.cc(852)]  $$$ [Script] ScriptLoader::ExecuteScriptBlock. task_id, url is 2005 0x7fe4a9e6df00 0x35ac17d5ac60 , "https://sg.yahoo.com/?p=us"
[1:1:0813/045242.641164:INFO:script_loader.cc(852)]  $$$ [Script] ScriptLoader::ExecuteScriptBlock. task_id, url is 2007 0x7fe4a9e6df00 0x35ac16274fe0 , "https://sg.yahoo.com/?p=us"
[1:1:0813/045242.643715:INFO:script_loader.cc(852)]  $$$ [Script] ScriptLoader::ExecuteScriptBlock. task_id, url is 2008 0x7fe4a9e6df00 0x35ac15b50c60 , "https://sg.yahoo.com/?p=us"
[1:1:0813/045242.646801:INFO:script_loader.cc(852)]  $$$ [Script] ScriptLoader::ExecuteScriptBlock. task_id, url is 2010 0x7fe4a9e6df00 0x35ac166ed3e0 , "https://sg.yahoo.com/?p=us"
[1:1:0813/045242.650048:INFO:script_loader.cc(852)]  $$$ [Script] ScriptLoader::ExecuteScriptBlock. task_id, url is 2011 0x7fe4a9e6df00 0x35ac1729d2e0 , "https://sg.yahoo.com/?p=us"
[1:1:0813/045242.653503:INFO:script_loader.cc(852)]  $$$ [Script] ScriptLoader::ExecuteScriptBlock. task_id, url is 2013 0x7fe4a9e6df00 0x35ac184260e0 , "https://sg.yahoo.com/?p=us"
[1:1:0813/045242.656708:INFO:script_loader.cc(852)]  $$$ [Script] ScriptLoader::ExecuteScriptBlock. task_id, url is 2014 0x7fe4a9e6df00 0x35ac18ad6d60 , "https://sg.yahoo.com/?p=us"
[1:1:0813/045242.660186:INFO:script_loader.cc(852)]  $$$ [Script] ScriptLoader::ExecuteScriptBlock. task_id, url is 2016 0x7fe4a9e6df00 0x35ac18acb860 , "https://sg.yahoo.com/?p=us"
[1:1:0813/045242.663049:INFO:script_loader.cc(852)]  $$$ [Script] ScriptLoader::ExecuteScriptBlock. task_id, url is 2017 0x7fe4a9e6df00 0x35ac18a9abe0 , "https://sg.yahoo.com/?p=us"
[1:1:0813/045242.665463:INFO:script_loader.cc(852)]  $$$ [Script] ScriptLoader::ExecuteScriptBlock. task_id, url is 2019 0x7fe4a9e6df00 0x35ac184b77e0 , "https://sg.yahoo.com/?p=us"
[1:1:0813/045242.668018:INFO:script_loader.cc(852)]  $$$ [Script] ScriptLoader::ExecuteScriptBlock. task_id, url is 2020 0x7fe4a9e6df00 0x35ac160b5f60 , "https://sg.yahoo.com/?p=us"
[1:1:0813/045242.671791:INFO:script_loader.cc(852)]  $$$ [Script] ScriptLoader::ExecuteScriptBlock. task_id, url is 2022, "https://s.yimg.com/rq/darla/3-15-0/html/r-csc.html"
[27875:27875:0813/045242.676013:INFO:render_frame_host_impl.cc(1417)] 	 enter RenderFrameHostImpl::OnCreateChildFrame
[1:1:0813/045242.676966:INFO:render_frame_impl.cc(1477)] 	RenderFrameImpl::Initialize. 10, 0x35ac15757820
[1:1:0813/045242.677115:INFO:web_local_frame_impl.cc(1666)] 		WebLocalFrame::SetRoutingID. routing_id = 10
[27875:27875:0813/045242.677661:INFO:frame_tree.cc(218)] 	 enter FrameTree::AddFrame: , 10, 9, 
[1:1:0813/045242.683688:INFO:render_frame_impl.cc(7018)] >>> [renderer][DOM] RenderFrameImpl::BeginNavigation
[1:1:0813/045242.683805:INFO:render_frame_impl.cc(7019)] 	 [url] = https://s.yimg.com
[27875:27875:0813/045242.684309:INFO:render_frame_host_impl.cc(3108)] >>> [broswer][navigation] RenderFrameHostImpl::BeginNavigation. ID from switcher is 3:4_https://s.yimg.com/
[1:1:0813/045242.690197:INFO:script_loader.cc(852)]  $$$ [Script] ScriptLoader::ExecuteScriptBlock. task_id, url is 2023 0x7fe4a9e6df00 0x35ac184b60e0 , "https://sg.yahoo.com/?p=us"
[1:1:0813/045242.692077:INFO:script_loader.cc(852)]  $$$ [Script] ScriptLoader::ExecuteScriptBlock. task_id, url is 2024 0x7fe4a9e6df00 0x35ac18ab4a60 , "https://sg.yahoo.com/?p=us"
[1:1:0813/045242.694334:INFO:script_loader.cc(852)]  $$$ [Script] ScriptLoader::ExecuteScriptBlock. task_id, url is 2027 0x7fe4a9e6df00 0x35ac18ad7960 , "https://sg.yahoo.com/?p=us"
[1:1:0813/045242.697647:INFO:script_loader.cc(852)]  $$$ [Script] ScriptLoader::ExecuteScriptBlock. task_id, url is 2028 0x7fe4a9e6df00 0x35ac18117ae0 , "https://sg.yahoo.com/?p=us"
[1:1:0813/045242.699945:INFO:script_loader.cc(852)]  $$$ [Script] ScriptLoader::ExecuteScriptBlock. task_id, url is 2030 0x7fe4a9e6df00 0x35ac18ad2ce0 , "https://sg.yahoo.com/?p=us"
[1:1:0813/045242.702417:INFO:script_loader.cc(852)]  $$$ [Script] ScriptLoader::ExecuteScriptBlock. task_id, url is 2031 0x7fe4a9e6df00 0x35ac18a9e260 , "https://sg.yahoo.com/?p=us"
[27875:27875:0813/045242.731163:INFO:navigation_url_loader_network_service.cc(1293)] 	 enter NavigationURLLoaderNetworkService::OnReceiveResponse
[27875:27875:0813/045242.731532:INFO:navigation_handle_impl.cc(765)] 	 enter NavigationHandleImpl::WillProcessResponse
[27875:27885:0813/045242.732973:INFO:interface_endpoint_client.cc(447)] >>> [Frame] get kURLLoader_ProceedWithResponse_Name. [pid, routing_id] = 3, 10
[27875:27885:0813/045242.733016:INFO:mojo_async_resource_handler.cc(459)] >>> [IPC] MojoAsyncResourceHandler::ProceedWithResponse konws [cid, routing_id]: 3, 10, HandleIncomingMessage, HandleIncomingMessage
[27875:27875:0813/045242.733042:INFO:render_frame_host_impl.cc(3699)] >>> RenderFrameHostImpl::CommitNavigation https://tag.idsync.analytics.yahoo.com/
[27875:27875:0813/045242.733079:INFO:switcher_host_impl.cc(127)] >>> [Key] add a new principal. [cid, principal, url, frame_id] = 3, 3:10_https://tag.idsync.analytics.yahoo.com/, https://tag.idsync.analytics.yahoo.com/sp-frame.html?referrer=https%3A%2F%2Fsg.yahoo.com%2F%3Fp%3Dus, 9
[27875:27875:0813/045242.733131:INFO:render_frame_host_impl.cc(3718)] >>>	[site, common.url, headers] = 3:10_https://tag.idsync.analytics.yahoo.com/, HTTP/1.1 200 status:200 content-encoding:gzip content-type:text/html date:Sun, 11 Aug 2019 12:54:20 GMT etag:"9b27f08842ec1f21101a0bc4c5dba12e+gzip" last-modified:Thu, 08 Aug 2019 17:26:39 GMT server:ECS (sgb/C6E6) vary:Accept-Encoding x-amz-id-2:/jw3BeuK3VBRgbV7BwzdypkMPUTPb/nTEdYHO8NTh3oLxoyuUdYw5o+8NbVPrV32svKZnh17dBk= x-amz-request-id:33BD832464322143 x-amz-server-side-encryption:AES256 x-cache:HIT content-length:153  ,27919, 3
[1:7:0813/045242.734865:INFO:ipc_mojo_bootstrap.cc(809)] >>> [IPC] Accept. post a task to AcceptOnProxyThread
[27875:27875:0813/045242.773377:INFO:CONSOLE(14)] "yui: NOT loaded: videoplayer", source: https://s.yimg.com/zz/combo?yui:/3.18.0/yui/yui-min.js (14)
[27875:27875:0813/045242.773988:INFO:CONSOLE(14)] "yui: NOT loaded: td-applet-storyswarm-atomic-templates-list.tumblr", source: https://s.yimg.com/zz/combo?yui:/3.18.0/yui/yui-min.js (14)
[27875:27875:0813/045242.948950:INFO:CONSOLE(14)] "yui: NOT loaded: videoplayer", source: https://s.yimg.com/zz/combo?yui:/3.18.0/yui/yui-min.js (14)
[27875:27875:0813/045242.953254:INFO:CONSOLE(14)] "yui: NOT loaded: videoplayer", source: https://s.yimg.com/zz/combo?yui:/3.18.0/yui/yui-min.js (14)
[27875:27875:0813/045242.962453:INFO:CONSOLE(14)] "yui: NOT loaded: td-applet-storyswarm-atomic-templates-list.tumblr", source: https://s.yimg.com/zz/combo?yui:/3.18.0/yui/yui-min.js (14)
[27875:27875:0813/045242.981652:INFO:CONSOLE(3)] "11E2040049D5517D17F368F6B6368032: 0.026123046875ms", source:  (3)
[1:1:0813/045242.985027:INFO:script_loader.cc(852)]  $$$ [Script] ScriptLoader::ExecuteScriptBlock. task_id, url is 2100 0x7fe4a82afbd0 0x35ac181170d8 , "https://s.yimg.com/rq/darla/3-15-0/html/r-sf.html"
[1:1:0813/045243.035671:INFO:event_target.cc(534)] !!!!!!!!!!!!!!!! RegisteredEventListener::SetCallback. 0x370fa341d488
[1:1:0813/045243.085451:INFO:script_loader.cc(852)]  $$$ [Script] ScriptLoader::ExecuteScriptBlock. task_id, url is 2100 0x7fe4a82afbd0 0x35ac181170d8 , "https://s.yimg.com/rq/darla/3-15-0/html/r-sf.html"
[1:1:0813/045243.086103:INFO:html_tree_builder.cc(780)] >>> [renderer][DOM] receive <iframe>
[1:1:0813/045243.087572:INFO:render_frame_impl.cc(1477)] 	RenderFrameImpl::Initialize. 11, 0x35ac16646220
[1:1:0813/045243.087673:INFO:web_local_frame_impl.cc(1666)] 		WebLocalFrame::SetRoutingID. routing_id = 11
[1:1:0813/045243.093166:INFO:render_frame_impl.cc(7018)] >>> [renderer][DOM] RenderFrameImpl::BeginNavigation
[1:1:0813/045243.093267:INFO:render_frame_impl.cc(7019)] 	 [url] = https://s.yimg.com
[1:1:0813/045243.097359:INFO:event_target.cc(534)] !!!!!!!!!!!!!!!! RegisteredEventListener::SetCallback. 0x370fa341d488
[27875:27875:0813/045243.127321:INFO:render_frame_host_impl.cc(1417)] 	 enter RenderFrameHostImpl::OnCreateChildFrame
[27875:27875:0813/045243.128889:INFO:frame_tree.cc(218)] 	 enter FrameTree::AddFrame: , 11, 10, 
[1:1:0813/045243.131944:INFO:script_loader.cc(852)]  $$$ [Script] ScriptLoader::ExecuteScriptBlock. task_id, url is 2133 0x7fe4a82afbd0 0x35ac178b1858 , "https://s.yimg.com/rq/darla/3-15-0/html/r-sf.html"
[27875:27875:0813/045243.132421:INFO:render_frame_host_impl.cc(3108)] >>> [broswer][navigation] RenderFrameHostImpl::BeginNavigation. ID from switcher is 3:6_https://s.yimg.com/
[1:1:0813/045243.188391:INFO:event_target.cc(534)] !!!!!!!!!!!!!!!! RegisteredEventListener::SetCallback. 0x370fa33e1cc8
[1:1:0813/045243.244199:INFO:script_loader.cc(852)]  $$$ [Script] ScriptLoader::ExecuteScriptBlock. task_id, url is 2133 0x7fe4a82afbd0 0x35ac178b1858 , "https://s.yimg.com/rq/darla/3-15-0/html/r-sf.html"
[1:1:0813/045243.248647:INFO:event_target.cc(534)] !!!!!!!!!!!!!!!! RegisteredEventListener::SetCallback. 0x370fa33e1cc8
[1:1:0813/045243.265394:INFO:ipc_mojo_bootstrap.cc(894)] ### [Switcher][kFrameNavigationControl_CommitNavigation_Name] get additional field: 3:9_https://s.yimg.com/
[1:1:0813/045243.278601:INFO:ipc_mojo_bootstrap.cc(894)] ### [Switcher][kFrameNavigationControl_CommitNavigation_Name] get additional field: 3:10_https://tag.idsync.analytics.yahoo.com/
[27875:27875:0813/045243.316468:INFO:navigation_url_loader_network_service.cc(1293)] 	 enter NavigationURLLoaderNetworkService::OnReceiveResponse
[27875:27875:0813/045243.316872:INFO:navigation_handle_impl.cc(765)] 	 enter NavigationHandleImpl::WillProcessResponse
[27875:27885:0813/045243.318254:INFO:interface_endpoint_client.cc(447)] >>> [Frame] get kURLLoader_ProceedWithResponse_Name. [pid, routing_id] = 3, 11
[27875:27885:0813/045243.318292:INFO:mojo_async_resource_handler.cc(459)] >>> [IPC] MojoAsyncResourceHandler::ProceedWithResponse konws [cid, routing_id]: 3, 11, HandleIncomingMessage, HandleIncomingMessage
[27875:27875:0813/045243.318294:INFO:render_frame_host_impl.cc(3699)] >>> RenderFrameHostImpl::CommitNavigation https://s.yimg.com/
[27875:27875:0813/045243.318330:INFO:switcher_host_impl.cc(127)] >>> [Key] add a new principal. [cid, principal, url, frame_id] = 3, 3:11_https://s.yimg.com/, https://s.yimg.com/ja/ap/ssp_cookie_sync/apac.html, 10
[27875:27875:0813/045243.318378:INFO:render_frame_host_impl.cc(3718)] >>>	[site, common.url, headers] = 3:11_https://s.yimg.com/, HTTP/1.1 200 status:304 date:Sun, 11 Aug 2019 12:54:21 GMT expires:Sat, 05 Sep 2026 00:00:00 GMT cache-control:max-age=86400,public vary:Origin, Accept-Encoding strict-transport-security:max-age=15552000 server:ATS expect-ct:max-age=31536000, report-uri="http://csp.yahoo.com/beacon/csp?src=yahoocom-expect-ct-report-only" x-amz-id-2:o0Al9Rk0G1ODVB4QKhLp/dUS/6F5qkIftP6tg9EF4iJk95E5N+NPA648kbzLBoQOoLL6/sOVlcs= x-amz-request-id:5D4307B859EFA46D last-modified:Mon, 30 Apr 2018 16:10:55 GMT etag:"08dc3a26368ba18d7aa3f08b2f39a55b-df" x-amz-server-side-encryption:AES256 x-amz-meta-created-date:Fri, 15 Sep 2017 22:03:21 GMT x-amz-meta-mbst-etag:"YM:1:249064fb-6bcc-4b95-ad2a-83d4eb1faf2a000559418fadbd30" x-amz-meta-x-ysws-mbst-vtime:1505513001827632 x-amz-meta-x-ysws-access:public accept-ranges:bytes content-type:text/html; charset=utf-8 referrer-policy:no-referrer-when-downgrade content-encoding:gzip content-length:415 age:39579 x-xss-protection:1; mode=block x-content-type-options:nosniff  ,27919, 3
[1:7:0813/045243.319748:INFO:ipc_mojo_bootstrap.cc(809)] >>> [IPC] Accept. post a task to AcceptOnProxyThread
[27875:27875:0813/045244.784217:INFO:switcher_host_impl.cc(127)] >>> [Key] add a new principal. [cid, principal, url, frame_id] = 3, 3:9_https://s.yimg.com/, https://s.yimg.com/, 8
[27875:27875:0813/045244.784287:INFO:frame_tree_node.cc(349)] 	FrameTreeNode::SetCurrentOrigin. [frameid, routingid, origin, url] = 8, 9, https://s.yimg.com/, https://s.yimg.com
[1:1:0813/045244.796080:INFO:html_document_parser.cc(1203)]  $$$ [TASK] HTMLDocumentParser::AppendBytes -> BackgroundHTMLParser::AppendRawBytesFromMainThread
[27875:27875:0813/045244.804061:INFO:switcher_host_impl.cc(127)] >>> [Key] add a new principal. [cid, principal, url, frame_id] = 3, 3:10_https://tag.idsync.analytics.yahoo.com/, https://tag.idsync.analytics.yahoo.com/, 9
[27875:27875:0813/045244.804109:INFO:frame_tree_node.cc(349)] 	FrameTreeNode::SetCurrentOrigin. [frameid, routingid, origin, url] = 9, 10, https://tag.idsync.analytics.yahoo.com/, https://tag.idsync.analytics.yahoo.com
[1:1:0813/045244.814483:INFO:html_document_parser.cc(1203)]  $$$ [TASK] HTMLDocumentParser::AppendBytes -> BackgroundHTMLParser::AppendRawBytesFromMainThread
[1:1:0813/045244.821034:INFO:ipc_mojo_bootstrap.cc(894)] ### [Switcher][kFrameNavigationControl_CommitNavigation_Name] get additional field: 3:11_https://s.yimg.com/
[1:1:0813/045244.857128:INFO:script_loader.cc(852)]  $$$ [Script] ScriptLoader::ExecuteScriptBlock. task_id, url is 2337, "https://s.yimg.com/rq/darla/3-15-0/html/r-sf.html"
[1:1:0813/045244.866112:INFO:platform_thread_posix.cc(131)] >>> invoke pthread_create
[1:1:0813/045244.876170:INFO:script_loader.cc(852)]  $$$ [Script] ScriptLoader::ExecuteScriptBlock. task_id, url is 2359, "https://s.yimg.com/rq/darla/3-15-0/html/r-sf.html"
[1:1:0813/045244.928302:INFO:platform_thread_posix.cc(131)] >>> invoke pthread_create
[1:1:0813/045245.021344:INFO:html_parser_scheduler.cc(81)]  $$$ [TASK] HTMLParserScheduler::ScheduleForUnpause -> HTMLParserScheduler::ContinueParsing
[1:1:0813/045245.026661:INFO:html_parser_scheduler.cc(81)]  $$$ [TASK] HTMLParserScheduler::ScheduleForUnpause -> HTMLParserScheduler::ContinueParsing
[27875:27875:0813/045245.031525:INFO:switcher_host_impl.cc(127)] >>> [Key] add a new principal. [cid, principal, url, frame_id] = 3, 3:11_https://s.yimg.com/, https://s.yimg.com/, 10
[27875:27875:0813/045245.031580:INFO:frame_tree_node.cc(349)] 	FrameTreeNode::SetCurrentOrigin. [frameid, routingid, origin, url] = 10, 11, https://s.yimg.com/, https://s.yimg.com
[1:1:0813/045245.042883:INFO:html_document_parser.cc(1203)]  $$$ [TASK] HTMLDocumentParser::AppendBytes -> BackgroundHTMLParser::AppendRawBytesFromMainThread
[1:1:0813/045245.051868:INFO:html_parser_scheduler.cc(81)]  $$$ [TASK] HTMLParserScheduler::ScheduleForUnpause -> HTMLParserScheduler::ContinueParsing
[1:1:0813/045245.057323:INFO:html_parser_scheduler.cc(81)]  $$$ [TASK] HTMLParserScheduler::ScheduleForUnpause -> HTMLParserScheduler::ContinueParsing
[1:1:0813/045245.081617:INFO:script_loader.cc(852)]  $$$ [Script] ScriptLoader::ExecuteScriptBlock. task_id, url is 2565 0x7fe4a9e6df00 0x35ac1a48cf60 , "https://s.yimg.com/rq/darla/3-15-0/html/r-sf.html"
[27875:27875:0813/045245.164094:INFO:render_frame_host_impl.cc(1417)] 	 enter RenderFrameHostImpl::OnCreateChildFrame
[1:1:0813/045245.164963:INFO:render_frame_impl.cc(1477)] 	RenderFrameImpl::Initialize. 12, 0x35ac194b9a20
[1:1:0813/045245.165071:INFO:web_local_frame_impl.cc(1666)] 		WebLocalFrame::SetRoutingID. routing_id = 12
[27875:27875:0813/045245.166318:INFO:frame_tree.cc(218)] 	 enter FrameTree::AddFrame: , 12, 11, 
[27875:27875:0813/045245.176848:INFO:switcher_host_impl.cc(127)] >>> [Key] add a new principal. [cid, principal, url, frame_id] = 3, 3:12_https://s.yimg.com/, https://s.yimg.com/, 11
[27875:27875:0813/045245.176907:INFO:frame_tree_node.cc(349)] 	FrameTreeNode::SetCurrentOrigin. [frameid, routingid, origin, url] = 11, 12, https://s.yimg.com/, https://s.yimg.com
[1:1:0813/045245.194174:INFO:script_loader.cc(852)]  $$$ [Script] ScriptLoader::ExecuteScriptBlock. task_id, url is 2565 0x7fe4a9e6df00 0x35ac1a48cf60 , "https://s.yimg.com/rq/darla/3-15-0/html/r-sf.html"
[1:1:0813/045245.215861:INFO:html_tree_builder.cc(780)] >>> [renderer][DOM] receive <iframe>
[27875:27875:0813/045245.216743:INFO:render_frame_host_impl.cc(1417)] 	 enter RenderFrameHostImpl::OnCreateChildFrame
[1:1:0813/045245.217511:INFO:render_frame_impl.cc(1477)] 	RenderFrameImpl::Initialize. 13, 0x35ac194ba420
[1:1:0813/045245.217629:INFO:web_local_frame_impl.cc(1666)] 		WebLocalFrame::SetRoutingID. routing_id = 13
[27875:27875:0813/045245.218932:INFO:frame_tree.cc(218)] 	 enter FrameTree::AddFrame: aswift_0, 13, 12, 
[27875:27875:0813/045245.229113:INFO:switcher_host_impl.cc(127)] >>> [Key] add a new principal. [cid, principal, url, frame_id] = 3, 3:13_https://s.yimg.com/, https://s.yimg.com/, 12
[27875:27875:0813/045245.229175:INFO:frame_tree_node.cc(349)] 	FrameTreeNode::SetCurrentOrigin. [frameid, routingid, origin, url] = 12, 13, https://s.yimg.com/, https://s.yimg.com
[27875:27875:0813/045245.248982:INFO:render_frame_host_impl.cc(1417)] 	 enter RenderFrameHostImpl::OnCreateChildFrame
[1:1:0813/045245.249763:INFO:render_frame_impl.cc(1477)] 	RenderFrameImpl::Initialize. 14, 0x35ac194bae20
[1:1:0813/045245.249894:INFO:web_local_frame_impl.cc(1666)] 		WebLocalFrame::SetRoutingID. routing_id = 14
[27875:27875:0813/045245.251087:INFO:frame_tree.cc(218)] 	 enter FrameTree::AddFrame: google_esf, 14, 13, 
[1:1:0813/045245.255753:INFO:render_frame_impl.cc(7018)] >>> [renderer][DOM] RenderFrameImpl::BeginNavigation
[1:1:0813/045245.255878:INFO:render_frame_impl.cc(7019)] 	 [url] = https://s.yimg.com
[27875:27875:0813/045245.256242:INFO:render_frame_host_impl.cc(3108)] >>> [broswer][navigation] RenderFrameHostImpl::BeginNavigation. ID from switcher is 3:6_https://s.yimg.com/
[27875:27875:0813/045245.265468:INFO:navigation_url_loader_network_service.cc(1293)] 	 enter NavigationURLLoaderNetworkService::OnReceiveResponse
[27875:27875:0813/045245.265893:INFO:navigation_handle_impl.cc(765)] 	 enter NavigationHandleImpl::WillProcessResponse
[27875:27885:0813/045245.267348:INFO:interface_endpoint_client.cc(447)] >>> [Frame] get kURLLoader_ProceedWithResponse_Name. [pid, routing_id] = 3, 14
[27875:27885:0813/045245.267394:INFO:mojo_async_resource_handler.cc(459)] >>> [IPC] MojoAsyncResourceHandler::ProceedWithResponse konws [cid, routing_id]: 3, 14, HandleIncomingMessage, HandleIncomingMessage
[27875:27875:0813/045245.267463:INFO:render_frame_host_impl.cc(3699)] >>> RenderFrameHostImpl::CommitNavigation https://googleads.g.doubleclick.net/
[27875:27875:0813/045245.267497:INFO:switcher_host_impl.cc(127)] >>> [Key] add a new principal. [cid, principal, url, frame_id] = 3, 3:14_https://googleads.g.doubleclick.net/, https://googleads.g.doubleclick.net/pagead/html/r20190807/r20190131/zrt_lookup.html#, 13
[27875:27875:0813/045245.267561:INFO:render_frame_host_impl.cc(3718)] >>>	[site, common.url, headers] = 3:14_https://googleads.g.doubleclick.net/, HTTP/1.1 200 status:200 p3p:policyref="https://googleads.g.doubleclick.net/pagead/gcn_p3p_.xml", CP="CURa ADMa DEVa TAIo PSAo PSDo OUR IND UNI PUR INT DEM STA PRE COM NAV OTC NOI DSP COR" timing-allow-origin:* vary:Accept-Encoding date:Thu, 08 Aug 2019 20:25:30 GMT expires:Thu, 22 Aug 2019 20:25:30 GMT content-type:text/html; charset=UTF-8 etag:4817175036427020965 x-content-type-options:nosniff content-encoding:gzip server:cafe content-length:7274 x-xss-protection:0 cache-control:public, max-age=1209600 age:232133 alt-svc:quic="googleads.g.doubleclick.net:443"; ma=2592000; v="46,43,39",quic=":443"; ma=2592000; v="46,43,39"  ,27919, 3
[1:1:0813/045245.267719:INFO:script_loader.cc(852)]  $$$ [Script] ScriptLoader::ExecuteScriptBlock. task_id, url is 2568 0x7fe4a9e6df00 0x35ac111bf8e0 , "https://s.yimg.com/rq/darla/3-15-0/html/r-sf.html"
[1:7:0813/045245.269395:INFO:ipc_mojo_bootstrap.cc(809)] >>> [IPC] Accept. post a task to AcceptOnProxyThread
[27875:27875:0813/045245.311626:INFO:render_frame_host_impl.cc(1417)] 	 enter RenderFrameHostImpl::OnCreateChildFrame
[1:1:0813/045245.312457:INFO:render_frame_impl.cc(1477)] 	RenderFrameImpl::Initialize. 15, 0x35ac194bb820
[1:1:0813/045245.312590:INFO:web_local_frame_impl.cc(1666)] 		WebLocalFrame::SetRoutingID. routing_id = 15
[27875:27875:0813/045245.313948:INFO:frame_tree.cc(218)] 	 enter FrameTree::AddFrame: , 15, 14, 
[27875:27875:0813/045245.324752:INFO:switcher_host_impl.cc(127)] >>> [Key] add a new principal. [cid, principal, url, frame_id] = 3, 3:15_https://s.yimg.com/, https://s.yimg.com/, 14
[27875:27875:0813/045245.324809:INFO:frame_tree_node.cc(349)] 	FrameTreeNode::SetCurrentOrigin. [frameid, routingid, origin, url] = 14, 15, https://s.yimg.com/, https://s.yimg.com
[1:1:0813/045245.340889:INFO:script_loader.cc(852)]  $$$ [Script] ScriptLoader::ExecuteScriptBlock. task_id, url is 2568 0x7fe4a9e6df00 0x35ac111bf8e0 , "https://s.yimg.com/rq/darla/3-15-0/html/r-sf.html"
[1:1:0813/045245.359007:INFO:html_tree_builder.cc(780)] >>> [renderer][DOM] receive <iframe>
[27875:27875:0813/045245.359865:INFO:render_frame_host_impl.cc(1417)] 	 enter RenderFrameHostImpl::OnCreateChildFrame
[1:1:0813/045245.360678:INFO:render_frame_impl.cc(1477)] 	RenderFrameImpl::Initialize. 16, 0x35ac1a6b0020
[1:1:0813/045245.360809:INFO:web_local_frame_impl.cc(1666)] 		WebLocalFrame::SetRoutingID. routing_id = 16
[27875:27875:0813/045245.362037:INFO:frame_tree.cc(218)] 	 enter FrameTree::AddFrame: aswift_0, 16, 15, 
[27875:27875:0813/045245.371199:INFO:switcher_host_impl.cc(127)] >>> [Key] add a new principal. [cid, principal, url, frame_id] = 3, 3:16_https://s.yimg.com/, https://s.yimg.com/, 15
[27875:27875:0813/045245.371265:INFO:frame_tree_node.cc(349)] 	FrameTreeNode::SetCurrentOrigin. [frameid, routingid, origin, url] = 15, 16, https://s.yimg.com/, https://s.yimg.com
[1:1:0813/045245.402179:INFO:html_parser_scheduler.cc(158)]  $$$ [TASK] HTMLParserScheduler::ContinueParsing
[1:1:0813/045245.402322:INFO:html_document_parser.cc(272)] >>> HTMLDocumentParser::ResumeParsingAfterYield. url is "https://s.yimg.com/ja/ap/ssp_cookie_sync/apac.html"
[1:1:0813/045245.403346:INFO:script_loader.cc(852)]  $$$ [Script] ScriptLoader::ExecuteScriptBlock. task_id, url is 2573 0x7fe4a7f47070 0x35ac1a690860 , "https://s.yimg.com/ja/ap/ssp_cookie_sync/apac.html"
[27875:27875:0813/045245.406352:INFO:render_frame_host_impl.cc(1417)] 	 enter RenderFrameHostImpl::OnCreateChildFrame
[1:1:0813/045245.407422:INFO:render_frame_impl.cc(1477)] 	RenderFrameImpl::Initialize. 17, 0x35ac1a6b0a20
[1:1:0813/045245.407553:INFO:web_local_frame_impl.cc(1666)] 		WebLocalFrame::SetRoutingID. routing_id = 17
[27875:27875:0813/045245.408056:INFO:frame_tree.cc(218)] 	 enter FrameTree::AddFrame: , 17, 16, 
[1:1:0813/045245.412422:INFO:render_frame_impl.cc(7018)] >>> [renderer][DOM] RenderFrameImpl::BeginNavigation
[1:1:0813/045245.412554:INFO:render_frame_impl.cc(7019)] 	 [url] = https://s.yimg.com
[27875:27875:0813/045245.413012:INFO:render_frame_host_impl.cc(3108)] >>> [broswer][navigation] RenderFrameHostImpl::BeginNavigation. ID from switcher is 3:9_https://s.yimg.com/
[1:1:0813/045245.421533:INFO:html_parser_scheduler.cc(158)]  $$$ [TASK] HTMLParserScheduler::ContinueParsing
[1:1:0813/045245.421658:INFO:html_document_parser.cc(272)] >>> HTMLDocumentParser::ResumeParsingAfterYield. url is "https://tag.idsync.analytics.yahoo.com/sp-frame.html?referrer=https%3A%2F%2Fsg.yahoo.com%2F%3Fp%3Dus"
[1:1:0813/045245.425241:INFO:html_parser_scheduler.cc(81)]  $$$ [TASK] HTMLParserScheduler::ScheduleForUnpause -> HTMLParserScheduler::ContinueParsing
[1:1:0813/045245.426911:INFO:html_parser_scheduler.cc(158)]  $$$ [TASK] HTMLParserScheduler::ContinueParsing
[1:1:0813/045245.427013:INFO:html_document_parser.cc(272)] >>> HTMLDocumentParser::ResumeParsingAfterYield. url is "https://s.yimg.com/rq/darla/3-15-0/html/r-sf.html"
[1:1:0813/045245.433921:INFO:html_parser_scheduler.cc(158)]  $$$ [TASK] HTMLParserScheduler::ContinueParsing
[1:1:0813/045245.434029:INFO:html_document_parser.cc(272)] >>> HTMLDocumentParser::ResumeParsingAfterYield. url is "https://s.yimg.com/rq/darla/3-15-0/html/r-sf.html"
[27875:27875:0813/045245.467814:INFO:navigation_url_loader_network_service.cc(1293)] 	 enter NavigationURLLoaderNetworkService::OnReceiveResponse
[27875:27875:0813/045245.468281:INFO:navigation_handle_impl.cc(765)] 	 enter NavigationHandleImpl::WillProcessResponse
[27875:27875:0813/045245.470658:INFO:render_frame_host_impl.cc(3699)] >>> RenderFrameHostImpl::CommitNavigation https://ads.pubmatic.com/
[27875:27875:0813/045245.470707:INFO:switcher_host_impl.cc(127)] >>> [Key] add a new principal. [cid, principal, url, frame_id] = 3, 3:17_https://ads.pubmatic.com/, https://ads.pubmatic.com/AdServer/js/user_sync.html?p=156107&s=176446&predirect=https%3A%2F%2Fpr-bh.ybp.yahoo.com%2Fsync%2Fpubmatic%2F, 16
[27875:27875:0813/045245.470775:INFO:render_frame_host_impl.cc(3718)] >>>	[site, common.url, headers] = 3:17_https://ads.pubmatic.com/, HTTP/1.1 200 OK Last-Modified: Fri, 26 Jul 2019 09:40:01 GMT ETag: "1300708-26ca-58e92538a370a" Server: Apache/2.2.15 (CentOS) Accept-Ranges: bytes Content-Encoding: gzip P3P: CP="NOI DSP COR LAW CUR ADMo DEVo TAIo PSAo PSDo IVAo IVDo HISo OTPo OUR SAMo BUS UNI COM NAV INT DEM CNT STA PRE LOC", CP="NOI DSP COR LAW CUR ADMo DEVo TAIo PSAo PSDo IVAo IVDo HISo OTPo OUR SAMo BUS UNI COM NAV INT DEM CNT STA PRE LOC" Content-Length: 3860 Content-Type: text/html; charset=UTF-8 Cache-Control: max-age=23674 Expires: Sun, 11 Aug 2019 19:28:57 GMT Date: Sun, 11 Aug 2019 12:54:23 GMT Connection: keep-alive Vary: Accept-Encoding  ,27919, 3
[27875:27885:0813/045245.473723:INFO:interface_endpoint_client.cc(447)] >>> [Frame] get kURLLoader_ProceedWithResponse_Name. [pid, routing_id] = 3, 17
[27875:27885:0813/045245.473784:INFO:mojo_async_resource_handler.cc(459)] >>> [IPC] MojoAsyncResourceHandler::ProceedWithResponse konws [cid, routing_id]: 3, 17, HandleIncomingMessage, HandleIncomingMessage
[1:7:0813/045245.474179:INFO:ipc_mojo_bootstrap.cc(809)] >>> [IPC] Accept. post a task to AcceptOnProxyThread
[1:1:0813/045245.492079:INFO:ipc_mojo_bootstrap.cc(894)] ### [Switcher][kFrameNavigationControl_CommitNavigation_Name] get additional field: 3:14_https://googleads.g.doubleclick.net/
[1:1:0813/045245.525793:INFO:html_parser_scheduler.cc(158)]  $$$ [TASK] HTMLParserScheduler::ContinueParsing
[1:1:0813/045245.525928:INFO:html_document_parser.cc(272)] >>> HTMLDocumentParser::ResumeParsingAfterYield. url is "https://s.yimg.com/ja/ap/ssp_cookie_sync/apac.html"
[1:1:0813/045245.526996:INFO:script_loader.cc(852)]  $$$ [Script] ScriptLoader::ExecuteScriptBlock. task_id, url is 2775 0x7fe4a7f47070 0x35ac1a4b7f60 , "https://s.yimg.com/ja/ap/ssp_cookie_sync/apac.html"
[27875:27875:0813/045245.529570:INFO:render_frame_host_impl.cc(1417)] 	 enter RenderFrameHostImpl::OnCreateChildFrame
[1:1:0813/045245.530378:INFO:render_frame_impl.cc(1477)] 	RenderFrameImpl::Initialize. 18, 0x35ac1a6b1e20
[1:1:0813/045245.530517:INFO:web_local_frame_impl.cc(1666)] 		WebLocalFrame::SetRoutingID. routing_id = 18
[27875:27875:0813/045245.531838:INFO:frame_tree.cc(218)] 	 enter FrameTree::AddFrame: , 18, 17, 
[1:1:0813/045245.535600:INFO:render_frame_impl.cc(7018)] >>> [renderer][DOM] RenderFrameImpl::BeginNavigation
[1:1:0813/045245.535705:INFO:render_frame_impl.cc(7019)] 	 [url] = https://s.yimg.com
[27875:27875:0813/045245.536079:INFO:render_frame_host_impl.cc(3108)] >>> [broswer][navigation] RenderFrameHostImpl::BeginNavigation. ID from switcher is 3:11_https://s.yimg.com/
[1:1:0813/045245.542970:INFO:script_loader.cc(852)]  $$$ [Script] ScriptLoader::ExecuteScriptBlock. task_id, url is 2778, "https://tag.idsync.analytics.yahoo.com/sp-frame.html?referrer=https%3A%2F%2Fsg.yahoo.com%2F%3Fp%3Dus"
[27875:27875:0813/045245.545977:INFO:navigation_url_loader_network_service.cc(1293)] 	 enter NavigationURLLoaderNetworkService::OnReceiveResponse
[27875:27875:0813/045245.546456:INFO:navigation_handle_impl.cc(765)] 	 enter NavigationHandleImpl::WillProcessResponse
[27875:27885:0813/045245.548081:INFO:interface_endpoint_client.cc(447)] >>> [Frame] get kURLLoader_ProceedWithResponse_Name. [pid, routing_id] = 3, 18
[27875:27885:0813/045245.548126:INFO:mojo_async_resource_handler.cc(459)] >>> [IPC] MojoAsyncResourceHandler::ProceedWithResponse konws [cid, routing_id]: 3, 18, HandleIncomingMessage, HandleIncomingMessage
[27875:27875:0813/045245.548139:INFO:render_frame_host_impl.cc(3699)] >>> RenderFrameHostImpl::CommitNavigation https://ads.pubmatic.com/
[27875:27875:0813/045245.548167:INFO:switcher_host_impl.cc(127)] >>> [Key] add a new principal. [cid, principal, url, frame_id] = 3, 3:18_https://ads.pubmatic.com/, https://ads.pubmatic.com/AdServer/js/user_sync.html?p=156107&s=176446&predirect=https%3A%2F%2Fpr-bh.ybp.yahoo.com%2Fsync%2Fpubmatic%2F, 17
[27875:27875:0813/045245.548216:INFO:render_frame_host_impl.cc(3718)] >>>	[site, common.url, headers] = 3:18_https://ads.pubmatic.com/, HTTP/1.1 200 OK Last-Modified: Fri, 26 Jul 2019 09:40:01 GMT Cache-Control: max-age=23674 Expires: Sun, 11 Aug 2019 19:28:57 GMT Date: Sun, 11 Aug 2019 12:54:23 GMT ETag: "1300708-26ca-58e92538a370a" Server: Apache/2.2.15 (CentOS) Accept-Ranges: bytes Content-Encoding: gzip P3P: CP="NOI DSP COR LAW CUR ADMo DEVo TAIo PSAo PSDo IVAo IVDo HISo OTPo OUR SAMo BUS UNI COM NAV INT DEM CNT STA PRE LOC", CP="NOI DSP COR LAW CUR ADMo DEVo TAIo PSAo PSDo IVAo IVDo HISo OTPo OUR SAMo BUS UNI COM NAV INT DEM CNT STA PRE LOC" Content-Length: 3860 Content-Type: text/html; charset=UTF-8 Vary: Accept-Encoding  ,27919, 3
[1:7:0813/045245.549635:INFO:ipc_mojo_bootstrap.cc(809)] >>> [IPC] Accept. post a task to AcceptOnProxyThread
[1:1:0813/045245.604780:INFO:ipc_mojo_bootstrap.cc(894)] ### [Switcher][kFrameNavigationControl_CommitNavigation_Name] get additional field: 3:17_https://ads.pubmatic.com/
[27875:27875:0813/045245.629039:INFO:switcher_host_impl.cc(127)] >>> [Key] add a new principal. [cid, principal, url, frame_id] = 3, 3:14_https://googleads.g.doubleclick.net/, https://googleads.g.doubleclick.net/, 13
[27875:27875:0813/045245.629096:INFO:frame_tree_node.cc(349)] 	FrameTreeNode::SetCurrentOrigin. [frameid, routingid, origin, url] = 13, 14, https://googleads.g.doubleclick.net/, https://googleads.g.doubleclick.net
[1:1:0813/045245.630339:INFO:html_document_parser.cc(1203)]  $$$ [TASK] HTMLDocumentParser::AppendBytes -> BackgroundHTMLParser::AppendRawBytesFromMainThread
[1:1:0813/045245.640020:INFO:script_loader.cc(852)]  $$$ [Script] ScriptLoader::ExecuteScriptBlock. task_id, url is 2831 0x7fe4be5d2080 0x35ac1a8d0ce0 1 0 0x35ac1a8d0cf8 , "https://s.yimg.com/rq/darla/3-15-0/html/r-sf.html"
[27875:27875:0813/045245.817449:INFO:render_frame_host_impl.cc(1417)] 	 enter RenderFrameHostImpl::OnCreateChildFrame
[1:1:0813/045245.818221:INFO:render_frame_impl.cc(1477)] 	RenderFrameImpl::Initialize. 19, 0x35ac194bc220
[1:1:0813/045245.818343:INFO:web_local_frame_impl.cc(1666)] 		WebLocalFrame::SetRoutingID. routing_id = 19
[27875:27875:0813/045245.819161:INFO:frame_tree.cc(218)] 	 enter FrameTree::AddFrame: , 19, 18, 
[27875:27875:0813/045245.828022:INFO:switcher_host_impl.cc(127)] >>> [Key] add a new principal. [cid, principal, url, frame_id] = 3, 3:19_https://s.yimg.com/, https://s.yimg.com/, 18
[27875:27875:0813/045245.828082:INFO:frame_tree_node.cc(349)] 	FrameTreeNode::SetCurrentOrigin. [frameid, routingid, origin, url] = 18, 19, https://s.yimg.com/, https://s.yimg.com
[1:1:0813/045246.083393:INFO:script_loader.cc(852)]  $$$ [Script] ScriptLoader::ExecuteScriptBlock. task_id, url is 2840 0x7fe4a82afbd0 0x35ac1a9e53d8 , "https://s.yimg.com/rq/darla/3-15-0/html/r-sf.html"
[27875:27875:0813/045246.174084:INFO:render_frame_host_impl.cc(1417)] 	 enter RenderFrameHostImpl::OnCreateChildFrame
[1:1:0813/045246.174954:INFO:render_frame_impl.cc(1477)] 	RenderFrameImpl::Initialize. 20, 0x35ac1a6b3220
[1:1:0813/045246.175098:INFO:web_local_frame_impl.cc(1666)] 		WebLocalFrame::SetRoutingID. routing_id = 20
[27875:27875:0813/045246.176020:INFO:frame_tree.cc(218)] 	 enter FrameTree::AddFrame: , 20, 19, 
[27875:27875:0813/045246.189100:INFO:switcher_host_impl.cc(127)] >>> [Key] add a new principal. [cid, principal, url, frame_id] = 3, 3:20_https://s.yimg.com/, https://s.yimg.com/, 19
[27875:27875:0813/045246.189198:INFO:frame_tree_node.cc(349)] 	FrameTreeNode::SetCurrentOrigin. [frameid, routingid, origin, url] = 19, 20, https://s.yimg.com/, https://s.yimg.com
[1:1:0813/045246.541453:INFO:ipc_mojo_bootstrap.cc(894)] ### [Switcher][kFrameNavigationControl_CommitNavigation_Name] get additional field: 3:18_https://ads.pubmatic.com/
[27875:27875:0813/045246.584760:INFO:switcher_host_impl.cc(127)] >>> [Key] add a new principal. [cid, principal, url, frame_id] = 3, 3:17_https://ads.pubmatic.com/, https://ads.pubmatic.com/, 16
[27875:27875:0813/045246.584818:INFO:frame_tree_node.cc(349)] 	FrameTreeNode::SetCurrentOrigin. [frameid, routingid, origin, url] = 16, 17, https://ads.pubmatic.com/, https://ads.pubmatic.com
[1:1:0813/045246.585232:INFO:html_document_parser.cc(1203)]  $$$ [TASK] HTMLDocumentParser::AppendBytes -> BackgroundHTMLParser::AppendRawBytesFromMainThread
[1:1:0813/045246.594130:INFO:html_parser_scheduler.cc(81)]  $$$ [TASK] HTMLParserScheduler::ScheduleForUnpause -> HTMLParserScheduler::ContinueParsing
[27875:27875:0813/045246.796469:INFO:switcher_host_impl.cc(127)] >>> [Key] add a new principal. [cid, principal, url, frame_id] = 3, 3:18_https://ads.pubmatic.com/, https://ads.pubmatic.com/, 17
[27875:27875:0813/045246.796577:INFO:frame_tree_node.cc(349)] 	FrameTreeNode::SetCurrentOrigin. [frameid, routingid, origin, url] = 17, 18, https://ads.pubmatic.com/, https://ads.pubmatic.com
[1:1:0813/045246.796603:INFO:html_document_parser.cc(1203)]  $$$ [TASK] HTMLDocumentParser::AppendBytes -> BackgroundHTMLParser::AppendRawBytesFromMainThread
[1:1:0813/045246.926946:INFO:html_parser_scheduler.cc(81)]  $$$ [TASK] HTMLParserScheduler::ScheduleForUnpause -> HTMLParserScheduler::ContinueParsing
[1:1:0813/045246.936986:INFO:script_loader.cc(852)]  $$$ [Script] ScriptLoader::ExecuteScriptBlock. task_id, url is 3176 0x7fe4be5d2080 0x35ac1a94fb00 1 0 0x35ac1a94fb18 , "https://s.yimg.com/rq/darla/3-15-0/html/r-sf.html"
[1:1:0813/045247.007843:INFO:script_loader.cc(852)]  $$$ [Script] ScriptLoader::ExecuteScriptBlock. task_id, url is 3176 0x7fe4be5d2080 0x35ac1a94fb00 1 0 0x35ac1a94fb18 , "https://s.yimg.com/rq/darla/3-15-0/html/r-sf.html"
[1:1:0813/045247.008597:INFO:script_loader.cc(852)]  $$$ [Script] ScriptLoader::ExecuteScriptBlock. task_id, url is 3176 0x7fe4be5d2080 0x35ac1a94fb00 1 0 0x35ac1a94fb18 , "https://s.yimg.com/rq/darla/3-15-0/html/r-sf.html"
[1:1:0813/045247.166717:INFO:switcher_impl.cc(1440)] 			[ERROR] updated frame chain. The number of frame chain is larger than the thresold, please check it! [num, thresold] = 100, 100
[1:1:0813/045247.166969:INFO:switcher_impl.cc(1440)] 			[ERROR] updated frame chain. The number of frame chain is larger than the thresold, please check it! [num, thresold] = 100, 100
[1:1:0813/045247.167191:INFO:switcher_impl.cc(1440)] 			[ERROR] updated frame chain. The number of frame chain is larger than the thresold, please check it! [num, thresold] = 100, 100
[1:1:0813/045247.167314:INFO:switcher_impl.cc(1440)] 			[ERROR] updated frame chain. The number of frame chain is larger than the thresold, please check it! [num, thresold] = 100, 100
[1:1:0813/045247.167479:INFO:switcher_impl.cc(1440)] 			[ERROR] updated frame chain. The number of frame chain is larger than the thresold, please check it! [num, thresold] = 100, 100
[1:1:0813/045247.167596:INFO:switcher_impl.cc(1440)] 			[ERROR] updated frame chain. The number of frame chain is larger than the thresold, please check it! [num, thresold] = 100, 100
[1:1:0813/045247.167747:INFO:switcher_impl.cc(1440)] 			[ERROR] updated frame chain. The number of frame chain is larger than the thresold, please check it! [num, thresold] = 100, 100
[1:1:0813/045247.167854:INFO:switcher_impl.cc(1440)] 			[ERROR] updated frame chain. The number of frame chain is larger than the thresold, please check it! [num, thresold] = 100, 100
[1:1:0813/045247.168006:INFO:switcher_impl.cc(1440)] 			[ERROR] updated frame chain. The number of frame chain is larger than the thresold, please check it! [num, thresold] = 100, 100
[1:1:0813/045247.168101:INFO:switcher_impl.cc(1440)] 			[ERROR] updated frame chain. The number of frame chain is larger than the thresold, please check it! [num, thresold] = 100, 100
