[1:1:0813/033049.028010:INFO:script_loader.cc(852)]  $$$ [Script] ScriptLoader::ExecuteScriptBlock. task_id, url is 1764 0x7f3ce9c26f00 0x29d884326760 , "https://sg.yahoo.com/?p=us"
[1:1:0813/033049.031406:INFO:script_loader.cc(852)]  $$$ [Script] ScriptLoader::ExecuteScriptBlock. task_id, url is 1766 0x7f3ce9c26f00 0x29d883dbdce0 , "https://sg.yahoo.com/?p=us"
[1:1:0813/033049.035095:INFO:script_loader.cc(852)]  $$$ [Script] ScriptLoader::ExecuteScriptBlock. task_id, url is 1767 0x7f3ce9c26f00 0x29d886d338e0 , "https://sg.yahoo.com/?p=us"
[1:1:0813/033049.039173:INFO:script_loader.cc(852)]  $$$ [Script] ScriptLoader::ExecuteScriptBlock. task_id, url is 1769 0x7f3ce9c26f00 0x29d886b425e0 , "https://sg.yahoo.com/?p=us"
[1:1:0813/033049.042183:INFO:script_loader.cc(852)]  $$$ [Script] ScriptLoader::ExecuteScriptBlock. task_id, url is 1770 0x7f3ce9c26f00 0x29d884abc8e0 , "https://sg.yahoo.com/?p=us"
[1:1:0813/033049.044088:INFO:script_loader.cc(852)]  $$$ [Script] ScriptLoader::ExecuteScriptBlock. task_id, url is 1772 0x7f3ce9c26f00 0x29d885a4cae0 , "https://sg.yahoo.com/?p=us"
[1:1:0813/033049.046255:INFO:script_loader.cc(852)]  $$$ [Script] ScriptLoader::ExecuteScriptBlock. task_id, url is 1773 0x7f3ce9c26f00 0x29d886b3b4e0 , "https://sg.yahoo.com/?p=us"
[1:1:0813/033049.049890:INFO:script_loader.cc(852)]  $$$ [Script] ScriptLoader::ExecuteScriptBlock. task_id, url is 1775 0x7f3ce9c26f00 0x29d886b482e0 , "https://sg.yahoo.com/?p=us"
[25532:25532:0813/033049.102284:INFO:CONSOLE(14)] "yui: NOT loaded: videoplayer", source: https://s.yimg.com/zz/combo?yui:/3.18.0/yui/yui-min.js (14)
[25532:25532:0813/033049.102854:INFO:CONSOLE(14)] "yui: NOT loaded: td-applet-storyswarm-atomic-templates-list.tumblr", source: https://s.yimg.com/zz/combo?yui:/3.18.0/yui/yui-min.js (14)
[25532:25532:0813/033049.297724:INFO:CONSOLE(14)] "yui: NOT loaded: videoplayer", source: https://s.yimg.com/zz/combo?yui:/3.18.0/yui/yui-min.js (14)
[25532:25532:0813/033049.302665:INFO:CONSOLE(14)] "yui: NOT loaded: videoplayer", source: https://s.yimg.com/zz/combo?yui:/3.18.0/yui/yui-min.js (14)
[25532:25532:0813/033049.312980:INFO:CONSOLE(14)] "yui: NOT loaded: td-applet-storyswarm-atomic-templates-list.tumblr", source: https://s.yimg.com/zz/combo?yui:/3.18.0/yui/yui-min.js (14)
[1:1:0813/033049.335267:INFO:html_parser_scheduler.cc(158)]  $$$ [TASK] HTMLParserScheduler::ContinueParsing
[1:1:0813/033049.335440:INFO:html_document_parser.cc(272)] >>> HTMLDocumentParser::ResumeParsingAfterYield. url is "https://s.yimg.com/rq/darla/3-15-0/html/r-csc.html"
[1:1:0813/033049.337158:INFO:script_loader.cc(852)]  $$$ [Script] ScriptLoader::ExecuteScriptBlock. task_id, url is 1854 0x7f3ce7d00070 0x29d8859885e0 , "https://s.yimg.com/rq/darla/3-15-0/html/r-csc.html"
[1:1:0813/033049.338574:INFO:script_loader.cc(852)]  $$$ [Script] ScriptLoader::ExecuteScriptBlock. task_id, url is 1854 0x7f3ce7d00070 0x29d8859885e0 , "https://s.yimg.com/rq/darla/3-15-0/html/r-csc.html"
[25532:25532:0813/033049.341380:INFO:CONSOLE(21)] "darla csc writer, potential invalid html content", source: https://s.yimg.com/rq/darla/3-15-0/html/r-csc.html (21)
[1:1:0813/033049.341951:INFO:script_loader.cc(852)]  $$$ [Script] ScriptLoader::ExecuteScriptBlock. task_id, url is 1854 0x7f3ce7d00070 0x29d8859885e0 , "https://s.yimg.com/rq/darla/3-15-0/html/r-csc.html"
[1:1:0813/033049.345342:INFO:script_loader.cc(852)]  $$$ [Script] ScriptLoader::ExecuteScriptBlock. task_id, url is 1854 0x7f3ce7d00070 0x29d8859885e0 , "https://s.yimg.com/rq/darla/3-15-0/html/r-csc.html"
[1:1:0813/033049.362706:INFO:html_parser_scheduler.cc(158)]  $$$ [TASK] HTMLParserScheduler::ContinueParsing
[1:1:0813/033049.362810:INFO:html_document_parser.cc(272)] >>> HTMLDocumentParser::ResumeParsingAfterYield. url is "https://s.yimg.com/rq/darla/3-15-0/html/r-sf.html"
[1:1:0813/033049.365750:INFO:script_loader.cc(852)]  $$$ [Script] ScriptLoader::ExecuteScriptBlock. task_id, url is 1857 0x7f3ce7d00070 0x29d8868ba960 , "https://s.yimg.com/rq/darla/3-15-0/html/r-sf.html"
[1:1:0813/033049.373448:INFO:html_parser_scheduler.cc(158)]  $$$ [TASK] HTMLParserScheduler::ContinueParsing
[1:1:0813/033049.373571:INFO:html_document_parser.cc(272)] >>> HTMLDocumentParser::ResumeParsingAfterYield. url is "https://s.yimg.com/rq/darla/3-15-0/html/r-sf.html"
[1:1:0813/033049.376710:INFO:script_loader.cc(852)]  $$$ [Script] ScriptLoader::ExecuteScriptBlock. task_id, url is 1861 0x7f3ce7d00070 0x29d886b45f60 , "https://s.yimg.com/rq/darla/3-15-0/html/r-sf.html"
[1:1:0813/033049.381079:INFO:html_parser_scheduler.cc(158)]  $$$ [TASK] HTMLParserScheduler::ContinueParsing
[1:1:0813/033049.381204:INFO:html_document_parser.cc(272)] >>> HTMLDocumentParser::ResumeParsingAfterYield. url is "https://s.yimg.com/rq/darla/3-15-0/html/r-sf.html"
[1:1:0813/033049.384019:INFO:script_loader.cc(852)]  $$$ [Script] ScriptLoader::ExecuteScriptBlock. task_id, url is 1864 0x7f3ce7d00070 0x29d8868b0be0 , "https://s.yimg.com/rq/darla/3-15-0/html/r-sf.html"
[1:1:0813/033049.390188:INFO:html_parser_scheduler.cc(158)]  $$$ [TASK] HTMLParserScheduler::ContinueParsing
[1:1:0813/033049.390333:INFO:html_document_parser.cc(272)] >>> HTMLDocumentParser::ResumeParsingAfterYield. url is "https://s.yimg.com/rq/darla/3-15-0/html/r-sf.html"
[1:1:0813/033049.392938:INFO:script_loader.cc(852)]  $$$ [Script] ScriptLoader::ExecuteScriptBlock. task_id, url is 1867 0x7f3ce7d00070 0x29d8869a5860 , "https://s.yimg.com/rq/darla/3-15-0/html/r-sf.html"
[25532:25532:0813/033049.443754:INFO:CONSOLE(3)] "F7FC4F7923F52DF8905157AE65349A97: 0.046142578125ms", source:  (3)
[1:1:0813/033051.148003:INFO:script_loader.cc(852)]  $$$ [Script] ScriptLoader::ExecuteScriptBlock. task_id, url is 1956, "https://s.yimg.com/rq/darla/3-15-0/html/r-sf.html"
[1:1:0813/033051.221975:INFO:event_target.cc(534)] !!!!!!!!!!!!!!!! RegisteredEventListener::SetCallback. 0xf49ffb6cc68
[1:1:0813/033051.281973:INFO:script_loader.cc(852)]  $$$ [Script] ScriptLoader::ExecuteScriptBlock. task_id, url is 1956, "https://s.yimg.com/rq/darla/3-15-0/html/r-sf.html"
[1:1:0813/033051.282783:INFO:html_tree_builder.cc(780)] >>> [renderer][DOM] receive <iframe>
[25532:25532:0813/033051.285591:INFO:render_frame_host_impl.cc(1417)] 	 enter RenderFrameHostImpl::OnCreateChildFrame
[1:1:0813/033051.286889:INFO:render_frame_impl.cc(1477)] 	RenderFrameImpl::Initialize. 9, 0x29d88509e020
[1:1:0813/033051.287043:INFO:web_local_frame_impl.cc(1666)] 		WebLocalFrame::SetRoutingID. routing_id = 9
[25532:25532:0813/033051.287874:INFO:frame_tree.cc(218)] 	 enter FrameTree::AddFrame: , 9, 8, 
[1:1:0813/033051.293194:INFO:render_frame_impl.cc(7018)] >>> [renderer][DOM] RenderFrameImpl::BeginNavigation
[1:1:0813/033051.293350:INFO:render_frame_impl.cc(7019)] 	 [url] = https://s.yimg.com
[25532:25532:0813/033051.293887:INFO:render_frame_host_impl.cc(3108)] >>> [broswer][navigation] RenderFrameHostImpl::BeginNavigation. ID from switcher is 3:6_https://s.yimg.com/
[1:1:0813/033051.297788:INFO:event_target.cc(534)] !!!!!!!!!!!!!!!! RegisteredEventListener::SetCallback. 0xf49ffb6cc68
[1:1:0813/033051.313078:INFO:script_loader.cc(852)]  $$$ [Script] ScriptLoader::ExecuteScriptBlock. task_id, url is 1974, "https://s.yimg.com/rq/darla/3-15-0/html/r-sf.html"
[25532:25532:0813/033051.317445:INFO:navigation_url_loader_network_service.cc(1293)] 	 enter NavigationURLLoaderNetworkService::OnReceiveResponse
[25532:25532:0813/033051.318018:INFO:navigation_handle_impl.cc(765)] 	 enter NavigationHandleImpl::WillProcessResponse
[25532:25532:0813/033051.320016:INFO:render_frame_host_impl.cc(3699)] >>> RenderFrameHostImpl::CommitNavigation https://s.yimg.com/
[25532:25532:0813/033051.320076:INFO:switcher_host_impl.cc(127)] >>> [Key] add a new principal. [cid, principal, url, frame_id] = 3, 3:9_https://s.yimg.com/, https://s.yimg.com/ja/ap/ssp_cookie_sync/apac.html, 8
[25532:25532:0813/033051.320137:INFO:render_frame_host_impl.cc(3718)] >>>	[site, common.url, headers] = 3:9_https://s.yimg.com/, HTTP/1.1 200 status:200 x-amz-id-2:3oesnaLhrfKZkD2dpZQhzhuNX07KQN/3V1FwsA4BWSh/uPSHcWZzsXPN9iXRzXn5xSWtpb5rJ88= x-amz-request-id:D169CED118C12090 date:Sun, 11 Aug 2019 08:39:47 GMT last-modified:Mon, 30 Apr 2018 16:10:55 GMT etag:"08dc3a26368ba18d7aa3f08b2f39a55b-df" x-amz-server-side-encryption:AES256 cache-control:max-age=86400,public x-amz-meta-created-date:Fri, 15 Sep 2017 22:03:21 GMT x-amz-meta-mbst-etag:"YM:1:249064fb-6bcc-4b95-ad2a-83d4eb1faf2a000559418fadbd30" x-amz-meta-x-ysws-mbst-vtime:1505513001827632 expires:Sat, 05 Sep 2026 00:00:00 GMT x-amz-meta-x-ysws-access:public accept-ranges:bytes content-type:text/html; charset=utf-8 server:ATS referrer-policy:no-referrer-when-downgrade vary:Origin, Accept-Encoding content-encoding:gzip content-length:415 age:10363 strict-transport-security:max-age=15552000 expect-ct:max-age=31536000, report-uri="http://csp.yahoo.com/beacon/csp?src=yahoocom-expect-ct-report-only" x-xss-protection:1; mode=block x-content-type-options:nosniff  ,25576, 3
[25532:25542:0813/033051.330291:INFO:interface_endpoint_client.cc(447)] >>> [Frame] get kURLLoader_ProceedWithResponse_Name. [pid, routing_id] = 3, 9
[25532:25542:0813/033051.330346:INFO:mojo_async_resource_handler.cc(459)] >>> [IPC] MojoAsyncResourceHandler::ProceedWithResponse konws [cid, routing_id]: 3, 9, HandleIncomingMessage, HandleIncomingMessage
[1:7:0813/033051.330905:INFO:ipc_mojo_bootstrap.cc(809)] >>> [IPC] Accept. post a task to AcceptOnProxyThread
[1:1:0813/033051.371352:INFO:event_target.cc(534)] !!!!!!!!!!!!!!!! RegisteredEventListener::SetCallback. 0xf49ffb6ea80
[1:1:0813/033051.426790:INFO:script_loader.cc(852)]  $$$ [Script] ScriptLoader::ExecuteScriptBlock. task_id, url is 1974, "https://s.yimg.com/rq/darla/3-15-0/html/r-sf.html"
[1:1:0813/033051.430833:INFO:event_target.cc(534)] !!!!!!!!!!!!!!!! RegisteredEventListener::SetCallback. 0xf49ffb6ea80
[1:1:0813/033051.515428:INFO:script_loader.cc(852)]  $$$ [Script] ScriptLoader::ExecuteScriptBlock. task_id, url is 2027, "https://s.yimg.com/rq/darla/3-15-0/html/r-csc.html"
[25532:25532:0813/033051.522415:INFO:render_frame_host_impl.cc(1417)] 	 enter RenderFrameHostImpl::OnCreateChildFrame
[1:1:0813/033051.523550:INFO:render_frame_impl.cc(1477)] 	RenderFrameImpl::Initialize. 10, 0x29d88509ea20
[1:1:0813/033051.523686:INFO:web_local_frame_impl.cc(1666)] 		WebLocalFrame::SetRoutingID. routing_id = 10
[25532:25532:0813/033051.524824:INFO:frame_tree.cc(218)] 	 enter FrameTree::AddFrame: , 10, 9, 
[1:1:0813/033051.529975:INFO:render_frame_impl.cc(7018)] >>> [renderer][DOM] RenderFrameImpl::BeginNavigation
[1:1:0813/033051.530098:INFO:render_frame_impl.cc(7019)] 	 [url] = https://s.yimg.com
[25532:25532:0813/033051.530568:INFO:render_frame_host_impl.cc(3108)] >>> [broswer][navigation] RenderFrameHostImpl::BeginNavigation. ID from switcher is 3:4_https://s.yimg.com/
[1:1:0813/033051.574651:INFO:platform_thread_posix.cc(131)] >>> invoke pthread_create
[1:1:0813/033051.629523:INFO:platform_thread_posix.cc(131)] >>> invoke pthread_create
[1:1:0813/033051.689599:INFO:script_loader.cc(852)]  $$$ [Script] ScriptLoader::ExecuteScriptBlock. task_id, url is 2122 0x7f3ce8068bd0 0x29d887e24b58 , "https://s.yimg.com/rq/darla/3-15-0/html/r-sf.html"
[1:1:0813/033051.747633:INFO:event_target.cc(534)] !!!!!!!!!!!!!!!! RegisteredEventListener::SetCallback. 0xf49ffb71de0
[1:1:0813/033051.807629:INFO:script_loader.cc(852)]  $$$ [Script] ScriptLoader::ExecuteScriptBlock. task_id, url is 2122 0x7f3ce8068bd0 0x29d887e24b58 , "https://s.yimg.com/rq/darla/3-15-0/html/r-sf.html"
[1:1:0813/033051.808365:INFO:html_tree_builder.cc(780)] >>> [renderer][DOM] receive <iframe>
[25532:25532:0813/033051.809180:INFO:render_frame_host_impl.cc(1417)] 	 enter RenderFrameHostImpl::OnCreateChildFrame
[1:1:0813/033051.810233:INFO:render_frame_impl.cc(1477)] 	RenderFrameImpl::Initialize. 11, 0x29d88509fe20
[1:1:0813/033051.810372:INFO:web_local_frame_impl.cc(1666)] 		WebLocalFrame::SetRoutingID. routing_id = 11
[25532:25532:0813/033051.811520:INFO:frame_tree.cc(218)] 	 enter FrameTree::AddFrame: , 11, 10, 
[1:1:0813/033051.817493:INFO:render_frame_impl.cc(7018)] >>> [renderer][DOM] RenderFrameImpl::BeginNavigation
[1:1:0813/033051.817662:INFO:render_frame_impl.cc(7019)] 	 [url] = https://s.yimg.com
[25532:25532:0813/033051.820858:INFO:render_frame_host_impl.cc(3108)] >>> [broswer][navigation] RenderFrameHostImpl::BeginNavigation. ID from switcher is 3:6_https://s.yimg.com/
[1:1:0813/033051.824117:INFO:event_target.cc(534)] !!!!!!!!!!!!!!!! RegisteredEventListener::SetCallback. 0xf49ffb71de0
[1:1:0813/033051.836861:INFO:script_loader.cc(852)]  $$$ [Script] ScriptLoader::ExecuteScriptBlock. task_id, url is 2144 0x7f3ce8068bd0 0x29d8880c74d8 , "https://s.yimg.com/rq/darla/3-15-0/html/r-sf.html"
[25532:25532:0813/033051.840431:INFO:navigation_url_loader_network_service.cc(1293)] 	 enter NavigationURLLoaderNetworkService::OnReceiveResponse
[25532:25532:0813/033051.841030:INFO:navigation_handle_impl.cc(765)] 	 enter NavigationHandleImpl::WillProcessResponse
[25532:25542:0813/033051.843187:INFO:interface_endpoint_client.cc(447)] >>> [Frame] get kURLLoader_ProceedWithResponse_Name. [pid, routing_id] = 3, 11
[25532:25542:0813/033051.843231:INFO:mojo_async_resource_handler.cc(459)] >>> [IPC] MojoAsyncResourceHandler::ProceedWithResponse konws [cid, routing_id]: 3, 11, HandleIncomingMessage, HandleIncomingMessage
[25532:25532:0813/033051.843283:INFO:render_frame_host_impl.cc(3699)] >>> RenderFrameHostImpl::CommitNavigation https://s.yimg.com/
[25532:25532:0813/033051.843320:INFO:switcher_host_impl.cc(127)] >>> [Key] add a new principal. [cid, principal, url, frame_id] = 3, 3:11_https://s.yimg.com/, https://s.yimg.com/ja/ap/ssp_cookie_sync/apac.html, 10
[25532:25532:0813/033051.843388:INFO:render_frame_host_impl.cc(3718)] >>>	[site, common.url, headers] = 3:11_https://s.yimg.com/, HTTP/1.1 200 status:304 date:Sun, 11 Aug 2019 11:32:29 GMT expires:Sat, 05 Sep 2026 00:00:00 GMT cache-control:max-age=86400,public vary:Origin, Accept-Encoding strict-transport-security:max-age=15552000 server:ATS expect-ct:max-age=31536000, report-uri="http://csp.yahoo.com/beacon/csp?src=yahoocom-expect-ct-report-only" x-amz-id-2:3oesnaLhrfKZkD2dpZQhzhuNX07KQN/3V1FwsA4BWSh/uPSHcWZzsXPN9iXRzXn5xSWtpb5rJ88= x-amz-request-id:D169CED118C12090 last-modified:Mon, 30 Apr 2018 16:10:55 GMT etag:"08dc3a26368ba18d7aa3f08b2f39a55b-df" x-amz-server-side-encryption:AES256 x-amz-meta-created-date:Fri, 15 Sep 2017 22:03:21 GMT x-amz-meta-mbst-etag:"YM:1:249064fb-6bcc-4b95-ad2a-83d4eb1faf2a000559418fadbd30" x-amz-meta-x-ysws-mbst-vtime:1505513001827632 x-amz-meta-x-ysws-access:public accept-ranges:bytes content-type:text/html; charset=utf-8 referrer-policy:no-referrer-when-downgrade content-encoding:gzip content-length:415 age:10363 x-xss-protection:1; mode=block x-content-type-options:nosniff  ,25576, 3
[1:7:0813/033051.844745:INFO:ipc_mojo_bootstrap.cc(809)] >>> [IPC] Accept. post a task to AcceptOnProxyThread
[1:1:0813/033051.902902:INFO:event_target.cc(534)] !!!!!!!!!!!!!!!! RegisteredEventListener::SetCallback. 0xf49ffb73bf8
[25532:25532:0813/033051.941844:INFO:navigation_url_loader_network_service.cc(1293)] 	 enter NavigationURLLoaderNetworkService::OnReceiveResponse
[25532:25532:0813/033051.942163:INFO:navigation_handle_impl.cc(765)] 	 enter NavigationHandleImpl::WillProcessResponse
[25532:25542:0813/033051.943473:INFO:interface_endpoint_client.cc(447)] >>> [Frame] get kURLLoader_ProceedWithResponse_Name. [pid, routing_id] = 3, 10
[25532:25542:0813/033051.943532:INFO:mojo_async_resource_handler.cc(459)] >>> [IPC] MojoAsyncResourceHandler::ProceedWithResponse konws [cid, routing_id]: 3, 10, HandleIncomingMessage, HandleIncomingMessage
[25532:25532:0813/033051.943547:INFO:render_frame_host_impl.cc(3699)] >>> RenderFrameHostImpl::CommitNavigation https://tag.idsync.analytics.yahoo.com/
[25532:25532:0813/033051.943577:INFO:switcher_host_impl.cc(127)] >>> [Key] add a new principal. [cid, principal, url, frame_id] = 3, 3:10_https://tag.idsync.analytics.yahoo.com/, https://tag.idsync.analytics.yahoo.com/sp-frame.html?referrer=https%3A%2F%2Fsg.yahoo.com%2F%3Fp%3Dus, 9
[25532:25532:0813/033051.943628:INFO:render_frame_host_impl.cc(3718)] >>>	[site, common.url, headers] = 3:10_https://tag.idsync.analytics.yahoo.com/, HTTP/1.1 200 status:200 content-encoding:gzip content-type:text/html date:Sun, 11 Aug 2019 11:32:29 GMT etag:"9b27f08842ec1f21101a0bc4c5dba12e+gzip" last-modified:Thu, 08 Aug 2019 17:26:39 GMT server:ECS (sgb/C6E6) vary:Accept-Encoding x-amz-id-2:/jw3BeuK3VBRgbV7BwzdypkMPUTPb/nTEdYHO8NTh3oLxoyuUdYw5o+8NbVPrV32svKZnh17dBk= x-amz-request-id:33BD832464322143 x-amz-server-side-encryption:AES256 x-cache:HIT content-length:153  ,25576, 3
[1:7:0813/033051.945898:INFO:ipc_mojo_bootstrap.cc(809)] >>> [IPC] Accept. post a task to AcceptOnProxyThread
[1:1:0813/033051.969928:INFO:script_loader.cc(852)]  $$$ [Script] ScriptLoader::ExecuteScriptBlock. task_id, url is 2144 0x7f3ce8068bd0 0x29d8880c74d8 , "https://s.yimg.com/rq/darla/3-15-0/html/r-sf.html"
[1:1:0813/033051.975170:INFO:event_target.cc(534)] !!!!!!!!!!!!!!!! RegisteredEventListener::SetCallback. 0xf49ffb73bf8
[1:1:0813/033051.988750:INFO:ipc_mojo_bootstrap.cc(894)] ### [Switcher][kFrameNavigationControl_CommitNavigation_Name] get additional field: 3:9_https://s.yimg.com/
[1:1:0813/033051.995294:INFO:script_loader.cc(852)]  $$$ [Script] ScriptLoader::ExecuteScriptBlock. task_id, url is 2155, "https://s.yimg.com/rq/darla/3-15-0/html/r-sf.html"
[25532:25532:0813/033052.109131:INFO:CONSOLE(0)] "The Content Security Policy directive 'sandbox' is ignored when delivered in a report-only policy.", source: https://sg.yahoo.com/?p=us (0)
[1:1:0813/033052.140446:INFO:ipc_mojo_bootstrap.cc(894)] ### [Switcher][kFrameNavigationControl_CommitNavigation_Name] get additional field: 3:11_https://s.yimg.com/
[1:1:0813/033052.145808:INFO:script_loader.cc(852)]  $$$ [Script] ScriptLoader::ExecuteScriptBlock. task_id, url is 2318, "https://s.yimg.com/rq/darla/3-15-0/html/r-sf.html"
[1:1:0813/033052.157679:INFO:ipc_mojo_bootstrap.cc(894)] ### [Switcher][kFrameNavigationControl_CommitNavigation_Name] get additional field: 3:10_https://tag.idsync.analytics.yahoo.com/
[25532:25532:0813/033052.177314:INFO:switcher_host_impl.cc(127)] >>> [Key] add a new principal. [cid, principal, url, frame_id] = 3, 3:9_https://s.yimg.com/, https://s.yimg.com/, 8
[25532:25532:0813/033052.177374:INFO:frame_tree_node.cc(349)] 	FrameTreeNode::SetCurrentOrigin. [frameid, routingid, origin, url] = 8, 9, https://s.yimg.com/, https://s.yimg.com
[1:1:0813/033052.187084:INFO:html_document_parser.cc(1203)]  $$$ [TASK] HTMLDocumentParser::AppendBytes -> BackgroundHTMLParser::AppendRawBytesFromMainThread
[1:1:0813/033052.193715:INFO:html_parser_scheduler.cc(81)]  $$$ [TASK] HTMLParserScheduler::ScheduleForUnpause -> HTMLParserScheduler::ContinueParsing
[25532:25532:0813/033052.454916:INFO:switcher_host_impl.cc(127)] >>> [Key] add a new principal. [cid, principal, url, frame_id] = 3, 3:11_https://s.yimg.com/, https://s.yimg.com/, 10
[25532:25532:0813/033052.454984:INFO:frame_tree_node.cc(349)] 	FrameTreeNode::SetCurrentOrigin. [frameid, routingid, origin, url] = 10, 11, https://s.yimg.com/, https://s.yimg.com
[1:1:0813/033052.468265:INFO:html_document_parser.cc(1203)]  $$$ [TASK] HTMLDocumentParser::AppendBytes -> BackgroundHTMLParser::AppendRawBytesFromMainThread
[1:1:0813/033052.475122:INFO:html_parser_scheduler.cc(81)]  $$$ [TASK] HTMLParserScheduler::ScheduleForUnpause -> HTMLParserScheduler::ContinueParsing
[25532:25532:0813/033052.484348:INFO:switcher_host_impl.cc(127)] >>> [Key] add a new principal. [cid, principal, url, frame_id] = 3, 3:10_https://tag.idsync.analytics.yahoo.com/, https://tag.idsync.analytics.yahoo.com/, 9
[25532:25532:0813/033052.484421:INFO:frame_tree_node.cc(349)] 	FrameTreeNode::SetCurrentOrigin. [frameid, routingid, origin, url] = 9, 10, https://tag.idsync.analytics.yahoo.com/, https://tag.idsync.analytics.yahoo.com
[1:1:0813/033052.519508:INFO:html_document_parser.cc(1203)]  $$$ [TASK] HTMLDocumentParser::AppendBytes -> BackgroundHTMLParser::AppendRawBytesFromMainThread
[1:1:0813/033052.527249:INFO:html_parser_scheduler.cc(81)]  $$$ [TASK] HTMLParserScheduler::ScheduleForUnpause -> HTMLParserScheduler::ContinueParsing
[1:1:0813/033052.534032:INFO:script_loader.cc(852)]  $$$ [Script] ScriptLoader::ExecuteScriptBlock. task_id, url is 2426 0x7f3ce9c26f00 0x29d88843c5e0 , "https://s.yimg.com/rq/darla/3-15-0/html/r-sf.html"
[1:1:0813/033052.672770:INFO:html_tree_builder.cc(780)] >>> [renderer][DOM] receive <iframe>
[25532:25532:0813/033052.681089:INFO:render_frame_host_impl.cc(1417)] 	 enter RenderFrameHostImpl::OnCreateChildFrame
[1:1:0813/033052.681782:INFO:render_frame_impl.cc(1477)] 	RenderFrameImpl::Initialize. 12, 0x29d8850a1220
[1:1:0813/033052.681957:INFO:web_local_frame_impl.cc(1666)] 		WebLocalFrame::SetRoutingID. routing_id = 12
[25532:25532:0813/033052.683503:INFO:frame_tree.cc(218)] 	 enter FrameTree::AddFrame: aswift_0, 12, 11, 
[25532:25532:0813/033052.704124:INFO:switcher_host_impl.cc(127)] >>> [Key] add a new principal. [cid, principal, url, frame_id] = 3, 3:12_https://s.yimg.com/, https://s.yimg.com/, 11
[25532:25532:0813/033052.704212:INFO:frame_tree_node.cc(349)] 	FrameTreeNode::SetCurrentOrigin. [frameid, routingid, origin, url] = 11, 12, https://s.yimg.com/, https://s.yimg.com
[1:1:0813/033052.727980:INFO:render_frame_impl.cc(1477)] 	RenderFrameImpl::Initialize. 13, 0x29d8844fe020
[1:1:0813/033052.728098:INFO:web_local_frame_impl.cc(1666)] 		WebLocalFrame::SetRoutingID. routing_id = 13
[25532:25532:0813/033052.728716:INFO:render_frame_host_impl.cc(1417)] 	 enter RenderFrameHostImpl::OnCreateChildFrame
[25532:25532:0813/033052.730759:INFO:frame_tree.cc(218)] 	 enter FrameTree::AddFrame: google_esf, 13, 12, 
[1:1:0813/033052.735876:INFO:render_frame_impl.cc(7018)] >>> [renderer][DOM] RenderFrameImpl::BeginNavigation
[1:1:0813/033052.736028:INFO:render_frame_impl.cc(7019)] 	 [url] = https://s.yimg.com
[25532:25532:0813/033052.744452:INFO:render_frame_host_impl.cc(3108)] >>> [broswer][navigation] RenderFrameHostImpl::BeginNavigation. ID from switcher is 3:6_https://s.yimg.com/
[1:1:0813/033052.746545:INFO:html_parser_scheduler.cc(158)]  $$$ [TASK] HTMLParserScheduler::ContinueParsing
[1:1:0813/033052.746663:INFO:html_document_parser.cc(272)] >>> HTMLDocumentParser::ResumeParsingAfterYield. url is "https://s.yimg.com/rq/darla/3-15-0/html/r-sf.html"
[25532:25532:0813/033052.757765:INFO:navigation_url_loader_network_service.cc(1293)] 	 enter NavigationURLLoaderNetworkService::OnReceiveResponse
[25532:25532:0813/033052.758338:INFO:navigation_handle_impl.cc(765)] 	 enter NavigationHandleImpl::WillProcessResponse
[25532:25532:0813/033052.760282:INFO:render_frame_host_impl.cc(3699)] >>> RenderFrameHostImpl::CommitNavigation https://googleads.g.doubleclick.net/
[25532:25532:0813/033052.760323:INFO:switcher_host_impl.cc(127)] >>> [Key] add a new principal. [cid, principal, url, frame_id] = 3, 3:13_https://googleads.g.doubleclick.net/, https://googleads.g.doubleclick.net/pagead/html/r20190807/r20190131/zrt_lookup.html#, 12
[25532:25532:0813/033052.760383:INFO:render_frame_host_impl.cc(3718)] >>>	[site, common.url, headers] = 3:13_https://googleads.g.doubleclick.net/, HTTP/1.1 200 status:200 p3p:policyref="https://googleads.g.doubleclick.net/pagead/gcn_p3p_.xml", CP="CURa ADMa DEVa TAIo PSAo PSDo OUR IND UNI PUR INT DEM STA PRE COM NAV OTC NOI DSP COR" timing-allow-origin:* vary:Accept-Encoding date:Thu, 08 Aug 2019 16:26:48 GMT expires:Thu, 22 Aug 2019 16:26:48 GMT content-type:text/html; charset=UTF-8 etag:4817175036427020965 x-content-type-options:nosniff content-encoding:gzip server:cafe content-length:7274 x-xss-protection:0 cache-control:public, max-age=1209600 age:241542 alt-svc:quic="googleads.g.doubleclick.net:443"; ma=2592000; v="46,43,39",quic=":443"; ma=2592000; v="46,43,39"  ,25576, 3
[25532:25542:0813/033052.761665:INFO:interface_endpoint_client.cc(447)] >>> [Frame] get kURLLoader_ProceedWithResponse_Name. [pid, routing_id] = 3, 13
[25532:25542:0813/033052.761707:INFO:mojo_async_resource_handler.cc(459)] >>> [IPC] MojoAsyncResourceHandler::ProceedWithResponse konws [cid, routing_id]: 3, 13, HandleIncomingMessage, HandleIncomingMessage
[1:7:0813/033052.762411:INFO:ipc_mojo_bootstrap.cc(809)] >>> [IPC] Accept. post a task to AcceptOnProxyThread
[1:1:0813/033052.845746:INFO:script_loader.cc(852)]  $$$ [Script] ScriptLoader::ExecuteScriptBlock. task_id, url is 2466 0x7f3ce9c26f00 0x29d886b415e0 , "https://s.yimg.com/rq/darla/3-15-0/html/r-sf.html"
[1:1:0813/033052.903756:INFO:render_frame_impl.cc(1477)] 	RenderFrameImpl::Initialize. 14, 0x29d8850a0820
[1:1:0813/033052.904003:INFO:web_local_frame_impl.cc(1666)] 		WebLocalFrame::SetRoutingID. routing_id = 14
[25532:25532:0813/033052.904556:INFO:render_frame_host_impl.cc(1417)] 	 enter RenderFrameHostImpl::OnCreateChildFrame
[25532:25532:0813/033052.906388:INFO:frame_tree.cc(218)] 	 enter FrameTree::AddFrame: , 14, 13, 
[25532:25532:0813/033052.924043:INFO:switcher_host_impl.cc(127)] >>> [Key] add a new principal. [cid, principal, url, frame_id] = 3, 3:14_https://s.yimg.com/, https://s.yimg.com/, 13
[25532:25532:0813/033052.924111:INFO:frame_tree_node.cc(349)] 	FrameTreeNode::SetCurrentOrigin. [frameid, routingid, origin, url] = 13, 14, https://s.yimg.com/, https://s.yimg.com
[25532:25532:0813/033052.930767:WARNING:render_frame_host_impl.cc(414)] InterfaceRequest was dropped, the document is no longer active: content::mojom::RendererAudioOutputStreamFactory
[1:1:0813/033052.939046:INFO:script_loader.cc(852)]  $$$ [Script] ScriptLoader::ExecuteScriptBlock. task_id, url is 2466 0x7f3ce9c26f00 0x29d886b415e0 , "https://s.yimg.com/rq/darla/3-15-0/html/r-sf.html"
[1:1:0813/033052.954245:INFO:html_tree_builder.cc(780)] >>> [renderer][DOM] receive <iframe>
[1:1:0813/033052.956245:INFO:render_frame_impl.cc(1477)] 	RenderFrameImpl::Initialize. 15, 0x29d8844ff420
[1:1:0813/033052.956388:INFO:web_local_frame_impl.cc(1666)] 		WebLocalFrame::SetRoutingID. routing_id = 15
[25532:25532:0813/033052.957094:INFO:render_frame_host_impl.cc(1417)] 	 enter RenderFrameHostImpl::OnCreateChildFrame
[25532:25532:0813/033052.959224:INFO:frame_tree.cc(218)] 	 enter FrameTree::AddFrame: aswift_0, 15, 14, 
[25532:25532:0813/033052.972907:INFO:switcher_host_impl.cc(127)] >>> [Key] add a new principal. [cid, principal, url, frame_id] = 3, 3:15_https://s.yimg.com/, https://s.yimg.com/, 14
[25532:25532:0813/033052.972985:INFO:frame_tree_node.cc(349)] 	FrameTreeNode::SetCurrentOrigin. [frameid, routingid, origin, url] = 14, 15, https://s.yimg.com/, https://s.yimg.com
[1:1:0813/033053.007547:INFO:html_parser_scheduler.cc(81)]  $$$ [TASK] HTMLParserScheduler::ScheduleForUnpause -> HTMLParserScheduler::ContinueParsing
[1:1:0813/033053.010850:INFO:html_parser_scheduler.cc(158)]  $$$ [TASK] HTMLParserScheduler::ContinueParsing
[1:1:0813/033053.010967:INFO:html_document_parser.cc(272)] >>> HTMLDocumentParser::ResumeParsingAfterYield. url is "https://s.yimg.com/rq/darla/3-15-0/html/r-sf.html"
[1:1:0813/033053.023031:INFO:html_parser_scheduler.cc(81)]  $$$ [TASK] HTMLParserScheduler::ScheduleForUnpause -> HTMLParserScheduler::ContinueParsing
[1:1:0813/033053.026172:INFO:html_parser_scheduler.cc(158)]  $$$ [TASK] HTMLParserScheduler::ContinueParsing
[1:1:0813/033053.026322:INFO:html_document_parser.cc(272)] >>> HTMLDocumentParser::ResumeParsingAfterYield. url is "https://s.yimg.com/ja/ap/ssp_cookie_sync/apac.html"
[1:1:0813/033053.027519:INFO:script_loader.cc(852)]  $$$ [Script] ScriptLoader::ExecuteScriptBlock. task_id, url is 2500 0x7f3ce7d00070 0x29d87f5dae60 , "https://s.yimg.com/ja/ap/ssp_cookie_sync/apac.html"
[1:1:0813/033053.031704:INFO:render_frame_impl.cc(1477)] 	RenderFrameImpl::Initialize. 16, 0x29d8844ffe20
[1:1:0813/033053.031853:INFO:web_local_frame_impl.cc(1666)] 		WebLocalFrame::SetRoutingID. routing_id = 16
[25532:25532:0813/033053.032046:INFO:render_frame_host_impl.cc(1417)] 	 enter RenderFrameHostImpl::OnCreateChildFrame
[25532:25532:0813/033053.033974:INFO:frame_tree.cc(218)] 	 enter FrameTree::AddFrame: , 16, 15, 
[1:1:0813/033053.038465:INFO:render_frame_impl.cc(7018)] >>> [renderer][DOM] RenderFrameImpl::BeginNavigation
[1:1:0813/033053.038587:INFO:render_frame_impl.cc(7019)] 	 [url] = https://s.yimg.com
[25532:25532:0813/033053.042227:INFO:render_frame_host_impl.cc(3108)] >>> [broswer][navigation] RenderFrameHostImpl::BeginNavigation. ID from switcher is 3:9_https://s.yimg.com/
[1:1:0813/033053.074754:INFO:ipc_mojo_bootstrap.cc(894)] ### [Switcher][kFrameNavigationControl_CommitNavigation_Name] get additional field: 3:13_https://googleads.g.doubleclick.net/
[25532:25532:0813/033053.152080:INFO:navigation_url_loader_network_service.cc(1293)] 	 enter NavigationURLLoaderNetworkService::OnReceiveResponse
[25532:25532:0813/033053.152591:INFO:navigation_handle_impl.cc(765)] 	 enter NavigationHandleImpl::WillProcessResponse
[25532:25542:0813/033053.154348:INFO:interface_endpoint_client.cc(447)] >>> [Frame] get kURLLoader_ProceedWithResponse_Name. [pid, routing_id] = 3, 16
[25532:25542:0813/033053.154413:INFO:mojo_async_resource_handler.cc(459)] >>> [IPC] MojoAsyncResourceHandler::ProceedWithResponse konws [cid, routing_id]: 3, 16, HandleIncomingMessage, HandleIncomingMessage
[25532:25532:0813/033053.154453:INFO:render_frame_host_impl.cc(3699)] >>> RenderFrameHostImpl::CommitNavigation https://ads.pubmatic.com/
[25532:25532:0813/033053.154520:INFO:switcher_host_impl.cc(127)] >>> [Key] add a new principal. [cid, principal, url, frame_id] = 3, 3:16_https://ads.pubmatic.com/, https://ads.pubmatic.com/AdServer/js/user_sync.html?p=156107&s=176446&predirect=https%3A%2F%2Fpr-bh.ybp.yahoo.com%2Fsync%2Fpubmatic%2F, 15
[25532:25532:0813/033053.154636:INFO:render_frame_host_impl.cc(3718)] >>>	[site, common.url, headers] = 3:16_https://ads.pubmatic.com/, HTTP/1.1 200 OK Last-Modified: Fri, 26 Jul 2019 09:40:01 GMT ETag: "1300708-26ca-58e92538a370a" Server: Apache/2.2.15 (CentOS) Accept-Ranges: bytes Content-Encoding: gzip P3P: CP="NOI DSP COR LAW CUR ADMo DEVo TAIo PSAo PSDo IVAo IVDo HISo OTPo OUR SAMo BUS UNI COM NAV INT DEM CNT STA PRE LOC", CP="NOI DSP COR LAW CUR ADMo DEVo TAIo PSAo PSDo IVAo IVDo HISo OTPo OUR SAMo BUS UNI COM NAV INT DEM CNT STA PRE LOC" Content-Length: 3860 Content-Type: text/html; charset=UTF-8 Cache-Control: max-age=28654 Expires: Sun, 11 Aug 2019 19:30:04 GMT Date: Sun, 11 Aug 2019 11:32:30 GMT Connection: keep-alive Vary: Accept-Encoding  ,25576, 3
[1:7:0813/033053.156717:INFO:ipc_mojo_bootstrap.cc(809)] >>> [IPC] Accept. post a task to AcceptOnProxyThread
[1:1:0813/033053.235073:INFO:html_parser_scheduler.cc(158)]  $$$ [TASK] HTMLParserScheduler::ContinueParsing
[1:1:0813/033053.235280:INFO:html_document_parser.cc(272)] >>> HTMLDocumentParser::ResumeParsingAfterYield. url is "https://s.yimg.com/ja/ap/ssp_cookie_sync/apac.html"
[1:1:0813/033053.237024:INFO:script_loader.cc(852)]  $$$ [Script] ScriptLoader::ExecuteScriptBlock. task_id, url is 2657 0x7f3ce7d00070 0x29d88c54dee0 , "https://s.yimg.com/ja/ap/ssp_cookie_sync/apac.html"
[1:1:0813/033053.242311:INFO:render_frame_impl.cc(1477)] 	RenderFrameImpl::Initialize. 17, 0x29d884501220
[1:1:0813/033053.242459:INFO:web_local_frame_impl.cc(1666)] 		WebLocalFrame::SetRoutingID. routing_id = 17
[25532:25532:0813/033053.242819:INFO:render_frame_host_impl.cc(1417)] 	 enter RenderFrameHostImpl::OnCreateChildFrame
[25532:25532:0813/033053.244872:INFO:frame_tree.cc(218)] 	 enter FrameTree::AddFrame: , 17, 16, 
[1:1:0813/033053.248202:INFO:render_frame_impl.cc(7018)] >>> [renderer][DOM] RenderFrameImpl::BeginNavigation
[1:1:0813/033053.248313:INFO:render_frame_impl.cc(7019)] 	 [url] = https://s.yimg.com
[25532:25532:0813/033053.252856:INFO:render_frame_host_impl.cc(3108)] >>> [broswer][navigation] RenderFrameHostImpl::BeginNavigation. ID from switcher is 3:11_https://s.yimg.com/
[1:1:0813/033053.257551:INFO:html_parser_scheduler.cc(158)]  $$$ [TASK] HTMLParserScheduler::ContinueParsing
[1:1:0813/033053.257705:INFO:html_document_parser.cc(272)] >>> HTMLDocumentParser::ResumeParsingAfterYield. url is "https://tag.idsync.analytics.yahoo.com/sp-frame.html?referrer=https%3A%2F%2Fsg.yahoo.com%2F%3Fp%3Dus"
[25532:25532:0813/033053.265033:INFO:navigation_url_loader_network_service.cc(1293)] 	 enter NavigationURLLoaderNetworkService::OnReceiveResponse
[25532:25532:0813/033053.265527:INFO:navigation_handle_impl.cc(765)] 	 enter NavigationHandleImpl::WillProcessResponse
[25532:25532:0813/033053.267810:INFO:render_frame_host_impl.cc(3699)] >>> RenderFrameHostImpl::CommitNavigation https://ads.pubmatic.com/
[25532:25532:0813/033053.267873:INFO:switcher_host_impl.cc(127)] >>> [Key] add a new principal. [cid, principal, url, frame_id] = 3, 3:17_https://ads.pubmatic.com/, https://ads.pubmatic.com/AdServer/js/user_sync.html?p=156107&s=176446&predirect=https%3A%2F%2Fpr-bh.ybp.yahoo.com%2Fsync%2Fpubmatic%2F, 16
[25532:25532:0813/033053.267949:INFO:render_frame_host_impl.cc(3718)] >>>	[site, common.url, headers] = 3:17_https://ads.pubmatic.com/, HTTP/1.1 200 OK Last-Modified: Fri, 26 Jul 2019 09:40:01 GMT Cache-Control: max-age=28653 Expires: Sun, 11 Aug 2019 19:30:04 GMT Date: Sun, 11 Aug 2019 11:32:31 GMT ETag: "1300708-26ca-58e92538a370a" Server: Apache/2.2.15 (CentOS) Accept-Ranges: bytes Content-Encoding: gzip P3P: CP="NOI DSP COR LAW CUR ADMo DEVo TAIo PSAo PSDo IVAo IVDo HISo OTPo OUR SAMo BUS UNI COM NAV INT DEM CNT STA PRE LOC", CP="NOI DSP COR LAW CUR ADMo DEVo TAIo PSAo PSDo IVAo IVDo HISo OTPo OUR SAMo BUS UNI COM NAV INT DEM CNT STA PRE LOC" Content-Length: 3860 Content-Type: text/html; charset=UTF-8 Vary: Accept-Encoding  ,25576, 3
[25532:25542:0813/033053.268886:INFO:interface_endpoint_client.cc(447)] >>> [Frame] get kURLLoader_ProceedWithResponse_Name. [pid, routing_id] = 3, 17
[25532:25542:0813/033053.268936:INFO:mojo_async_resource_handler.cc(459)] >>> [IPC] MojoAsyncResourceHandler::ProceedWithResponse konws [cid, routing_id]: 3, 17, HandleIncomingMessage, HandleIncomingMessage
[1:7:0813/033053.272092:INFO:ipc_mojo_bootstrap.cc(809)] >>> [IPC] Accept. post a task to AcceptOnProxyThread
[1:1:0813/033053.275629:INFO:script_loader.cc(852)]  $$$ [Script] ScriptLoader::ExecuteScriptBlock. task_id, url is 2699 0x7f3ce9c26f00 0x29d88847f860 , "https://s.yimg.com/rq/darla/3-15-0/html/r-sf.html"
[1:1:0813/033053.277651:INFO:script_loader.cc(852)]  $$$ [Script] ScriptLoader::ExecuteScriptBlock. task_id, url is 2700 0x7f3ce9c26f00 0x29d88c5559e0 , "https://s.yimg.com/rq/darla/3-15-0/html/r-sf.html"
[1:1:0813/033053.286078:INFO:script_loader.cc(852)]  $$$ [Script] ScriptLoader::ExecuteScriptBlock. task_id, url is 2711 0x7f3cfe387080 0x29d88677b920 1 0 0x29d88677b938 , "https://s.yimg.com/rq/darla/3-15-0/html/r-sf.html"
[25532:25532:0813/033053.488296:INFO:render_frame_host_impl.cc(1417)] 	 enter RenderFrameHostImpl::OnCreateChildFrame
[1:1:0813/033053.488386:INFO:render_frame_impl.cc(1477)] 	RenderFrameImpl::Initialize. 18, 0x29d8887f7e20
[1:1:0813/033053.488507:INFO:web_local_frame_impl.cc(1666)] 		WebLocalFrame::SetRoutingID. routing_id = 18
[25532:25532:0813/033053.490498:INFO:frame_tree.cc(218)] 	 enter FrameTree::AddFrame: , 18, 17, 
[25532:25532:0813/033053.501914:INFO:switcher_host_impl.cc(127)] >>> [Key] add a new principal. [cid, principal, url, frame_id] = 3, 3:18_https://s.yimg.com/, https://s.yimg.com/, 17
[25532:25532:0813/033053.502001:INFO:frame_tree_node.cc(349)] 	FrameTreeNode::SetCurrentOrigin. [frameid, routingid, origin, url] = 17, 18, https://s.yimg.com/, https://s.yimg.com
[25532:25532:0813/033053.809589:INFO:switcher_host_impl.cc(127)] >>> [Key] add a new principal. [cid, principal, url, frame_id] = 3, 3:13_https://googleads.g.doubleclick.net/, https://googleads.g.doubleclick.net/, 12
[25532:25532:0813/033053.809667:INFO:frame_tree_node.cc(349)] 	FrameTreeNode::SetCurrentOrigin. [frameid, routingid, origin, url] = 12, 13, https://googleads.g.doubleclick.net/, https://googleads.g.doubleclick.net
[1:1:0813/033053.811078:INFO:html_document_parser.cc(1203)]  $$$ [TASK] HTMLDocumentParser::AppendBytes -> BackgroundHTMLParser::AppendRawBytesFromMainThread
[1:1:0813/033053.830884:INFO:ipc_mojo_bootstrap.cc(894)] ### [Switcher][kFrameNavigationControl_CommitNavigation_Name] get additional field: 3:16_https://ads.pubmatic.com/
[1:1:0813/033053.873574:INFO:script_loader.cc(852)]  $$$ [Script] ScriptLoader::ExecuteScriptBlock. task_id, url is 2757 0x7f3ce9c26f00 0x29d8887f55e0 , "https://s.yimg.com/rq/darla/3-15-0/html/r-sf.html"
[1:1:0813/033053.875267:INFO:script_loader.cc(852)]  $$$ [Script] ScriptLoader::ExecuteScriptBlock. task_id, url is 2758 0x7f3ce9c26f00 0x29d885f7fe60 , "https://s.yimg.com/rq/darla/3-15-0/html/r-sf.html"
[1:1:0813/033053.898940:INFO:script_loader.cc(852)]  $$$ [Script] ScriptLoader::ExecuteScriptBlock. task_id, url is 2798 0x7f3cfe387080 0x29d886a9dc40 1 0 0x29d886a9dc58 , "https://s.yimg.com/rq/darla/3-15-0/html/r-sf.html"
[25532:25532:0813/033054.009227:INFO:render_frame_host_impl.cc(1417)] 	 enter RenderFrameHostImpl::OnCreateChildFrame
[1:1:0813/033054.010184:INFO:render_frame_impl.cc(1477)] 	RenderFrameImpl::Initialize. 19, 0x29d88509f420
[1:1:0813/033054.010403:INFO:web_local_frame_impl.cc(1666)] 		WebLocalFrame::SetRoutingID. routing_id = 19
[25532:25532:0813/033054.011910:INFO:frame_tree.cc(218)] 	 enter FrameTree::AddFrame: , 19, 18, 
[25532:25532:0813/033054.023607:INFO:switcher_host_impl.cc(127)] >>> [Key] add a new principal. [cid, principal, url, frame_id] = 3, 3:19_https://s.yimg.com/, https://s.yimg.com/, 18
[25532:25532:0813/033054.023689:INFO:frame_tree_node.cc(349)] 	FrameTreeNode::SetCurrentOrigin. [frameid, routingid, origin, url] = 18, 19, https://s.yimg.com/, https://s.yimg.com
[1:1:0813/033054.294433:INFO:script_loader.cc(852)]  $$$ [Script] ScriptLoader::ExecuteScriptBlock. task_id, url is 2806, "https://tag.idsync.analytics.yahoo.com/sp-frame.html?referrer=https%3A%2F%2Fsg.yahoo.com%2F%3Fp%3Dus"
[1:1:0813/033054.315890:INFO:ipc_mojo_bootstrap.cc(894)] ### [Switcher][kFrameNavigationControl_CommitNavigation_Name] get additional field: 3:17_https://ads.pubmatic.com/
[1:1:0813/033054.368006:INFO:html_parser_scheduler.cc(81)]  $$$ [TASK] HTMLParserScheduler::ScheduleForUnpause -> HTMLParserScheduler::ContinueParsing
[25532:25532:0813/033054.406308:INFO:switcher_host_impl.cc(127)] >>> [Key] add a new principal. [cid, principal, url, frame_id] = 3, 3:16_https://ads.pubmatic.com/, https://ads.pubmatic.com/, 15
[25532:25532:0813/033054.406369:INFO:frame_tree_node.cc(349)] 	FrameTreeNode::SetCurrentOrigin. [frameid, routingid, origin, url] = 15, 16, https://ads.pubmatic.com/, https://ads.pubmatic.com
[1:1:0813/033054.406805:INFO:html_document_parser.cc(1203)]  $$$ [TASK] HTMLDocumentParser::AppendBytes -> BackgroundHTMLParser::AppendRawBytesFromMainThread
[25532:25532:0813/033054.605947:INFO:switcher_host_impl.cc(127)] >>> [Key] add a new principal. [cid, principal, url, frame_id] = 3, 3:17_https://ads.pubmatic.com/, https://ads.pubmatic.com/, 16
[25532:25532:0813/033054.606030:INFO:frame_tree_node.cc(349)] 	FrameTreeNode::SetCurrentOrigin. [frameid, routingid, origin, url] = 16, 17, https://ads.pubmatic.com/, https://ads.pubmatic.com
[1:1:0813/033054.608011:INFO:html_document_parser.cc(1203)]  $$$ [TASK] HTMLDocumentParser::AppendBytes -> BackgroundHTMLParser::AppendRawBytesFromMainThread
[1:1:0813/033054.615509:INFO:script_loader.cc(852)]  $$$ [Script] ScriptLoader::ExecuteScriptBlock. task_id, url is 3053 0x7f3ce9c26f00 0x29d87fbb7860 , "https://s.yimg.com/rq/darla/3-15-0/html/r-sf.html"
[1:1:0813/033054.618402:INFO:html_parser_scheduler.cc(158)]  $$$ [TASK] HTMLParserScheduler::ContinueParsing
[1:1:0813/033054.618571:INFO:html_document_parser.cc(272)] >>> HTMLDocumentParser::ResumeParsingAfterYield. url is "https://googleads.g.doubleclick.net/pagead/html/r20190807/r20190131/zrt_lookup.html#"
[1:1:0813/033054.620108:INFO:script_loader.cc(852)]  $$$ [Script] ScriptLoader::ExecuteScriptBlock. task_id, url is 3064 0x7f3ce7d00070 0x29d8887ce0e0 , "https://googleads.g.doubleclick.net/pagead/html/r20190807/r20190131/zrt_lookup.html#"
[1:1:0813/033054.648942:INFO:html_parser_scheduler.cc(81)]  $$$ [TASK] HTMLParserScheduler::ScheduleForUnpause -> HTMLParserScheduler::ContinueParsing
[1:1:0813/033054.670701:INFO:script_loader.cc(852)]  $$$ [Script] ScriptLoader::ExecuteScriptBlock. task_id, url is 3094 0x7f3cfe387080 0x29d87fa75b00 1 0 0x29d87fa75b18 , "https://s.yimg.com/rq/darla/3-15-0/html/r-sf.html"
[1:1:0813/033054.749944:INFO:script_loader.cc(852)]  $$$ [Script] ScriptLoader::ExecuteScriptBlock. task_id, url is 3094 0x7f3cfe387080 0x29d87fa75b00 1 0 0x29d87fa75b18 , "https://s.yimg.com/rq/darla/3-15-0/html/r-sf.html"
[1:1:0813/033054.750818:INFO:script_loader.cc(852)]  $$$ [Script] ScriptLoader::ExecuteScriptBlock. task_id, url is 3094 0x7f3cfe387080 0x29d87fa75b00 1 0 0x29d87fa75b18 , "https://s.yimg.com/rq/darla/3-15-0/html/r-sf.html"
[1:1:0813/033054.912956:INFO:switcher_impl.cc(1440)] 			[ERROR] updated frame chain. The number of frame chain is larger than the thresold, please check it! [num, thresold] = 100, 100
[1:1:0813/033054.913204:INFO:switcher_impl.cc(1440)] 			[ERROR] updated frame chain. The number of frame chain is larger than the thresold, please check it! [num, thresold] = 100, 100
[1:1:0813/033054.913409:INFO:switcher_impl.cc(1440)] 			[ERROR] updated frame chain. The number of frame chain is larger than the thresold, please check it! [num, thresold] = 100, 100
[1:1:0813/033054.913539:INFO:switcher_impl.cc(1440)] 			[ERROR] updated frame chain. The number of frame chain is larger than the thresold, please check it! [num, thresold] = 100, 100
[1:1:0813/033054.913712:INFO:switcher_impl.cc(1440)] 			[ERROR] updated frame chain. The number of frame chain is larger than the thresold, please check it! [num, thresold] = 100, 100
[1:1:0813/033054.913809:INFO:switcher_impl.cc(1440)] 			[ERROR] updated frame chain. The number of frame chain is larger than the thresold, please check it! [num, thresold] = 100, 100
[1:1:0813/033054.913953:INFO:switcher_impl.cc(1440)] 			[ERROR] updated frame chain. The number of frame chain is larger than the thresold, please check it! [num, thresold] = 100, 100
[1:1:0813/033054.914048:INFO:switcher_impl.cc(1440)] 			[ERROR] updated frame chain. The number of frame chain is larger than the thresold, please check it! [num, thresold] = 100, 100
[1:1:0813/033054.914189:INFO:switcher_impl.cc(1440)] 			[ERROR] updated frame chain. The number of frame chain is larger than the thresold, please check it! [num, thresold] = 100, 100
[1:1:0813/033054.914286:INFO:switcher_impl.cc(1440)] 			[ERROR] updated frame chain. The number of frame chain is larger than the thresold, please check it! [num, thresold] = 100, 100
[1:1:0813/033054.914433:INFO:switcher_impl.cc(1440)] 			[ERROR] updated frame chain. The number of frame chain is larger than the thresold, please check it! [num, thresold] = 100, 100
[1:1:0813/033054.914533:INFO:switcher_impl.cc(1440)] 			[ERROR] updated frame chain. The number of frame chain is larger than the thresold, please check it! [num, thresold] = 100, 100
[1:1:0813/033054.914675:INFO:switcher_impl.cc(1440)] 			[ERROR] updated frame chain. The number of frame chain is larger than the thresold, please check it! [num, thresold] = 100, 100
[1:1:0813/033054.914791:INFO:switcher_impl.cc(1440)] 			[ERROR] updated frame chain. The number of frame chain is larger than the thresold, please check it! [num, thresold] = 100, 100
[1:1:0813/033054.914984:INFO:switcher_impl.cc(1440)] 			[ERROR] updated frame chain. The number of frame chain is larger than the thresold, please check it! [num, thresold] = 100, 100
[1:1:0813/033054.915099:INFO:switcher_impl.cc(1440)] 			[ERROR] updated frame chain. The number of frame chain is larger than the thresold, please check it! [num, thresold] = 100, 100
[25532:25532:0813/033054.916077:INFO:render_frame_host_impl.cc(1417)] 	 enter RenderFrameHostImpl::OnCreateChildFrame
[1:1:0813/033054.917289:INFO:render_frame_impl.cc(1477)] 	RenderFrameImpl::Initialize. 20, 0x29d88509f420
[1:1:0813/033054.917432:INFO:web_local_frame_impl.cc(1666)] 		WebLocalFrame::SetRoutingID. routing_id = 20
[25532:25532:0813/033054.918682:INFO:frame_tree.cc(218)] 	 enter FrameTree::AddFrame: google_ads_frame1, 20, 19, 
[1:1:0813/033054.928222:INFO:render_frame_impl.cc(7018)] >>> [renderer][DOM] RenderFrameImpl::BeginNavigation
[1:1:0813/033054.928335:INFO:render_frame_impl.cc(7019)] 	 [url] = https://s.yimg.com
[25532:25532:0813/033054.928871:INFO:render_frame_host_impl.cc(3108)] >>> [broswer][navigation] RenderFrameHostImpl::BeginNavigation. ID from switcher is 3:6_https://s.yimg.com/
[1:1:0813/033054.928988:INFO:switcher_impl.cc(1440)] 			[ERROR] updated frame chain. The number of frame chain is larger than the thresold, please check it! [num, thresold] = 100, 100
[1:1:0813/033054.929187:INFO:switcher_impl.cc(1440)] 			[ERROR] updated frame chain. The number of frame chain is larger than the thresold, please check it! [num, thresold] = 100, 100
[1:1:0813/033054.929327:INFO:switcher_impl.cc(1440)] 			[ERROR] updated frame chain. The number of frame chain is larger than the thresold, please check it! [num, thresold] = 100, 100
[1:1:0813/033054.929455:INFO:switcher_impl.cc(1440)] 			[ERROR] updated frame chain. The number of frame chain is larger than the thresold, please check it! [num, thresold] = 100, 100
[1:1:0813/033054.929607:INFO:switcher_impl.cc(1440)] 			[ERROR] updated frame chain. The number of frame chain is larger than the thresold, please check it! [num, thresold] = 100, 100
[1:1:0813/033054.933172:INFO:switcher_impl.cc(1440)] 			[ERROR] updated frame chain. The number of frame chain is larger than the thresold, please check it! [num, thresold] = 100, 100
[1:1:0813/033054.933402:INFO:switcher_impl.cc(1440)] 			[ERROR] updated frame chain. The number of frame chain is larger than the thresold, please check it! [num, thresold] = 100, 100
[1:1:0813/033054.934008:INFO:switcher_impl.cc(1440)] 			[ERROR] updated frame chain. The number of frame chain is larger than the thresold, please check it! [num, thresold] = 100, 100
[1:1:0813/033054.935121:INFO:switcher_impl.cc(1440)] 			[ERROR] updated frame chain. The number of frame chain is larger than the thresold, please check it! [num, thresold] = 100, 100
[1:1:0813/033054.937056:INFO:switcher_impl.cc(1440)] 			[ERROR] updated frame chain. The number of frame chain is larger than the thresold, please check it! [num, thresold] = 100, 100
[1:1:0813/033054.937274:INFO:switcher_impl.cc(1440)] 			[ERROR] updated frame chain. The number of frame chain is larger than the thresold, please check it! [num, thresold] = 100, 100
[1:1:0813/033054.937457:INFO:switcher_impl.cc(1440)] 			[ERROR] updated frame chain. The number of frame chain is larger than the thresold, please check it! [num, thresold] = 100, 100
[1:1:0813/033054.937608:INFO:switcher_impl.cc(1440)] 			[ERROR] updated frame chain. The number of frame chain is larger than the thresold, please check it! [num, thresold] = 100, 100
[1:1:0813/033054.937757:INFO:switcher_impl.cc(1440)] 			[ERROR] updated frame chain. The number of frame chain is larger than the thresold, please check it! [num, thresold] = 100, 100
[1:1:0813/033054.938059:INFO:switcher_impl.cc(1440)] 			[ERROR] updated frame chain. The number of frame chain is larger than the thresold, please check it! [num, thresold] = 100, 100
[1:1:0813/033054.938202:INFO:switcher_impl.cc(1440)] 			[ERROR] updated frame chain. The number of frame chain is larger than the thresold, please check it! [num, thresold] = 100, 100
[1:1:0813/033054.938359:INFO:switcher_impl.cc(1440)] 			[ERROR] updated frame chain. The number of frame chain is larger than the thresold, please check it! [num, thresold] = 100, 100
[1:1:0813/033054.938852:INFO:switcher_impl.cc(1440)] 			[ERROR] updated frame chain. The number of frame chain is larger than the thresold, please check it! [num, thresold] = 100, 100
[1:1:0813/033054.939050:INFO:switcher_impl.cc(1440)] 			[ERROR] updated frame chain. The number of frame chain is larger than the thresold, please check it! [num, thresold] = 100, 100
[1:1:0813/033054.939614:INFO:switcher_impl.cc(1440)] 			[ERROR] updated frame chain. The number of frame chain is larger than the thresold, please check it! [num, thresold] = 100, 100
[1:1:0813/033054.940081:INFO:switcher_impl.cc(1440)] 			[ERROR] updated frame chain. The number of frame chain is larger than the thresold, please check it! [num, thresold] = 100, 100
[1:1:0813/033054.940634:INFO:switcher_impl.cc(1440)] 			[ERROR] updated frame chain. The number of frame chain is larger than the thresold, please check it! [num, thresold] = 100, 100
[1:1:0813/033054.940858:INFO:switcher_impl.cc(1440)] 			[ERROR] updated frame chain. The number of frame chain is larger than the thresold, please check it! [num, thresold] = 100, 100
[1:1:0813/033054.940967:INFO:switcher_impl.cc(1440)] 			[ERROR] updated frame chain. The number of frame chain is larger than the thresold, please check it! [num, thresold] = 100, 100
[1:1:0813/033054.941069:INFO:switcher_impl.cc(1440)] 			[ERROR] updated frame chain. The number of frame chain is larger than the thresold, please check it! [num, thresold] = 100, 100
[1:1:0813/033054.941185:INFO:switcher_impl.cc(1440)] 			[ERROR] updated frame chain. The number of frame chain is larger than the thresold, please check it! [num, thresold] = 100, 100
[1:1:0813/033054.941813:INFO:switcher_impl.cc(1440)] 			[ERROR] updated frame chain. The number of frame chain is larger than the thresold, please check it! [num, thresold] = 100, 100
[1:1:0813/033054.942252:INFO:switcher_impl.cc(1440)] 			[ERROR] updated frame chain. The number of frame chain is larger than the thresold, please check it! [num, thresold] = 100, 100
