[1:1:0814/033644.635605:INFO:script_loader.cc(852)]  $$$ [Script] ScriptLoader::ExecuteScriptBlock. task_id, url is 1733 0x7fc402b768b0 0x129135d062e0 , "https://sg.yahoo.com/?p=us"
[1:1:0814/033644.640581:INFO:html_parser_scheduler.cc(158)]  $$$ [TASK] HTMLParserScheduler::ContinueParsing
[1:1:0814/033644.640740:INFO:html_document_parser.cc(272)] >>> HTMLDocumentParser::ResumeParsingAfterYield. url is "https://s.yimg.com/rq/darla/3-15-0/html/r-sf.html"
[1:1:0814/033644.644126:INFO:script_loader.cc(852)]  $$$ [Script] ScriptLoader::ExecuteScriptBlock. task_id, url is 1736 0x7fc400c50070 0x129135db8be0 , "https://s.yimg.com/rq/darla/3-15-0/html/r-sf.html"
[1:1:0814/033644.651527:INFO:script_loader.cc(852)]  $$$ [Script] ScriptLoader::ExecuteScriptBlock. task_id, url is 1741 0x7fc402b768b0 0x129135ee5460 , "https://sg.yahoo.com/?p=us"
[1:1:0814/033644.652825:INFO:script_loader.cc(852)]  $$$ [Script] ScriptLoader::ExecuteScriptBlock. task_id, url is 1742 0x7fc402b768b0 0x1291358494e0 , "https://sg.yahoo.com/?p=us"
[1:1:0814/033644.656583:INFO:html_parser_scheduler.cc(158)]  $$$ [TASK] HTMLParserScheduler::ContinueParsing
[1:1:0814/033644.656698:INFO:html_document_parser.cc(272)] >>> HTMLDocumentParser::ResumeParsingAfterYield. url is "https://s.yimg.com/rq/darla/3-15-0/html/r-sf.html"
[1:1:0814/033644.659074:INFO:script_loader.cc(852)]  $$$ [Script] ScriptLoader::ExecuteScriptBlock. task_id, url is 1744 0x7fc400c50070 0x129134e76660 , "https://s.yimg.com/rq/darla/3-15-0/html/r-sf.html"
[1:1:0814/033644.663085:INFO:script_loader.cc(852)]  $$$ [Script] ScriptLoader::ExecuteScriptBlock. task_id, url is 1747 0x7fc402b768b0 0x129135849ee0 , "https://sg.yahoo.com/?p=us"
[1:1:0814/033644.665127:INFO:script_loader.cc(852)]  $$$ [Script] ScriptLoader::ExecuteScriptBlock. task_id, url is 1748 0x7fc402b768b0 0x129135db6d60 , "https://sg.yahoo.com/?p=us"
[1:1:0814/033644.675179:INFO:script_loader.cc(852)]  $$$ [Script] ScriptLoader::ExecuteScriptBlock. task_id, url is 1753 0x7fc402b768b0 0x129134f36de0 , "https://sg.yahoo.com/?p=us"
[1:1:0814/033644.676563:INFO:script_loader.cc(852)]  $$$ [Script] ScriptLoader::ExecuteScriptBlock. task_id, url is 1754 0x7fc402b768b0 0x129135d04860 , "https://sg.yahoo.com/?p=us"
[1:1:0814/033644.681555:INFO:html_parser_scheduler.cc(158)]  $$$ [TASK] HTMLParserScheduler::ContinueParsing
[1:1:0814/033644.681645:INFO:html_document_parser.cc(272)] >>> HTMLDocumentParser::ResumeParsingAfterYield. url is "https://s.yimg.com/rq/darla/3-15-0/html/r-sf.html"
[1:1:0814/033644.684216:INFO:script_loader.cc(852)]  $$$ [Script] ScriptLoader::ExecuteScriptBlock. task_id, url is 1760 0x7fc400c50070 0x129135d049e0 , "https://s.yimg.com/rq/darla/3-15-0/html/r-sf.html"
[1:1:0814/033644.689296:INFO:html_parser_scheduler.cc(158)]  $$$ [TASK] HTMLParserScheduler::ContinueParsing
[1:1:0814/033644.689431:INFO:html_document_parser.cc(272)] >>> HTMLDocumentParser::ResumeParsingAfterYield. url is "https://s.yimg.com/rq/darla/3-15-0/html/r-sf.html"
[1:1:0814/033644.692157:INFO:script_loader.cc(852)]  $$$ [Script] ScriptLoader::ExecuteScriptBlock. task_id, url is 1764 0x7fc400c50070 0x129135d068e0 , "https://s.yimg.com/rq/darla/3-15-0/html/r-sf.html"
[32368:32368:0814/033644.707181:INFO:CONSOLE(3)] "199201FA71AC9F01CC3ADFFA305431F0: 0.034912109375ms", source:  (3)
[1:1:0814/033644.845746:INFO:script_loader.cc(852)]  $$$ [Script] ScriptLoader::ExecuteScriptBlock. task_id, url is 1776 0x7fc402b768b0 0x129135db6660 , "https://sg.yahoo.com/?p=us"
[1:1:0814/033644.849244:INFO:script_loader.cc(852)]  $$$ [Script] ScriptLoader::ExecuteScriptBlock. task_id, url is 1777 0x7fc402b768b0 0x1291304477e0 , "https://sg.yahoo.com/?p=us"
[1:1:0814/033644.852296:INFO:script_loader.cc(852)]  $$$ [Script] ScriptLoader::ExecuteScriptBlock. task_id, url is 1781 0x7fc402b768b0 0x1291355df5e0 , "https://sg.yahoo.com/?p=us"
[1:1:0814/033644.854043:INFO:script_loader.cc(852)]  $$$ [Script] ScriptLoader::ExecuteScriptBlock. task_id, url is 1782 0x7fc402b768b0 0x129135d8a360 , "https://sg.yahoo.com/?p=us"
[1:1:0814/033644.857920:INFO:script_loader.cc(852)]  $$$ [Script] ScriptLoader::ExecuteScriptBlock. task_id, url is 1784 0x7fc402b768b0 0x12913027a760 , "https://sg.yahoo.com/?p=us"
[1:1:0814/033644.860070:INFO:script_loader.cc(852)]  $$$ [Script] ScriptLoader::ExecuteScriptBlock. task_id, url is 1785 0x7fc402b768b0 0x129134cb65e0 , "https://sg.yahoo.com/?p=us"
[1:1:0814/033644.862615:INFO:script_loader.cc(852)]  $$$ [Script] ScriptLoader::ExecuteScriptBlock. task_id, url is 1787 0x7fc402b768b0 0x129135d06fe0 , "https://sg.yahoo.com/?p=us"
[1:1:0814/033644.865780:INFO:script_loader.cc(852)]  $$$ [Script] ScriptLoader::ExecuteScriptBlock. task_id, url is 1788 0x7fc402b768b0 0x129135d0bae0 , "https://sg.yahoo.com/?p=us"
[1:1:0814/033644.868046:INFO:script_loader.cc(852)]  $$$ [Script] ScriptLoader::ExecuteScriptBlock. task_id, url is 1790 0x7fc402b768b0 0x129135d0a0e0 , "https://sg.yahoo.com/?p=us"
[1:1:0814/033644.869602:INFO:script_loader.cc(852)]  $$$ [Script] ScriptLoader::ExecuteScriptBlock. task_id, url is 1791 0x7fc402b768b0 0x129134922a60 , "https://sg.yahoo.com/?p=us"
[1:1:0814/033644.874646:INFO:script_loader.cc(852)]  $$$ [Script] ScriptLoader::ExecuteScriptBlock. task_id, url is 1798 0x7fc402b768b0 0x1291361984e0 , "https://sg.yahoo.com/?p=us"
[1:1:0814/033644.876423:INFO:script_loader.cc(852)]  $$$ [Script] ScriptLoader::ExecuteScriptBlock. task_id, url is 1799 0x7fc402b768b0 0x129135d05ce0 , "https://sg.yahoo.com/?p=us"
[1:1:0814/033644.878652:INFO:script_loader.cc(852)]  $$$ [Script] ScriptLoader::ExecuteScriptBlock. task_id, url is 1801 0x7fc402b768b0 0x129134cb61e0 , "https://sg.yahoo.com/?p=us"
[1:1:0814/033644.895502:INFO:script_loader.cc(852)]  $$$ [Script] ScriptLoader::ExecuteScriptBlock. task_id, url is 1835 0x7fc402b768b0 0x12913538c460 , "https://sg.yahoo.com/?p=us"
[1:1:0814/033644.899704:INFO:script_loader.cc(852)]  $$$ [Script] ScriptLoader::ExecuteScriptBlock. task_id, url is 1837 0x7fc402b768b0 0x129134f2fd60 , "https://sg.yahoo.com/?p=us"
[1:1:0814/033644.905452:INFO:script_loader.cc(852)]  $$$ [Script] ScriptLoader::ExecuteScriptBlock. task_id, url is 1841 0x7fc402b768b0 0x1291353db8e0 , "https://sg.yahoo.com/?p=us"
[1:1:0814/033644.909468:INFO:script_loader.cc(852)]  $$$ [Script] ScriptLoader::ExecuteScriptBlock. task_id, url is 1843 0x7fc402b768b0 0x129136300b60 , "https://sg.yahoo.com/?p=us"
[1:1:0814/033644.918239:INFO:script_loader.cc(852)]  $$$ [Script] ScriptLoader::ExecuteScriptBlock. task_id, url is 1854 0x7fc402b768b0 0x1291358d2760 , "https://sg.yahoo.com/?p=us"
[1:1:0814/033644.931890:INFO:script_loader.cc(852)]  $$$ [Script] ScriptLoader::ExecuteScriptBlock. task_id, url is 1872 0x7fc402b768b0 0x129134a4f560 , "https://sg.yahoo.com/?p=us"
[1:1:0814/033644.933136:INFO:script_loader.cc(852)]  $$$ [Script] ScriptLoader::ExecuteScriptBlock. task_id, url is 1873 0x7fc402b768b0 0x129136300a60 , "https://sg.yahoo.com/?p=us"
[1:1:0814/033644.939705:INFO:script_loader.cc(852)]  $$$ [Script] ScriptLoader::ExecuteScriptBlock. task_id, url is 1879 0x7fc402b768b0 0x129135529960 , "https://sg.yahoo.com/?p=us"
[1:1:0814/033644.941813:INFO:script_loader.cc(852)]  $$$ [Script] ScriptLoader::ExecuteScriptBlock. task_id, url is 1880 0x7fc402b768b0 0x129136300d60 , "https://sg.yahoo.com/?p=us"
[1:1:0814/033644.950565:INFO:script_loader.cc(852)]  $$$ [Script] ScriptLoader::ExecuteScriptBlock. task_id, url is 1895 0x7fc402b768b0 0x1291358d28e0 , "https://sg.yahoo.com/?p=us"
[1:1:0814/033644.953445:INFO:script_loader.cc(852)]  $$$ [Script] ScriptLoader::ExecuteScriptBlock. task_id, url is 1896 0x7fc402b768b0 0x129134c29660 , "https://sg.yahoo.com/?p=us"
[1:1:0814/033644.956123:INFO:script_loader.cc(852)]  $$$ [Script] ScriptLoader::ExecuteScriptBlock. task_id, url is 1899 0x7fc402b768b0 0x1291356b5de0 , "https://sg.yahoo.com/?p=us"
[1:1:0814/033644.965391:INFO:script_loader.cc(852)]  $$$ [Script] ScriptLoader::ExecuteScriptBlock. task_id, url is 1906 0x7fc402b768b0 0x1291358d3ee0 , "https://sg.yahoo.com/?p=us"
[1:1:0814/033644.967563:INFO:script_loader.cc(852)]  $$$ [Script] ScriptLoader::ExecuteScriptBlock. task_id, url is 1907 0x7fc402b768b0 0x1291355de9e0 , "https://sg.yahoo.com/?p=us"
[1:1:0814/033645.015087:INFO:script_loader.cc(852)]  $$$ [Script] ScriptLoader::ExecuteScriptBlock. task_id, url is 1959, "https://s.yimg.com/rq/darla/3-15-0/html/r-csc.html"
[32368:32368:0814/033645.022354:INFO:render_frame_host_impl.cc(1417)] 	 enter RenderFrameHostImpl::OnCreateChildFrame
[1:1:0814/033645.022892:INFO:render_frame_impl.cc(1477)] 	RenderFrameImpl::Initialize. 9, 0x129135ea2e20
[1:1:0814/033645.023019:INFO:web_local_frame_impl.cc(1666)] 		WebLocalFrame::SetRoutingID. routing_id = 9
[32368:32368:0814/033645.024398:INFO:frame_tree.cc(218)] 	 enter FrameTree::AddFrame: , 9, 8, 
[1:1:0814/033645.028837:INFO:render_frame_impl.cc(7018)] >>> [renderer][DOM] RenderFrameImpl::BeginNavigation
[1:1:0814/033645.028985:INFO:render_frame_impl.cc(7019)] 	 [url] = https://s.yimg.com
[32368:32368:0814/033645.030466:INFO:render_frame_host_impl.cc(3108)] >>> [broswer][navigation] RenderFrameHostImpl::BeginNavigation. ID from switcher is 3:4_https://s.yimg.com/
[1:1:0814/033645.046512:INFO:script_loader.cc(852)]  $$$ [Script] ScriptLoader::ExecuteScriptBlock. task_id, url is 1976 0x7fc402b768b0 0x12913533a1e0 , "https://sg.yahoo.com/?p=us"
[1:1:0814/033645.049020:INFO:script_loader.cc(852)]  $$$ [Script] ScriptLoader::ExecuteScriptBlock. task_id, url is 1977 0x7fc402b768b0 0x129135db6d60 , "https://sg.yahoo.com/?p=us"
[1:1:0814/033645.050827:INFO:script_loader.cc(852)]  $$$ [Script] ScriptLoader::ExecuteScriptBlock. task_id, url is 1979 0x7fc402b768b0 0x1291350b4b60 , "https://sg.yahoo.com/?p=us"
[1:1:0814/033645.055127:INFO:script_loader.cc(852)]  $$$ [Script] ScriptLoader::ExecuteScriptBlock. task_id, url is 1980 0x7fc402b768b0 0x1291355de8e0 , "https://sg.yahoo.com/?p=us"
[1:1:0814/033645.059480:INFO:script_loader.cc(852)]  $$$ [Script] ScriptLoader::ExecuteScriptBlock. task_id, url is 1985 0x7fc402b768b0 0x1291352a0ee0 , "https://sg.yahoo.com/?p=us"
[1:1:0814/033645.061304:INFO:script_loader.cc(852)]  $$$ [Script] ScriptLoader::ExecuteScriptBlock. task_id, url is 1986 0x7fc402b768b0 0x1291353467e0 , "https://sg.yahoo.com/?p=us"
[1:1:0814/033645.064712:INFO:script_loader.cc(852)]  $$$ [Script] ScriptLoader::ExecuteScriptBlock. task_id, url is 1988 0x7fc402b768b0 0x129135f04a60 , "https://sg.yahoo.com/?p=us"
[1:1:0814/033645.067042:INFO:script_loader.cc(852)]  $$$ [Script] ScriptLoader::ExecuteScriptBlock. task_id, url is 1989 0x7fc402b768b0 0x1291356b56e0 , "https://sg.yahoo.com/?p=us"
[1:1:0814/033645.071894:INFO:script_loader.cc(852)]  $$$ [Script] ScriptLoader::ExecuteScriptBlock. task_id, url is 1992 0x7fc402b768b0 0x1291358d17e0 , "https://sg.yahoo.com/?p=us"
[1:1:0814/033645.077287:INFO:script_loader.cc(852)]  $$$ [Script] ScriptLoader::ExecuteScriptBlock. task_id, url is 1993 0x7fc402b768b0 0x129134dbaa60 , "https://sg.yahoo.com/?p=us"
[1:1:0814/033645.082089:INFO:script_loader.cc(852)]  $$$ [Script] ScriptLoader::ExecuteScriptBlock. task_id, url is 1994, "https://s.yimg.com/rq/darla/3-15-0/html/r-sf.html"
[32368:32368:0814/033645.092733:INFO:navigation_url_loader_network_service.cc(1293)] 	 enter NavigationURLLoaderNetworkService::OnReceiveResponse
[32368:32368:0814/033645.093104:INFO:navigation_handle_impl.cc(765)] 	 enter NavigationHandleImpl::WillProcessResponse
[32368:32378:0814/033645.094770:INFO:interface_endpoint_client.cc(447)] >>> [Frame] get kURLLoader_ProceedWithResponse_Name. [pid, routing_id] = 3, 9
[32368:32378:0814/033645.094818:INFO:mojo_async_resource_handler.cc(459)] >>> [IPC] MojoAsyncResourceHandler::ProceedWithResponse konws [cid, routing_id]: 3, 9, HandleIncomingMessage, HandleIncomingMessage
[32368:32368:0814/033645.094866:INFO:render_frame_host_impl.cc(3699)] >>> RenderFrameHostImpl::CommitNavigation https://tag.idsync.analytics.yahoo.com/
[32368:32368:0814/033645.094900:INFO:switcher_host_impl.cc(127)] >>> [Key] add a new principal. [cid, principal, url, frame_id] = 3, 3:9_https://tag.idsync.analytics.yahoo.com/, https://tag.idsync.analytics.yahoo.com/sp-frame.html?referrer=https%3A%2F%2Fsg.yahoo.com%2F%3Fp%3Dus, 8
[32368:32368:0814/033645.095062:INFO:render_frame_host_impl.cc(3718)] >>>	[site, common.url, headers] = 3:9_https://tag.idsync.analytics.yahoo.com/, HTTP/1.1 200 status:200 content-encoding:gzip content-type:text/html date:Mon, 12 Aug 2019 11:38:23 GMT etag:"9b27f08842ec1f21101a0bc4c5dba12e+gzip" last-modified:Thu, 08 Aug 2019 17:26:39 GMT server:ECS (sgb/C6E6) vary:Accept-Encoding x-amz-id-2:/jw3BeuK3VBRgbV7BwzdypkMPUTPb/nTEdYHO8NTh3oLxoyuUdYw5o+8NbVPrV32svKZnh17dBk= x-amz-request-id:33BD832464322143 x-amz-server-side-encryption:AES256 x-cache:HIT content-length:153  ,32412, 3
[1:7:0814/033645.096872:INFO:ipc_mojo_bootstrap.cc(809)] >>> [IPC] Accept. post a task to AcceptOnProxyThread
[1:1:0814/033645.135348:INFO:event_target.cc(534)] !!!!!!!!!!!!!!!! RegisteredEventListener::SetCallback. 0x2cd502751528
[1:1:0814/033645.156713:INFO:script_loader.cc(852)]  $$$ [Script] ScriptLoader::ExecuteScriptBlock. task_id, url is 1994, "https://s.yimg.com/rq/darla/3-15-0/html/r-sf.html"
[1:1:0814/033645.157471:INFO:html_tree_builder.cc(780)] >>> [renderer][DOM] receive <iframe>
[32368:32368:0814/033645.159186:INFO:render_frame_host_impl.cc(1417)] 	 enter RenderFrameHostImpl::OnCreateChildFrame
[1:1:0814/033645.160209:INFO:render_frame_impl.cc(1477)] 	RenderFrameImpl::Initialize. 10, 0x129135ea1a20
[1:1:0814/033645.160356:INFO:web_local_frame_impl.cc(1666)] 		WebLocalFrame::SetRoutingID. routing_id = 10
[32368:32368:0814/033645.161712:INFO:frame_tree.cc(218)] 	 enter FrameTree::AddFrame: , 10, 9, 
[1:1:0814/033645.167873:INFO:render_frame_impl.cc(7018)] >>> [renderer][DOM] RenderFrameImpl::BeginNavigation
[1:1:0814/033645.168034:INFO:render_frame_impl.cc(7019)] 	 [url] = https://s.yimg.com
[32368:32368:0814/033645.168964:INFO:render_frame_host_impl.cc(3108)] >>> [broswer][navigation] RenderFrameHostImpl::BeginNavigation. ID from switcher is 3:6_https://s.yimg.com/
[1:1:0814/033645.174035:INFO:event_target.cc(534)] !!!!!!!!!!!!!!!! RegisteredEventListener::SetCallback. 0x2cd502751528
[1:1:0814/033645.185725:INFO:script_loader.cc(852)]  $$$ [Script] ScriptLoader::ExecuteScriptBlock. task_id, url is 1997, "https://s.yimg.com/rq/darla/3-15-0/html/r-sf.html"
[1:1:0814/033645.226770:INFO:event_target.cc(534)] !!!!!!!!!!!!!!!! RegisteredEventListener::SetCallback. 0x2cd502753340
[1:1:0814/033645.238382:INFO:script_loader.cc(852)]  $$$ [Script] ScriptLoader::ExecuteScriptBlock. task_id, url is 1997, "https://s.yimg.com/rq/darla/3-15-0/html/r-sf.html"
[1:1:0814/033645.242096:INFO:event_target.cc(534)] !!!!!!!!!!!!!!!! RegisteredEventListener::SetCallback. 0x2cd502753340
[1:1:0814/033645.245819:INFO:script_loader.cc(852)]  $$$ [Script] ScriptLoader::ExecuteScriptBlock. task_id, url is 1999 0x7fc402b768b0 0x1291350b6be0 , "https://sg.yahoo.com/?p=us"
[32368:32368:0814/033645.263941:INFO:CONSOLE(14)] "yui: NOT loaded: videoplayer", source: https://s.yimg.com/zz/combo?yui:/3.18.0/yui/yui-min.js (14)
[32368:32368:0814/033645.265039:INFO:CONSOLE(14)] "yui: NOT loaded: td-applet-storyswarm-atomic-templates-list.tumblr", source: https://s.yimg.com/zz/combo?yui:/3.18.0/yui/yui-min.js (14)
[32368:32368:0814/033645.344008:INFO:navigation_url_loader_network_service.cc(1293)] 	 enter NavigationURLLoaderNetworkService::OnReceiveResponse
[32368:32368:0814/033645.344450:INFO:navigation_handle_impl.cc(765)] 	 enter NavigationHandleImpl::WillProcessResponse
[32368:32378:0814/033645.345914:INFO:interface_endpoint_client.cc(447)] >>> [Frame] get kURLLoader_ProceedWithResponse_Name. [pid, routing_id] = 3, 10
[32368:32378:0814/033645.345968:INFO:mojo_async_resource_handler.cc(459)] >>> [IPC] MojoAsyncResourceHandler::ProceedWithResponse konws [cid, routing_id]: 3, 10, HandleIncomingMessage, HandleIncomingMessage
[32368:32368:0814/033645.346040:INFO:render_frame_host_impl.cc(3699)] >>> RenderFrameHostImpl::CommitNavigation https://s.yimg.com/
[32368:32368:0814/033645.346079:INFO:switcher_host_impl.cc(127)] >>> [Key] add a new principal. [cid, principal, url, frame_id] = 3, 3:10_https://s.yimg.com/, https://s.yimg.com/ja/ap/ssp_cookie_sync/apac.html, 9
[32368:32368:0814/033645.346145:INFO:render_frame_host_impl.cc(3718)] >>>	[site, common.url, headers] = 3:10_https://s.yimg.com/, HTTP/1.1 200 status:200 x-amz-id-2:/CxrRoItWimIAidXNRXvdeZL88oBCKvYE4MZgkJvjaSUHnnAJWxAbe1ozxXNWT/LtZlhYt8GKew= x-amz-request-id:A7378EEA8E506E76 date:Mon, 12 Aug 2019 01:50:52 GMT last-modified:Mon, 30 Apr 2018 16:10:55 GMT etag:"08dc3a26368ba18d7aa3f08b2f39a55b-df" x-amz-server-side-encryption:AES256 cache-control:max-age=86400,public x-amz-meta-created-date:Fri, 15 Sep 2017 22:03:21 GMT x-amz-meta-mbst-etag:"YM:1:249064fb-6bcc-4b95-ad2a-83d4eb1faf2a000559418fadbd30" x-amz-meta-x-ysws-mbst-vtime:1505513001827632 expires:Sat, 05 Sep 2026 00:00:00 GMT x-amz-meta-x-ysws-access:public accept-ranges:bytes content-type:text/html; charset=utf-8 server:ATS referrer-policy:no-referrer-when-downgrade vary:Origin, Accept-Encoding content-encoding:gzip content-length:415 age:35252 ats-carp-promotion:1 strict-transport-security:max-age=15552000 expect-ct:max-age=31536000, report-uri="http://csp.yahoo.com/beacon/csp?src=yahoocom-expect-ct-report-only" x-xss-protection:1; mode=block x-content-type-options:nosniff  ,32412, 3
[1:7:0814/033645.347801:INFO:ipc_mojo_bootstrap.cc(809)] >>> [IPC] Accept. post a task to AcceptOnProxyThread
[32368:32368:0814/033645.402474:INFO:CONSOLE(14)] "yui: NOT loaded: videoplayer", source: https://s.yimg.com/zz/combo?yui:/3.18.0/yui/yui-min.js (14)
[32368:32368:0814/033645.406671:INFO:CONSOLE(14)] "yui: NOT loaded: videoplayer", source: https://s.yimg.com/zz/combo?yui:/3.18.0/yui/yui-min.js (14)
[32368:32368:0814/033645.412448:INFO:CONSOLE(14)] "yui: NOT loaded: td-applet-storyswarm-atomic-templates-list.tumblr", source: https://s.yimg.com/zz/combo?yui:/3.18.0/yui/yui-min.js (14)
[1:1:0814/033645.461536:INFO:script_loader.cc(852)]  $$$ [Script] ScriptLoader::ExecuteScriptBlock. task_id, url is 2106 0x7fc400fb8bd0 0x1291356b8a58 , "https://s.yimg.com/rq/darla/3-15-0/html/r-sf.html"
[1:1:0814/033645.481289:INFO:event_target.cc(534)] !!!!!!!!!!!!!!!! RegisteredEventListener::SetCallback. 0x2cd5027542b0
[1:1:0814/033645.494740:INFO:script_loader.cc(852)]  $$$ [Script] ScriptLoader::ExecuteScriptBlock. task_id, url is 2106 0x7fc400fb8bd0 0x1291356b8a58 , "https://s.yimg.com/rq/darla/3-15-0/html/r-sf.html"
[1:1:0814/033645.495359:INFO:html_tree_builder.cc(780)] >>> [renderer][DOM] receive <iframe>
[32368:32368:0814/033645.495993:INFO:render_frame_host_impl.cc(1417)] 	 enter RenderFrameHostImpl::OnCreateChildFrame
[1:1:0814/033645.496921:INFO:render_frame_impl.cc(1477)] 	RenderFrameImpl::Initialize. 11, 0x12913476a820
[1:1:0814/033645.496998:INFO:web_local_frame_impl.cc(1666)] 		WebLocalFrame::SetRoutingID. routing_id = 11
[32368:32368:0814/033645.498524:INFO:frame_tree.cc(218)] 	 enter FrameTree::AddFrame: , 11, 10, 
[1:1:0814/033645.503323:INFO:render_frame_impl.cc(7018)] >>> [renderer][DOM] RenderFrameImpl::BeginNavigation
[1:1:0814/033645.503444:INFO:render_frame_impl.cc(7019)] 	 [url] = https://s.yimg.com
[32368:32368:0814/033645.503941:INFO:render_frame_host_impl.cc(3108)] >>> [broswer][navigation] RenderFrameHostImpl::BeginNavigation. ID from switcher is 3:6_https://s.yimg.com/
[1:1:0814/033645.507257:INFO:event_target.cc(534)] !!!!!!!!!!!!!!!! RegisteredEventListener::SetCallback. 0x2cd5027542b0
[1:1:0814/033645.513430:INFO:ipc_mojo_bootstrap.cc(894)] ### [Switcher][kFrameNavigationControl_CommitNavigation_Name] get additional field: 3:9_https://tag.idsync.analytics.yahoo.com/
[1:1:0814/033645.525316:INFO:script_loader.cc(852)]  $$$ [Script] ScriptLoader::ExecuteScriptBlock. task_id, url is 2134 0x7fc400fb8bd0 0x129135fda458 , "https://s.yimg.com/rq/darla/3-15-0/html/r-sf.html"
[1:1:0814/033645.545504:INFO:event_target.cc(534)] !!!!!!!!!!!!!!!! RegisteredEventListener::SetCallback. 0x2cd502756170
[1:1:0814/033645.557749:INFO:script_loader.cc(852)]  $$$ [Script] ScriptLoader::ExecuteScriptBlock. task_id, url is 2134 0x7fc400fb8bd0 0x129135fda458 , "https://s.yimg.com/rq/darla/3-15-0/html/r-sf.html"
[1:1:0814/033645.562106:INFO:event_target.cc(534)] !!!!!!!!!!!!!!!! RegisteredEventListener::SetCallback. 0x2cd502756170
[1:1:0814/033645.571344:INFO:ipc_mojo_bootstrap.cc(894)] ### [Switcher][kFrameNavigationControl_CommitNavigation_Name] get additional field: 3:10_https://s.yimg.com/
[32368:32368:0814/033645.678146:INFO:navigation_url_loader_network_service.cc(1293)] 	 enter NavigationURLLoaderNetworkService::OnReceiveResponse
[32368:32368:0814/033645.678582:INFO:navigation_handle_impl.cc(765)] 	 enter NavigationHandleImpl::WillProcessResponse
[32368:32378:0814/033645.680060:INFO:interface_endpoint_client.cc(447)] >>> [Frame] get kURLLoader_ProceedWithResponse_Name. [pid, routing_id] = 3, 11
[32368:32378:0814/033645.680102:INFO:mojo_async_resource_handler.cc(459)] >>> [IPC] MojoAsyncResourceHandler::ProceedWithResponse konws [cid, routing_id]: 3, 11, HandleIncomingMessage, HandleIncomingMessage
[32368:32368:0814/033645.680145:INFO:render_frame_host_impl.cc(3699)] >>> RenderFrameHostImpl::CommitNavigation https://s.yimg.com/
[32368:32368:0814/033645.680173:INFO:switcher_host_impl.cc(127)] >>> [Key] add a new principal. [cid, principal, url, frame_id] = 3, 3:11_https://s.yimg.com/, https://s.yimg.com/ja/ap/ssp_cookie_sync/apac.html, 10
[32368:32368:0814/033645.680241:INFO:render_frame_host_impl.cc(3718)] >>>	[site, common.url, headers] = 3:11_https://s.yimg.com/, HTTP/1.1 200 status:304 date:Mon, 12 Aug 2019 11:38:24 GMT expires:Sat, 05 Sep 2026 00:00:00 GMT cache-control:max-age=86400,public vary:Origin, Accept-Encoding strict-transport-security:max-age=15552000 server:ATS expect-ct:max-age=31536000, report-uri="http://csp.yahoo.com/beacon/csp?src=yahoocom-expect-ct-report-only" x-amz-id-2:/CxrRoItWimIAidXNRXvdeZL88oBCKvYE4MZgkJvjaSUHnnAJWxAbe1ozxXNWT/LtZlhYt8GKew= x-amz-request-id:A7378EEA8E506E76 last-modified:Mon, 30 Apr 2018 16:10:55 GMT etag:"08dc3a26368ba18d7aa3f08b2f39a55b-df" x-amz-server-side-encryption:AES256 x-amz-meta-created-date:Fri, 15 Sep 2017 22:03:21 GMT x-amz-meta-mbst-etag:"YM:1:249064fb-6bcc-4b95-ad2a-83d4eb1faf2a000559418fadbd30" x-amz-meta-x-ysws-mbst-vtime:1505513001827632 x-amz-meta-x-ysws-access:public accept-ranges:bytes content-type:text/html; charset=utf-8 referrer-policy:no-referrer-when-downgrade content-encoding:gzip content-length:415 age:35252 ats-carp-promotion:1 x-xss-protection:1; mode=block x-content-type-options:nosniff  ,32412, 3
[1:7:0814/033645.681620:INFO:ipc_mojo_bootstrap.cc(809)] >>> [IPC] Accept. post a task to AcceptOnProxyThread
[32368:32368:0814/033646.307512:INFO:switcher_host_impl.cc(127)] >>> [Key] add a new principal. [cid, principal, url, frame_id] = 3, 3:9_https://tag.idsync.analytics.yahoo.com/, https://tag.idsync.analytics.yahoo.com/, 8
[32368:32368:0814/033646.307642:INFO:frame_tree_node.cc(349)] 	FrameTreeNode::SetCurrentOrigin. [frameid, routingid, origin, url] = 8, 9, https://tag.idsync.analytics.yahoo.com/, https://tag.idsync.analytics.yahoo.com
[1:1:0814/033646.311497:INFO:html_document_parser.cc(1203)]  $$$ [TASK] HTMLDocumentParser::AppendBytes -> BackgroundHTMLParser::AppendRawBytesFromMainThread
[32368:32368:0814/033646.335613:INFO:switcher_host_impl.cc(127)] >>> [Key] add a new principal. [cid, principal, url, frame_id] = 3, 3:10_https://s.yimg.com/, https://s.yimg.com/, 9
[32368:32368:0814/033646.335678:INFO:frame_tree_node.cc(349)] 	FrameTreeNode::SetCurrentOrigin. [frameid, routingid, origin, url] = 9, 10, https://s.yimg.com/, https://s.yimg.com
[1:1:0814/033646.346377:INFO:html_document_parser.cc(1203)]  $$$ [TASK] HTMLDocumentParser::AppendBytes -> BackgroundHTMLParser::AppendRawBytesFromMainThread
[1:1:0814/033646.354410:INFO:ipc_mojo_bootstrap.cc(894)] ### [Switcher][kFrameNavigationControl_CommitNavigation_Name] get additional field: 3:11_https://s.yimg.com/
[1:1:0814/033646.403244:INFO:platform_thread_posix.cc(131)] >>> invoke pthread_create
[1:1:0814/033646.447135:INFO:platform_thread_posix.cc(131)] >>> invoke pthread_create
[1:1:0814/033646.554741:INFO:html_parser_scheduler.cc(81)]  $$$ [TASK] HTMLParserScheduler::ScheduleForUnpause -> HTMLParserScheduler::ContinueParsing
[1:1:0814/033646.560512:INFO:html_parser_scheduler.cc(81)]  $$$ [TASK] HTMLParserScheduler::ScheduleForUnpause -> HTMLParserScheduler::ContinueParsing
[32368:32368:0814/033646.571095:INFO:switcher_host_impl.cc(127)] >>> [Key] add a new principal. [cid, principal, url, frame_id] = 3, 3:11_https://s.yimg.com/, https://s.yimg.com/, 10
[32368:32368:0814/033646.571150:INFO:frame_tree_node.cc(349)] 	FrameTreeNode::SetCurrentOrigin. [frameid, routingid, origin, url] = 10, 11, https://s.yimg.com/, https://s.yimg.com
[1:1:0814/033646.583646:INFO:html_document_parser.cc(1203)]  $$$ [TASK] HTMLDocumentParser::AppendBytes -> BackgroundHTMLParser::AppendRawBytesFromMainThread
[1:1:0814/033646.659657:INFO:script_loader.cc(852)]  $$$ [Script] ScriptLoader::ExecuteScriptBlock. task_id, url is 2477, "https://s.yimg.com/rq/darla/3-15-0/html/r-sf.html"
[1:1:0814/033646.668200:INFO:html_parser_scheduler.cc(158)]  $$$ [TASK] HTMLParserScheduler::ContinueParsing
[1:1:0814/033646.668360:INFO:html_document_parser.cc(272)] >>> HTMLDocumentParser::ResumeParsingAfterYield. url is "https://tag.idsync.analytics.yahoo.com/sp-frame.html?referrer=https%3A%2F%2Fsg.yahoo.com%2F%3Fp%3Dus"
[1:1:0814/033646.674421:INFO:html_parser_scheduler.cc(158)]  $$$ [TASK] HTMLParserScheduler::ContinueParsing
[1:1:0814/033646.674605:INFO:html_document_parser.cc(272)] >>> HTMLDocumentParser::ResumeParsingAfterYield. url is "https://s.yimg.com/ja/ap/ssp_cookie_sync/apac.html"
[1:1:0814/033646.675850:INFO:script_loader.cc(852)]  $$$ [Script] ScriptLoader::ExecuteScriptBlock. task_id, url is 2486 0x7fc400c50070 0x129134f49860 , "https://s.yimg.com/ja/ap/ssp_cookie_sync/apac.html"
[32368:32368:0814/033646.683420:INFO:render_frame_host_impl.cc(1417)] 	 enter RenderFrameHostImpl::OnCreateChildFrame
[1:1:0814/033646.684677:INFO:render_frame_impl.cc(1477)] 	RenderFrameImpl::Initialize. 12, 0x1291361a4e20
[1:1:0814/033646.684836:INFO:web_local_frame_impl.cc(1666)] 		WebLocalFrame::SetRoutingID. routing_id = 12
[32368:32368:0814/033646.685322:INFO:frame_tree.cc(218)] 	 enter FrameTree::AddFrame: , 12, 11, 
[1:1:0814/033646.694227:INFO:render_frame_impl.cc(7018)] >>> [renderer][DOM] RenderFrameImpl::BeginNavigation
[1:1:0814/033646.694388:INFO:render_frame_impl.cc(7019)] 	 [url] = https://s.yimg.com
[32368:32368:0814/033646.695883:INFO:render_frame_host_impl.cc(3108)] >>> [broswer][navigation] RenderFrameHostImpl::BeginNavigation. ID from switcher is 3:10_https://s.yimg.com/
[1:1:0814/033646.703918:INFO:html_parser_scheduler.cc(81)]  $$$ [TASK] HTMLParserScheduler::ScheduleForUnpause -> HTMLParserScheduler::ContinueParsing
[1:1:0814/033646.727894:INFO:script_loader.cc(852)]  $$$ [Script] ScriptLoader::ExecuteScriptBlock. task_id, url is 2506 0x7fc402b768b0 0x129135d0bfe0 , "https://s.yimg.com/rq/darla/3-15-0/html/r-sf.html"
[32368:32368:0814/033646.752935:INFO:navigation_url_loader_network_service.cc(1293)] 	 enter NavigationURLLoaderNetworkService::OnReceiveResponse
[32368:32368:0814/033646.753429:INFO:navigation_handle_impl.cc(765)] 	 enter NavigationHandleImpl::WillProcessResponse
[32368:32368:0814/033646.755683:INFO:render_frame_host_impl.cc(3699)] >>> RenderFrameHostImpl::CommitNavigation https://ads.pubmatic.com/
[32368:32378:0814/033646.755674:INFO:interface_endpoint_client.cc(447)] >>> [Frame] get kURLLoader_ProceedWithResponse_Name. [pid, routing_id] = 3, 12
[32368:32368:0814/033646.755737:INFO:switcher_host_impl.cc(127)] >>> [Key] add a new principal. [cid, principal, url, frame_id] = 3, 3:12_https://ads.pubmatic.com/, https://ads.pubmatic.com/AdServer/js/user_sync.html?p=156107&s=176446&predirect=https%3A%2F%2Fpr-bh.ybp.yahoo.com%2Fsync%2Fpubmatic%2F, 11
[32368:32378:0814/033646.755771:INFO:mojo_async_resource_handler.cc(459)] >>> [IPC] MojoAsyncResourceHandler::ProceedWithResponse konws [cid, routing_id]: 3, 12, HandleIncomingMessage, HandleIncomingMessage
[32368:32368:0814/033646.755797:INFO:render_frame_host_impl.cc(3718)] >>>	[site, common.url, headers] = 3:12_https://ads.pubmatic.com/, HTTP/1.1 200 OK Last-Modified: Fri, 26 Jul 2019 09:40:01 GMT ETag: "1300708-26ca-58e92538a370a" Server: Apache/2.2.15 (CentOS) Accept-Ranges: bytes Content-Encoding: gzip P3P: CP="NOI DSP COR LAW CUR ADMo DEVo TAIo PSAo PSDo IVAo IVDo HISo OTPo OUR SAMo BUS UNI COM NAV INT DEM CNT STA PRE LOC", CP="NOI DSP COR LAW CUR ADMo DEVo TAIo PSAo PSDo IVAo IVDo HISo OTPo OUR SAMo BUS UNI COM NAV INT DEM CNT STA PRE LOC" Content-Length: 3860 Content-Type: text/html; charset=UTF-8 Cache-Control: max-age=63945 Expires: Tue, 13 Aug 2019 05:24:10 GMT Date: Mon, 12 Aug 2019 11:38:25 GMT Connection: keep-alive Vary: Accept-Encoding  ,32412, 3
[1:7:0814/033646.757384:INFO:ipc_mojo_bootstrap.cc(809)] >>> [IPC] Accept. post a task to AcceptOnProxyThread
[32368:32368:0814/033646.818982:INFO:render_frame_host_impl.cc(1417)] 	 enter RenderFrameHostImpl::OnCreateChildFrame
[1:1:0814/033646.820104:INFO:render_frame_impl.cc(1477)] 	RenderFrameImpl::Initialize. 13, 0x1291361a5820
[1:1:0814/033646.820239:INFO:web_local_frame_impl.cc(1666)] 		WebLocalFrame::SetRoutingID. routing_id = 13
[32368:32368:0814/033646.821034:INFO:frame_tree.cc(218)] 	 enter FrameTree::AddFrame: , 13, 12, 
[32368:32368:0814/033646.836116:INFO:switcher_host_impl.cc(127)] >>> [Key] add a new principal. [cid, principal, url, frame_id] = 3, 3:13_https://s.yimg.com/, https://s.yimg.com/, 12
[32368:32368:0814/033646.836176:INFO:frame_tree_node.cc(349)] 	FrameTreeNode::SetCurrentOrigin. [frameid, routingid, origin, url] = 12, 13, https://s.yimg.com/, https://s.yimg.com
[1:1:0814/033646.863220:INFO:script_loader.cc(852)]  $$$ [Script] ScriptLoader::ExecuteScriptBlock. task_id, url is 2506 0x7fc402b768b0 0x129135d0bfe0 , "https://s.yimg.com/rq/darla/3-15-0/html/r-sf.html"
[1:1:0814/033646.887903:INFO:html_tree_builder.cc(780)] >>> [renderer][DOM] receive <iframe>
[32368:32368:0814/033646.890439:INFO:render_frame_host_impl.cc(1417)] 	 enter RenderFrameHostImpl::OnCreateChildFrame
[1:1:0814/033646.891660:INFO:render_frame_impl.cc(1477)] 	RenderFrameImpl::Initialize. 14, 0x129135ea3820
[1:1:0814/033646.891805:INFO:web_local_frame_impl.cc(1666)] 		WebLocalFrame::SetRoutingID. routing_id = 14
[32368:32368:0814/033646.893607:INFO:frame_tree.cc(218)] 	 enter FrameTree::AddFrame: aswift_0, 14, 13, 
[32368:32368:0814/033646.915619:INFO:switcher_host_impl.cc(127)] >>> [Key] add a new principal. [cid, principal, url, frame_id] = 3, 3:14_https://s.yimg.com/, https://s.yimg.com/, 13
[32368:32368:0814/033646.915726:INFO:frame_tree_node.cc(349)] 	FrameTreeNode::SetCurrentOrigin. [frameid, routingid, origin, url] = 13, 14, https://s.yimg.com/, https://s.yimg.com
[32368:32368:0814/033646.923473:WARNING:render_frame_host_impl.cc(414)] InterfaceRequest was dropped, the document is no longer active: content::mojom::RendererAudioOutputStreamFactory
[1:1:0814/033646.939767:INFO:render_frame_impl.cc(1477)] 	RenderFrameImpl::Initialize. 15, 0x129135ea4220
[1:1:0814/033646.939904:INFO:web_local_frame_impl.cc(1666)] 		WebLocalFrame::SetRoutingID. routing_id = 15
[32368:32368:0814/033646.943499:INFO:render_frame_host_impl.cc(1417)] 	 enter RenderFrameHostImpl::OnCreateChildFrame
[32368:32368:0814/033646.946779:INFO:frame_tree.cc(218)] 	 enter FrameTree::AddFrame: google_esf, 15, 14, 
[1:1:0814/033646.947381:INFO:render_frame_impl.cc(7018)] >>> [renderer][DOM] RenderFrameImpl::BeginNavigation
[1:1:0814/033646.947506:INFO:render_frame_impl.cc(7019)] 	 [url] = https://s.yimg.com
[32368:32368:0814/033646.954191:INFO:render_frame_host_impl.cc(3108)] >>> [broswer][navigation] RenderFrameHostImpl::BeginNavigation. ID from switcher is 3:6_https://s.yimg.com/
[1:1:0814/033646.961837:INFO:script_loader.cc(852)]  $$$ [Script] ScriptLoader::ExecuteScriptBlock. task_id, url is 2510 0x7fc402b768b0 0x1291302ebbe0 , "https://s.yimg.com/rq/darla/3-15-0/html/r-sf.html"
[32368:32368:0814/033646.979208:INFO:navigation_url_loader_network_service.cc(1293)] 	 enter NavigationURLLoaderNetworkService::OnReceiveResponse
[32368:32368:0814/033646.979731:INFO:navigation_handle_impl.cc(765)] 	 enter NavigationHandleImpl::WillProcessResponse
[32368:32368:0814/033646.981998:INFO:render_frame_host_impl.cc(3699)] >>> RenderFrameHostImpl::CommitNavigation https://googleads.g.doubleclick.net/
[32368:32368:0814/033646.982056:INFO:switcher_host_impl.cc(127)] >>> [Key] add a new principal. [cid, principal, url, frame_id] = 3, 3:15_https://googleads.g.doubleclick.net/, https://googleads.g.doubleclick.net/pagead/html/r20190807/r20190131/zrt_lookup.html#, 14
[32368:32368:0814/033646.982118:INFO:render_frame_host_impl.cc(3718)] >>>	[site, common.url, headers] = 3:15_https://googleads.g.doubleclick.net/, HTTP/1.1 200 status:200 p3p:policyref="https://googleads.g.doubleclick.net/pagead/gcn_p3p_.xml", CP="CURa ADMa DEVa TAIo PSAo PSDo OUR IND UNI PUR INT DEM STA PRE COM NAV OTC NOI DSP COR" timing-allow-origin:* vary:Accept-Encoding date:Thu, 08 Aug 2019 17:29:39 GMT expires:Thu, 22 Aug 2019 17:29:39 GMT content-type:text/html; charset=UTF-8 etag:4817175036427020965 x-content-type-options:nosniff content-encoding:gzip server:cafe content-length:7274 x-xss-protection:0 cache-control:public, max-age=1209600 age:324526 alt-svc:quic="googleads.g.doubleclick.net:443"; ma=2592000; v="46,43,39",quic=":443"; ma=2592000; v="46,43,39"  ,32412, 3
[32368:32378:0814/033646.983556:INFO:interface_endpoint_client.cc(447)] >>> [Frame] get kURLLoader_ProceedWithResponse_Name. [pid, routing_id] = 3, 15
[32368:32378:0814/033646.983610:INFO:mojo_async_resource_handler.cc(459)] >>> [IPC] MojoAsyncResourceHandler::ProceedWithResponse konws [cid, routing_id]: 3, 15, HandleIncomingMessage, HandleIncomingMessage
[1:7:0814/033646.984193:INFO:ipc_mojo_bootstrap.cc(809)] >>> [IPC] Accept. post a task to AcceptOnProxyThread
[32368:32368:0814/033647.005470:INFO:render_frame_host_impl.cc(1417)] 	 enter RenderFrameHostImpl::OnCreateChildFrame
[1:1:0814/033647.006619:INFO:render_frame_impl.cc(1477)] 	RenderFrameImpl::Initialize. 16, 0x1291361a3020
[1:1:0814/033647.006777:INFO:web_local_frame_impl.cc(1666)] 		WebLocalFrame::SetRoutingID. routing_id = 16
[32368:32368:0814/033647.007602:INFO:frame_tree.cc(218)] 	 enter FrameTree::AddFrame: , 16, 15, 
[32368:32368:0814/033647.028986:INFO:switcher_host_impl.cc(127)] >>> [Key] add a new principal. [cid, principal, url, frame_id] = 3, 3:16_https://s.yimg.com/, https://s.yimg.com/, 15
[32368:32368:0814/033647.029058:INFO:frame_tree_node.cc(349)] 	FrameTreeNode::SetCurrentOrigin. [frameid, routingid, origin, url] = 15, 16, https://s.yimg.com/, https://s.yimg.com
[1:1:0814/033647.046855:INFO:script_loader.cc(852)]  $$$ [Script] ScriptLoader::ExecuteScriptBlock. task_id, url is 2510 0x7fc402b768b0 0x1291302ebbe0 , "https://s.yimg.com/rq/darla/3-15-0/html/r-sf.html"
[1:1:0814/033647.065893:INFO:html_tree_builder.cc(780)] >>> [renderer][DOM] receive <iframe>
[32368:32368:0814/033647.067017:INFO:render_frame_host_impl.cc(1417)] 	 enter RenderFrameHostImpl::OnCreateChildFrame
[1:1:0814/033647.068093:INFO:render_frame_impl.cc(1477)] 	RenderFrameImpl::Initialize. 17, 0x1291361a3a20
[1:1:0814/033647.068222:INFO:web_local_frame_impl.cc(1666)] 		WebLocalFrame::SetRoutingID. routing_id = 17
[32368:32368:0814/033647.068793:INFO:frame_tree.cc(218)] 	 enter FrameTree::AddFrame: aswift_0, 17, 16, 
[32368:32368:0814/033647.082864:INFO:switcher_host_impl.cc(127)] >>> [Key] add a new principal. [cid, principal, url, frame_id] = 3, 3:17_https://s.yimg.com/, https://s.yimg.com/, 16
[32368:32368:0814/033647.082937:INFO:frame_tree_node.cc(349)] 	FrameTreeNode::SetCurrentOrigin. [frameid, routingid, origin, url] = 16, 17, https://s.yimg.com/, https://s.yimg.com
[1:1:0814/033647.184887:INFO:html_parser_scheduler.cc(81)]  $$$ [TASK] HTMLParserScheduler::ScheduleForUnpause -> HTMLParserScheduler::ContinueParsing
[1:1:0814/033647.193277:INFO:script_loader.cc(852)]  $$$ [Script] ScriptLoader::ExecuteScriptBlock. task_id, url is 2558, "https://tag.idsync.analytics.yahoo.com/sp-frame.html?referrer=https%3A%2F%2Fsg.yahoo.com%2F%3Fp%3Dus"
[1:1:0814/033647.216885:INFO:html_parser_scheduler.cc(158)]  $$$ [TASK] HTMLParserScheduler::ContinueParsing
[1:1:0814/033647.217019:INFO:html_document_parser.cc(272)] >>> HTMLDocumentParser::ResumeParsingAfterYield. url is "https://s.yimg.com/ja/ap/ssp_cookie_sync/apac.html"
[1:1:0814/033647.218593:INFO:script_loader.cc(852)]  $$$ [Script] ScriptLoader::ExecuteScriptBlock. task_id, url is 2575 0x7fc400c50070 0x129135b9efe0 , "https://s.yimg.com/ja/ap/ssp_cookie_sync/apac.html"
[32368:32368:0814/033647.221912:INFO:render_frame_host_impl.cc(1417)] 	 enter RenderFrameHostImpl::OnCreateChildFrame
[1:1:0814/033647.222958:INFO:render_frame_impl.cc(1477)] 	RenderFrameImpl::Initialize. 18, 0x129135d0da20
[1:1:0814/033647.223109:INFO:web_local_frame_impl.cc(1666)] 		WebLocalFrame::SetRoutingID. routing_id = 18
[32368:32368:0814/033647.224182:INFO:frame_tree.cc(218)] 	 enter FrameTree::AddFrame: , 18, 17, 
[1:1:0814/033647.229773:INFO:render_frame_impl.cc(7018)] >>> [renderer][DOM] RenderFrameImpl::BeginNavigation
[1:1:0814/033647.229930:INFO:render_frame_impl.cc(7019)] 	 [url] = https://s.yimg.com
[32368:32368:0814/033647.230478:INFO:render_frame_host_impl.cc(3108)] >>> [broswer][navigation] RenderFrameHostImpl::BeginNavigation. ID from switcher is 3:11_https://s.yimg.com/
[1:1:0814/033647.248499:INFO:ipc_mojo_bootstrap.cc(894)] ### [Switcher][kFrameNavigationControl_CommitNavigation_Name] get additional field: 3:12_https://ads.pubmatic.com/
[32368:32368:0814/033647.259186:INFO:navigation_url_loader_network_service.cc(1293)] 	 enter NavigationURLLoaderNetworkService::OnReceiveResponse
[32368:32368:0814/033647.259638:INFO:navigation_handle_impl.cc(765)] 	 enter NavigationHandleImpl::WillProcessResponse
[32368:32378:0814/033647.261310:INFO:interface_endpoint_client.cc(447)] >>> [Frame] get kURLLoader_ProceedWithResponse_Name. [pid, routing_id] = 3, 18
[32368:32378:0814/033647.261371:INFO:mojo_async_resource_handler.cc(459)] >>> [IPC] MojoAsyncResourceHandler::ProceedWithResponse konws [cid, routing_id]: 3, 18, HandleIncomingMessage, HandleIncomingMessage
[32368:32368:0814/033647.261392:INFO:render_frame_host_impl.cc(3699)] >>> RenderFrameHostImpl::CommitNavigation https://ads.pubmatic.com/
[32368:32368:0814/033647.261428:INFO:switcher_host_impl.cc(127)] >>> [Key] add a new principal. [cid, principal, url, frame_id] = 3, 3:18_https://ads.pubmatic.com/, https://ads.pubmatic.com/AdServer/js/user_sync.html?p=156107&s=176446&predirect=https%3A%2F%2Fpr-bh.ybp.yahoo.com%2Fsync%2Fpubmatic%2F, 17
[32368:32368:0814/033647.261485:INFO:render_frame_host_impl.cc(3718)] >>>	[site, common.url, headers] = 3:18_https://ads.pubmatic.com/, HTTP/1.1 200 OK Last-Modified: Fri, 26 Jul 2019 09:40:01 GMT Cache-Control: max-age=63945 Expires: Tue, 13 Aug 2019 05:24:10 GMT Date: Mon, 12 Aug 2019 11:38:25 GMT ETag: "1300708-26ca-58e92538a370a" Server: Apache/2.2.15 (CentOS) Accept-Ranges: bytes Content-Encoding: gzip P3P: CP="NOI DSP COR LAW CUR ADMo DEVo TAIo PSAo PSDo IVAo IVDo HISo OTPo OUR SAMo BUS UNI COM NAV INT DEM CNT STA PRE LOC", CP="NOI DSP COR LAW CUR ADMo DEVo TAIo PSAo PSDo IVAo IVDo HISo OTPo OUR SAMo BUS UNI COM NAV INT DEM CNT STA PRE LOC" Content-Length: 3860 Content-Type: text/html; charset=UTF-8 Vary: Accept-Encoding  ,32412, 3
[1:1:0814/033647.263049:INFO:script_loader.cc(852)]  $$$ [Script] ScriptLoader::ExecuteScriptBlock. task_id, url is 2595, "https://s.yimg.com/rq/darla/3-15-0/html/r-sf.html"
[1:7:0814/033647.263446:INFO:ipc_mojo_bootstrap.cc(809)] >>> [IPC] Accept. post a task to AcceptOnProxyThread
[1:1:0814/033647.326705:INFO:ipc_mojo_bootstrap.cc(894)] ### [Switcher][kFrameNavigationControl_CommitNavigation_Name] get additional field: 3:15_https://googleads.g.doubleclick.net/
[1:1:0814/033647.404178:INFO:html_parser_scheduler.cc(158)]  $$$ [TASK] HTMLParserScheduler::ContinueParsing
[1:1:0814/033647.404348:INFO:html_document_parser.cc(272)] >>> HTMLDocumentParser::ResumeParsingAfterYield. url is "https://s.yimg.com/rq/darla/3-15-0/html/r-sf.html"
[1:1:0814/033647.416086:INFO:script_loader.cc(852)]  $$$ [Script] ScriptLoader::ExecuteScriptBlock. task_id, url is 2751 0x7fc4172d7080 0x1291358e9b00 1 0 0x1291358e9b18 , "https://s.yimg.com/rq/darla/3-15-0/html/r-sf.html"
[32368:32368:0814/033647.588154:INFO:render_frame_host_impl.cc(1417)] 	 enter RenderFrameHostImpl::OnCreateChildFrame
[1:1:0814/033647.589254:INFO:render_frame_impl.cc(1477)] 	RenderFrameImpl::Initialize. 19, 0x1291361a4420
[1:1:0814/033647.589409:INFO:web_local_frame_impl.cc(1666)] 		WebLocalFrame::SetRoutingID. routing_id = 19
[32368:32368:0814/033647.590515:INFO:frame_tree.cc(218)] 	 enter FrameTree::AddFrame: , 19, 18, 
[32368:32368:0814/033647.603278:INFO:switcher_host_impl.cc(127)] >>> [Key] add a new principal. [cid, principal, url, frame_id] = 3, 3:19_https://s.yimg.com/, https://s.yimg.com/, 18
[32368:32368:0814/033647.603344:INFO:frame_tree_node.cc(349)] 	FrameTreeNode::SetCurrentOrigin. [frameid, routingid, origin, url] = 18, 19, https://s.yimg.com/, https://s.yimg.com
[1:1:0814/033647.815329:INFO:script_loader.cc(852)]  $$$ [Script] ScriptLoader::ExecuteScriptBlock. task_id, url is 2758 0x7fc400fb8bd0 0x129135344058 , "https://s.yimg.com/rq/darla/3-15-0/html/r-sf.html"
[32368:32368:0814/033647.894957:INFO:render_frame_host_impl.cc(1417)] 	 enter RenderFrameHostImpl::OnCreateChildFrame
[1:1:0814/033647.895991:INFO:render_frame_impl.cc(1477)] 	RenderFrameImpl::Initialize. 20, 0x129135d0f820
[1:1:0814/033647.896115:INFO:web_local_frame_impl.cc(1666)] 		WebLocalFrame::SetRoutingID. routing_id = 20
[32368:32368:0814/033647.896689:INFO:frame_tree.cc(218)] 	 enter FrameTree::AddFrame: , 20, 19, 
[32368:32368:0814/033647.910870:INFO:switcher_host_impl.cc(127)] >>> [Key] add a new principal. [cid, principal, url, frame_id] = 3, 3:20_https://s.yimg.com/, https://s.yimg.com/, 19
[32368:32368:0814/033647.910953:INFO:frame_tree_node.cc(349)] 	FrameTreeNode::SetCurrentOrigin. [frameid, routingid, origin, url] = 19, 20, https://s.yimg.com/, https://s.yimg.com
[32368:32368:0814/033648.081954:INFO:switcher_host_impl.cc(127)] >>> [Key] add a new principal. [cid, principal, url, frame_id] = 3, 3:12_https://ads.pubmatic.com/, https://ads.pubmatic.com/, 11
[32368:32368:0814/033648.082017:INFO:frame_tree_node.cc(349)] 	FrameTreeNode::SetCurrentOrigin. [frameid, routingid, origin, url] = 11, 12, https://ads.pubmatic.com/, https://ads.pubmatic.com
[1:1:0814/033648.083449:INFO:html_document_parser.cc(1203)]  $$$ [TASK] HTMLDocumentParser::AppendBytes -> BackgroundHTMLParser::AppendRawBytesFromMainThread
[1:1:0814/033648.088798:INFO:ipc_mojo_bootstrap.cc(894)] ### [Switcher][kFrameNavigationControl_CommitNavigation_Name] get additional field: 3:18_https://ads.pubmatic.com/
[1:1:0814/033648.100552:INFO:html_parser_scheduler.cc(81)]  $$$ [TASK] HTMLParserScheduler::ScheduleForUnpause -> HTMLParserScheduler::ContinueParsing
[1:1:0814/033648.108335:INFO:script_loader.cc(852)]  $$$ [Script] ScriptLoader::ExecuteScriptBlock. task_id, url is 2819 0x7fc402b768b0 0x129130673960 , "https://s.yimg.com/rq/darla/3-15-0/html/r-sf.html"
[1:1:0814/033648.110216:INFO:script_loader.cc(852)]  $$$ [Script] ScriptLoader::ExecuteScriptBlock. task_id, url is 2820 0x7fc402b768b0 0x129130675660 , "https://s.yimg.com/rq/darla/3-15-0/html/r-sf.html"
[1:1:0814/033648.146615:INFO:html_document_parser.cc(1203)]  $$$ [TASK] HTMLDocumentParser::AppendBytes -> BackgroundHTMLParser::AppendRawBytesFromMainThread
[32368:32368:0814/033648.147643:INFO:switcher_host_impl.cc(127)] >>> [Key] add a new principal. [cid, principal, url, frame_id] = 3, 3:15_https://googleads.g.doubleclick.net/, https://googleads.g.doubleclick.net/, 14
[32368:32368:0814/033648.147716:INFO:frame_tree_node.cc(349)] 	FrameTreeNode::SetCurrentOrigin. [frameid, routingid, origin, url] = 14, 15, https://googleads.g.doubleclick.net/, https://googleads.g.doubleclick.net
[1:1:0814/033648.153237:INFO:script_loader.cc(852)]  $$$ [Script] ScriptLoader::ExecuteScriptBlock. task_id, url is 2849 0x7fc402b768b0 0x1291306769e0 , "https://s.yimg.com/rq/darla/3-15-0/html/r-sf.html"
[1:1:0814/033648.155165:INFO:script_loader.cc(852)]  $$$ [Script] ScriptLoader::ExecuteScriptBlock. task_id, url is 2850 0x7fc402b768b0 0x1291306727e0 , "https://s.yimg.com/rq/darla/3-15-0/html/r-sf.html"
[1:1:0814/033648.290421:INFO:html_parser_scheduler.cc(81)]  $$$ [TASK] HTMLParserScheduler::ScheduleForUnpause -> HTMLParserScheduler::ContinueParsing
[32368:32368:0814/033648.313878:INFO:switcher_host_impl.cc(127)] >>> [Key] add a new principal. [cid, principal, url, frame_id] = 3, 3:18_https://ads.pubmatic.com/, https://ads.pubmatic.com/, 17
[32368:32368:0814/033648.313958:INFO:frame_tree_node.cc(349)] 	FrameTreeNode::SetCurrentOrigin. [frameid, routingid, origin, url] = 17, 18, https://ads.pubmatic.com/, https://ads.pubmatic.com
[1:1:0814/033648.315879:INFO:html_document_parser.cc(1203)]  $$$ [TASK] HTMLDocumentParser::AppendBytes -> BackgroundHTMLParser::AppendRawBytesFromMainThread
[1:1:0814/033648.319377:INFO:html_parser_scheduler.cc(158)]  $$$ [TASK] HTMLParserScheduler::ContinueParsing
[1:1:0814/033648.319543:INFO:html_document_parser.cc(272)] >>> HTMLDocumentParser::ResumeParsingAfterYield. url is "https://s.yimg.com/rq/darla/3-15-0/html/r-sf.html"
[1:1:0814/033648.339115:INFO:html_parser_scheduler.cc(81)]  $$$ [TASK] HTMLParserScheduler::ScheduleForUnpause -> HTMLParserScheduler::ContinueParsing
[1:1:0814/033648.463610:INFO:html_parser_scheduler.cc(158)]  $$$ [TASK] HTMLParserScheduler::ContinueParsing
[1:1:0814/033648.463786:INFO:html_document_parser.cc(272)] >>> HTMLDocumentParser::ResumeParsingAfterYield. url is "https://ads.pubmatic.com/AdServer/js/user_sync.html?p=156107&s=176446&predirect=https%3A%2F%2Fpr-bh.ybp.yahoo.com%2Fsync%2Fpubmatic%2F"
[1:1:0814/033648.465170:INFO:script_loader.cc(852)]  $$$ [Script] ScriptLoader::ExecuteScriptBlock. task_id, url is 3149 0x7fc400c50070 0x1291307c5860 , "https://ads.pubmatic.com/AdServer/js/user_sync.html?p=156107&s=176446&predirect=https%3A%2F%2Fpr-bh.ybp.yahoo.com%2Fsync%2Fpubmatic%2F"
[1:1:0814/033648.475825:INFO:html_tree_builder.cc(780)] >>> [renderer][DOM] receive <iframe>
[32368:32368:0814/033648.476554:INFO:render_frame_host_impl.cc(1417)] 	 enter RenderFrameHostImpl::OnCreateChildFrame
[1:1:0814/033648.477610:INFO:render_frame_impl.cc(1477)] 	RenderFrameImpl::Initialize. 21, 0x129135d0d020
[1:1:0814/033648.477736:INFO:web_local_frame_impl.cc(1666)] 		WebLocalFrame::SetRoutingID. routing_id = 21
[32368:32368:0814/033648.479425:INFO:frame_tree.cc(218)] 	 enter FrameTree::AddFrame: , 21, 20, 
[1:1:0814/033648.484833:INFO:render_frame_impl.cc(7018)] >>> [renderer][DOM] RenderFrameImpl::BeginNavigation
[1:1:0814/033648.484991:INFO:render_frame_impl.cc(7019)] 	 [url] = https://ads.pubmatic.com
[32368:32368:0814/033648.492341:INFO:render_frame_host_impl.cc(3108)] >>> [broswer][navigation] RenderFrameHostImpl::BeginNavigation. ID from switcher is 3:12_https://ads.pubmatic.com/
[1:1:0814/033648.505177:INFO:html_parser_scheduler.cc(81)]  $$$ [TASK] HTMLParserScheduler::ScheduleForUnpause -> HTMLParserScheduler::ContinueParsing
[1:1:0814/033648.541629:INFO:html_parser_scheduler.cc(158)]  $$$ [TASK] HTMLParserScheduler::ContinueParsing
[1:1:0814/033648.541792:INFO:html_document_parser.cc(272)] >>> HTMLDocumentParser::ResumeParsingAfterYield. url is "https://googleads.g.doubleclick.net/pagead/html/r20190807/r20190131/zrt_lookup.html#"
[1:1:0814/033648.543003:INFO:script_loader.cc(852)]  $$$ [Script] ScriptLoader::ExecuteScriptBlock. task_id, url is 3181 0x7fc400c50070 0x129130b19d60 , "https://googleads.g.doubleclick.net/pagead/html/r20190807/r20190131/zrt_lookup.html#"
[32368:32368:0814/033648.546787:INFO:navigation_url_loader_network_service.cc(1293)] 	 enter NavigationURLLoaderNetworkService::OnReceiveResponse
[32368:32368:0814/033648.547463:INFO:navigation_handle_impl.cc(765)] 	 enter NavigationHandleImpl::WillProcessResponse
[32368:32368:0814/033648.550717:INFO:render_frame_host_impl.cc(3699)] >>> RenderFrameHostImpl::CommitNavigation https://ads.pubmatic.com/
[32368:32368:0814/033648.550783:INFO:switcher_host_impl.cc(127)] >>> [Key] add a new principal. [cid, principal, url, frame_id] = 3, 3:21_https://ads.pubmatic.com/, https://ads.pubmatic.com/AdServer/js/showad.js#PIX&kdntuid=1&SPug=true&p=156107&s=176446&predirect=https%3A%2F%2Fpr-bh.ybp.yahoo.com%2Fsync%2Fpubmatic%2F&it=0&gdpr=0&np=0, 20
[32368:32368:0814/033648.550870:INFO:render_frame_host_impl.cc(3718)] >>>	[site, common.url, headers] = 3:21_https://ads.pubmatic.com/, HTTP/1.1 200 OK Server: Apache/2.2.15 (CentOS) ETag: "13006b6-9bf6-58e925294ef26" Set-Cookie: KTPCACOOKIE=YES; domain=.pubmatic.com; path=/; max-age=7776000; Last-Modified: Fri, 26 Jul 2019 09:39:45 GMT Accept-Ranges: bytes Content-Encoding: gzip P3P: CP="NOI DSP COR LAW CUR ADMo DEVo TAIo PSAo PSDo IVAo IVDo HISo OTPo OUR SAMo BUS UNI COM NAV INT DEM CNT STA PRE LOC", CP="NOI DSP COR LAW CUR ADMo DEVo TAIo PSAo PSDo IVAo IVDo HISo OTPo OUR SAMo BUS UNI COM NAV INT DEM CNT STA PRE LOC" Content-Length: 14898 Content-Type: text/html; charset=UTF-8 Cache-Control: public, max-age=101918 Expires: Tue, 13 Aug 2019 15:57:05 GMT Date: Mon, 12 Aug 2019 11:38:27 GMT Connection: keep-alive Vary: Accept-Encoding  ,32412, 3
[32368:32378:0814/033648.553005:INFO:interface_endpoint_client.cc(447)] >>> [Frame] get kURLLoader_ProceedWithResponse_Name. [pid, routing_id] = 3, 21
