[1:1:0814/023759.491100:INFO:script_loader.cc(852)]  $$$ [Script] ScriptLoader::ExecuteScriptBlock. task_id, url is 1778 0x7f2c3de1a8b0 0x8757359ad60 , "https://sg.yahoo.com/?p=us"
[1:1:0814/023759.495997:INFO:script_loader.cc(852)]  $$$ [Script] ScriptLoader::ExecuteScriptBlock. task_id, url is 1780 0x7f2c3de1a8b0 0x87573c7a2e0 , "https://sg.yahoo.com/?p=us"
[1:1:0814/023759.497639:INFO:script_loader.cc(852)]  $$$ [Script] ScriptLoader::ExecuteScriptBlock. task_id, url is 1781 0x7f2c3de1a8b0 0x8756e7817e0 , "https://sg.yahoo.com/?p=us"
[1:1:0814/023759.503091:INFO:script_loader.cc(852)]  $$$ [Script] ScriptLoader::ExecuteScriptBlock. task_id, url is 1785 0x7f2c3de1a8b0 0x87573cadae0 , "https://sg.yahoo.com/?p=us"
[6887:6887:0814/023759.503350:INFO:CONSOLE(21)] "darla csc writer, potential invalid html content", source: https://s.yimg.com/rq/darla/3-15-0/html/r-csc.html (21)
[1:1:0814/023759.513129:INFO:script_loader.cc(852)]  $$$ [Script] ScriptLoader::ExecuteScriptBlock. task_id, url is 1800 0x7f2c3de1a8b0 0x87572bef960 , "https://sg.yahoo.com/?p=us"
[1:1:0814/023759.518704:INFO:script_loader.cc(852)]  $$$ [Script] ScriptLoader::ExecuteScriptBlock. task_id, url is 1805 0x7f2c3de1a8b0 0x87573159460 , "https://sg.yahoo.com/?p=us"
[1:1:0814/023759.526173:INFO:script_loader.cc(852)]  $$$ [Script] ScriptLoader::ExecuteScriptBlock. task_id, url is 1810 0x7f2c3de1a8b0 0x87572cbdee0 , "https://sg.yahoo.com/?p=us"
[1:1:0814/023759.531813:INFO:script_loader.cc(852)]  $$$ [Script] ScriptLoader::ExecuteScriptBlock. task_id, url is 1815 0x7f2c3de1a8b0 0x875738f4060 , "https://sg.yahoo.com/?p=us"
[1:1:0814/023759.715297:INFO:script_loader.cc(852)]  $$$ [Script] ScriptLoader::ExecuteScriptBlock. task_id, url is 1962 0x7f2c3de1a8b0 0x875740c5ae0 , "https://sg.yahoo.com/?p=us"
[1:1:0814/023759.717328:INFO:script_loader.cc(852)]  $$$ [Script] ScriptLoader::ExecuteScriptBlock. task_id, url is 1963 0x7f2c3de1a8b0 0x875738f48e0 , "https://sg.yahoo.com/?p=us"
[1:1:0814/023759.721563:INFO:script_loader.cc(852)]  $$$ [Script] ScriptLoader::ExecuteScriptBlock. task_id, url is 1965 0x7f2c3de1a8b0 0x87572eded60 , "https://sg.yahoo.com/?p=us"
[1:1:0814/023759.723357:INFO:script_loader.cc(852)]  $$$ [Script] ScriptLoader::ExecuteScriptBlock. task_id, url is 1966 0x7f2c3de1a8b0 0x875743a4260 , "https://sg.yahoo.com/?p=us"
[1:1:0814/023759.726175:INFO:script_loader.cc(852)]  $$$ [Script] ScriptLoader::ExecuteScriptBlock. task_id, url is 1968 0x7f2c3de1a8b0 0x875727768e0 , "https://sg.yahoo.com/?p=us"
[1:1:0814/023759.727875:INFO:script_loader.cc(852)]  $$$ [Script] ScriptLoader::ExecuteScriptBlock. task_id, url is 1969 0x7f2c3de1a8b0 0x87573b150e0 , "https://sg.yahoo.com/?p=us"
[1:1:0814/023759.731950:INFO:script_loader.cc(852)]  $$$ [Script] ScriptLoader::ExecuteScriptBlock. task_id, url is 1973 0x7f2c3de1a8b0 0x8756e7b8e60 , "https://sg.yahoo.com/?p=us"
[1:1:0814/023759.734700:INFO:script_loader.cc(852)]  $$$ [Script] ScriptLoader::ExecuteScriptBlock. task_id, url is 1974 0x7f2c3de1a8b0 0x87572a61de0 , "https://sg.yahoo.com/?p=us"
[1:1:0814/023759.738245:INFO:script_loader.cc(852)]  $$$ [Script] ScriptLoader::ExecuteScriptBlock. task_id, url is 1979 0x7f2c3de1a8b0 0x8757414e860 , "https://sg.yahoo.com/?p=us"
[1:1:0814/023759.741052:INFO:script_loader.cc(852)]  $$$ [Script] ScriptLoader::ExecuteScriptBlock. task_id, url is 1980 0x7f2c3de1a8b0 0x87572cc8e60 , "https://sg.yahoo.com/?p=us"
[1:1:0814/023759.743364:INFO:script_loader.cc(852)]  $$$ [Script] ScriptLoader::ExecuteScriptBlock. task_id, url is 1982 0x7f2c3de1a8b0 0x875735dd260 , "https://sg.yahoo.com/?p=us"
[1:1:0814/023759.745831:INFO:script_loader.cc(852)]  $$$ [Script] ScriptLoader::ExecuteScriptBlock. task_id, url is 1983 0x7f2c3de1a8b0 0x8757359c760 , "https://sg.yahoo.com/?p=us"
[1:1:0814/023759.748160:INFO:script_loader.cc(852)]  $$$ [Script] ScriptLoader::ExecuteScriptBlock. task_id, url is 1985 0x7f2c3de1a8b0 0x87573cad7e0 , "https://sg.yahoo.com/?p=us"
[1:1:0814/023759.751132:INFO:script_loader.cc(852)]  $$$ [Script] ScriptLoader::ExecuteScriptBlock. task_id, url is 1986 0x7f2c3de1a8b0 0x875743d07e0 , "https://sg.yahoo.com/?p=us"
[1:1:0814/023759.754173:INFO:script_loader.cc(852)]  $$$ [Script] ScriptLoader::ExecuteScriptBlock. task_id, url is 1989 0x7f2c3de1a8b0 0x875735df760 , "https://sg.yahoo.com/?p=us"
[1:1:0814/023759.756043:INFO:script_loader.cc(852)]  $$$ [Script] ScriptLoader::ExecuteScriptBlock. task_id, url is 1990 0x7f2c3de1a8b0 0x875743a46e0 , "https://sg.yahoo.com/?p=us"
[1:1:0814/023759.758353:INFO:script_loader.cc(852)]  $$$ [Script] ScriptLoader::ExecuteScriptBlock. task_id, url is 1992 0x7f2c3de1a8b0 0x875735982e0 , "https://sg.yahoo.com/?p=us"
[1:1:0814/023759.759947:INFO:script_loader.cc(852)]  $$$ [Script] ScriptLoader::ExecuteScriptBlock. task_id, url is 1993 0x7f2c3de1a8b0 0x875732bc0e0 , "https://sg.yahoo.com/?p=us"
[1:1:0814/023759.764133:INFO:script_loader.cc(852)]  $$$ [Script] ScriptLoader::ExecuteScriptBlock. task_id, url is 1997 0x7f2c3de1a8b0 0x875735dd8e0 , "https://sg.yahoo.com/?p=us"
[1:1:0814/023759.766126:INFO:script_loader.cc(852)]  $$$ [Script] ScriptLoader::ExecuteScriptBlock. task_id, url is 1998 0x7f2c3de1a8b0 0x8757414e660 , "https://sg.yahoo.com/?p=us"
[1:1:0814/023759.767670:INFO:script_loader.cc(852)]  $$$ [Script] ScriptLoader::ExecuteScriptBlock. task_id, url is 2000 0x7f2c3de1a8b0 0x8756e639ee0 , "https://sg.yahoo.com/?p=us"
[1:1:0814/023759.769531:INFO:script_loader.cc(852)]  $$$ [Script] ScriptLoader::ExecuteScriptBlock. task_id, url is 2001 0x7f2c3de1a8b0 0x8757391c8e0 , "https://sg.yahoo.com/?p=us"
[1:1:0814/023759.771918:INFO:script_loader.cc(852)]  $$$ [Script] ScriptLoader::ExecuteScriptBlock. task_id, url is 2003 0x7f2c3de1a8b0 0x875743a47e0 , "https://sg.yahoo.com/?p=us"
[1:1:0814/023759.774400:INFO:script_loader.cc(852)]  $$$ [Script] ScriptLoader::ExecuteScriptBlock. task_id, url is 2004 0x7f2c3de1a8b0 0x8757319f6e0 , "https://sg.yahoo.com/?p=us"
[1:1:0814/023759.776368:INFO:script_loader.cc(852)]  $$$ [Script] ScriptLoader::ExecuteScriptBlock. task_id, url is 2006 0x7f2c3de1a8b0 0x875740850e0 , "https://sg.yahoo.com/?p=us"
[1:1:0814/023759.777760:INFO:script_loader.cc(852)]  $$$ [Script] ScriptLoader::ExecuteScriptBlock. task_id, url is 2007 0x7f2c3de1a8b0 0x8757391c260 , "https://sg.yahoo.com/?p=us"
[6887:6887:0814/023759.793877:INFO:CONSOLE(14)] "yui: NOT loaded: videoplayer", source: https://s.yimg.com/zz/combo?yui:/3.18.0/yui/yui-min.js (14)
[6887:6887:0814/023759.794840:INFO:CONSOLE(14)] "yui: NOT loaded: td-applet-storyswarm-atomic-templates-list.tumblr", source: https://s.yimg.com/zz/combo?yui:/3.18.0/yui/yui-min.js (14)
[6887:6887:0814/023759.957011:INFO:CONSOLE(14)] "yui: NOT loaded: videoplayer", source: https://s.yimg.com/zz/combo?yui:/3.18.0/yui/yui-min.js (14)
[6887:6887:0814/023759.961089:INFO:CONSOLE(14)] "yui: NOT loaded: videoplayer", source: https://s.yimg.com/zz/combo?yui:/3.18.0/yui/yui-min.js (14)
[6887:6887:0814/023759.967448:INFO:CONSOLE(14)] "yui: NOT loaded: td-applet-storyswarm-atomic-templates-list.tumblr", source: https://s.yimg.com/zz/combo?yui:/3.18.0/yui/yui-min.js (14)
[1:1:0814/023759.972969:INFO:script_loader.cc(852)]  $$$ [Script] ScriptLoader::ExecuteScriptBlock. task_id, url is 2008, "https://s.yimg.com/rq/darla/3-15-0/html/r-csc.html"
[6887:6887:0814/023759.978697:INFO:render_frame_host_impl.cc(1417)] 	 enter RenderFrameHostImpl::OnCreateChildFrame
[1:1:0814/023759.979630:INFO:render_frame_impl.cc(1477)] 	RenderFrameImpl::Initialize. 9, 0x8756e641220
[1:1:0814/023759.979739:INFO:web_local_frame_impl.cc(1666)] 		WebLocalFrame::SetRoutingID. routing_id = 9
[6887:6887:0814/023759.980640:INFO:frame_tree.cc(218)] 	 enter FrameTree::AddFrame: , 9, 8, 
[1:1:0814/023759.985597:INFO:render_frame_impl.cc(7018)] >>> [renderer][DOM] RenderFrameImpl::BeginNavigation
[1:1:0814/023759.985771:INFO:render_frame_impl.cc(7019)] 	 [url] = https://s.yimg.com
[6887:6887:0814/023759.986768:INFO:render_frame_host_impl.cc(3108)] >>> [broswer][navigation] RenderFrameHostImpl::BeginNavigation. ID from switcher is 3:4_https://s.yimg.com/
[6887:6887:0814/023800.042207:INFO:navigation_url_loader_network_service.cc(1293)] 	 enter NavigationURLLoaderNetworkService::OnReceiveResponse
[6887:6887:0814/023800.042586:INFO:navigation_handle_impl.cc(765)] 	 enter NavigationHandleImpl::WillProcessResponse
[6887:6897:0814/023800.044113:INFO:interface_endpoint_client.cc(447)] >>> [Frame] get kURLLoader_ProceedWithResponse_Name. [pid, routing_id] = 3, 9
[6887:6897:0814/023800.044160:INFO:mojo_async_resource_handler.cc(459)] >>> [IPC] MojoAsyncResourceHandler::ProceedWithResponse konws [cid, routing_id]: 3, 9, HandleIncomingMessage, HandleIncomingMessage
[6887:6887:0814/023800.044265:INFO:render_frame_host_impl.cc(3699)] >>> RenderFrameHostImpl::CommitNavigation https://tag.idsync.analytics.yahoo.com/
[6887:6887:0814/023800.044301:INFO:switcher_host_impl.cc(127)] >>> [Key] add a new principal. [cid, principal, url, frame_id] = 3, 3:9_https://tag.idsync.analytics.yahoo.com/, https://tag.idsync.analytics.yahoo.com/sp-frame.html?referrer=https%3A%2F%2Fsg.yahoo.com%2F%3Fp%3Dus, 8
[6887:6887:0814/023800.044372:INFO:render_frame_host_impl.cc(3718)] >>>	[site, common.url, headers] = 3:9_https://tag.idsync.analytics.yahoo.com/, HTTP/1.1 200 status:200 content-encoding:gzip content-type:text/html date:Mon, 12 Aug 2019 10:39:38 GMT etag:"9b27f08842ec1f21101a0bc4c5dba12e+gzip" last-modified:Thu, 08 Aug 2019 17:26:39 GMT server:ECS (sgb/C6E6) vary:Accept-Encoding x-amz-id-2:/jw3BeuK3VBRgbV7BwzdypkMPUTPb/nTEdYHO8NTh3oLxoyuUdYw5o+8NbVPrV32svKZnh17dBk= x-amz-request-id:33BD832464322143 x-amz-server-side-encryption:AES256 x-cache:HIT content-length:153  ,6931, 3
[1:7:0814/023800.046756:INFO:ipc_mojo_bootstrap.cc(809)] >>> [IPC] Accept. post a task to AcceptOnProxyThread
[1:1:0814/023800.130019:INFO:script_loader.cc(852)]  $$$ [Script] ScriptLoader::ExecuteScriptBlock. task_id, url is 2075, "https://s.yimg.com/rq/darla/3-15-0/html/r-sf.html"
[1:1:0814/023800.189541:INFO:event_target.cc(534)] !!!!!!!!!!!!!!!! RegisteredEventListener::SetCallback. 0x91bd6cd8ca8
[1:1:0814/023800.212496:INFO:script_loader.cc(852)]  $$$ [Script] ScriptLoader::ExecuteScriptBlock. task_id, url is 2075, "https://s.yimg.com/rq/darla/3-15-0/html/r-sf.html"
[1:1:0814/023800.213323:INFO:html_tree_builder.cc(780)] >>> [renderer][DOM] receive <iframe>
[1:1:0814/023800.216370:INFO:render_frame_impl.cc(1477)] 	RenderFrameImpl::Initialize. 10, 0x8757390a220
[6887:6887:0814/023800.216523:INFO:render_frame_host_impl.cc(1417)] 	 enter RenderFrameHostImpl::OnCreateChildFrame
[1:1:0814/023800.216566:INFO:web_local_frame_impl.cc(1666)] 		WebLocalFrame::SetRoutingID. routing_id = 10
[6887:6887:0814/023800.219542:INFO:frame_tree.cc(218)] 	 enter FrameTree::AddFrame: , 10, 9, 
[1:1:0814/023800.222964:INFO:render_frame_impl.cc(7018)] >>> [renderer][DOM] RenderFrameImpl::BeginNavigation
[1:1:0814/023800.223138:INFO:render_frame_impl.cc(7019)] 	 [url] = https://s.yimg.com
[1:1:0814/023800.227514:INFO:event_target.cc(534)] !!!!!!!!!!!!!!!! RegisteredEventListener::SetCallback. 0x91bd6cd8ca8
[6887:6887:0814/023800.230706:INFO:render_frame_host_impl.cc(3108)] >>> [broswer][navigation] RenderFrameHostImpl::BeginNavigation. ID from switcher is 3:6_https://s.yimg.com/
[1:1:0814/023800.238430:INFO:script_loader.cc(852)]  $$$ [Script] ScriptLoader::ExecuteScriptBlock. task_id, url is 2079, "https://s.yimg.com/rq/darla/3-15-0/html/r-sf.html"
[1:1:0814/023800.263529:INFO:event_target.cc(534)] !!!!!!!!!!!!!!!! RegisteredEventListener::SetCallback. 0x91bd6cdaac0
[1:1:0814/023800.277629:INFO:script_loader.cc(852)]  $$$ [Script] ScriptLoader::ExecuteScriptBlock. task_id, url is 2079, "https://s.yimg.com/rq/darla/3-15-0/html/r-sf.html"
[1:1:0814/023800.283006:INFO:event_target.cc(534)] !!!!!!!!!!!!!!!! RegisteredEventListener::SetCallback. 0x91bd6cdaac0
[6887:6887:0814/023800.409510:INFO:navigation_url_loader_network_service.cc(1293)] 	 enter NavigationURLLoaderNetworkService::OnReceiveResponse
[6887:6887:0814/023800.410165:INFO:navigation_handle_impl.cc(765)] 	 enter NavigationHandleImpl::WillProcessResponse
[6887:6897:0814/023800.412042:INFO:interface_endpoint_client.cc(447)] >>> [Frame] get kURLLoader_ProceedWithResponse_Name. [pid, routing_id] = 3, 10
[6887:6887:0814/023800.412044:INFO:render_frame_host_impl.cc(3699)] >>> RenderFrameHostImpl::CommitNavigation https://s.yimg.com/
[6887:6897:0814/023800.412098:INFO:mojo_async_resource_handler.cc(459)] >>> [IPC] MojoAsyncResourceHandler::ProceedWithResponse konws [cid, routing_id]: 3, 10, HandleIncomingMessage, HandleIncomingMessage
[6887:6887:0814/023800.412139:INFO:switcher_host_impl.cc(127)] >>> [Key] add a new principal. [cid, principal, url, frame_id] = 3, 3:10_https://s.yimg.com/, https://s.yimg.com/ja/ap/ssp_cookie_sync/apac.html, 9
[6887:6887:0814/023800.412196:INFO:render_frame_host_impl.cc(3718)] >>>	[site, common.url, headers] = 3:10_https://s.yimg.com/, HTTP/1.1 200 status:200 x-amz-id-2:/CxrRoItWimIAidXNRXvdeZL88oBCKvYE4MZgkJvjaSUHnnAJWxAbe1ozxXNWT/LtZlhYt8GKew= x-amz-request-id:A7378EEA8E506E76 date:Mon, 12 Aug 2019 01:50:52 GMT last-modified:Mon, 30 Apr 2018 16:10:55 GMT etag:"08dc3a26368ba18d7aa3f08b2f39a55b-df" x-amz-server-side-encryption:AES256 cache-control:max-age=86400,public x-amz-meta-created-date:Fri, 15 Sep 2017 22:03:21 GMT x-amz-meta-mbst-etag:"YM:1:249064fb-6bcc-4b95-ad2a-83d4eb1faf2a000559418fadbd30" x-amz-meta-x-ysws-mbst-vtime:1505513001827632 expires:Sat, 05 Sep 2026 00:00:00 GMT x-amz-meta-x-ysws-access:public accept-ranges:bytes content-type:text/html; charset=utf-8 server:ATS referrer-policy:no-referrer-when-downgrade vary:Origin, Accept-Encoding content-encoding:gzip content-length:415 age:31727 ats-carp-promotion:1 strict-transport-security:max-age=15552000 expect-ct:max-age=31536000, report-uri="http://csp.yahoo.com/beacon/csp?src=yahoocom-expect-ct-report-only" x-xss-protection:1; mode=block x-content-type-options:nosniff  ,6931, 3
[1:7:0814/023800.414234:INFO:ipc_mojo_bootstrap.cc(809)] >>> [IPC] Accept. post a task to AcceptOnProxyThread
[1:1:0814/023800.861705:INFO:ipc_mojo_bootstrap.cc(894)] ### [Switcher][kFrameNavigationControl_CommitNavigation_Name] get additional field: 3:9_https://tag.idsync.analytics.yahoo.com/
[1:1:0814/023800.868615:INFO:script_loader.cc(852)]  $$$ [Script] ScriptLoader::ExecuteScriptBlock. task_id, url is 2154 0x7f2c3c25cbd0 0x8757430afd8 , "https://s.yimg.com/rq/darla/3-15-0/html/r-sf.html"
[1:1:0814/023800.891837:INFO:event_target.cc(534)] !!!!!!!!!!!!!!!! RegisteredEventListener::SetCallback. 0x91bd6ca3358
[1:1:0814/023800.905052:INFO:script_loader.cc(852)]  $$$ [Script] ScriptLoader::ExecuteScriptBlock. task_id, url is 2154 0x7f2c3c25cbd0 0x8757430afd8 , "https://s.yimg.com/rq/darla/3-15-0/html/r-sf.html"
[1:1:0814/023800.905907:INFO:html_tree_builder.cc(780)] >>> [renderer][DOM] receive <iframe>
[6887:6887:0814/023800.906949:INFO:render_frame_host_impl.cc(1417)] 	 enter RenderFrameHostImpl::OnCreateChildFrame
[1:1:0814/023800.908045:INFO:render_frame_impl.cc(1477)] 	RenderFrameImpl::Initialize. 11, 0x87573907a20
[1:1:0814/023800.908166:INFO:web_local_frame_impl.cc(1666)] 		WebLocalFrame::SetRoutingID. routing_id = 11
[6887:6887:0814/023800.908623:INFO:frame_tree.cc(218)] 	 enter FrameTree::AddFrame: , 11, 10, 
[1:1:0814/023800.915787:INFO:render_frame_impl.cc(7018)] >>> [renderer][DOM] RenderFrameImpl::BeginNavigation
[1:1:0814/023800.915917:INFO:render_frame_impl.cc(7019)] 	 [url] = https://s.yimg.com
[6887:6887:0814/023800.917442:INFO:render_frame_host_impl.cc(3108)] >>> [broswer][navigation] RenderFrameHostImpl::BeginNavigation. ID from switcher is 3:6_https://s.yimg.com/
[1:1:0814/023800.921818:INFO:event_target.cc(534)] !!!!!!!!!!!!!!!! RegisteredEventListener::SetCallback. 0x91bd6ca3358
[1:1:0814/023800.935972:INFO:script_loader.cc(852)]  $$$ [Script] ScriptLoader::ExecuteScriptBlock. task_id, url is 2179 0x7f2c3c25cbd0 0x87572e303d8 , "https://s.yimg.com/rq/darla/3-15-0/html/r-sf.html"
[1:1:0814/023800.963840:INFO:event_target.cc(534)] !!!!!!!!!!!!!!!! RegisteredEventListener::SetCallback. 0x91bd6ca5170
[1:1:0814/023800.980842:INFO:script_loader.cc(852)]  $$$ [Script] ScriptLoader::ExecuteScriptBlock. task_id, url is 2179 0x7f2c3c25cbd0 0x87572e303d8 , "https://s.yimg.com/rq/darla/3-15-0/html/r-sf.html"
[1:1:0814/023800.986511:INFO:event_target.cc(534)] !!!!!!!!!!!!!!!! RegisteredEventListener::SetCallback. 0x91bd6ca5170
[1:1:0814/023801.060568:INFO:ipc_mojo_bootstrap.cc(894)] ### [Switcher][kFrameNavigationControl_CommitNavigation_Name] get additional field: 3:10_https://s.yimg.com/
[1:1:0814/023801.118579:INFO:platform_thread_posix.cc(131)] >>> invoke pthread_create
[1:1:0814/023801.147246:INFO:platform_thread_posix.cc(131)] >>> invoke pthread_create
[6887:6887:0814/023801.162884:INFO:switcher_host_impl.cc(127)] >>> [Key] add a new principal. [cid, principal, url, frame_id] = 3, 3:9_https://tag.idsync.analytics.yahoo.com/, https://tag.idsync.analytics.yahoo.com/, 8
[6887:6887:0814/023801.162959:INFO:frame_tree_node.cc(349)] 	FrameTreeNode::SetCurrentOrigin. [frameid, routingid, origin, url] = 8, 9, https://tag.idsync.analytics.yahoo.com/, https://tag.idsync.analytics.yahoo.com
[1:1:0814/023801.183860:INFO:html_document_parser.cc(1203)]  $$$ [TASK] HTMLDocumentParser::AppendBytes -> BackgroundHTMLParser::AppendRawBytesFromMainThread
[6887:6887:0814/023801.318672:INFO:switcher_host_impl.cc(127)] >>> [Key] add a new principal. [cid, principal, url, frame_id] = 3, 3:10_https://s.yimg.com/, https://s.yimg.com/, 9
[6887:6887:0814/023801.318745:INFO:frame_tree_node.cc(349)] 	FrameTreeNode::SetCurrentOrigin. [frameid, routingid, origin, url] = 9, 10, https://s.yimg.com/, https://s.yimg.com
[1:1:0814/023801.333536:INFO:html_document_parser.cc(1203)]  $$$ [TASK] HTMLDocumentParser::AppendBytes -> BackgroundHTMLParser::AppendRawBytesFromMainThread
[6887:6887:0814/023801.357659:INFO:CONSOLE(0)] "The Content Security Policy directive 'sandbox' is ignored when delivered in a report-only policy.", source: https://sg.yahoo.com/?p=us (0)
[6887:6887:0814/023801.375140:INFO:CONSOLE(0)] "The Content Security Policy directive 'sandbox' is ignored when delivered in a report-only policy.", source: https://sg.yahoo.com/?p=us (0)
[1:1:0814/023801.387905:INFO:html_parser_scheduler.cc(81)]  $$$ [TASK] HTMLParserScheduler::ScheduleForUnpause -> HTMLParserScheduler::ContinueParsing
[1:1:0814/023801.391488:INFO:script_loader.cc(852)]  $$$ [Script] ScriptLoader::ExecuteScriptBlock. task_id, url is 2452, "https://s.yimg.com/rq/darla/3-15-0/html/r-sf.html"
[1:1:0814/023801.435544:INFO:html_parser_scheduler.cc(81)]  $$$ [TASK] HTMLParserScheduler::ScheduleForUnpause -> HTMLParserScheduler::ContinueParsing
[1:1:0814/023801.439078:INFO:script_loader.cc(852)]  $$$ [Script] ScriptLoader::ExecuteScriptBlock. task_id, url is 2499 0x7f2c3de1a8b0 0x87574052fe0 , "https://s.yimg.com/rq/darla/3-15-0/html/r-sf.html"
[6887:6887:0814/023801.521964:INFO:navigation_url_loader_network_service.cc(1293)] 	 enter NavigationURLLoaderNetworkService::OnReceiveResponse
[6887:6887:0814/023801.522586:INFO:navigation_handle_impl.cc(765)] 	 enter NavigationHandleImpl::WillProcessResponse
[6887:6897:0814/023801.524866:INFO:interface_endpoint_client.cc(447)] >>> [Frame] get kURLLoader_ProceedWithResponse_Name. [pid, routing_id] = 3, 11
[6887:6887:0814/023801.524958:INFO:render_frame_host_impl.cc(3699)] >>> RenderFrameHostImpl::CommitNavigation https://s.yimg.com/
[6887:6897:0814/023801.524955:INFO:mojo_async_resource_handler.cc(459)] >>> [IPC] MojoAsyncResourceHandler::ProceedWithResponse konws [cid, routing_id]: 3, 11, HandleIncomingMessage, HandleIncomingMessage
[6887:6887:0814/023801.524995:INFO:switcher_host_impl.cc(127)] >>> [Key] add a new principal. [cid, principal, url, frame_id] = 3, 3:11_https://s.yimg.com/, https://s.yimg.com/ja/ap/ssp_cookie_sync/apac.html, 10
[6887:6887:0814/023801.525060:INFO:render_frame_host_impl.cc(3718)] >>>	[site, common.url, headers] = 3:11_https://s.yimg.com/, HTTP/1.1 200 status:304 date:Mon, 12 Aug 2019 10:39:39 GMT expires:Sat, 05 Sep 2026 00:00:00 GMT cache-control:max-age=86400,public vary:Origin, Accept-Encoding strict-transport-security:max-age=15552000 server:ATS expect-ct:max-age=31536000, report-uri="http://csp.yahoo.com/beacon/csp?src=yahoocom-expect-ct-report-only" x-amz-id-2:/CxrRoItWimIAidXNRXvdeZL88oBCKvYE4MZgkJvjaSUHnnAJWxAbe1ozxXNWT/LtZlhYt8GKew= x-amz-request-id:A7378EEA8E506E76 last-modified:Mon, 30 Apr 2018 16:10:55 GMT etag:"08dc3a26368ba18d7aa3f08b2f39a55b-df" x-amz-server-side-encryption:AES256 x-amz-meta-created-date:Fri, 15 Sep 2017 22:03:21 GMT x-amz-meta-mbst-etag:"YM:1:249064fb-6bcc-4b95-ad2a-83d4eb1faf2a000559418fadbd30" x-amz-meta-x-ysws-mbst-vtime:1505513001827632 x-amz-meta-x-ysws-access:public accept-ranges:bytes content-type:text/html; charset=utf-8 referrer-policy:no-referrer-when-downgrade content-encoding:gzip content-length:415 age:31727 ats-carp-promotion:1 x-xss-protection:1; mode=block x-content-type-options:nosniff  ,6931, 3
[1:7:0814/023801.527432:INFO:ipc_mojo_bootstrap.cc(809)] >>> [IPC] Accept. post a task to AcceptOnProxyThread
[1:1:0814/023801.529743:INFO:html_tree_builder.cc(780)] >>> [renderer][DOM] receive <iframe>
[6887:6887:0814/023801.531715:INFO:render_frame_host_impl.cc(1417)] 	 enter RenderFrameHostImpl::OnCreateChildFrame
[1:1:0814/023801.533191:INFO:render_frame_impl.cc(1477)] 	RenderFrameImpl::Initialize. 12, 0x87573908420
[1:1:0814/023801.533363:INFO:web_local_frame_impl.cc(1666)] 		WebLocalFrame::SetRoutingID. routing_id = 12
[6887:6887:0814/023801.533878:INFO:frame_tree.cc(218)] 	 enter FrameTree::AddFrame: aswift_0, 12, 11, 
[6887:6887:0814/023801.550839:INFO:switcher_host_impl.cc(127)] >>> [Key] add a new principal. [cid, principal, url, frame_id] = 3, 3:12_https://s.yimg.com/, https://s.yimg.com/, 11
[6887:6887:0814/023801.550905:INFO:frame_tree_node.cc(349)] 	FrameTreeNode::SetCurrentOrigin. [frameid, routingid, origin, url] = 11, 12, https://s.yimg.com/, https://s.yimg.com
[6887:6887:0814/023801.587134:INFO:render_frame_host_impl.cc(1417)] 	 enter RenderFrameHostImpl::OnCreateChildFrame
[1:1:0814/023801.588034:INFO:render_frame_impl.cc(1477)] 	RenderFrameImpl::Initialize. 13, 0x87573908e20
[1:1:0814/023801.588169:INFO:web_local_frame_impl.cc(1666)] 		WebLocalFrame::SetRoutingID. routing_id = 13
[6887:6887:0814/023801.589534:INFO:frame_tree.cc(218)] 	 enter FrameTree::AddFrame: google_esf, 13, 12, 
[1:1:0814/023801.595466:INFO:render_frame_impl.cc(7018)] >>> [renderer][DOM] RenderFrameImpl::BeginNavigation
[1:1:0814/023801.595587:INFO:render_frame_impl.cc(7019)] 	 [url] = https://s.yimg.com
[6887:6887:0814/023801.598596:INFO:render_frame_host_impl.cc(3108)] >>> [broswer][navigation] RenderFrameHostImpl::BeginNavigation. ID from switcher is 3:6_https://s.yimg.com/
[1:1:0814/023801.611642:INFO:html_parser_scheduler.cc(158)]  $$$ [TASK] HTMLParserScheduler::ContinueParsing
[1:1:0814/023801.611784:INFO:html_document_parser.cc(272)] >>> HTMLDocumentParser::ResumeParsingAfterYield. url is "https://tag.idsync.analytics.yahoo.com/sp-frame.html?referrer=https%3A%2F%2Fsg.yahoo.com%2F%3Fp%3Dus"
[1:1:0814/023801.617844:INFO:html_parser_scheduler.cc(81)]  $$$ [TASK] HTMLParserScheduler::ScheduleForUnpause -> HTMLParserScheduler::ContinueParsing
[1:1:0814/023801.621865:INFO:script_loader.cc(852)]  $$$ [Script] ScriptLoader::ExecuteScriptBlock. task_id, url is 2529 0x7f2c3de1a8b0 0x8757313c1e0 , "https://s.yimg.com/rq/darla/3-15-0/html/r-sf.html"
[6887:6887:0814/023801.668143:INFO:navigation_url_loader_network_service.cc(1293)] 	 enter NavigationURLLoaderNetworkService::OnReceiveResponse
[6887:6887:0814/023801.668809:INFO:navigation_handle_impl.cc(765)] 	 enter NavigationHandleImpl::WillProcessResponse
[6887:6887:0814/023801.670881:INFO:render_frame_host_impl.cc(3699)] >>> RenderFrameHostImpl::CommitNavigation https://googleads.g.doubleclick.net/
[6887:6887:0814/023801.670950:INFO:switcher_host_impl.cc(127)] >>> [Key] add a new principal. [cid, principal, url, frame_id] = 3, 3:13_https://googleads.g.doubleclick.net/, https://googleads.g.doubleclick.net/pagead/html/r20190807/r20190131/zrt_lookup.html#, 12
[6887:6887:0814/023801.671027:INFO:render_frame_host_impl.cc(3718)] >>>	[site, common.url, headers] = 3:13_https://googleads.g.doubleclick.net/, HTTP/1.1 200 status:200 p3p:policyref="https://googleads.g.doubleclick.net/pagead/gcn_p3p_.xml", CP="CURa ADMa DEVa TAIo PSAo PSDo OUR IND UNI PUR INT DEM STA PRE COM NAV OTC NOI DSP COR" timing-allow-origin:* vary:Accept-Encoding date:Thu, 08 Aug 2019 16:26:48 GMT expires:Thu, 22 Aug 2019 16:26:48 GMT content-type:text/html; charset=UTF-8 etag:4817175036427020965 x-content-type-options:nosniff content-encoding:gzip server:cafe content-length:7274 x-xss-protection:0 cache-control:public, max-age=1209600 age:324772 alt-svc:quic="googleads.g.doubleclick.net:443"; ma=2592000; v="46,43,39",quic=":443"; ma=2592000; v="46,43,39"  ,6931, 3
[6887:6897:0814/023801.681884:INFO:interface_endpoint_client.cc(447)] >>> [Frame] get kURLLoader_ProceedWithResponse_Name. [pid, routing_id] = 3, 13
[6887:6897:0814/023801.681942:INFO:mojo_async_resource_handler.cc(459)] >>> [IPC] MojoAsyncResourceHandler::ProceedWithResponse konws [cid, routing_id]: 3, 13, HandleIncomingMessage, HandleIncomingMessage
[1:7:0814/023801.682677:INFO:ipc_mojo_bootstrap.cc(809)] >>> [IPC] Accept. post a task to AcceptOnProxyThread
[6887:6887:0814/023801.685037:INFO:render_frame_host_impl.cc(1417)] 	 enter RenderFrameHostImpl::OnCreateChildFrame
[1:1:0814/023801.686368:INFO:render_frame_impl.cc(1477)] 	RenderFrameImpl::Initialize. 14, 0x87573d7b020
[1:1:0814/023801.686505:INFO:web_local_frame_impl.cc(1666)] 		WebLocalFrame::SetRoutingID. routing_id = 14
[6887:6887:0814/023801.687829:INFO:frame_tree.cc(218)] 	 enter FrameTree::AddFrame: , 14, 13, 
[6887:6887:0814/023801.727033:INFO:switcher_host_impl.cc(127)] >>> [Key] add a new principal. [cid, principal, url, frame_id] = 3, 3:14_https://s.yimg.com/, https://s.yimg.com/, 13
[6887:6887:0814/023801.727117:INFO:frame_tree_node.cc(349)] 	FrameTreeNode::SetCurrentOrigin. [frameid, routingid, origin, url] = 13, 14, https://s.yimg.com/, https://s.yimg.com
[1:1:0814/023801.729176:INFO:script_loader.cc(852)]  $$$ [Script] ScriptLoader::ExecuteScriptBlock. task_id, url is 2529 0x7f2c3de1a8b0 0x8757313c1e0 , "https://s.yimg.com/rq/darla/3-15-0/html/r-sf.html"
[1:1:0814/023801.751142:INFO:html_tree_builder.cc(780)] >>> [renderer][DOM] receive <iframe>
[6887:6887:0814/023801.753126:INFO:render_frame_host_impl.cc(1417)] 	 enter RenderFrameHostImpl::OnCreateChildFrame
[1:1:0814/023801.754177:INFO:render_frame_impl.cc(1477)] 	RenderFrameImpl::Initialize. 15, 0x87573d7ba20
[1:1:0814/023801.754317:INFO:web_local_frame_impl.cc(1666)] 		WebLocalFrame::SetRoutingID. routing_id = 15
[6887:6887:0814/023801.755812:INFO:frame_tree.cc(218)] 	 enter FrameTree::AddFrame: aswift_0, 15, 14, 
[6887:6887:0814/023801.776886:INFO:switcher_host_impl.cc(127)] >>> [Key] add a new principal. [cid, principal, url, frame_id] = 3, 3:15_https://s.yimg.com/, https://s.yimg.com/, 14
[6887:6887:0814/023801.776985:INFO:frame_tree_node.cc(349)] 	FrameTreeNode::SetCurrentOrigin. [frameid, routingid, origin, url] = 14, 15, https://s.yimg.com/, https://s.yimg.com
[1:1:0814/023801.821673:INFO:script_loader.cc(852)]  $$$ [Script] ScriptLoader::ExecuteScriptBlock. task_id, url is 2542, "https://s.yimg.com/rq/darla/3-15-0/html/r-sf.html"
[1:1:0814/023801.871557:INFO:html_parser_scheduler.cc(158)]  $$$ [TASK] HTMLParserScheduler::ContinueParsing
[1:1:0814/023801.871678:INFO:html_document_parser.cc(272)] >>> HTMLDocumentParser::ResumeParsingAfterYield. url is "https://s.yimg.com/ja/ap/ssp_cookie_sync/apac.html"
[1:1:0814/023801.873290:INFO:script_loader.cc(852)]  $$$ [Script] ScriptLoader::ExecuteScriptBlock. task_id, url is 2550 0x7f2c3bef4070 0x87572815060 , "https://s.yimg.com/ja/ap/ssp_cookie_sync/apac.html"
[6887:6887:0814/023801.878011:INFO:render_frame_host_impl.cc(1417)] 	 enter RenderFrameHostImpl::OnCreateChildFrame
[1:1:0814/023801.878188:INFO:render_frame_impl.cc(1477)] 	RenderFrameImpl::Initialize. 16, 0x87573d7c420
[1:1:0814/023801.878285:INFO:web_local_frame_impl.cc(1666)] 		WebLocalFrame::SetRoutingID. routing_id = 16
[6887:6887:0814/023801.880568:INFO:frame_tree.cc(218)] 	 enter FrameTree::AddFrame: , 16, 15, 
[1:1:0814/023801.884449:INFO:render_frame_impl.cc(7018)] >>> [renderer][DOM] RenderFrameImpl::BeginNavigation
[1:1:0814/023801.884560:INFO:render_frame_impl.cc(7019)] 	 [url] = https://s.yimg.com
[6887:6887:0814/023801.885018:INFO:render_frame_host_impl.cc(3108)] >>> [broswer][navigation] RenderFrameHostImpl::BeginNavigation. ID from switcher is 3:10_https://s.yimg.com/
[1:1:0814/023801.897421:INFO:ipc_mojo_bootstrap.cc(894)] ### [Switcher][kFrameNavigationControl_CommitNavigation_Name] get additional field: 3:11_https://s.yimg.com/
[6887:6887:0814/023801.939085:INFO:navigation_url_loader_network_service.cc(1293)] 	 enter NavigationURLLoaderNetworkService::OnReceiveResponse
[6887:6887:0814/023801.939750:INFO:navigation_handle_impl.cc(765)] 	 enter NavigationHandleImpl::WillProcessResponse
[1:1:0814/023801.940207:INFO:html_parser_scheduler.cc(158)]  $$$ [TASK] HTMLParserScheduler::ContinueParsing
[1:1:0814/023801.940366:INFO:html_document_parser.cc(272)] >>> HTMLDocumentParser::ResumeParsingAfterYield. url is "https://s.yimg.com/rq/darla/3-15-0/html/r-sf.html"
[6887:6897:0814/023801.942385:INFO:interface_endpoint_client.cc(447)] >>> [Frame] get kURLLoader_ProceedWithResponse_Name. [pid, routing_id] = 3, 16
[6887:6897:0814/023801.942460:INFO:mojo_async_resource_handler.cc(459)] >>> [IPC] MojoAsyncResourceHandler::ProceedWithResponse konws [cid, routing_id]: 3, 16, HandleIncomingMessage, HandleIncomingMessage
[6887:6887:0814/023801.942521:INFO:render_frame_host_impl.cc(3699)] >>> RenderFrameHostImpl::CommitNavigation https://ads.pubmatic.com/
[6887:6887:0814/023801.942566:INFO:switcher_host_impl.cc(127)] >>> [Key] add a new principal. [cid, principal, url, frame_id] = 3, 3:16_https://ads.pubmatic.com/, https://ads.pubmatic.com/AdServer/js/user_sync.html?p=156107&s=176446&predirect=https%3A%2F%2Fpr-bh.ybp.yahoo.com%2Fsync%2Fpubmatic%2F, 15
[6887:6887:0814/023801.942643:INFO:render_frame_host_impl.cc(3718)] >>>	[site, common.url, headers] = 3:16_https://ads.pubmatic.com/, HTTP/1.1 200 OK Last-Modified: Fri, 26 Jul 2019 09:40:01 GMT ETag: "1300708-26ca-58e92538a370a" Server: Apache/2.2.15 (CentOS) Accept-Ranges: bytes Content-Encoding: gzip P3P: CP="NOI DSP COR LAW CUR ADMo DEVo TAIo PSAo PSDo IVAo IVDo HISo OTPo OUR SAMo BUS UNI COM NAV INT DEM CNT STA PRE LOC", CP="NOI DSP COR LAW CUR ADMo DEVo TAIo PSAo PSDo IVAo IVDo HISo OTPo OUR SAMo BUS UNI COM NAV INT DEM CNT STA PRE LOC" Content-Length: 3860 Content-Type: text/html; charset=UTF-8 Cache-Control: max-age=67470 Expires: Tue, 13 Aug 2019 05:24:10 GMT Date: Mon, 12 Aug 2019 10:39:40 GMT Connection: keep-alive Vary: Accept-Encoding  ,6931, 3
[1:7:0814/023801.943749:INFO:ipc_mojo_bootstrap.cc(809)] >>> [IPC] Accept. post a task to AcceptOnProxyThread
[1:1:0814/023801.954121:INFO:script_loader.cc(852)]  $$$ [Script] ScriptLoader::ExecuteScriptBlock. task_id, url is 2623, "https://tag.idsync.analytics.yahoo.com/sp-frame.html?referrer=https%3A%2F%2Fsg.yahoo.com%2F%3Fp%3Dus"
[1:1:0814/023801.976135:INFO:ipc_mojo_bootstrap.cc(894)] ### [Switcher][kFrameNavigationControl_CommitNavigation_Name] get additional field: 3:13_https://googleads.g.doubleclick.net/
[1:1:0814/023802.018471:INFO:html_parser_scheduler.cc(81)]  $$$ [TASK] HTMLParserScheduler::ScheduleForUnpause -> HTMLParserScheduler::ContinueParsing
[1:1:0814/023802.066379:INFO:html_document_parser.cc(1203)]  $$$ [TASK] HTMLDocumentParser::AppendBytes -> BackgroundHTMLParser::AppendRawBytesFromMainThread
[1:1:0814/023802.072706:INFO:script_loader.cc(852)]  $$$ [Script] ScriptLoader::ExecuteScriptBlock. task_id, url is 2750 0x7f2c3de1a8b0 0x87574603360 , "https://s.yimg.com/rq/darla/3-15-0/html/r-sf.html"
[1:1:0814/023802.075097:INFO:script_loader.cc(852)]  $$$ [Script] ScriptLoader::ExecuteScriptBlock. task_id, url is 2751 0x7f2c3de1a8b0 0x87574603060 , "https://s.yimg.com/rq/darla/3-15-0/html/r-sf.html"
[6887:6887:0814/023802.076092:INFO:switcher_host_impl.cc(127)] >>> [Key] add a new principal. [cid, principal, url, frame_id] = 3, 3:11_https://s.yimg.com/, https://s.yimg.com/, 10
[6887:6887:0814/023802.076167:INFO:frame_tree_node.cc(349)] 	FrameTreeNode::SetCurrentOrigin. [frameid, routingid, origin, url] = 10, 11, https://s.yimg.com/, https://s.yimg.com
[1:1:0814/023802.085228:INFO:ipc_mojo_bootstrap.cc(894)] ### [Switcher][kFrameNavigationControl_CommitNavigation_Name] get additional field: 3:16_https://ads.pubmatic.com/
[6887:6887:0814/023802.124490:INFO:switcher_host_impl.cc(127)] >>> [Key] add a new principal. [cid, principal, url, frame_id] = 3, 3:13_https://googleads.g.doubleclick.net/, https://googleads.g.doubleclick.net/, 12
[6887:6887:0814/023802.124546:INFO:frame_tree_node.cc(349)] 	FrameTreeNode::SetCurrentOrigin. [frameid, routingid, origin, url] = 12, 13, https://googleads.g.doubleclick.net/, https://googleads.g.doubleclick.net
[1:1:0814/023802.126403:INFO:html_document_parser.cc(1203)]  $$$ [TASK] HTMLDocumentParser::AppendBytes -> BackgroundHTMLParser::AppendRawBytesFromMainThread
[1:1:0814/023802.132532:INFO:script_loader.cc(852)]  $$$ [Script] ScriptLoader::ExecuteScriptBlock. task_id, url is 2804 0x7f2c3de1a8b0 0x875731b6c60 , "https://s.yimg.com/rq/darla/3-15-0/html/r-sf.html"
[1:1:0814/023802.133846:INFO:script_loader.cc(852)]  $$$ [Script] ScriptLoader::ExecuteScriptBlock. task_id, url is 2805 0x7f2c3de1a8b0 0x8756e807360 , "https://s.yimg.com/rq/darla/3-15-0/html/r-sf.html"
[1:1:0814/023802.147149:INFO:script_loader.cc(852)]  $$$ [Script] ScriptLoader::ExecuteScriptBlock. task_id, url is 2821 0x7f2c5257b080 0x87573e03ce0 1 0 0x87573e03cf8 , "https://s.yimg.com/rq/darla/3-15-0/html/r-sf.html"
[6887:6887:0814/023802.297378:INFO:render_frame_host_impl.cc(1417)] 	 enter RenderFrameHostImpl::OnCreateChildFrame
[1:1:0814/023802.298176:INFO:render_frame_impl.cc(1477)] 	RenderFrameImpl::Initialize. 17, 0x87573d7ce20
[1:1:0814/023802.298332:INFO:web_local_frame_impl.cc(1666)] 		WebLocalFrame::SetRoutingID. routing_id = 17
[6887:6887:0814/023802.299984:INFO:frame_tree.cc(218)] 	 enter FrameTree::AddFrame: , 17, 16, 
[6887:6887:0814/023802.313453:INFO:switcher_host_impl.cc(127)] >>> [Key] add a new principal. [cid, principal, url, frame_id] = 3, 3:17_https://s.yimg.com/, https://s.yimg.com/, 16
[6887:6887:0814/023802.313537:INFO:frame_tree_node.cc(349)] 	FrameTreeNode::SetCurrentOrigin. [frameid, routingid, origin, url] = 16, 17, https://s.yimg.com/, https://s.yimg.com
[1:1:0814/023802.466805:INFO:html_parser_scheduler.cc(158)]  $$$ [TASK] HTMLParserScheduler::ContinueParsing
[1:1:0814/023802.467001:INFO:html_document_parser.cc(272)] >>> HTMLDocumentParser::ResumeParsingAfterYield. url is "https://s.yimg.com/rq/darla/3-15-0/html/r-sf.html"
[1:1:0814/023802.479187:INFO:script_loader.cc(852)]  $$$ [Script] ScriptLoader::ExecuteScriptBlock. task_id, url is 2829 0x7f2c3c25cbd0 0x8756e77e3d8 , "https://s.yimg.com/rq/darla/3-15-0/html/r-sf.html"
[6887:6887:0814/023802.544768:INFO:render_frame_host_impl.cc(1417)] 	 enter RenderFrameHostImpl::OnCreateChildFrame
[1:1:0814/023802.545434:INFO:render_frame_impl.cc(1477)] 	RenderFrameImpl::Initialize. 18, 0x87573d7d820
[1:1:0814/023802.545565:INFO:web_local_frame_impl.cc(1666)] 		WebLocalFrame::SetRoutingID. routing_id = 18
[6887:6887:0814/023802.546582:INFO:frame_tree.cc(218)] 	 enter FrameTree::AddFrame: , 18, 17, 
[6887:6887:0814/023802.556731:INFO:switcher_host_impl.cc(127)] >>> [Key] add a new principal. [cid, principal, url, frame_id] = 3, 3:18_https://s.yimg.com/, https://s.yimg.com/, 17
[6887:6887:0814/023802.556800:INFO:frame_tree_node.cc(349)] 	FrameTreeNode::SetCurrentOrigin. [frameid, routingid, origin, url] = 17, 18, https://s.yimg.com/, https://s.yimg.com
[1:1:0814/023802.713330:INFO:html_parser_scheduler.cc(81)]  $$$ [TASK] HTMLParserScheduler::ScheduleForUnpause -> HTMLParserScheduler::ContinueParsing
[1:1:0814/023802.751571:INFO:html_document_parser.cc(1203)]  $$$ [TASK] HTMLDocumentParser::AppendBytes -> BackgroundHTMLParser::AppendRawBytesFromMainThread
[6887:6887:0814/023802.751700:INFO:switcher_host_impl.cc(127)] >>> [Key] add a new principal. [cid, principal, url, frame_id] = 3, 3:16_https://ads.pubmatic.com/, https://ads.pubmatic.com/, 15
[6887:6887:0814/023802.751785:INFO:frame_tree_node.cc(349)] 	FrameTreeNode::SetCurrentOrigin. [frameid, routingid, origin, url] = 15, 16, https://ads.pubmatic.com/, https://ads.pubmatic.com
[1:1:0814/023802.775372:INFO:html_parser_scheduler.cc(81)]  $$$ [TASK] HTMLParserScheduler::ScheduleForUnpause -> HTMLParserScheduler::ContinueParsing
[1:1:0814/023802.960181:INFO:html_parser_scheduler.cc(158)]  $$$ [TASK] HTMLParserScheduler::ContinueParsing
[1:1:0814/023802.960347:INFO:html_document_parser.cc(272)] >>> HTMLDocumentParser::ResumeParsingAfterYield. url is "https://s.yimg.com/ja/ap/ssp_cookie_sync/apac.html"
[1:1:0814/023802.961548:INFO:script_loader.cc(852)]  $$$ [Script] ScriptLoader::ExecuteScriptBlock. task_id, url is 3063 0x7f2c3bef4070 0x8756e9eb9e0 , "https://s.yimg.com/ja/ap/ssp_cookie_sync/apac.html"
[6887:6887:0814/023802.974530:INFO:render_frame_host_impl.cc(1417)] 	 enter RenderFrameHostImpl::OnCreateChildFrame
[1:1:0814/023802.975845:INFO:render_frame_impl.cc(1477)] 	RenderFrameImpl::Initialize. 19, 0x87573d7e220
[1:1:0814/023802.976020:INFO:web_local_frame_impl.cc(1666)] 		WebLocalFrame::SetRoutingID. routing_id = 19
[6887:6887:0814/023802.977118:INFO:frame_tree.cc(218)] 	 enter FrameTree::AddFrame: , 19, 18, 
[1:1:0814/023802.982462:INFO:render_frame_impl.cc(7018)] >>> [renderer][DOM] RenderFrameImpl::BeginNavigation
[1:1:0814/023802.982631:INFO:render_frame_impl.cc(7019)] 	 [url] = https://s.yimg.com
[6887:6887:0814/023802.994087:INFO:render_frame_host_impl.cc(3108)] >>> [broswer][navigation] RenderFrameHostImpl::BeginNavigation. ID from switcher is 3:11_https://s.yimg.com/
[1:1:0814/023803.005216:INFO:html_parser_scheduler.cc(81)]  $$$ [TASK] HTMLParserScheduler::ScheduleForUnpause -> HTMLParserScheduler::ContinueParsing
[1:1:0814/023803.016299:INFO:html_parser_scheduler.cc(158)]  $$$ [TASK] HTMLParserScheduler::ContinueParsing
[1:1:0814/023803.016473:INFO:html_document_parser.cc(272)] >>> HTMLDocumentParser::ResumeParsingAfterYield. url is "https://googleads.g.doubleclick.net/pagead/html/r20190807/r20190131/zrt_lookup.html#"
[1:1:0814/023803.017796:INFO:script_loader.cc(852)]  $$$ [Script] ScriptLoader::ExecuteScriptBlock. task_id, url is 3107 0x7f2c3bef4070 0x8757462d360 , "https://googleads.g.doubleclick.net/pagead/html/r20190807/r20190131/zrt_lookup.html#"
[1:1:0814/023803.045169:INFO:script_loader.cc(852)]  $$$ [Script] ScriptLoader::ExecuteScriptBlock. task_id, url is 3110 0x7f2c5257b080 0x875731e0e20 1 0 0x875731e0e38 , "https://s.yimg.com/rq/darla/3-15-0/html/r-sf.html"
[6887:6887:0814/023803.070654:INFO:navigation_url_loader_network_service.cc(1293)] 	 enter NavigationURLLoaderNetworkService::OnReceiveResponse
[6887:6887:0814/023803.071128:INFO:navigation_handle_impl.cc(765)] 	 enter NavigationHandleImpl::WillProcessResponse
[6887:6897:0814/023803.072967:INFO:interface_endpoint_client.cc(447)] >>> [Frame] get kURLLoader_ProceedWithResponse_Name. [pid, routing_id] = 3, 19
[6887:6897:0814/023803.073047:INFO:mojo_async_resource_handler.cc(459)] >>> [IPC] MojoAsyncResourceHandler::ProceedWithResponse konws [cid, routing_id]: 3, 19, HandleIncomingMessage, HandleIncomingMessage
[6887:6887:0814/023803.073106:INFO:render_frame_host_impl.cc(3699)] >>> RenderFrameHostImpl::CommitNavigation https://ads.pubmatic.com/
[6887:6887:0814/023803.073151:INFO:switcher_host_impl.cc(127)] >>> [Key] add a new principal. [cid, principal, url, frame_id] = 3, 3:19_https://ads.pubmatic.com/, https://ads.pubmatic.com/AdServer/js/user_sync.html?p=156107&s=176446&predirect=https%3A%2F%2Fpr-bh.ybp.yahoo.com%2Fsync%2Fpubmatic%2F, 18
[6887:6887:0814/023803.073219:INFO:render_frame_host_impl.cc(3718)] >>>	[site, common.url, headers] = 3:19_https://ads.pubmatic.com/, HTTP/1.1 200 OK Last-Modified: Fri, 26 Jul 2019 09:40:01 GMT Cache-Control: max-age=67469 Expires: Tue, 13 Aug 2019 05:24:10 GMT Date: Mon, 12 Aug 2019 10:39:41 GMT ETag: "1300708-26ca-58e92538a370a" Server: Apache/2.2.15 (CentOS) Accept-Ranges: bytes Content-Encoding: gzip P3P: CP="NOI DSP COR LAW CUR ADMo DEVo TAIo PSAo PSDo IVAo IVDo HISo OTPo OUR SAMo BUS UNI COM NAV INT DEM CNT STA PRE LOC", CP="NOI DSP COR LAW CUR ADMo DEVo TAIo PSAo PSDo IVAo IVDo HISo OTPo OUR SAMo BUS UNI COM NAV INT DEM CNT STA PRE LOC" Content-Length: 3860 Content-Type: text/html; charset=UTF-8 Vary: Accept-Encoding  ,6931, 3
[1:7:0814/023803.079804:INFO:ipc_mojo_bootstrap.cc(809)] >>> [IPC] Accept. post a task to AcceptOnProxyThread
[1:1:0814/023803.137460:INFO:script_loader.cc(852)]  $$$ [Script] ScriptLoader::ExecuteScriptBlock. task_id, url is 3110 0x7f2c5257b080 0x875731e0e20 1 0 0x875731e0e38 , "https://s.yimg.com/rq/darla/3-15-0/html/r-sf.html"
[1:1:0814/023803.138188:INFO:script_loader.cc(852)]  $$$ [Script] ScriptLoader::ExecuteScriptBlock. task_id, url is 3110 0x7f2c5257b080 0x875731e0e20 1 0 0x875731e0e38 , "https://s.yimg.com/rq/darla/3-15-0/html/r-sf.html"
[6887:6887:0814/023803.221380:INFO:render_frame_host_impl.cc(1417)] 	 enter RenderFrameHostImpl::OnCreateChildFrame
[1:1:0814/023803.222464:INFO:render_frame_impl.cc(1477)] 	RenderFrameImpl::Initialize. 20, 0x87573d7ce20
[1:1:0814/023803.222626:INFO:web_local_frame_impl.cc(1666)] 		WebLocalFrame::SetRoutingID. routing_id = 20
[6887:6887:0814/023803.224342:INFO:frame_tree.cc(218)] 	 enter FrameTree::AddFrame: google_ads_frame1, 20, 19, 
[1:1:0814/023803.230900:INFO:render_frame_impl.cc(7018)] >>> [renderer][DOM] RenderFrameImpl::BeginNavigation
[1:1:0814/023803.231009:INFO:render_frame_impl.cc(7019)] 	 [url] = https://s.yimg.com
[6887:6887:0814/023803.231524:INFO:render_frame_host_impl.cc(3108)] >>> [broswer][navigation] RenderFrameHostImpl::BeginNavigation. ID from switcher is 3:6_https://s.yimg.com/
[1:1:0814/023803.331130:INFO:script_loader.cc(852)]  $$$ [Script] ScriptLoader::ExecuteScriptBlock. task_id, url is 3178 0x7f2c3de1a8b0 0x8757462e1e0 , "https://s.yimg.com/rq/darla/3-15-0/html/r-sf.html"
[1:1:0814/023803.350984:INFO:script_loader.cc(852)]  $$$ [Script] ScriptLoader::ExecuteScriptBlock. task_id, url is 3178 0x7f2c3de1a8b0 0x8757462e1e0 , "https://s.yimg.com/rq/darla/3-15-0/html/r-sf.html"
[1:1:0814/023803.351470:INFO:script_loader.cc(852)]  $$$ [Script] ScriptLoader::ExecuteScriptBlock. task_id, url is 3178 0x7f2c3de1a8b0 0x8757462e1e0 , "https://s.yimg.com/rq/darla/3-15-0/html/r-sf.html"
[6887:6887:0814/023803.399584:INFO:render_frame_host_impl.cc(1417)] 	 enter RenderFrameHostImpl::OnCreateChildFrame
[1:1:0814/023803.400665:INFO:render_frame_impl.cc(1477)] 	RenderFrameImpl::Initialize. 21, 0x87573d7d820
[1:1:0814/023803.400799:INFO:web_local_frame_impl.cc(1666)] 		WebLocalFrame::SetRoutingID. routing_id = 21
[6887:6887:0814/023803.401363:INFO:frame_tree.cc(218)] 	 enter FrameTree::AddFrame: google_ads_frame1, 21, 20, 
[1:1:0814/023803.409150:INFO:render_frame_impl.cc(7018)] >>> [renderer][DOM] RenderFrameImpl::BeginNavigation
[1:1:0814/023803.409332:INFO:render_frame_impl.cc(7019)] 	 [url] = https://s.yimg.com
[6887:6887:0814/023803.410058:INFO:render_frame_host_impl.cc(3108)] >>> [broswer][navigation] RenderFrameHostImpl::BeginNavigation. ID from switcher is 3:6_https://s.yimg.com/
[1:1:0814/023803.426936:INFO:html_parser_scheduler.cc(158)]  $$$ [TASK] HTMLParserScheduler::ContinueParsing
[1:1:0814/023803.427076:INFO:html_document_parser.cc(272)] >>> HTMLDocumentParser::ResumeParsingAfterYield. url is "https://ads.pubmatic.com/AdServer/js/user_sync.html?p=156107&s=176446&predirect=https%3A%2F%2Fpr-bh.ybp.yahoo.com%2Fsync%2Fpubmatic%2F"
[1:1:0814/023803.428166:INFO:script_loader.cc(852)]  $$$ [Script] ScriptLoader::ExecuteScriptBlock. task_id, url is 3195 0x7f2c3bef4070 0x87573d889e0 , "https://ads.pubmatic.com/AdServer/js/user_sync.html?p=156107&s=176446&predirect=https%3A%2F%2Fpr-bh.ybp.yahoo.com%2Fsync%2Fpubmatic%2F"
[1:1:0814/023803.436951:INFO:html_tree_builder.cc(780)] >>> [renderer][DOM] receive <iframe>
[6887:6887:0814/023803.437729:INFO:render_frame_host_impl.cc(1417)] 	 enter RenderFrameHostImpl::OnCreateChildFrame
[1:1:0814/023803.438597:INFO:render_frame_impl.cc(1477)] 	RenderFrameImpl::Initialize. 22, 0x8756e63e020
[1:1:0814/023803.438733:INFO:web_local_frame_impl.cc(1666)] 		WebLocalFrame::SetRoutingID. routing_id = 22
[6887:6887:0814/023803.440478:INFO:frame_tree.cc(218)] 	 enter FrameTree::AddFrame: , 22, 21, 
[1:1:0814/023803.444309:INFO:render_frame_impl.cc(7018)] >>> [renderer][DOM] RenderFrameImpl::BeginNavigation
[1:1:0814/023803.444459:INFO:render_frame_impl.cc(7019)] 	 [url] = https://ads.pubmatic.com
[6887:6887:0814/023803.445356:INFO:render_frame_host_impl.cc(3108)] >>> [broswer][navigation] RenderFrameHostImpl::BeginNavigation. ID from switcher is 3:16_https://ads.pubmatic.com/
[1:1:0814/023803.469967:INFO:ipc_mojo_bootstrap.cc(894)] ### [Switcher][kFrameNavigationControl_CommitNavigation_Name] get additional field: 3:19_https://ads.pubmatic.com/
[6887:6887:0814/023803.478297:INFO:navigation_url_loader_network_service.cc(1293)] 	 enter NavigationURLLoaderNetworkService::OnReceiveResponse
[6887:6887:0814/023803.478741:INFO:navigation_handle_impl.cc(765)] 	 enter NavigationHandleImpl::WillProcessResponse
[6887:6897:0814/023803.480281:INFO:interface_endpoint_client.cc(447)] >>> [Frame] get kURLLoader_ProceedWithResponse_Name. [pid, routing_id] = 3, 22
[6887:6897:0814/023803.480346:INFO:mojo_async_resource_handler.cc(459)] >>> [IPC] MojoAsyncResourceHandler::ProceedWithResponse konws [cid, routing_id]: 3, 22, HandleIncomingMessage, HandleIncomingMessage
[6887:6887:0814/023803.480374:INFO:render_frame_host_impl.cc(3699)] >>> RenderFrameHostImpl::CommitNavigation https://ads.pubmatic.com/
[6887:6887:0814/023803.480408:INFO:switcher_host_impl.cc(127)] >>> [Key] add a new principal. [cid, principal, url, frame_id] = 3, 3:22_https://ads.pubmatic.com/, https://ads.pubmatic.com/AdServer/js/showad.js#PIX&kdntuid=1&SPug=true&p=156107&s=176446&predirect=https%3A%2F%2Fpr-bh.ybp.yahoo.com%2Fsync%2Fpubmatic%2F&it=0&gdpr=0&np=0, 21
[6887:6887:0814/023803.480464:INFO:render_frame_host_impl.cc(3718)] >>>	[site, common.url, headers] = 3:22_https://ads.pubmatic.com/, HTTP/1.1 200 OK Server: Apache/2.2.15 (CentOS) ETag: "13006b6-9bf6-58e925294ef26" Set-Cookie: KTPCACOOKIE=YES; domain=.pubmatic.com; path=/; max-age=7776000; Last-Modified: Fri, 26 Jul 2019 09:39:45 GMT Accept-Ranges: bytes Content-Encoding: gzip P3P: CP="NOI DSP COR LAW CUR ADMo DEVo TAIo PSAo PSDo IVAo IVDo HISo OTPo OUR SAMo BUS UNI COM NAV INT DEM CNT STA PRE LOC", CP="NOI DSP COR LAW CUR ADMo DEVo TAIo PSAo PSDo IVAo IVDo HISo OTPo OUR SAMo BUS UNI COM NAV INT DEM CNT STA PRE LOC" Content-Length: 14898 Content-Type: text/html; charset=UTF-8 Cache-Control: public, max-age=105443 Expires: Tue, 13 Aug 2019 15:57:05 GMT Date: Mon, 12 Aug 2019 10:39:42 GMT Connection: keep-alive Vary: Accept-Encoding  ,6931, 3
[1:7:0814/023803.481573:INFO:ipc_mojo_bootstrap.cc(809)] >>> [IPC] Accept. post a task to AcceptOnProxyThread
[1:1:0814/023803.593881:INFO:script_loader.cc(852)]  $$$ [Script] ScriptLoader::ExecuteScriptBlock. task_id, url is 3369 0x7f2c3de1a8b0 0x8756e7beae0 , "https://s.yimg.com/rq/darla/3-15-0/html/r-sf.html"
[1:1:0814/023803.597221:INFO:script_loader.cc(852)]  $$$ [Script] ScriptLoader::ExecuteScriptBlock. task_id, url is 3375 0x7f2c3de1a8b0 0x87573cab860 , "https://s.yimg.com/rq/darla/3-15-0/html/r-sf.html"
[6887:6887:0814/023803.603800:INFO:switcher_host_impl.cc(127)] >>> [Key] add a new principal. [cid, principal, url, frame_id] = 3, 3:19_https://ads.pubmatic.com/, https://ads.pubmatic.com/, 18
[6887:6887:0814/023803.603855:INFO:frame_tree_node.cc(349)] 	FrameTreeNode::SetCurrentOrigin. [frameid, routingid, origin, url] = 18, 19, https://ads.pubmatic.com/, https://ads.pubmatic.com
[1:1:0814/023803.615300:INFO:html_document_parser.cc(1203)]  $$$ [TASK] HTMLDocumentParser::AppendBytes -> BackgroundHTMLParser::AppendRawBytesFromMainThread
[1:1:0814/023803.621562:INFO:ipc_mojo_bootstrap.cc(894)] ### [Switcher][kFrameNavigationControl_CommitNavigation_Name] get additional field: 3:22_https://ads.pubmatic.com/
[1:1:0814/023803.671741:INFO:html_parser_scheduler.cc(81)]  $$$ [TASK] HTMLParserScheduler::ScheduleForUnpause -> HTMLParserScheduler::ContinueParsing
[6887:6887:0814/023803.680045:INFO:switcher_host_impl.cc(127)] >>> [Key] add a new principal. [cid, principal, url, frame_id] = 3, 3:22_https://ads.pubmatic.com/, https://ads.pubmatic.com/, 21
[6887:6887:0814/023803.680103:INFO:frame_tree_node.cc(349)] 	FrameTreeNode::SetCurrentOrigin. [frameid, routingid, origin, url] = 21, 22, https://ads.pubmatic.com/, https://ads.pubmatic.com
[1:1:0814/023803.693941:INFO:html_document_parser.cc(1203)]  $$$ [TASK] HTMLDocumentParser::AppendBytes -> BackgroundHTMLParser::AppendRawBytesFromMainThread
[1:1:0814/023803.702144:INFO:script_loader.cc(852)]  $$$ [Script] ScriptLoader::ExecuteScriptBlock. task_id, url is 3474 0x7f2c3de1a8b0 0x87574600a60 , "https://s.yimg.com/rq/darla/3-15-0/html/r-sf.html"
[6887:6887:0814/023803.736462:INFO:render_frame_host_impl.cc(1417)] 	 enter RenderFrameHostImpl::OnCreateChildFrame
[1:1:0814/023803.737348:INFO:render_frame_impl.cc(1477)] 	RenderFrameImpl::Initialize. 23, 0x8756e882a20
[1:1:0814/023803.737464:INFO:web_local_frame_impl.cc(1666)] 		WebLocalFrame::SetRoutingID. routing_id = 23
[6887:6887:0814/023803.738646:INFO:frame_tree.cc(218)] 	 enter FrameTree::AddFrame: google_osd_static_frame, 23, 22, 
