[1:1:0814/033204.360354:INFO:script_loader.cc(852)]  $$$ [Script] ScriptLoader::ExecuteScriptBlock. task_id, url is 1800 0x7fbfa5c7e8b0 0x84f0ed82160 , "https://sg.yahoo.com/?p=us"
[1:1:0814/033204.362850:INFO:script_loader.cc(852)]  $$$ [Script] ScriptLoader::ExecuteScriptBlock. task_id, url is 1802 0x7fbfa5c7e8b0 0x84f13d91760 , "https://sg.yahoo.com/?p=us"
[1:1:0814/033204.365162:INFO:script_loader.cc(852)]  $$$ [Script] ScriptLoader::ExecuteScriptBlock. task_id, url is 1803 0x7fbfa5c7e8b0 0x84f149d5c60 , "https://sg.yahoo.com/?p=us"
[1:1:0814/033204.386211:INFO:script_loader.cc(852)]  $$$ [Script] ScriptLoader::ExecuteScriptBlock. task_id, url is 1841 0x7fbfa5c7e8b0 0x84f12f653e0 , "https://sg.yahoo.com/?p=us"
[1:1:0814/033204.397036:INFO:script_loader.cc(852)]  $$$ [Script] ScriptLoader::ExecuteScriptBlock. task_id, url is 1849 0x7fbfa5c7e8b0 0x84f13ca34e0 , "https://sg.yahoo.com/?p=us"
[1:1:0814/033204.399385:INFO:script_loader.cc(852)]  $$$ [Script] ScriptLoader::ExecuteScriptBlock. task_id, url is 1850 0x7fbfa5c7e8b0 0x84f14a01a60 , "https://sg.yahoo.com/?p=us"
[1:1:0814/033204.419016:INFO:script_loader.cc(852)]  $$$ [Script] ScriptLoader::ExecuteScriptBlock. task_id, url is 1876 0x7fbfa5c7e8b0 0x84f13bf3de0 , "https://sg.yahoo.com/?p=us"
[1:1:0814/033204.421762:INFO:script_loader.cc(852)]  $$$ [Script] ScriptLoader::ExecuteScriptBlock. task_id, url is 1877 0x7fbfa5c7e8b0 0x84f14d03360 , "https://sg.yahoo.com/?p=us"
[1:1:0814/033204.429458:INFO:script_loader.cc(852)]  $$$ [Script] ScriptLoader::ExecuteScriptBlock. task_id, url is 1884 0x7fbfa5c7e8b0 0x84f149d0160 , "https://sg.yahoo.com/?p=us"
[1:1:0814/033204.434889:INFO:script_loader.cc(852)]  $$$ [Script] ScriptLoader::ExecuteScriptBlock. task_id, url is 1886 0x7fbfa5c7e8b0 0x84f149b6c60 , "https://sg.yahoo.com/?p=us"
[1:1:0814/033204.442029:INFO:script_loader.cc(852)]  $$$ [Script] ScriptLoader::ExecuteScriptBlock. task_id, url is 1893 0x7fbfa5c7e8b0 0x84f1385d1e0 , "https://sg.yahoo.com/?p=us"
[1:1:0814/033204.444862:INFO:script_loader.cc(852)]  $$$ [Script] ScriptLoader::ExecuteScriptBlock. task_id, url is 1894 0x7fbfa5c7e8b0 0x84f13cebde0 , "https://sg.yahoo.com/?p=us"
[1:1:0814/033204.452979:INFO:script_loader.cc(852)]  $$$ [Script] ScriptLoader::ExecuteScriptBlock. task_id, url is 1899 0x7fbfa5c7e8b0 0x84f13ca3fe0 , "https://sg.yahoo.com/?p=us"
[1:1:0814/033204.458676:INFO:script_loader.cc(852)]  $$$ [Script] ScriptLoader::ExecuteScriptBlock. task_id, url is 1901 0x7fbfa5c7e8b0 0x84f13d8fae0 , "https://sg.yahoo.com/?p=us"
[1:1:0814/033204.507007:INFO:script_loader.cc(852)]  $$$ [Script] ScriptLoader::ExecuteScriptBlock. task_id, url is 1976, "https://s.yimg.com/rq/darla/3-15-0/html/r-csc.html"
[1:1:0814/033204.513702:INFO:render_frame_impl.cc(1477)] 	RenderFrameImpl::Initialize. 9, 0x84f13e35e20
[1:1:0814/033204.513832:INFO:web_local_frame_impl.cc(1666)] 		WebLocalFrame::SetRoutingID. routing_id = 9
[30204:30204:0814/033204.515939:INFO:render_frame_host_impl.cc(1417)] 	 enter RenderFrameHostImpl::OnCreateChildFrame
[30204:30204:0814/033204.518206:INFO:frame_tree.cc(218)] 	 enter FrameTree::AddFrame: , 9, 8, 
[1:1:0814/033204.520422:INFO:render_frame_impl.cc(7018)] >>> [renderer][DOM] RenderFrameImpl::BeginNavigation
[1:1:0814/033204.520530:INFO:render_frame_impl.cc(7019)] 	 [url] = https://s.yimg.com
[30204:30204:0814/033204.521596:INFO:render_frame_host_impl.cc(3108)] >>> [broswer][navigation] RenderFrameHostImpl::BeginNavigation. ID from switcher is 3:4_https://s.yimg.com/
[1:1:0814/033204.527993:INFO:script_loader.cc(852)]  $$$ [Script] ScriptLoader::ExecuteScriptBlock. task_id, url is 1981 0x7fbfa5c7e8b0 0x84f14a01b60 , "https://sg.yahoo.com/?p=us"
[1:1:0814/033204.530433:INFO:script_loader.cc(852)]  $$$ [Script] ScriptLoader::ExecuteScriptBlock. task_id, url is 1982 0x7fbfa5c7e8b0 0x84f13ca6960 , "https://sg.yahoo.com/?p=us"
[1:1:0814/033204.540937:INFO:script_loader.cc(852)]  $$$ [Script] ScriptLoader::ExecuteScriptBlock. task_id, url is 1985 0x7fbfa5c7e8b0 0x84f14d039e0 , "https://sg.yahoo.com/?p=us"
[1:1:0814/033204.546146:INFO:script_loader.cc(852)]  $$$ [Script] ScriptLoader::ExecuteScriptBlock. task_id, url is 1986 0x7fbfa5c7e8b0 0x84f139841e0 , "https://sg.yahoo.com/?p=us"
[1:1:0814/033204.548883:INFO:script_loader.cc(852)]  $$$ [Script] ScriptLoader::ExecuteScriptBlock. task_id, url is 1988 0x7fbfa5c7e8b0 0x84f14d059e0 , "https://sg.yahoo.com/?p=us"
[1:1:0814/033204.553595:INFO:script_loader.cc(852)]  $$$ [Script] ScriptLoader::ExecuteScriptBlock. task_id, url is 1989 0x7fbfa5c7e8b0 0x84f14294be0 , "https://sg.yahoo.com/?p=us"
[1:1:0814/033204.562325:INFO:script_loader.cc(852)]  $$$ [Script] ScriptLoader::ExecuteScriptBlock. task_id, url is 1991, "https://s.yimg.com/rq/darla/3-15-0/html/r-sf.html"
[30204:30204:0814/033204.574760:INFO:navigation_url_loader_network_service.cc(1293)] 	 enter NavigationURLLoaderNetworkService::OnReceiveResponse
[30204:30204:0814/033204.575301:INFO:navigation_handle_impl.cc(765)] 	 enter NavigationHandleImpl::WillProcessResponse
[30204:30214:0814/033204.577760:INFO:interface_endpoint_client.cc(447)] >>> [Frame] get kURLLoader_ProceedWithResponse_Name. [pid, routing_id] = 3, 9
[30204:30214:0814/033204.577829:INFO:mojo_async_resource_handler.cc(459)] >>> [IPC] MojoAsyncResourceHandler::ProceedWithResponse konws [cid, routing_id]: 3, 9, HandleIncomingMessage, HandleIncomingMessage
[30204:30204:0814/033204.577944:INFO:render_frame_host_impl.cc(3699)] >>> RenderFrameHostImpl::CommitNavigation https://tag.idsync.analytics.yahoo.com/
[30204:30204:0814/033204.578000:INFO:switcher_host_impl.cc(127)] >>> [Key] add a new principal. [cid, principal, url, frame_id] = 3, 3:9_https://tag.idsync.analytics.yahoo.com/, https://tag.idsync.analytics.yahoo.com/sp-frame.html?referrer=https%3A%2F%2Fsg.yahoo.com%2F%3Fp%3Dus, 8
[30204:30204:0814/033204.578093:INFO:render_frame_host_impl.cc(3718)] >>>	[site, common.url, headers] = 3:9_https://tag.idsync.analytics.yahoo.com/, HTTP/1.1 200 status:200 content-encoding:gzip content-type:text/html date:Mon, 12 Aug 2019 11:33:43 GMT etag:"9b27f08842ec1f21101a0bc4c5dba12e+gzip" last-modified:Thu, 08 Aug 2019 17:26:39 GMT server:ECS (sgb/C6E6) vary:Accept-Encoding x-amz-id-2:/jw3BeuK3VBRgbV7BwzdypkMPUTPb/nTEdYHO8NTh3oLxoyuUdYw5o+8NbVPrV32svKZnh17dBk= x-amz-request-id:33BD832464322143 x-amz-server-side-encryption:AES256 x-cache:HIT content-length:153  ,30248, 3
[1:7:0814/033204.580378:INFO:ipc_mojo_bootstrap.cc(809)] >>> [IPC] Accept. post a task to AcceptOnProxyThread
[1:1:0814/033204.621263:INFO:event_target.cc(534)] !!!!!!!!!!!!!!!! RegisteredEventListener::SetCallback. 0x1c464ab1520
[1:1:0814/033204.643385:INFO:script_loader.cc(852)]  $$$ [Script] ScriptLoader::ExecuteScriptBlock. task_id, url is 1991, "https://s.yimg.com/rq/darla/3-15-0/html/r-sf.html"
[1:1:0814/033204.644278:INFO:html_tree_builder.cc(780)] >>> [renderer][DOM] receive <iframe>
[1:1:0814/033204.648603:INFO:render_frame_impl.cc(1477)] 	RenderFrameImpl::Initialize. 10, 0x84f133e0020
[1:1:0814/033204.648723:INFO:web_local_frame_impl.cc(1666)] 		WebLocalFrame::SetRoutingID. routing_id = 10
[30204:30204:0814/033204.649045:INFO:render_frame_host_impl.cc(1417)] 	 enter RenderFrameHostImpl::OnCreateChildFrame
[30204:30204:0814/033204.651436:INFO:frame_tree.cc(218)] 	 enter FrameTree::AddFrame: , 10, 9, 
[1:1:0814/033204.655473:INFO:render_frame_impl.cc(7018)] >>> [renderer][DOM] RenderFrameImpl::BeginNavigation
[1:1:0814/033204.655582:INFO:render_frame_impl.cc(7019)] 	 [url] = https://s.yimg.com
[30204:30204:0814/033204.657047:INFO:render_frame_host_impl.cc(3108)] >>> [broswer][navigation] RenderFrameHostImpl::BeginNavigation. ID from switcher is 3:6_https://s.yimg.com/
[1:1:0814/033204.661401:INFO:event_target.cc(534)] !!!!!!!!!!!!!!!! RegisteredEventListener::SetCallback. 0x1c464ab1520
[1:1:0814/033204.675750:INFO:script_loader.cc(852)]  $$$ [Script] ScriptLoader::ExecuteScriptBlock. task_id, url is 1994, "https://s.yimg.com/rq/darla/3-15-0/html/r-sf.html"
[1:1:0814/033204.703818:INFO:event_target.cc(534)] !!!!!!!!!!!!!!!! RegisteredEventListener::SetCallback. 0x1c464ab3338
[1:1:0814/033204.732668:INFO:script_loader.cc(852)]  $$$ [Script] ScriptLoader::ExecuteScriptBlock. task_id, url is 1994, "https://s.yimg.com/rq/darla/3-15-0/html/r-sf.html"
[1:1:0814/033204.736688:INFO:event_target.cc(534)] !!!!!!!!!!!!!!!! RegisteredEventListener::SetCallback. 0x1c464ab3338
[1:1:0814/033204.741086:INFO:script_loader.cc(852)]  $$$ [Script] ScriptLoader::ExecuteScriptBlock. task_id, url is 1996 0x7fbfa5c7e8b0 0x84f149d90e0 , "https://sg.yahoo.com/?p=us"
[1:1:0814/033204.743504:INFO:script_loader.cc(852)]  $$$ [Script] ScriptLoader::ExecuteScriptBlock. task_id, url is 1997 0x7fbfa5c7e8b0 0x84f13866fe0 , "https://sg.yahoo.com/?p=us"
[1:1:0814/033204.747198:INFO:script_loader.cc(852)]  $$$ [Script] ScriptLoader::ExecuteScriptBlock. task_id, url is 2000 0x7fbfa5c7e8b0 0x84f14ba8e60 , "https://sg.yahoo.com/?p=us"
[1:1:0814/033204.750552:INFO:script_loader.cc(852)]  $$$ [Script] ScriptLoader::ExecuteScriptBlock. task_id, url is 2001 0x7fbfa5c7e8b0 0x84f149d74e0 , "https://sg.yahoo.com/?p=us"
[1:1:0814/033204.752277:INFO:script_loader.cc(852)]  $$$ [Script] ScriptLoader::ExecuteScriptBlock. task_id, url is 2003 0x7fbfa5c7e8b0 0x84f14cfefe0 , "https://sg.yahoo.com/?p=us"
[1:1:0814/033204.753929:INFO:script_loader.cc(852)]  $$$ [Script] ScriptLoader::ExecuteScriptBlock. task_id, url is 2004 0x7fbfa5c7e8b0 0x84f13e05b60 , "https://sg.yahoo.com/?p=us"
[30204:30204:0814/033204.768667:INFO:CONSOLE(14)] "yui: NOT loaded: videoplayer", source: https://s.yimg.com/zz/combo?yui:/3.18.0/yui/yui-min.js (14)
[30204:30204:0814/033204.769304:INFO:CONSOLE(14)] "yui: NOT loaded: td-applet-storyswarm-atomic-templates-list.tumblr", source: https://s.yimg.com/zz/combo?yui:/3.18.0/yui/yui-min.js (14)
[30204:30204:0814/033204.838928:INFO:navigation_url_loader_network_service.cc(1293)] 	 enter NavigationURLLoaderNetworkService::OnReceiveResponse
[30204:30204:0814/033204.839346:INFO:navigation_handle_impl.cc(765)] 	 enter NavigationHandleImpl::WillProcessResponse
[30204:30214:0814/033204.840790:INFO:interface_endpoint_client.cc(447)] >>> [Frame] get kURLLoader_ProceedWithResponse_Name. [pid, routing_id] = 3, 10
[30204:30214:0814/033204.840829:INFO:mojo_async_resource_handler.cc(459)] >>> [IPC] MojoAsyncResourceHandler::ProceedWithResponse konws [cid, routing_id]: 3, 10, HandleIncomingMessage, HandleIncomingMessage
[30204:30204:0814/033204.840838:INFO:render_frame_host_impl.cc(3699)] >>> RenderFrameHostImpl::CommitNavigation https://s.yimg.com/
[30204:30204:0814/033204.840866:INFO:switcher_host_impl.cc(127)] >>> [Key] add a new principal. [cid, principal, url, frame_id] = 3, 3:10_https://s.yimg.com/, https://s.yimg.com/ja/ap/ssp_cookie_sync/apac.html, 9
[30204:30204:0814/033204.840915:INFO:render_frame_host_impl.cc(3718)] >>>	[site, common.url, headers] = 3:10_https://s.yimg.com/, HTTP/1.1 200 status:200 x-amz-id-2:/CxrRoItWimIAidXNRXvdeZL88oBCKvYE4MZgkJvjaSUHnnAJWxAbe1ozxXNWT/LtZlhYt8GKew= x-amz-request-id:A7378EEA8E506E76 date:Mon, 12 Aug 2019 01:50:52 GMT last-modified:Mon, 30 Apr 2018 16:10:55 GMT etag:"08dc3a26368ba18d7aa3f08b2f39a55b-df" x-amz-server-side-encryption:AES256 cache-control:max-age=86400,public x-amz-meta-created-date:Fri, 15 Sep 2017 22:03:21 GMT x-amz-meta-mbst-etag:"YM:1:249064fb-6bcc-4b95-ad2a-83d4eb1faf2a000559418fadbd30" x-amz-meta-x-ysws-mbst-vtime:1505513001827632 expires:Sat, 05 Sep 2026 00:00:00 GMT x-amz-meta-x-ysws-access:public accept-ranges:bytes content-type:text/html; charset=utf-8 server:ATS referrer-policy:no-referrer-when-downgrade vary:Origin, Accept-Encoding content-encoding:gzip content-length:415 age:34972 strict-transport-security:max-age=15552000 expect-ct:max-age=31536000, report-uri="http://csp.yahoo.com/beacon/csp?src=yahoocom-expect-ct-report-only" x-xss-protection:1; mode=block x-content-type-options:nosniff  ,30248, 3
[1:7:0814/033204.842812:INFO:ipc_mojo_bootstrap.cc(809)] >>> [IPC] Accept. post a task to AcceptOnProxyThread
[30204:30204:0814/033204.914625:INFO:CONSOLE(14)] "yui: NOT loaded: videoplayer", source: https://s.yimg.com/zz/combo?yui:/3.18.0/yui/yui-min.js (14)
[30204:30204:0814/033204.918469:INFO:CONSOLE(14)] "yui: NOT loaded: videoplayer", source: https://s.yimg.com/zz/combo?yui:/3.18.0/yui/yui-min.js (14)
[30204:30204:0814/033204.924810:INFO:CONSOLE(14)] "yui: NOT loaded: td-applet-storyswarm-atomic-templates-list.tumblr", source: https://s.yimg.com/zz/combo?yui:/3.18.0/yui/yui-min.js (14)
[1:1:0814/033204.972643:INFO:script_loader.cc(852)]  $$$ [Script] ScriptLoader::ExecuteScriptBlock. task_id, url is 2103 0x7fbfa40c0bd0 0x84f149d9e58 , "https://s.yimg.com/rq/darla/3-15-0/html/r-sf.html"
[1:1:0814/033204.996166:INFO:event_target.cc(534)] !!!!!!!!!!!!!!!! RegisteredEventListener::SetCallback. 0x1c464ab4780
[1:1:0814/033205.008710:INFO:script_loader.cc(852)]  $$$ [Script] ScriptLoader::ExecuteScriptBlock. task_id, url is 2103 0x7fbfa40c0bd0 0x84f149d9e58 , "https://s.yimg.com/rq/darla/3-15-0/html/r-sf.html"
[1:1:0814/033205.009394:INFO:html_tree_builder.cc(780)] >>> [renderer][DOM] receive <iframe>
[30204:30204:0814/033205.010352:INFO:render_frame_host_impl.cc(1417)] 	 enter RenderFrameHostImpl::OnCreateChildFrame
[1:1:0814/033205.011391:INFO:render_frame_impl.cc(1477)] 	RenderFrameImpl::Initialize. 11, 0x84f13e36820
[1:1:0814/033205.011513:INFO:web_local_frame_impl.cc(1666)] 		WebLocalFrame::SetRoutingID. routing_id = 11
[30204:30204:0814/033205.012756:INFO:frame_tree.cc(218)] 	 enter FrameTree::AddFrame: , 11, 10, 
[1:1:0814/033205.020848:INFO:render_frame_impl.cc(7018)] >>> [renderer][DOM] RenderFrameImpl::BeginNavigation
[1:1:0814/033205.020989:INFO:render_frame_impl.cc(7019)] 	 [url] = https://s.yimg.com
[30204:30204:0814/033205.022500:INFO:render_frame_host_impl.cc(3108)] >>> [broswer][navigation] RenderFrameHostImpl::BeginNavigation. ID from switcher is 3:6_https://s.yimg.com/
[1:1:0814/033205.026168:INFO:event_target.cc(534)] !!!!!!!!!!!!!!!! RegisteredEventListener::SetCallback. 0x1c464ab4780
[1:1:0814/033205.032494:INFO:ipc_mojo_bootstrap.cc(894)] ### [Switcher][kFrameNavigationControl_CommitNavigation_Name] get additional field: 3:9_https://tag.idsync.analytics.yahoo.com/
[1:1:0814/033205.051778:INFO:script_loader.cc(852)]  $$$ [Script] ScriptLoader::ExecuteScriptBlock. task_id, url is 2137 0x7fbfa40c0bd0 0x84f13dfedd8 , "https://s.yimg.com/rq/darla/3-15-0/html/r-sf.html"
[1:1:0814/033205.074249:INFO:event_target.cc(534)] !!!!!!!!!!!!!!!! RegisteredEventListener::SetCallback. 0x1c464ab6640
[1:1:0814/033205.086476:INFO:script_loader.cc(852)]  $$$ [Script] ScriptLoader::ExecuteScriptBlock. task_id, url is 2137 0x7fbfa40c0bd0 0x84f13dfedd8 , "https://s.yimg.com/rq/darla/3-15-0/html/r-sf.html"
[1:1:0814/033205.090729:INFO:event_target.cc(534)] !!!!!!!!!!!!!!!! RegisteredEventListener::SetCallback. 0x1c464ab6640
[1:1:0814/033205.100698:INFO:ipc_mojo_bootstrap.cc(894)] ### [Switcher][kFrameNavigationControl_CommitNavigation_Name] get additional field: 3:10_https://s.yimg.com/
[30204:30204:0814/033205.202060:INFO:navigation_url_loader_network_service.cc(1293)] 	 enter NavigationURLLoaderNetworkService::OnReceiveResponse
[30204:30204:0814/033205.202818:INFO:navigation_handle_impl.cc(765)] 	 enter NavigationHandleImpl::WillProcessResponse
[30204:30214:0814/033205.204907:INFO:interface_endpoint_client.cc(447)] >>> [Frame] get kURLLoader_ProceedWithResponse_Name. [pid, routing_id] = 3, 11
[30204:30214:0814/033205.204951:INFO:mojo_async_resource_handler.cc(459)] >>> [IPC] MojoAsyncResourceHandler::ProceedWithResponse konws [cid, routing_id]: 3, 11, HandleIncomingMessage, HandleIncomingMessage
[30204:30204:0814/033205.204957:INFO:render_frame_host_impl.cc(3699)] >>> RenderFrameHostImpl::CommitNavigation https://s.yimg.com/
[30204:30204:0814/033205.204986:INFO:switcher_host_impl.cc(127)] >>> [Key] add a new principal. [cid, principal, url, frame_id] = 3, 3:11_https://s.yimg.com/, https://s.yimg.com/ja/ap/ssp_cookie_sync/apac.html, 10
[30204:30204:0814/033205.205040:INFO:render_frame_host_impl.cc(3718)] >>>	[site, common.url, headers] = 3:11_https://s.yimg.com/, HTTP/1.1 200 status:304 date:Mon, 12 Aug 2019 11:33:43 GMT expires:Sat, 05 Sep 2026 00:00:00 GMT cache-control:max-age=86400,public vary:Origin, Accept-Encoding strict-transport-security:max-age=15552000 server:ATS expect-ct:max-age=31536000, report-uri="http://csp.yahoo.com/beacon/csp?src=yahoocom-expect-ct-report-only" x-amz-id-2:/CxrRoItWimIAidXNRXvdeZL88oBCKvYE4MZgkJvjaSUHnnAJWxAbe1ozxXNWT/LtZlhYt8GKew= x-amz-request-id:A7378EEA8E506E76 last-modified:Mon, 30 Apr 2018 16:10:55 GMT etag:"08dc3a26368ba18d7aa3f08b2f39a55b-df" x-amz-server-side-encryption:AES256 x-amz-meta-created-date:Fri, 15 Sep 2017 22:03:21 GMT x-amz-meta-mbst-etag:"YM:1:249064fb-6bcc-4b95-ad2a-83d4eb1faf2a000559418fadbd30" x-amz-meta-x-ysws-mbst-vtime:1505513001827632 x-amz-meta-x-ysws-access:public accept-ranges:bytes content-type:text/html; charset=utf-8 referrer-policy:no-referrer-when-downgrade content-encoding:gzip content-length:415 age:34972 x-xss-protection:1; mode=block x-content-type-options:nosniff  ,30248, 3
[1:7:0814/033205.206631:INFO:ipc_mojo_bootstrap.cc(809)] >>> [IPC] Accept. post a task to AcceptOnProxyThread
[30204:30204:0814/033205.910028:INFO:switcher_host_impl.cc(127)] >>> [Key] add a new principal. [cid, principal, url, frame_id] = 3, 3:9_https://tag.idsync.analytics.yahoo.com/, https://tag.idsync.analytics.yahoo.com/, 8
[30204:30204:0814/033205.910096:INFO:frame_tree_node.cc(349)] 	FrameTreeNode::SetCurrentOrigin. [frameid, routingid, origin, url] = 8, 9, https://tag.idsync.analytics.yahoo.com/, https://tag.idsync.analytics.yahoo.com
[1:1:0814/033205.911182:INFO:html_document_parser.cc(1203)]  $$$ [TASK] HTMLDocumentParser::AppendBytes -> BackgroundHTMLParser::AppendRawBytesFromMainThread
[30204:30204:0814/033205.932476:INFO:switcher_host_impl.cc(127)] >>> [Key] add a new principal. [cid, principal, url, frame_id] = 3, 3:10_https://s.yimg.com/, https://s.yimg.com/, 9
[30204:30204:0814/033205.932531:INFO:frame_tree_node.cc(349)] 	FrameTreeNode::SetCurrentOrigin. [frameid, routingid, origin, url] = 9, 10, https://s.yimg.com/, https://s.yimg.com
[1:1:0814/033205.945761:INFO:html_document_parser.cc(1203)]  $$$ [TASK] HTMLDocumentParser::AppendBytes -> BackgroundHTMLParser::AppendRawBytesFromMainThread
[1:1:0814/033205.950177:INFO:ipc_mojo_bootstrap.cc(894)] ### [Switcher][kFrameNavigationControl_CommitNavigation_Name] get additional field: 3:11_https://s.yimg.com/
[1:1:0814/033206.015552:INFO:platform_thread_posix.cc(131)] >>> invoke pthread_create
[1:1:0814/033206.045231:INFO:platform_thread_posix.cc(131)] >>> invoke pthread_create
[1:1:0814/033206.153814:INFO:html_parser_scheduler.cc(81)]  $$$ [TASK] HTMLParserScheduler::ScheduleForUnpause -> HTMLParserScheduler::ContinueParsing
[1:1:0814/033206.171371:INFO:html_parser_scheduler.cc(81)]  $$$ [TASK] HTMLParserScheduler::ScheduleForUnpause -> HTMLParserScheduler::ContinueParsing
[1:1:0814/033206.176550:INFO:script_loader.cc(852)]  $$$ [Script] ScriptLoader::ExecuteScriptBlock. task_id, url is 2391 0x7fbfa5c7e8b0 0x84f147b4860 , "https://s.yimg.com/rq/darla/3-15-0/html/r-sf.html"
[30204:30204:0814/033206.235923:INFO:render_frame_host_impl.cc(1417)] 	 enter RenderFrameHostImpl::OnCreateChildFrame
[1:1:0814/033206.237028:INFO:render_frame_impl.cc(1477)] 	RenderFrameImpl::Initialize. 12, 0x84f14956020
[1:1:0814/033206.237232:INFO:web_local_frame_impl.cc(1666)] 		WebLocalFrame::SetRoutingID. routing_id = 12
[30204:30204:0814/033206.238051:INFO:frame_tree.cc(218)] 	 enter FrameTree::AddFrame: , 12, 11, 
[30204:30204:0814/033206.250460:INFO:switcher_host_impl.cc(127)] >>> [Key] add a new principal. [cid, principal, url, frame_id] = 3, 3:12_https://s.yimg.com/, https://s.yimg.com/, 11
[30204:30204:0814/033206.250543:INFO:frame_tree_node.cc(349)] 	FrameTreeNode::SetCurrentOrigin. [frameid, routingid, origin, url] = 11, 12, https://s.yimg.com/, https://s.yimg.com
[1:1:0814/033206.273374:INFO:script_loader.cc(852)]  $$$ [Script] ScriptLoader::ExecuteScriptBlock. task_id, url is 2391 0x7fbfa5c7e8b0 0x84f147b4860 , "https://s.yimg.com/rq/darla/3-15-0/html/r-sf.html"
[1:1:0814/033206.298767:INFO:html_tree_builder.cc(780)] >>> [renderer][DOM] receive <iframe>
[30204:30204:0814/033206.301619:INFO:render_frame_host_impl.cc(1417)] 	 enter RenderFrameHostImpl::OnCreateChildFrame
[1:1:0814/033206.302614:INFO:render_frame_impl.cc(1477)] 	RenderFrameImpl::Initialize. 13, 0x84f14956a20
[1:1:0814/033206.302777:INFO:web_local_frame_impl.cc(1666)] 		WebLocalFrame::SetRoutingID. routing_id = 13
[30204:30204:0814/033206.303776:INFO:frame_tree.cc(218)] 	 enter FrameTree::AddFrame: aswift_0, 13, 12, 
[30204:30204:0814/033206.330542:INFO:switcher_host_impl.cc(127)] >>> [Key] add a new principal. [cid, principal, url, frame_id] = 3, 3:13_https://s.yimg.com/, https://s.yimg.com/, 12
[30204:30204:0814/033206.330666:INFO:frame_tree_node.cc(349)] 	FrameTreeNode::SetCurrentOrigin. [frameid, routingid, origin, url] = 12, 13, https://s.yimg.com/, https://s.yimg.com
[1:1:0814/033206.356164:INFO:render_frame_impl.cc(1477)] 	RenderFrameImpl::Initialize. 14, 0x84f14957420
[1:1:0814/033206.356325:INFO:web_local_frame_impl.cc(1666)] 		WebLocalFrame::SetRoutingID. routing_id = 14
[30204:30204:0814/033206.356507:INFO:render_frame_host_impl.cc(1417)] 	 enter RenderFrameHostImpl::OnCreateChildFrame
[30204:30204:0814/033206.358603:INFO:frame_tree.cc(218)] 	 enter FrameTree::AddFrame: google_esf, 14, 13, 
[1:1:0814/033206.363557:INFO:render_frame_impl.cc(7018)] >>> [renderer][DOM] RenderFrameImpl::BeginNavigation
[1:1:0814/033206.363717:INFO:render_frame_impl.cc(7019)] 	 [url] = https://s.yimg.com
[30204:30204:0814/033206.364203:INFO:render_frame_host_impl.cc(3108)] >>> [broswer][navigation] RenderFrameHostImpl::BeginNavigation. ID from switcher is 3:10_https://s.yimg.com/
[30204:30204:0814/033206.378520:INFO:switcher_host_impl.cc(127)] >>> [Key] add a new principal. [cid, principal, url, frame_id] = 3, 3:11_https://s.yimg.com/, https://s.yimg.com/, 10
[30204:30204:0814/033206.378590:INFO:frame_tree_node.cc(349)] 	FrameTreeNode::SetCurrentOrigin. [frameid, routingid, origin, url] = 10, 11, https://s.yimg.com/, https://s.yimg.com
[1:1:0814/033206.381289:INFO:html_document_parser.cc(1203)]  $$$ [TASK] HTMLDocumentParser::AppendBytes -> BackgroundHTMLParser::AppendRawBytesFromMainThread
[1:1:0814/033206.385770:INFO:script_loader.cc(852)]  $$$ [Script] ScriptLoader::ExecuteScriptBlock. task_id, url is 2398, "https://s.yimg.com/rq/darla/3-15-0/html/r-sf.html"
[30204:30204:0814/033206.433942:INFO:navigation_url_loader_network_service.cc(1293)] 	 enter NavigationURLLoaderNetworkService::OnReceiveResponse
[30204:30204:0814/033206.434729:INFO:navigation_handle_impl.cc(765)] 	 enter NavigationHandleImpl::WillProcessResponse
[30204:30204:0814/033206.437757:INFO:render_frame_host_impl.cc(3699)] >>> RenderFrameHostImpl::CommitNavigation https://googleads.g.doubleclick.net/
[30204:30204:0814/033206.437829:INFO:switcher_host_impl.cc(127)] >>> [Key] add a new principal. [cid, principal, url, frame_id] = 3, 3:14_https://googleads.g.doubleclick.net/, https://googleads.g.doubleclick.net/pagead/html/r20190807/r20190131/zrt_lookup.html#, 13
[30204:30204:0814/033206.437920:INFO:render_frame_host_impl.cc(3718)] >>>	[site, common.url, headers] = 3:14_https://googleads.g.doubleclick.net/, HTTP/1.1 200 status:200 p3p:policyref="https://googleads.g.doubleclick.net/pagead/gcn_p3p_.xml", CP="CURa ADMa DEVa TAIo PSAo PSDo OUR IND UNI PUR INT DEM STA PRE COM NAV OTC NOI DSP COR" timing-allow-origin:* vary:Accept-Encoding date:Sun, 11 Aug 2019 01:30:49 GMT expires:Sun, 25 Aug 2019 01:30:49 GMT content-type:text/html; charset=UTF-8 etag:4817175036427020965 x-content-type-options:nosniff content-encoding:gzip server:cafe content-length:7274 x-xss-protection:0 cache-control:public, max-age=1209600 age:122575 alt-svc:quic="googleads.g.doubleclick.net:443"; ma=2592000; v="46,43,39",quic=":443"; ma=2592000; v="46,43,39"  ,30248, 3
[30204:30204:0814/033206.439875:INFO:CONSOLE(0)] "The Content Security Policy directive 'sandbox' is ignored when delivered in a report-only policy.", source: https://sg.yahoo.com/?p=us (0)
[30204:30214:0814/033206.444512:INFO:interface_endpoint_client.cc(447)] >>> [Frame] get kURLLoader_ProceedWithResponse_Name. [pid, routing_id] = 3, 14
[30204:30214:0814/033206.444588:INFO:mojo_async_resource_handler.cc(459)] >>> [IPC] MojoAsyncResourceHandler::ProceedWithResponse konws [cid, routing_id]: 3, 14, HandleIncomingMessage, HandleIncomingMessage
[30204:30204:0814/033206.446280:INFO:CONSOLE(0)] "The Content Security Policy directive 'sandbox' is ignored when delivered in a report-only policy.", source: https://sg.yahoo.com/?p=us (0)
[1:7:0814/033206.449048:INFO:ipc_mojo_bootstrap.cc(809)] >>> [IPC] Accept. post a task to AcceptOnProxyThread
[1:1:0814/033206.497216:INFO:script_loader.cc(852)]  $$$ [Script] ScriptLoader::ExecuteScriptBlock. task_id, url is 2492 0x7fbfa5c7e8b0 0x84f147b29e0 , "https://s.yimg.com/rq/darla/3-15-0/html/r-sf.html"
[30204:30204:0814/033206.534045:INFO:render_frame_host_impl.cc(1417)] 	 enter RenderFrameHostImpl::OnCreateChildFrame
[1:1:0814/033206.535244:INFO:render_frame_impl.cc(1477)] 	RenderFrameImpl::Initialize. 15, 0x84f14ae8020
[1:1:0814/033206.535403:INFO:web_local_frame_impl.cc(1666)] 		WebLocalFrame::SetRoutingID. routing_id = 15
[30204:30204:0814/033206.536501:INFO:frame_tree.cc(218)] 	 enter FrameTree::AddFrame: , 15, 14, 
[30204:30204:0814/033206.555432:INFO:switcher_host_impl.cc(127)] >>> [Key] add a new principal. [cid, principal, url, frame_id] = 3, 3:15_https://s.yimg.com/, https://s.yimg.com/, 14
[30204:30204:0814/033206.555522:INFO:frame_tree_node.cc(349)] 	FrameTreeNode::SetCurrentOrigin. [frameid, routingid, origin, url] = 14, 15, https://s.yimg.com/, https://s.yimg.com
[1:1:0814/033206.576373:INFO:script_loader.cc(852)]  $$$ [Script] ScriptLoader::ExecuteScriptBlock. task_id, url is 2492 0x7fbfa5c7e8b0 0x84f147b29e0 , "https://s.yimg.com/rq/darla/3-15-0/html/r-sf.html"
[1:1:0814/033206.592795:INFO:html_tree_builder.cc(780)] >>> [renderer][DOM] receive <iframe>
[30204:30204:0814/033206.594094:INFO:render_frame_host_impl.cc(1417)] 	 enter RenderFrameHostImpl::OnCreateChildFrame
[1:1:0814/033206.595051:INFO:render_frame_impl.cc(1477)] 	RenderFrameImpl::Initialize. 16, 0x84f14ae8a20
[1:1:0814/033206.595204:INFO:web_local_frame_impl.cc(1666)] 		WebLocalFrame::SetRoutingID. routing_id = 16
[30204:30204:0814/033206.596327:INFO:frame_tree.cc(218)] 	 enter FrameTree::AddFrame: aswift_0, 16, 15, 
[30204:30204:0814/033206.609614:INFO:switcher_host_impl.cc(127)] >>> [Key] add a new principal. [cid, principal, url, frame_id] = 3, 3:16_https://s.yimg.com/, https://s.yimg.com/, 15
[30204:30204:0814/033206.609703:INFO:frame_tree_node.cc(349)] 	FrameTreeNode::SetCurrentOrigin. [frameid, routingid, origin, url] = 15, 16, https://s.yimg.com/, https://s.yimg.com
[1:1:0814/033206.645669:INFO:html_parser_scheduler.cc(158)]  $$$ [TASK] HTMLParserScheduler::ContinueParsing
[1:1:0814/033206.645844:INFO:html_document_parser.cc(272)] >>> HTMLDocumentParser::ResumeParsingAfterYield. url is "https://tag.idsync.analytics.yahoo.com/sp-frame.html?referrer=https%3A%2F%2Fsg.yahoo.com%2F%3Fp%3Dus"
[1:1:0814/033206.652486:INFO:html_parser_scheduler.cc(158)]  $$$ [TASK] HTMLParserScheduler::ContinueParsing
[1:1:0814/033206.652661:INFO:html_document_parser.cc(272)] >>> HTMLDocumentParser::ResumeParsingAfterYield. url is "https://s.yimg.com/ja/ap/ssp_cookie_sync/apac.html"
[1:1:0814/033206.654148:INFO:script_loader.cc(852)]  $$$ [Script] ScriptLoader::ExecuteScriptBlock. task_id, url is 2504 0x7fbfa3d58070 0x84f13860c60 , "https://s.yimg.com/ja/ap/ssp_cookie_sync/apac.html"
[30204:30204:0814/033206.665772:INFO:render_frame_host_impl.cc(1417)] 	 enter RenderFrameHostImpl::OnCreateChildFrame
[1:1:0814/033206.666750:INFO:render_frame_impl.cc(1477)] 	RenderFrameImpl::Initialize. 17, 0x84f14ae9420
[1:1:0814/033206.666879:INFO:web_local_frame_impl.cc(1666)] 		WebLocalFrame::SetRoutingID. routing_id = 17
[30204:30204:0814/033206.667671:INFO:frame_tree.cc(218)] 	 enter FrameTree::AddFrame: , 17, 16, 
[1:1:0814/033206.673632:INFO:render_frame_impl.cc(7018)] >>> [renderer][DOM] RenderFrameImpl::BeginNavigation
[1:1:0814/033206.673783:INFO:render_frame_impl.cc(7019)] 	 [url] = https://s.yimg.com
[30204:30204:0814/033206.674367:INFO:render_frame_host_impl.cc(3108)] >>> [broswer][navigation] RenderFrameHostImpl::BeginNavigation. ID from switcher is 3:10_https://s.yimg.com/
[1:1:0814/033206.681197:INFO:script_loader.cc(852)]  $$$ [Script] ScriptLoader::ExecuteScriptBlock. task_id, url is 2506, "https://s.yimg.com/rq/darla/3-15-0/html/r-sf.html"
[1:1:0814/033206.735815:INFO:html_parser_scheduler.cc(81)]  $$$ [TASK] HTMLParserScheduler::ScheduleForUnpause -> HTMLParserScheduler::ContinueParsing
[1:1:0814/033206.742125:INFO:html_parser_scheduler.cc(81)]  $$$ [TASK] HTMLParserScheduler::ScheduleForUnpause -> HTMLParserScheduler::ContinueParsing
[30204:30204:0814/033206.751621:INFO:navigation_url_loader_network_service.cc(1293)] 	 enter NavigationURLLoaderNetworkService::OnReceiveResponse
[30204:30204:0814/033206.752313:INFO:navigation_handle_impl.cc(765)] 	 enter NavigationHandleImpl::WillProcessResponse
[30204:30214:0814/033206.754796:INFO:interface_endpoint_client.cc(447)] >>> [Frame] get kURLLoader_ProceedWithResponse_Name. [pid, routing_id] = 3, 17
[30204:30214:0814/033206.754850:INFO:mojo_async_resource_handler.cc(459)] >>> [IPC] MojoAsyncResourceHandler::ProceedWithResponse konws [cid, routing_id]: 3, 17, HandleIncomingMessage, HandleIncomingMessage
[30204:30204:0814/033206.754952:INFO:render_frame_host_impl.cc(3699)] >>> RenderFrameHostImpl::CommitNavigation https://ads.pubmatic.com/
[30204:30204:0814/033206.755000:INFO:switcher_host_impl.cc(127)] >>> [Key] add a new principal. [cid, principal, url, frame_id] = 3, 3:17_https://ads.pubmatic.com/, https://ads.pubmatic.com/AdServer/js/user_sync.html?p=156107&s=176446&predirect=https%3A%2F%2Fpr-bh.ybp.yahoo.com%2Fsync%2Fpubmatic%2F, 16
[30204:30204:0814/033206.755092:INFO:render_frame_host_impl.cc(3718)] >>>	[site, common.url, headers] = 3:17_https://ads.pubmatic.com/, HTTP/1.1 200 OK Last-Modified: Fri, 26 Jul 2019 09:40:01 GMT ETag: "1300708-26ca-58e92538a370a" Server: Apache/2.2.15 (CentOS) Accept-Ranges: bytes Content-Encoding: gzip P3P: CP="NOI DSP COR LAW CUR ADMo DEVo TAIo PSAo PSDo IVAo IVDo HISo OTPo OUR SAMo BUS UNI COM NAV INT DEM CNT STA PRE LOC", CP="NOI DSP COR LAW CUR ADMo DEVo TAIo PSAo PSDo IVAo IVDo HISo OTPo OUR SAMo BUS UNI COM NAV INT DEM CNT STA PRE LOC" Content-Length: 3860 Content-Type: text/html; charset=UTF-8 Cache-Control: max-age=64225 Expires: Tue, 13 Aug 2019 05:24:10 GMT Date: Mon, 12 Aug 2019 11:33:45 GMT Connection: keep-alive Vary: Accept-Encoding  ,30248, 3
[1:7:0814/033206.755999:INFO:ipc_mojo_bootstrap.cc(809)] >>> [IPC] Accept. post a task to AcceptOnProxyThread
[1:1:0814/033206.756481:INFO:ipc_mojo_bootstrap.cc(894)] ### [Switcher][kFrameNavigationControl_CommitNavigation_Name] get additional field: 3:14_https://googleads.g.doubleclick.net/
[1:1:0814/033206.859270:INFO:script_loader.cc(852)]  $$$ [Script] ScriptLoader::ExecuteScriptBlock. task_id, url is 2703 0x7fbfba3df080 0x84f13522ce0 1 0 0x84f13522cf8 , "https://s.yimg.com/rq/darla/3-15-0/html/r-sf.html"
[30204:30204:0814/033207.021672:INFO:render_frame_host_impl.cc(1417)] 	 enter RenderFrameHostImpl::OnCreateChildFrame
[1:1:0814/033207.022586:INFO:render_frame_impl.cc(1477)] 	RenderFrameImpl::Initialize. 18, 0x84f14aea820
[1:1:0814/033207.022730:INFO:web_local_frame_impl.cc(1666)] 		WebLocalFrame::SetRoutingID. routing_id = 18
[30204:30204:0814/033207.023900:INFO:frame_tree.cc(218)] 	 enter FrameTree::AddFrame: , 18, 17, 
[30204:30204:0814/033207.036027:INFO:switcher_host_impl.cc(127)] >>> [Key] add a new principal. [cid, principal, url, frame_id] = 3, 3:18_https://s.yimg.com/, https://s.yimg.com/, 17
[30204:30204:0814/033207.036090:INFO:frame_tree_node.cc(349)] 	FrameTreeNode::SetCurrentOrigin. [frameid, routingid, origin, url] = 17, 18, https://s.yimg.com/, https://s.yimg.com
[1:1:0814/033207.191627:INFO:script_loader.cc(852)]  $$$ [Script] ScriptLoader::ExecuteScriptBlock. task_id, url is 2706, "https://tag.idsync.analytics.yahoo.com/sp-frame.html?referrer=https%3A%2F%2Fsg.yahoo.com%2F%3Fp%3Dus"
[1:1:0814/033207.213752:INFO:html_parser_scheduler.cc(81)]  $$$ [TASK] HTMLParserScheduler::ScheduleForUnpause -> HTMLParserScheduler::ContinueParsing
[1:1:0814/033207.221145:INFO:script_loader.cc(852)]  $$$ [Script] ScriptLoader::ExecuteScriptBlock. task_id, url is 2739 0x7fbfa5c7e8b0 0x84f14391de0 , "https://s.yimg.com/rq/darla/3-15-0/html/r-sf.html"
[1:1:0814/033207.223189:INFO:script_loader.cc(852)]  $$$ [Script] ScriptLoader::ExecuteScriptBlock. task_id, url is 2740 0x7fbfa5c7e8b0 0x84f143915e0 , "https://s.yimg.com/rq/darla/3-15-0/html/r-sf.html"
[1:1:0814/033207.229715:INFO:html_parser_scheduler.cc(158)]  $$$ [TASK] HTMLParserScheduler::ContinueParsing
[1:1:0814/033207.229845:INFO:html_document_parser.cc(272)] >>> HTMLDocumentParser::ResumeParsingAfterYield. url is "https://s.yimg.com/ja/ap/ssp_cookie_sync/apac.html"
[1:1:0814/033207.230985:INFO:script_loader.cc(852)]  $$$ [Script] ScriptLoader::ExecuteScriptBlock. task_id, url is 2755 0x7fbfa3d58070 0x84f14399ae0 , "https://s.yimg.com/ja/ap/ssp_cookie_sync/apac.html"
[30204:30204:0814/033207.233875:INFO:render_frame_host_impl.cc(1417)] 	 enter RenderFrameHostImpl::OnCreateChildFrame
[1:1:0814/033207.234693:INFO:render_frame_impl.cc(1477)] 	RenderFrameImpl::Initialize. 19, 0x84f12df1820
[1:1:0814/033207.234802:INFO:web_local_frame_impl.cc(1666)] 		WebLocalFrame::SetRoutingID. routing_id = 19
[30204:30204:0814/033207.235619:INFO:frame_tree.cc(218)] 	 enter FrameTree::AddFrame: , 19, 18, 
[1:1:0814/033207.240069:INFO:render_frame_impl.cc(7018)] >>> [renderer][DOM] RenderFrameImpl::BeginNavigation
[1:1:0814/033207.240184:INFO:render_frame_impl.cc(7019)] 	 [url] = https://s.yimg.com
[30204:30204:0814/033207.243731:INFO:render_frame_host_impl.cc(3108)] >>> [broswer][navigation] RenderFrameHostImpl::BeginNavigation. ID from switcher is 3:11_https://s.yimg.com/
[1:1:0814/033207.248877:INFO:html_parser_scheduler.cc(158)]  $$$ [TASK] HTMLParserScheduler::ContinueParsing
[1:1:0814/033207.249044:INFO:html_document_parser.cc(272)] >>> HTMLDocumentParser::ResumeParsingAfterYield. url is "https://s.yimg.com/rq/darla/3-15-0/html/r-sf.html"
[1:1:0814/033207.261012:INFO:ipc_mojo_bootstrap.cc(894)] ### [Switcher][kFrameNavigationControl_CommitNavigation_Name] get additional field: 3:17_https://ads.pubmatic.com/
[1:1:0814/033207.291164:INFO:html_document_parser.cc(1203)]  $$$ [TASK] HTMLDocumentParser::AppendBytes -> BackgroundHTMLParser::AppendRawBytesFromMainThread
[30204:30204:0814/033207.295606:INFO:switcher_host_impl.cc(127)] >>> [Key] add a new principal. [cid, principal, url, frame_id] = 3, 3:14_https://googleads.g.doubleclick.net/, https://googleads.g.doubleclick.net/, 13
[30204:30204:0814/033207.295658:INFO:frame_tree_node.cc(349)] 	FrameTreeNode::SetCurrentOrigin. [frameid, routingid, origin, url] = 13, 14, https://googleads.g.doubleclick.net/, https://googleads.g.doubleclick.net
[30204:30204:0814/033207.300699:INFO:navigation_url_loader_network_service.cc(1293)] 	 enter NavigationURLLoaderNetworkService::OnReceiveResponse
[30204:30204:0814/033207.301171:INFO:navigation_handle_impl.cc(765)] 	 enter NavigationHandleImpl::WillProcessResponse
[30204:30214:0814/033207.302737:INFO:interface_endpoint_client.cc(447)] >>> [Frame] get kURLLoader_ProceedWithResponse_Name. [pid, routing_id] = 3, 19
[30204:30214:0814/033207.302784:INFO:mojo_async_resource_handler.cc(459)] >>> [IPC] MojoAsyncResourceHandler::ProceedWithResponse konws [cid, routing_id]: 3, 19, HandleIncomingMessage, HandleIncomingMessage
[30204:30204:0814/033207.302792:INFO:render_frame_host_impl.cc(3699)] >>> RenderFrameHostImpl::CommitNavigation https://ads.pubmatic.com/
[30204:30204:0814/033207.302826:INFO:switcher_host_impl.cc(127)] >>> [Key] add a new principal. [cid, principal, url, frame_id] = 3, 3:19_https://ads.pubmatic.com/, https://ads.pubmatic.com/AdServer/js/user_sync.html?p=156107&s=176446&predirect=https%3A%2F%2Fpr-bh.ybp.yahoo.com%2Fsync%2Fpubmatic%2F, 18
[30204:30204:0814/033207.302884:INFO:render_frame_host_impl.cc(3718)] >>>	[site, common.url, headers] = 3:19_https://ads.pubmatic.com/, HTTP/1.1 200 OK Last-Modified: Fri, 26 Jul 2019 09:40:01 GMT Cache-Control: max-age=64225 Expires: Tue, 13 Aug 2019 05:24:10 GMT Date: Mon, 12 Aug 2019 11:33:45 GMT ETag: "1300708-26ca-58e92538a370a" Server: Apache/2.2.15 (CentOS) Accept-Ranges: bytes Content-Encoding: gzip P3P: CP="NOI DSP COR LAW CUR ADMo DEVo TAIo PSAo PSDo IVAo IVDo HISo OTPo OUR SAMo BUS UNI COM NAV INT DEM CNT STA PRE LOC", CP="NOI DSP COR LAW CUR ADMo DEVo TAIo PSAo PSDo IVAo IVDo HISo OTPo OUR SAMo BUS UNI COM NAV INT DEM CNT STA PRE LOC" Content-Length: 3860 Content-Type: text/html; charset=UTF-8 Vary: Accept-Encoding  ,30248, 3
[1:7:0814/033207.304505:INFO:ipc_mojo_bootstrap.cc(809)] >>> [IPC] Accept. post a task to AcceptOnProxyThread
[1:1:0814/033207.354213:INFO:script_loader.cc(852)]  $$$ [Script] ScriptLoader::ExecuteScriptBlock. task_id, url is 2807 0x7fbfa5c7e8b0 0x84f13ceb2e0 , "https://s.yimg.com/rq/darla/3-15-0/html/r-sf.html"
[1:1:0814/033207.355581:INFO:script_loader.cc(852)]  $$$ [Script] ScriptLoader::ExecuteScriptBlock. task_id, url is 2808 0x7fbfa5c7e8b0 0x84f139936e0 , "https://s.yimg.com/rq/darla/3-15-0/html/r-sf.html"
[1:1:0814/033207.368368:INFO:script_loader.cc(852)]  $$$ [Script] ScriptLoader::ExecuteScriptBlock. task_id, url is 2818 0x7fbfba3df080 0x84f13ff6920 1 0 0x84f13ff6938 , "https://s.yimg.com/rq/darla/3-15-0/html/r-sf.html"
[30204:30204:0814/033207.448907:INFO:render_frame_host_impl.cc(1417)] 	 enter RenderFrameHostImpl::OnCreateChildFrame
[1:1:0814/033207.449780:INFO:render_frame_impl.cc(1477)] 	RenderFrameImpl::Initialize. 20, 0x84f13e37220
[1:1:0814/033207.449909:INFO:web_local_frame_impl.cc(1666)] 		WebLocalFrame::SetRoutingID. routing_id = 20
[30204:30204:0814/033207.451043:INFO:frame_tree.cc(218)] 	 enter FrameTree::AddFrame: , 20, 19, 
[30204:30204:0814/033207.465368:INFO:switcher_host_impl.cc(127)] >>> [Key] add a new principal. [cid, principal, url, frame_id] = 3, 3:20_https://s.yimg.com/, https://s.yimg.com/, 19
[30204:30204:0814/033207.465463:INFO:frame_tree_node.cc(349)] 	FrameTreeNode::SetCurrentOrigin. [frameid, routingid, origin, url] = 19, 20, https://s.yimg.com/, https://s.yimg.com
[1:1:0814/033207.655286:INFO:html_parser_scheduler.cc(158)]  $$$ [TASK] HTMLParserScheduler::ContinueParsing
[1:1:0814/033207.655448:INFO:html_document_parser.cc(272)] >>> HTMLDocumentParser::ResumeParsingAfterYield. url is "https://s.yimg.com/rq/darla/3-15-0/html/r-sf.html"
[30204:30204:0814/033207.716527:INFO:switcher_host_impl.cc(127)] >>> [Key] add a new principal. [cid, principal, url, frame_id] = 3, 3:17_https://ads.pubmatic.com/, https://ads.pubmatic.com/, 16
[30204:30204:0814/033207.716585:INFO:frame_tree_node.cc(349)] 	FrameTreeNode::SetCurrentOrigin. [frameid, routingid, origin, url] = 16, 17, https://ads.pubmatic.com/, https://ads.pubmatic.com
[1:1:0814/033207.718076:INFO:html_document_parser.cc(1203)]  $$$ [TASK] HTMLDocumentParser::AppendBytes -> BackgroundHTMLParser::AppendRawBytesFromMainThread
[1:1:0814/033207.724697:INFO:html_parser_scheduler.cc(81)]  $$$ [TASK] HTMLParserScheduler::ScheduleForUnpause -> HTMLParserScheduler::ContinueParsing
[1:1:0814/033207.735629:INFO:ipc_mojo_bootstrap.cc(894)] ### [Switcher][kFrameNavigationControl_CommitNavigation_Name] get additional field: 3:19_https://ads.pubmatic.com/
[1:1:0814/033207.850919:INFO:script_loader.cc(852)]  $$$ [Script] ScriptLoader::ExecuteScriptBlock. task_id, url is 3095 0x7fbfba3df080 0x84f1447c920 1 0 0x84f1447c938 , "https://s.yimg.com/rq/darla/3-15-0/html/r-sf.html"
[1:1:0814/033207.940248:INFO:script_loader.cc(852)]  $$$ [Script] ScriptLoader::ExecuteScriptBlock. task_id, url is 3095 0x7fbfba3df080 0x84f1447c920 1 0 0x84f1447c938 , "https://s.yimg.com/rq/darla/3-15-0/html/r-sf.html"
[1:1:0814/033207.941399:INFO:script_loader.cc(852)]  $$$ [Script] ScriptLoader::ExecuteScriptBlock. task_id, url is 3095 0x7fbfba3df080 0x84f1447c920 1 0 0x84f1447c938 , "https://s.yimg.com/rq/darla/3-15-0/html/r-sf.html"
[30204:30204:0814/033208.041261:INFO:render_frame_host_impl.cc(1417)] 	 enter RenderFrameHostImpl::OnCreateChildFrame
[1:1:0814/033208.042448:INFO:render_frame_impl.cc(1477)] 	RenderFrameImpl::Initialize. 21, 0x84f14959220
[1:1:0814/033208.042590:INFO:web_local_frame_impl.cc(1666)] 		WebLocalFrame::SetRoutingID. routing_id = 21
[30204:30204:0814/033208.043467:INFO:frame_tree.cc(218)] 	 enter FrameTree::AddFrame: google_ads_frame1, 21, 20, 
[1:1:0814/033208.051770:INFO:render_frame_impl.cc(7018)] >>> [renderer][DOM] RenderFrameImpl::BeginNavigation
[1:1:0814/033208.051928:INFO:render_frame_impl.cc(7019)] 	 [url] = https://s.yimg.com
[30204:30204:0814/033208.052536:INFO:render_frame_host_impl.cc(3108)] >>> [broswer][navigation] RenderFrameHostImpl::BeginNavigation. ID from switcher is 3:10_https://s.yimg.com/
[1:1:0814/033208.134306:INFO:html_parser_scheduler.cc(81)]  $$$ [TASK] HTMLParserScheduler::ScheduleForUnpause -> HTMLParserScheduler::ContinueParsing
[1:1:0814/033208.139256:INFO:html_parser_scheduler.cc(158)]  $$$ [TASK] HTMLParserScheduler::ContinueParsing
[1:1:0814/033208.139690:INFO:html_document_parser.cc(272)] >>> HTMLDocumentParser::ResumeParsingAfterYield. url is "https://googleads.g.doubleclick.net/pagead/html/r20190807/r20190131/zrt_lookup.html#"
[1:1:0814/033208.141270:INFO:script_loader.cc(852)]  $$$ [Script] ScriptLoader::ExecuteScriptBlock. task_id, url is 3125 0x7fbfa3d58070 0x84f1445b6e0 , "https://googleads.g.doubleclick.net/pagead/html/r20190807/r20190131/zrt_lookup.html#"
[30204:30204:0814/033208.198018:INFO:switcher_host_impl.cc(127)] >>> [Key] add a new principal. [cid, principal, url, frame_id] = 3, 3:19_https://ads.pubmatic.com/, https://ads.pubmatic.com/, 18
[30204:30204:0814/033208.198095:INFO:frame_tree_node.cc(349)] 	FrameTreeNode::SetCurrentOrigin. [frameid, routingid, origin, url] = 18, 19, https://ads.pubmatic.com/, https://ads.pubmatic.com
[1:1:0814/033208.199599:INFO:html_document_parser.cc(1203)]  $$$ [TASK] HTMLDocumentParser::AppendBytes -> BackgroundHTMLParser::AppendRawBytesFromMainThread
[1:1:0814/033208.249277:INFO:script_loader.cc(852)]  $$$ [Script] ScriptLoader::ExecuteScriptBlock. task_id, url is 3151 0x7fbfba3df080 0x84f14ab8420 1 0 0x84f14ab8438 , "https://s.yimg.com/rq/darla/3-15-0/html/r-sf.html"
[1:1:0814/033208.270289:INFO:script_loader.cc(852)]  $$$ [Script] ScriptLoader::ExecuteScriptBlock. task_id, url is 3151 0x7fbfba3df080 0x84f14ab8420 1 0 0x84f14ab8438 , "https://s.yimg.com/rq/darla/3-15-0/html/r-sf.html"
[1:1:0814/033208.270823:INFO:script_loader.cc(852)]  $$$ [Script] ScriptLoader::ExecuteScriptBlock. task_id, url is 3151 0x7fbfba3df080 0x84f14ab8420 1 0 0x84f14ab8438 , "https://s.yimg.com/rq/darla/3-15-0/html/r-sf.html"
[30204:30204:0814/033208.316497:INFO:render_frame_host_impl.cc(1417)] 	 enter RenderFrameHostImpl::OnCreateChildFrame
[1:1:0814/033208.317377:INFO:render_frame_impl.cc(1477)] 	RenderFrameImpl::Initialize. 22, 0x84f13e37220
[1:1:0814/033208.317508:INFO:web_local_frame_impl.cc(1666)] 		WebLocalFrame::SetRoutingID. routing_id = 22
[30204:30204:0814/033208.318192:INFO:frame_tree.cc(218)] 	 enter FrameTree::AddFrame: google_ads_frame1, 22, 21, 
[1:1:0814/033208.325120:INFO:render_frame_impl.cc(7018)] >>> [renderer][DOM] RenderFrameImpl::BeginNavigation
[1:1:0814/033208.325292:INFO:render_frame_impl.cc(7019)] 	 [url] = https://s.yimg.com
[30204:30204:0814/033208.325859:INFO:render_frame_host_impl.cc(3108)] >>> [broswer][navigation] RenderFrameHostImpl::BeginNavigation. ID from switcher is 3:6_https://s.yimg.com/
[30204:30204:0814/033208.359885:INFO:navigation_url_loader_network_service.cc(1293)] 	 enter NavigationURLLoaderNetworkService::OnReceiveResponse
[30204:30204:0814/033208.360609:INFO:navigation_handle_impl.cc(765)] 	 enter NavigationHandleImpl::WillProcessResponse
[30204:30214:0814/033208.363137:INFO:interface_endpoint_client.cc(447)] >>> [Frame] get kURLLoader_ProceedWithResponse_Name. [pid, routing_id] = 3, 21
[30204:30214:0814/033208.363188:INFO:mojo_async_resource_handler.cc(459)] >>> [IPC] MojoAsyncResourceHandler::ProceedWithResponse konws [cid, routing_id]: 3, 21, HandleIncomingMessage, HandleIncomingMessage
[30204:30204:0814/033208.363256:INFO:render_frame_host_impl.cc(3699)] >>> RenderFrameHostImpl::CommitNavigation https://googleads.g.doubleclick.net/
[30204:30204:0814/033208.363303:INFO:switcher_host_impl.cc(127)] >>> [Key] add a new principal. [cid, principal, url, frame_id] = 3, 3:21_https://googleads.g.doubleclick.net/, https://googleads.g.doubleclick.net/pagead/ads?client=ca-pub-6785382607161389&output=html&h=250&slotname=1481641241&adk=873667032&adf=2170632790&w=970&guci=2.2.0.0.2.2.0.0&format=970x250&url=https%3A%2F%2Fsg.yahoo.com%2F%3Fp%3Dus&ea=0&flash=0&wgl=1&adsid=NT&dt=1565724726231&bpp=133&bdt=2421&fdt=1710&idt=1713&shv=r20190807&cbv=r20190131&saldr=aa&correlator=5459105814745&frm=24&ife=3&pv=2&ga_vid=696914277.1565724728&ga_sid=1565724728&ga_hid=276124667&ga_fc=0&iag=3&icsg=649&nhd=1&dssz=7&mdo=33554432&mso=33554432&u_tz=480&u_his=2&u_java=0&u_h=1080&u_w=1920&u_ah=1056&u_aw=1855&u_cd=24&u_nplug=2&u_nmime=2&adx=0&ady=0&biw=-12245933&bih=-12245933&isw=970&ish=250&ifk=1279951156&scr_x=-12245933&scr_y=-12245933&eid=151527006&oid=3&loc=https%3A%2F%2Fsg.yahoo.com%2F%3Fp%3Dus&rx=0&eae=3&brdim=75%2C34%2C75%2C34%2C1855%2C24%2C1280%2C1024%2C970%2C250&vis=1&rsz=%7C%7CaeE%7C&abl=CA&pfx=0&fu=16&bc=31&osw_key=2632625191&ifi=1&uci=1.c2dui47ba70k&fsb=1&dtd=1803, 20
[30204:30204:0814/033208.363421:INFO:render_frame_host_impl.cc(3718)] >>>	[site, common.url, headers] = 3:21_https://googleads.g.doubleclick.net/, HTTP/1.1 200 status:200 p3p:policyref="https://googleads.g.doubleclick.net/pagead/gcn_p3p_.xml", CP="CURa ADMa DEVa TAIo PSAo PSDo OUR IND UNI PUR INT DEM STA PRE COM NAV OTC NOI DSP COR" timing-allow-origin:* content-type:text/html; charset=UTF-8 x-content-type-options:nosniff content-encoding:br date:Mon, 12 Aug 2019 11:33:46 GMT server:cafe content-length:23006 x-xss-protection:0 alt-svc:quic="googleads.g.doubleclick.net:443"; ma=2592000; v="46,43,39",quic=":443"; ma=2592000; v="46,43,39"  ,30248, 3
[1:7:0814/033208.365748:INFO:ipc_mojo_bootstrap.cc(809)] >>> [IPC] Accept. post a task to AcceptOnProxyThread
[1:1:0814/033208.409132:INFO:html_parser_scheduler.cc(158)]  $$$ [TASK] HTMLParserScheduler::ContinueParsing
[1:1:0814/033208.409293:INFO:html_document_parser.cc(272)] >>> HTMLDocumentParser::ResumeParsingAfterYield. url is "https://ads.pubmatic.com/AdServer/js/user_sync.html?p=156107&s=176446&predirect=https%3A%2F%2Fpr-bh.ybp.yahoo.com%2Fsync%2Fpubmatic%2F"
[1:1:0814/033208.410788:INFO:script_loader.cc(852)]  $$$ [Script] ScriptLoader::ExecuteScriptBlock. task_id, url is 3249 0x7fbfa3d58070 0x84f146cc9e0 , "https://ads.pubmatic.com/AdServer/js/user_sync.html?p=156107&s=176446&predirect=https%3A%2F%2Fpr-bh.ybp.yahoo.com%2Fsync%2Fpubmatic%2F"
[1:1:0814/033208.421909:INFO:html_tree_builder.cc(780)] >>> [renderer][DOM] receive <iframe>
[30204:30204:0814/033208.422707:INFO:render_frame_host_impl.cc(1417)] 	 enter RenderFrameHostImpl::OnCreateChildFrame
[1:1:0814/033208.423726:INFO:render_frame_impl.cc(1477)] 	RenderFrameImpl::Initialize. 23, 0x84f14aeb220
[1:1:0814/033208.423914:INFO:web_local_frame_impl.cc(1666)] 		WebLocalFrame::SetRoutingID. routing_id = 23
[30204:30204:0814/033208.425521:INFO:frame_tree.cc(218)] 	 enter FrameTree::AddFrame: , 23, 22, 
[1:1:0814/033208.429795:INFO:render_frame_impl.cc(7018)] >>> [renderer][DOM] RenderFrameImpl::BeginNavigation
[1:1:0814/033208.429937:INFO:render_frame_impl.cc(7019)] 	 [url] = https://ads.pubmatic.com
[30204:30204:0814/033208.434123:INFO:render_frame_host_impl.cc(3108)] >>> [broswer][navigation] RenderFrameHostImpl::BeginNavigation. ID from switcher is 3:17_https://ads.pubmatic.com/
[1:1:0814/033208.457804:INFO:html_parser_scheduler.cc(81)]  $$$ [TASK] HTMLParserScheduler::ScheduleForUnpause -> HTMLParserScheduler::ContinueParsing
[30204:30204:0814/033208.465073:INFO:navigation_url_loader_network_service.cc(1293)] 	 enter NavigationURLLoaderNetworkService::OnReceiveResponse
[30204:30204:0814/033208.465745:INFO:navigation_handle_impl.cc(765)] 	 enter NavigationHandleImpl::WillProcessResponse
[30204:30204:0814/033208.468307:INFO:render_frame_host_impl.cc(3699)] >>> RenderFrameHostImpl::CommitNavigation https://ads.pubmatic.com/
[30204:30204:0814/033208.468370:INFO:switcher_host_impl.cc(127)] >>> [Key] add a new principal. [cid, principal, url, frame_id] = 3, 3:23_https://ads.pubmatic.com/, https://ads.pubmatic.com/AdServer/js/showad.js#PIX&kdntuid=1&SPug=true&p=156107&s=176446&predirect=https%3A%2F%2Fpr-bh.ybp.yahoo.com%2Fsync%2Fpubmatic%2F&it=0&gdpr=0&np=0, 22
