[1:1:0812/031113.178956:INFO:script_loader.cc(852)]  $$$ [Script] ScriptLoader::ExecuteScriptBlock. task_id, url is 1843 0x7efdd5eeef10 0xc85f87c0ae0 , "https://sg.yahoo.com/?p=us"
[1:1:0812/031113.187942:INFO:script_loader.cc(852)]  $$$ [Script] ScriptLoader::ExecuteScriptBlock. task_id, url is 1849 0x7efdd5eeef10 0xc85f8614ee0 , "https://sg.yahoo.com/?p=us"
[1:1:0812/031113.195944:INFO:script_loader.cc(852)]  $$$ [Script] ScriptLoader::ExecuteScriptBlock. task_id, url is 1853 0x7efdd5eeef10 0xc85fdd9a3e0 , "https://sg.yahoo.com/?p=us"
[1:1:0812/031113.204933:INFO:script_loader.cc(852)]  $$$ [Script] ScriptLoader::ExecuteScriptBlock. task_id, url is 1858 0x7efdd5eeef10 0xc85fd84e8e0 , "https://sg.yahoo.com/?p=us"
[1:1:0812/031113.250734:INFO:script_loader.cc(852)]  $$$ [Script] ScriptLoader::ExecuteScriptBlock. task_id, url is 1883 0x7efdd5eeef10 0xc85f8283860 , "https://sg.yahoo.com/?p=us"
[1:1:0812/031113.259705:INFO:script_loader.cc(852)]  $$$ [Script] ScriptLoader::ExecuteScriptBlock. task_id, url is 1884 0x7efdd5eeef10 0xc85fdda88e0 , "https://sg.yahoo.com/?p=us"
[8580:8580:0812/031113.311474:INFO:CONSOLE(3)] "3165774E26656FF27E93D268C49F8B4D: 0.06005859375ms", source:  (3)
[1:1:0812/031113.313712:INFO:script_loader.cc(852)]  $$$ [Script] ScriptLoader::ExecuteScriptBlock. task_id, url is 1968, "https://s.yimg.com/rq/darla/3-15-0/html/r-csc.html"
[1:1:0812/031113.319374:INFO:render_frame_impl.cc(1477)] 	RenderFrameImpl::Initialize. 9, 0xc85fbe77a20
[1:1:0812/031113.319494:INFO:web_local_frame_impl.cc(1666)] 		WebLocalFrame::SetRoutingID. routing_id = 9
[1:1:0812/031113.324753:INFO:render_frame_impl.cc(7018)] >>> [renderer][DOM] RenderFrameImpl::BeginNavigation
[1:1:0812/031113.324874:INFO:render_frame_impl.cc(7019)] 	 [url] = https://s.yimg.com
[1:1:0812/031113.333119:INFO:script_loader.cc(852)]  $$$ [Script] ScriptLoader::ExecuteScriptBlock. task_id, url is 1970, "https://s.yimg.com/rq/darla/3-15-0/html/r-sf.html"
[1:1:0812/031113.420371:INFO:event_target.cc(534)] !!!!!!!!!!!!!!!! RegisteredEventListener::SetCallback. 0x1f1149492bf8
[8580:8580:0812/031113.474332:INFO:render_frame_host_impl.cc(1417)] 	 enter RenderFrameHostImpl::OnCreateChildFrame
[8580:8580:0812/031113.476133:INFO:frame_tree.cc(218)] 	 enter FrameTree::AddFrame: , 9, 8, 
[8580:8580:0812/031113.479221:INFO:render_frame_host_impl.cc(3108)] >>> [broswer][navigation] RenderFrameHostImpl::BeginNavigation. ID from switcher is 3:4_https://s.yimg.com/
[1:1:0812/031113.530616:INFO:script_loader.cc(852)]  $$$ [Script] ScriptLoader::ExecuteScriptBlock. task_id, url is 1970, "https://s.yimg.com/rq/darla/3-15-0/html/r-sf.html"
[1:1:0812/031113.531600:INFO:html_tree_builder.cc(780)] >>> [renderer][DOM] receive <iframe>
[8580:8580:0812/031113.560676:INFO:render_frame_host_impl.cc(1417)] 	 enter RenderFrameHostImpl::OnCreateChildFrame
[1:1:0812/031113.561610:INFO:render_frame_impl.cc(1477)] 	RenderFrameImpl::Initialize. 10, 0xc85fbe79820
[1:1:0812/031113.561727:INFO:web_local_frame_impl.cc(1666)] 		WebLocalFrame::SetRoutingID. routing_id = 10
[8580:8580:0812/031113.562582:INFO:frame_tree.cc(218)] 	 enter FrameTree::AddFrame: , 10, 9, 
[1:1:0812/031113.570026:INFO:render_frame_impl.cc(7018)] >>> [renderer][DOM] RenderFrameImpl::BeginNavigation
[1:1:0812/031113.570164:INFO:render_frame_impl.cc(7019)] 	 [url] = https://s.yimg.com
[8580:8580:0812/031113.570360:INFO:navigation_url_loader_network_service.cc(1293)] 	 enter NavigationURLLoaderNetworkService::OnReceiveResponse
[8580:8580:0812/031113.570705:INFO:navigation_handle_impl.cc(765)] 	 enter NavigationHandleImpl::WillProcessResponse
[8580:8580:0812/031113.572321:INFO:render_frame_host_impl.cc(3699)] >>> RenderFrameHostImpl::CommitNavigation https://tag.idsync.analytics.yahoo.com/
[8580:8580:0812/031113.572358:INFO:switcher_host_impl.cc(127)] >>> [Key] add a new principal. [cid, principal, url, frame_id] = 3, 3:9_https://tag.idsync.analytics.yahoo.com/, https://tag.idsync.analytics.yahoo.com/sp-frame.html?referrer=https%3A%2F%2Fsg.yahoo.com%2F%3Fp%3Dus, 8
[8580:8580:0812/031113.572409:INFO:render_frame_host_impl.cc(3718)] >>>	[site, common.url, headers] = 3:9_https://tag.idsync.analytics.yahoo.com/, HTTP/1.1 200 status:200 content-encoding:gzip content-type:text/html date:Sat, 10 Aug 2019 11:12:50 GMT etag:"9b27f08842ec1f21101a0bc4c5dba12e+gzip" last-modified:Thu, 08 Aug 2019 17:26:39 GMT server:ECS (sgb/C6E6) vary:Accept-Encoding x-amz-id-2:/jw3BeuK3VBRgbV7BwzdypkMPUTPb/nTEdYHO8NTh3oLxoyuUdYw5o+8NbVPrV32svKZnh17dBk= x-amz-request-id:33BD832464322143 x-amz-server-side-encryption:AES256 x-cache:HIT content-length:153  ,8624, 3
[8580:8580:0812/031113.572935:INFO:render_frame_host_impl.cc(3108)] >>> [broswer][navigation] RenderFrameHostImpl::BeginNavigation. ID from switcher is 3:6_https://s.yimg.com/
[8580:8590:0812/031113.573824:INFO:interface_endpoint_client.cc(447)] >>> [Frame] get kURLLoader_ProceedWithResponse_Name. [pid, routing_id] = 3, 9
[8580:8590:0812/031113.573863:INFO:mojo_async_resource_handler.cc(459)] >>> [IPC] MojoAsyncResourceHandler::ProceedWithResponse konws [cid, routing_id]: 3, 9, HandleIncomingMessage, HandleIncomingMessage
[1:1:0812/031113.575269:INFO:event_target.cc(534)] !!!!!!!!!!!!!!!! RegisteredEventListener::SetCallback. 0x1f1149492bf8
[1:7:0812/031113.579692:INFO:ipc_mojo_bootstrap.cc(809)] >>> [IPC] Accept. post a task to AcceptOnProxyThread
[1:1:0812/031113.589857:INFO:script_loader.cc(852)]  $$$ [Script] ScriptLoader::ExecuteScriptBlock. task_id, url is 1972, "https://s.yimg.com/rq/darla/3-15-0/html/r-sf.html"
[1:1:0812/031113.661267:INFO:event_target.cc(534)] !!!!!!!!!!!!!!!! RegisteredEventListener::SetCallback. 0x1f1149494a10
[1:1:0812/031113.753320:INFO:script_loader.cc(852)]  $$$ [Script] ScriptLoader::ExecuteScriptBlock. task_id, url is 1972, "https://s.yimg.com/rq/darla/3-15-0/html/r-sf.html"
[1:1:0812/031113.758895:INFO:event_target.cc(534)] !!!!!!!!!!!!!!!! RegisteredEventListener::SetCallback. 0x1f1149494a10
[8580:8580:0812/031113.767011:INFO:navigation_url_loader_network_service.cc(1293)] 	 enter NavigationURLLoaderNetworkService::OnReceiveResponse
[8580:8580:0812/031113.767447:INFO:navigation_handle_impl.cc(765)] 	 enter NavigationHandleImpl::WillProcessResponse
[8580:8580:0812/031113.768966:INFO:render_frame_host_impl.cc(3699)] >>> RenderFrameHostImpl::CommitNavigation https://s.yimg.com/
[8580:8580:0812/031113.768997:INFO:switcher_host_impl.cc(127)] >>> [Key] add a new principal. [cid, principal, url, frame_id] = 3, 3:10_https://s.yimg.com/, https://s.yimg.com/ja/ap/ssp_cookie_sync/apac.html, 9
[8580:8580:0812/031113.769043:INFO:render_frame_host_impl.cc(3718)] >>>	[site, common.url, headers] = 3:10_https://s.yimg.com/, HTTP/1.1 200 status:200 x-amz-id-2:pIBRrg+OyBIcW3l8LJ43DCt4sT6u7KRXkMK5N1vrlzXtJYzRXqPBAdNDuaMCjuAvNi4vYzE745A= x-amz-request-id:C24BF5801464A495 date:Sat, 10 Aug 2019 01:56:13 GMT last-modified:Mon, 30 Apr 2018 16:10:55 GMT etag:"08dc3a26368ba18d7aa3f08b2f39a55b-df" x-amz-server-side-encryption:AES256 cache-control:max-age=86400,public x-amz-meta-created-date:Fri, 15 Sep 2017 22:03:21 GMT x-amz-meta-mbst-etag:"YM:1:249064fb-6bcc-4b95-ad2a-83d4eb1faf2a000559418fadbd30" x-amz-meta-x-ysws-mbst-vtime:1505513001827632 expires:Sat, 05 Sep 2026 00:00:00 GMT x-amz-meta-x-ysws-access:public accept-ranges:bytes content-type:text/html; charset=utf-8 server:ATS referrer-policy:no-referrer-when-downgrade vary:Origin, Accept-Encoding content-encoding:gzip content-length:415 age:33398 strict-transport-security:max-age=15552000 expect-ct:max-age=31536000, report-uri="http://csp.yahoo.com/beacon/csp?src=yahoocom-expect-ct-report-only" x-xss-protection:1; mode=block x-content-type-options:nosniff  ,8624, 3
[8580:8590:0812/031113.769414:INFO:interface_endpoint_client.cc(447)] >>> [Frame] get kURLLoader_ProceedWithResponse_Name. [pid, routing_id] = 3, 10
[8580:8590:0812/031113.769451:INFO:mojo_async_resource_handler.cc(459)] >>> [IPC] MojoAsyncResourceHandler::ProceedWithResponse konws [cid, routing_id]: 3, 10, HandleIncomingMessage, HandleIncomingMessage
[1:7:0812/031113.769957:INFO:ipc_mojo_bootstrap.cc(809)] >>> [IPC] Accept. post a task to AcceptOnProxyThread
[1:1:0812/031113.812966:INFO:script_loader.cc(852)]  $$$ [Script] ScriptLoader::ExecuteScriptBlock. task_id, url is 1995 0x7efdd5eeef10 0xc85fdd7f760 , "https://sg.yahoo.com/?p=us"
[1:1:0812/031113.819329:INFO:script_loader.cc(852)]  $$$ [Script] ScriptLoader::ExecuteScriptBlock. task_id, url is 1996 0x7efdd5eeef10 0xc85fbc266e0 , "https://sg.yahoo.com/?p=us"
[1:1:0812/031113.832164:INFO:script_loader.cc(852)]  $$$ [Script] ScriptLoader::ExecuteScriptBlock. task_id, url is 1999 0x7efdd5eeef10 0xc85fe793ae0 , "https://sg.yahoo.com/?p=us"
[1:1:0812/031113.839359:INFO:script_loader.cc(852)]  $$$ [Script] ScriptLoader::ExecuteScriptBlock. task_id, url is 2000 0x7efdd5eeef10 0xc85fdd94fe0 , "https://sg.yahoo.com/?p=us"
[1:1:0812/031113.849123:INFO:script_loader.cc(852)]  $$$ [Script] ScriptLoader::ExecuteScriptBlock. task_id, url is 2005 0x7efdd5eeef10 0xc85f8aa5560 , "https://sg.yahoo.com/?p=us"
[1:1:0812/031113.858219:INFO:script_loader.cc(852)]  $$$ [Script] ScriptLoader::ExecuteScriptBlock. task_id, url is 2006 0x7efdd5eeef10 0xc85fba1fce0 , "https://sg.yahoo.com/?p=us"
[1:1:0812/031113.867740:INFO:script_loader.cc(852)]  $$$ [Script] ScriptLoader::ExecuteScriptBlock. task_id, url is 2008 0x7efdd5eeef10 0xc85fdcf1c60 , "https://sg.yahoo.com/?p=us"
[1:1:0812/031113.876404:INFO:script_loader.cc(852)]  $$$ [Script] ScriptLoader::ExecuteScriptBlock. task_id, url is 2009 0x7efdd5eeef10 0xc85fe1f9860 , "https://sg.yahoo.com/?p=us"
[1:1:0812/031113.885861:INFO:script_loader.cc(852)]  $$$ [Script] ScriptLoader::ExecuteScriptBlock. task_id, url is 2012 0x7efdd5eeef10 0xc85fdcfae60 , "https://sg.yahoo.com/?p=us"
[1:1:0812/031113.891060:INFO:script_loader.cc(852)]  $$$ [Script] ScriptLoader::ExecuteScriptBlock. task_id, url is 2013 0x7efdd5eeef10 0xc85fb4db3e0 , "https://sg.yahoo.com/?p=us"
[1:1:0812/031113.897162:INFO:script_loader.cc(852)]  $$$ [Script] ScriptLoader::ExecuteScriptBlock. task_id, url is 2015 0x7efdd5eeef10 0xc85f9904660 , "https://sg.yahoo.com/?p=us"
[1:1:0812/031113.903088:INFO:script_loader.cc(852)]  $$$ [Script] ScriptLoader::ExecuteScriptBlock. task_id, url is 2016 0x7efdd5eeef10 0xc85fe6c27e0 , "https://sg.yahoo.com/?p=us"
[1:1:0812/031113.910497:INFO:script_loader.cc(852)]  $$$ [Script] ScriptLoader::ExecuteScriptBlock. task_id, url is 2019 0x7efdd5eeef10 0xc85fdcf1460 , "https://sg.yahoo.com/?p=us"
[1:1:0812/031113.918354:INFO:script_loader.cc(852)]  $$$ [Script] ScriptLoader::ExecuteScriptBlock. task_id, url is 2020 0x7efdd5eeef10 0xc85fdd19b60 , "https://sg.yahoo.com/?p=us"
[1:1:0812/031113.924129:INFO:script_loader.cc(852)]  $$$ [Script] ScriptLoader::ExecuteScriptBlock. task_id, url is 2022 0x7efdd5eeef10 0xc85fdd151e0 , "https://sg.yahoo.com/?p=us"
[1:1:0812/031113.929321:INFO:script_loader.cc(852)]  $$$ [Script] ScriptLoader::ExecuteScriptBlock. task_id, url is 2023 0x7efdd5eeef10 0xc85fddb2be0 , "https://sg.yahoo.com/?p=us"
[1:1:0812/031113.935064:INFO:script_loader.cc(852)]  $$$ [Script] ScriptLoader::ExecuteScriptBlock. task_id, url is 2025 0x7efdd5eeef10 0xc85fba1b160 , "https://sg.yahoo.com/?p=us"
[1:1:0812/031113.941215:INFO:script_loader.cc(852)]  $$$ [Script] ScriptLoader::ExecuteScriptBlock. task_id, url is 2026 0x7efdd5eeef10 0xc85fd6ff160 , "https://sg.yahoo.com/?p=us"
[1:1:0812/031113.947001:INFO:script_loader.cc(852)]  $$$ [Script] ScriptLoader::ExecuteScriptBlock. task_id, url is 2028 0x7efdd5eeef10 0xc85fdd8b260 , "https://sg.yahoo.com/?p=us"
[8580:8580:0812/031114.112324:INFO:CONSOLE(14)] "yui: NOT loaded: videoplayer", source: https://s.yimg.com/zz/combo?yui:/3.18.0/yui/yui-min.js (14)
[8580:8580:0812/031114.113242:INFO:CONSOLE(14)] "yui: NOT loaded: td-applet-storyswarm-atomic-templates-list.tumblr", source: https://s.yimg.com/zz/combo?yui:/3.18.0/yui/yui-min.js (14)
[8580:8580:0812/031114.406501:INFO:CONSOLE(14)] "yui: NOT loaded: videoplayer", source: https://s.yimg.com/zz/combo?yui:/3.18.0/yui/yui-min.js (14)
[8580:8580:0812/031114.414307:INFO:CONSOLE(14)] "yui: NOT loaded: videoplayer", source: https://s.yimg.com/zz/combo?yui:/3.18.0/yui/yui-min.js (14)
[8580:8580:0812/031114.430559:INFO:CONSOLE(14)] "yui: NOT loaded: td-applet-storyswarm-atomic-templates-list.tumblr", source: https://s.yimg.com/zz/combo?yui:/3.18.0/yui/yui-min.js (14)
[1:1:0812/031114.456068:INFO:script_loader.cc(852)]  $$$ [Script] ScriptLoader::ExecuteScriptBlock. task_id, url is 2108 0x7efdd4330bd0 0xc85fe8b30d8 , "https://s.yimg.com/rq/darla/3-15-0/html/r-sf.html"
[1:1:0812/031114.525997:INFO:event_target.cc(534)] !!!!!!!!!!!!!!!! RegisteredEventListener::SetCallback. 0x1f11494969c0
[1:1:0812/031114.615637:INFO:script_loader.cc(852)]  $$$ [Script] ScriptLoader::ExecuteScriptBlock. task_id, url is 2108 0x7efdd4330bd0 0xc85fe8b30d8 , "https://s.yimg.com/rq/darla/3-15-0/html/r-sf.html"
[1:1:0812/031114.616578:INFO:script_loader.cc(852)]  $$$ [Script] ScriptLoader::ExecuteScriptBlock. task_id, url is 2108 0x7efdd4330bd0 0xc85fe8b30d8 , "https://s.yimg.com/rq/darla/3-15-0/html/r-sf.html"
[1:1:0812/031114.629733:INFO:event_target.cc(534)] !!!!!!!!!!!!!!!! RegisteredEventListener::SetCallback. 0x1f11494969c0
[1:1:0812/031114.674125:INFO:ipc_mojo_bootstrap.cc(894)] ### [Switcher][kFrameNavigationControl_CommitNavigation_Name] get additional field: 3:9_https://tag.idsync.analytics.yahoo.com/
[1:1:0812/031114.680732:INFO:script_loader.cc(852)]  $$$ [Script] ScriptLoader::ExecuteScriptBlock. task_id, url is 2163 0x7efdd4330bd0 0xc85fe768c58 , "https://s.yimg.com/rq/darla/3-15-0/html/r-sf.html"
[1:1:0812/031114.750133:INFO:event_target.cc(534)] !!!!!!!!!!!!!!!! RegisteredEventListener::SetCallback. 0x1f11494979e0
[1:1:0812/031114.850998:INFO:script_loader.cc(852)]  $$$ [Script] ScriptLoader::ExecuteScriptBlock. task_id, url is 2163 0x7efdd4330bd0 0xc85fe768c58 , "https://s.yimg.com/rq/darla/3-15-0/html/r-sf.html"
[1:1:0812/031114.857070:INFO:event_target.cc(534)] !!!!!!!!!!!!!!!! RegisteredEventListener::SetCallback. 0x1f11494979e0
[1:1:0812/031114.866405:INFO:ipc_mojo_bootstrap.cc(894)] ### [Switcher][kFrameNavigationControl_CommitNavigation_Name] get additional field: 3:10_https://s.yimg.com/
[1:1:0812/031114.881140:INFO:script_loader.cc(852)]  $$$ [Script] ScriptLoader::ExecuteScriptBlock. task_id, url is 2194, "https://s.yimg.com/rq/darla/3-15-0/html/r-sf.html"
[8580:8580:0812/031117.076436:INFO:switcher_host_impl.cc(127)] >>> [Key] add a new principal. [cid, principal, url, frame_id] = 3, 3:9_https://tag.idsync.analytics.yahoo.com/, https://tag.idsync.analytics.yahoo.com/, 8
[8580:8580:0812/031117.076506:INFO:frame_tree_node.cc(349)] 	FrameTreeNode::SetCurrentOrigin. [frameid, routingid, origin, url] = 8, 9, https://tag.idsync.analytics.yahoo.com/, https://tag.idsync.analytics.yahoo.com
[1:1:0812/031117.087721:INFO:html_document_parser.cc(1203)]  $$$ [TASK] HTMLDocumentParser::AppendBytes -> BackgroundHTMLParser::AppendRawBytesFromMainThread
[8580:8580:0812/031117.106571:INFO:switcher_host_impl.cc(127)] >>> [Key] add a new principal. [cid, principal, url, frame_id] = 3, 3:10_https://s.yimg.com/, https://s.yimg.com/, 9
[8580:8580:0812/031117.106619:INFO:frame_tree_node.cc(349)] 	FrameTreeNode::SetCurrentOrigin. [frameid, routingid, origin, url] = 9, 10, https://s.yimg.com/, https://s.yimg.com
[1:1:0812/031117.118774:INFO:html_document_parser.cc(1203)]  $$$ [TASK] HTMLDocumentParser::AppendBytes -> BackgroundHTMLParser::AppendRawBytesFromMainThread
[1:1:0812/031117.124246:INFO:html_parser_scheduler.cc(81)]  $$$ [TASK] HTMLParserScheduler::ScheduleForUnpause -> HTMLParserScheduler::ContinueParsing
[8580:8602:0812/031117.135681:ERROR:cert_verify_proc_nss.cc(980)] CERT_PKIXVerifyCert for adserver.adtechjp.com failed err=-8181
[1:1:0812/031117.142501:INFO:script_loader.cc(852)]  $$$ [Script] ScriptLoader::ExecuteScriptBlock. task_id, url is 2341, "https://s.yimg.com/rq/darla/3-15-0/html/r-sf.html"
[1:1:0812/031117.146151:INFO:script_loader.cc(852)]  $$$ [Script] ScriptLoader::ExecuteScriptBlock. task_id, url is 2341, "https://s.yimg.com/rq/darla/3-15-0/html/r-sf.html"
[1:1:0812/031117.202806:INFO:platform_thread_posix.cc(131)] >>> invoke pthread_create
[1:1:0812/031117.292443:INFO:platform_thread_posix.cc(131)] >>> invoke pthread_create
[1:1:0812/031117.524923:INFO:html_parser_scheduler.cc(81)]  $$$ [TASK] HTMLParserScheduler::ScheduleForUnpause -> HTMLParserScheduler::ContinueParsing
[1:1:0812/031117.532131:INFO:script_loader.cc(852)]  $$$ [Script] ScriptLoader::ExecuteScriptBlock. task_id, url is 2461 0x7efdd5eeef10 0xc85f8768f60 , "https://s.yimg.com/rq/darla/3-15-0/html/r-sf.html"
[8580:8580:0812/031117.656347:INFO:render_frame_host_impl.cc(1417)] 	 enter RenderFrameHostImpl::OnCreateChildFrame
[1:1:0812/031117.656889:INFO:render_frame_impl.cc(1477)] 	RenderFrameImpl::Initialize. 11, 0xc85fbe7a220
[1:1:0812/031117.657018:INFO:web_local_frame_impl.cc(1666)] 		WebLocalFrame::SetRoutingID. routing_id = 11
[8580:8580:0812/031117.658593:INFO:frame_tree.cc(218)] 	 enter FrameTree::AddFrame: , 11, 10, 
[8580:8580:0812/031117.672165:INFO:switcher_host_impl.cc(127)] >>> [Key] add a new principal. [cid, principal, url, frame_id] = 3, 3:11_https://s.yimg.com/, https://s.yimg.com/, 10
[8580:8580:0812/031117.672222:INFO:frame_tree_node.cc(349)] 	FrameTreeNode::SetCurrentOrigin. [frameid, routingid, origin, url] = 10, 11, https://s.yimg.com/, https://s.yimg.com
[1:1:0812/031117.696017:INFO:script_loader.cc(852)]  $$$ [Script] ScriptLoader::ExecuteScriptBlock. task_id, url is 2461 0x7efdd5eeef10 0xc85f8768f60 , "https://s.yimg.com/rq/darla/3-15-0/html/r-sf.html"
[1:1:0812/031117.730287:INFO:html_tree_builder.cc(780)] >>> [renderer][DOM] receive <iframe>
[8580:8580:0812/031117.731579:INFO:render_frame_host_impl.cc(1417)] 	 enter RenderFrameHostImpl::OnCreateChildFrame
[1:1:0812/031117.732372:INFO:render_frame_impl.cc(1477)] 	RenderFrameImpl::Initialize. 12, 0xc85fbe78e20
[1:1:0812/031117.732478:INFO:web_local_frame_impl.cc(1666)] 		WebLocalFrame::SetRoutingID. routing_id = 12
[8580:8580:0812/031117.733811:INFO:frame_tree.cc(218)] 	 enter FrameTree::AddFrame: aswift_0, 12, 11, 
[8580:8580:0812/031117.747283:INFO:switcher_host_impl.cc(127)] >>> [Key] add a new principal. [cid, principal, url, frame_id] = 3, 3:12_https://s.yimg.com/, https://s.yimg.com/, 11
[8580:8580:0812/031117.747341:INFO:frame_tree_node.cc(349)] 	FrameTreeNode::SetCurrentOrigin. [frameid, routingid, origin, url] = 11, 12, https://s.yimg.com/, https://s.yimg.com
[8580:8580:0812/031117.772623:INFO:render_frame_host_impl.cc(1417)] 	 enter RenderFrameHostImpl::OnCreateChildFrame
[1:1:0812/031117.773477:INFO:render_frame_impl.cc(1477)] 	RenderFrameImpl::Initialize. 13, 0xc85ff7ad020
[1:1:0812/031117.773659:INFO:web_local_frame_impl.cc(1666)] 		WebLocalFrame::SetRoutingID. routing_id = 13
[8580:8580:0812/031117.774778:INFO:frame_tree.cc(218)] 	 enter FrameTree::AddFrame: google_esf, 13, 12, 
[1:1:0812/031117.781095:INFO:render_frame_impl.cc(7018)] >>> [renderer][DOM] RenderFrameImpl::BeginNavigation
[1:1:0812/031117.781201:INFO:render_frame_impl.cc(7019)] 	 [url] = https://s.yimg.com
[8580:8580:0812/031117.782494:INFO:render_frame_host_impl.cc(3108)] >>> [broswer][navigation] RenderFrameHostImpl::BeginNavigation. ID from switcher is 3:8_https://s.yimg.com/
[8580:8580:0812/031117.793437:INFO:navigation_url_loader_network_service.cc(1293)] 	 enter NavigationURLLoaderNetworkService::OnReceiveResponse
[8580:8580:0812/031117.794002:INFO:navigation_handle_impl.cc(765)] 	 enter NavigationHandleImpl::WillProcessResponse
[1:1:0812/031117.795504:INFO:html_parser_scheduler.cc(81)]  $$$ [TASK] HTMLParserScheduler::ScheduleForUnpause -> HTMLParserScheduler::ContinueParsing
[8580:8590:0812/031117.795691:INFO:interface_endpoint_client.cc(447)] >>> [Frame] get kURLLoader_ProceedWithResponse_Name. [pid, routing_id] = 3, 13
[8580:8590:0812/031117.795735:INFO:mojo_async_resource_handler.cc(459)] >>> [IPC] MojoAsyncResourceHandler::ProceedWithResponse konws [cid, routing_id]: 3, 13, HandleIncomingMessage, HandleIncomingMessage
[8580:8580:0812/031117.795802:INFO:render_frame_host_impl.cc(3699)] >>> RenderFrameHostImpl::CommitNavigation https://googleads.g.doubleclick.net/
[8580:8580:0812/031117.795831:INFO:switcher_host_impl.cc(127)] >>> [Key] add a new principal. [cid, principal, url, frame_id] = 3, 3:13_https://googleads.g.doubleclick.net/, https://googleads.g.doubleclick.net/pagead/html/r20190807/r20190131/zrt_lookup.html#, 12
[8580:8580:0812/031117.795879:INFO:render_frame_host_impl.cc(3718)] >>>	[site, common.url, headers] = 3:13_https://googleads.g.doubleclick.net/, HTTP/1.1 200 status:200 p3p:policyref="https://googleads.g.doubleclick.net/pagead/gcn_p3p_.xml", CP="CURa ADMa DEVa TAIo PSAo PSDo OUR IND UNI PUR INT DEM STA PRE COM NAV OTC NOI DSP COR" timing-allow-origin:* vary:Accept-Encoding date:Thu, 08 Aug 2019 16:26:48 GMT expires:Thu, 22 Aug 2019 16:26:48 GMT content-type:text/html; charset=UTF-8 etag:4817175036427020965 x-content-type-options:nosniff content-encoding:gzip server:cafe content-length:7274 x-xss-protection:0 cache-control:public, max-age=1209600 age:153966 alt-svc:quic="googleads.g.doubleclick.net:443"; ma=2592000; v="46,43,39",quic=":443"; ma=2592000; v="46,43,39"  ,8624, 3
[1:1:0812/031117.797337:INFO:html_parser_scheduler.cc(158)]  $$$ [TASK] HTMLParserScheduler::ContinueParsing
[1:1:0812/031117.797429:INFO:html_document_parser.cc(272)] >>> HTMLDocumentParser::ResumeParsingAfterYield. url is "https://s.yimg.com/rq/darla/3-15-0/html/r-sf.html"
[1:7:0812/031117.797811:INFO:ipc_mojo_bootstrap.cc(809)] >>> [IPC] Accept. post a task to AcceptOnProxyThread
[1:1:0812/031117.817911:INFO:console_message.cc(26)] >>> [renderer][DOM] ConsoleMessage::CreateForRequest: [msg, url] = "Failed to load resource: net::ERR_CERT_DATE_INVALID","https://adserver.adtechjp.com/addyn/3.0/8034/4869969/1028156/0/;AdId=10896735;BnId=-1;;misc=435558870;gdpr=0;euconsent=;tag.srvsrc=as;tag.srvlid=4378127;tag.srvcid=;c.tagid=craftAdTag0.5830222722340417;rdclick=https://us.y.atwola.com/adlink%7C5113.1%7C5085711%7C0%7C529%7CAdId=10947339;BnId=1;guid=1lu6u0pekt9l5&b=3&s=j4;itime=435558870;kvsecure-darla=3-15-0%7Cysd%7C1;kvmn=y963898543;kvssp=ssp;kvsecure=true;kvpgcolo=ir2;kvy-bucket=712;kvadtc_dvmktname=unknown;kvadtc_dvosplt=os_x:os_x_10_7;kvadtc_dvbrand=google;kvadtc_dvtype=desktop;kvadtc_dvmodel=chrome_-_os_x;kvrepo_dvosplt=os_x;kvadtc_dvosversion=10.7.3;kvadtc_crmcc=UNKNOWN;kvadtc_crmnc=UNKNOWN;gdpr=0;adclntid=1004;spaceid=2142378882;link="
[1:1:0812/031117.899079:INFO:html_parser_scheduler.cc(158)]  $$$ [TASK] HTMLParserScheduler::ContinueParsing
[1:1:0812/031117.899226:INFO:html_document_parser.cc(272)] >>> HTMLDocumentParser::ResumeParsingAfterYield. url is "https://tag.idsync.analytics.yahoo.com/sp-frame.html?referrer=https%3A%2F%2Fsg.yahoo.com%2F%3Fp%3Dus"
[1:1:0812/031117.921515:INFO:script_loader.cc(852)]  $$$ [Script] ScriptLoader::ExecuteScriptBlock. task_id, url is 2611, "https://s.yimg.com/rq/darla/3-15-0/html/r-sf.html"
[1:1:0812/031117.970342:INFO:event_target.cc(534)] !!!!!!!!!!!!!!!! RegisteredEventListener::SetCallback. 0x1f114946b378
[1:1:0812/031118.006277:INFO:html_parser_scheduler.cc(158)]  $$$ [TASK] HTMLParserScheduler::ContinueParsing
[1:1:0812/031118.006431:INFO:html_document_parser.cc(272)] >>> HTMLDocumentParser::ResumeParsingAfterYield. url is "https://s.yimg.com/ja/ap/ssp_cookie_sync/apac.html"
[1:1:0812/031118.007627:INFO:script_loader.cc(852)]  $$$ [Script] ScriptLoader::ExecuteScriptBlock. task_id, url is 2653 0x7efdd3fc8070 0xc860513ce60 , "https://s.yimg.com/ja/ap/ssp_cookie_sync/apac.html"
[8580:8580:0812/031118.011885:INFO:render_frame_host_impl.cc(1417)] 	 enter RenderFrameHostImpl::OnCreateChildFrame
[1:1:0812/031118.012152:INFO:render_frame_impl.cc(1477)] 	RenderFrameImpl::Initialize. 14, 0xc85ff7ae420
[1:1:0812/031118.012281:INFO:web_local_frame_impl.cc(1666)] 		WebLocalFrame::SetRoutingID. routing_id = 14
[8580:8580:0812/031118.014391:INFO:frame_tree.cc(218)] 	 enter FrameTree::AddFrame: , 14, 13, 
[1:1:0812/031118.017093:INFO:render_frame_impl.cc(7018)] >>> [renderer][DOM] RenderFrameImpl::BeginNavigation
[1:1:0812/031118.017227:INFO:render_frame_impl.cc(7019)] 	 [url] = https://s.yimg.com
[8580:8580:0812/031118.020600:INFO:render_frame_host_impl.cc(3108)] >>> [broswer][navigation] RenderFrameHostImpl::BeginNavigation. ID from switcher is 3:10_https://s.yimg.com/
[1:1:0812/031118.022694:INFO:ipc_mojo_bootstrap.cc(894)] ### [Switcher][kFrameNavigationControl_CommitNavigation_Name] get additional field: 3:13_https://googleads.g.doubleclick.net/
[1:1:0812/031118.051072:INFO:script_loader.cc(852)]  $$$ [Script] ScriptLoader::ExecuteScriptBlock. task_id, url is 2712, "https://tag.idsync.analytics.yahoo.com/sp-frame.html?referrer=https%3A%2F%2Fsg.yahoo.com%2F%3Fp%3Dus"
[1:1:0812/031118.082476:INFO:html_parser_scheduler.cc(81)]  $$$ [TASK] HTMLParserScheduler::ScheduleForUnpause -> HTMLParserScheduler::ContinueParsing
[8580:8580:0812/031118.090147:INFO:navigation_url_loader_network_service.cc(1293)] 	 enter NavigationURLLoaderNetworkService::OnReceiveResponse
[8580:8580:0812/031118.090731:INFO:navigation_handle_impl.cc(765)] 	 enter NavigationHandleImpl::WillProcessResponse
[1:1:0812/031118.092264:INFO:script_loader.cc(852)]  $$$ [Script] ScriptLoader::ExecuteScriptBlock. task_id, url is 2731 0x7efdea64f080 0xc86052936a0 1 0 0xc86052936b8 , "https://s.yimg.com/rq/darla/3-15-0/html/r-sf.html"
[8580:8590:0812/031118.092429:INFO:interface_endpoint_client.cc(447)] >>> [Frame] get kURLLoader_ProceedWithResponse_Name. [pid, routing_id] = 3, 14
[8580:8590:0812/031118.092526:INFO:mojo_async_resource_handler.cc(459)] >>> [IPC] MojoAsyncResourceHandler::ProceedWithResponse konws [cid, routing_id]: 3, 14, HandleIncomingMessage, HandleIncomingMessage
[8580:8580:0812/031118.092549:INFO:render_frame_host_impl.cc(3699)] >>> RenderFrameHostImpl::CommitNavigation https://ads.pubmatic.com/
[8580:8580:0812/031118.092579:INFO:switcher_host_impl.cc(127)] >>> [Key] add a new principal. [cid, principal, url, frame_id] = 3, 3:14_https://ads.pubmatic.com/, https://ads.pubmatic.com/AdServer/js/user_sync.html?p=156107&s=176446&predirect=https%3A%2F%2Fpr-bh.ybp.yahoo.com%2Fsync%2Fpubmatic%2F, 13
[8580:8580:0812/031118.092630:INFO:render_frame_host_impl.cc(3718)] >>>	[site, common.url, headers] = 3:14_https://ads.pubmatic.com/, HTTP/1.1 200 OK Last-Modified: Fri, 26 Jul 2019 09:40:01 GMT ETag: "1300708-26ca-58e92538a370a" Server: Apache/2.2.15 (CentOS) Accept-Ranges: bytes Content-Encoding: gzip P3P: CP="NOI DSP COR LAW CUR ADMo DEVo TAIo PSAo PSDo IVAo IVDo HISo OTPo OUR SAMo BUS UNI COM NAV INT DEM CNT STA PRE LOC", CP="NOI DSP COR LAW CUR ADMo DEVo TAIo PSAo PSDo IVAo IVDo HISo OTPo OUR SAMo BUS UNI COM NAV INT DEM CNT STA PRE LOC" Content-Length: 3860 Content-Type: text/html; charset=UTF-8 Cache-Control: max-age=116163 Expires: Sun, 11 Aug 2019 19:28:57 GMT Date: Sat, 10 Aug 2019 11:12:54 GMT Connection: keep-alive Vary: Accept-Encoding  ,8624, 3
[1:7:0812/031118.093546:INFO:ipc_mojo_bootstrap.cc(809)] >>> [IPC] Accept. post a task to AcceptOnProxyThread
[8580:8580:0812/031118.383025:INFO:render_frame_host_impl.cc(1417)] 	 enter RenderFrameHostImpl::OnCreateChildFrame
[1:1:0812/031118.383876:INFO:render_frame_impl.cc(1477)] 	RenderFrameImpl::Initialize. 15, 0xc85ff7aee20
[1:1:0812/031118.384066:INFO:web_local_frame_impl.cc(1666)] 		WebLocalFrame::SetRoutingID. routing_id = 15
[8580:8580:0812/031118.385611:INFO:frame_tree.cc(218)] 	 enter FrameTree::AddFrame: , 15, 14, 
[8580:8580:0812/031118.395607:INFO:switcher_host_impl.cc(127)] >>> [Key] add a new principal. [cid, principal, url, frame_id] = 3, 3:15_https://s.yimg.com/, https://s.yimg.com/, 14
[8580:8580:0812/031118.395686:INFO:frame_tree_node.cc(349)] 	FrameTreeNode::SetCurrentOrigin. [frameid, routingid, origin, url] = 14, 15, https://s.yimg.com/, https://s.yimg.com
[8580:8580:0812/031119.192146:INFO:switcher_host_impl.cc(127)] >>> [Key] add a new principal. [cid, principal, url, frame_id] = 3, 3:13_https://googleads.g.doubleclick.net/, https://googleads.g.doubleclick.net/, 12
[8580:8580:0812/031119.192233:INFO:frame_tree_node.cc(349)] 	FrameTreeNode::SetCurrentOrigin. [frameid, routingid, origin, url] = 12, 13, https://googleads.g.doubleclick.net/, https://googleads.g.doubleclick.net
[1:1:0812/031119.193689:INFO:html_document_parser.cc(1203)]  $$$ [TASK] HTMLDocumentParser::AppendBytes -> BackgroundHTMLParser::AppendRawBytesFromMainThread
[1:1:0812/031119.208886:INFO:script_loader.cc(852)]  $$$ [Script] ScriptLoader::ExecuteScriptBlock. task_id, url is 2771 0x7efdea64f080 0xc85f3ecb6a0 1 0 0xc85f3ecb6b8 , "https://s.yimg.com/rq/darla/3-15-0/html/r-sf.html"
[8580:8580:0812/031119.405011:INFO:render_frame_host_impl.cc(1417)] 	 enter RenderFrameHostImpl::OnCreateChildFrame
[1:1:0812/031119.405996:INFO:render_frame_impl.cc(1477)] 	RenderFrameImpl::Initialize. 16, 0xc85ff7af820
[1:1:0812/031119.406170:INFO:web_local_frame_impl.cc(1666)] 		WebLocalFrame::SetRoutingID. routing_id = 16
[8580:8580:0812/031119.407553:INFO:frame_tree.cc(218)] 	 enter FrameTree::AddFrame: , 16, 15, 
[8580:8580:0812/031119.419648:INFO:switcher_host_impl.cc(127)] >>> [Key] add a new principal. [cid, principal, url, frame_id] = 3, 3:16_https://s.yimg.com/, https://s.yimg.com/, 15
[8580:8580:0812/031119.419726:INFO:frame_tree_node.cc(349)] 	FrameTreeNode::SetCurrentOrigin. [frameid, routingid, origin, url] = 15, 16, https://s.yimg.com/, https://s.yimg.com
[1:1:0812/031120.193772:INFO:script_loader.cc(852)]  $$$ [Script] ScriptLoader::ExecuteScriptBlock. task_id, url is 2798 0x7efdd5eeef10 0xc85fb790460 , "https://s.yimg.com/rq/darla/3-15-0/html/r-sf.html"
[1:1:0812/031120.195833:INFO:script_loader.cc(852)]  $$$ [Script] ScriptLoader::ExecuteScriptBlock. task_id, url is 2799 0x7efdd5eeef10 0xc85ff6bf4e0 , "https://s.yimg.com/rq/darla/3-15-0/html/r-sf.html"
[1:1:0812/031120.201830:INFO:html_parser_scheduler.cc(158)]  $$$ [TASK] HTMLParserScheduler::ContinueParsing
[1:1:0812/031120.201962:INFO:html_document_parser.cc(272)] >>> HTMLDocumentParser::ResumeParsingAfterYield. url is "https://s.yimg.com/rq/darla/3-15-0/html/r-sf.html"
[1:1:0812/031120.202747:INFO:script_loader.cc(852)]  $$$ [Script] ScriptLoader::ExecuteScriptBlock. task_id, url is 2809 0x7efdd3fc8070 0xc85fbebcde0 , "https://s.yimg.com/rq/darla/3-15-0/html/r-sf.html"
[1:1:0812/031120.231263:INFO:ipc_mojo_bootstrap.cc(894)] ### [Switcher][kFrameNavigationControl_CommitNavigation_Name] get additional field: 3:14_https://ads.pubmatic.com/
[1:1:0812/031120.326578:INFO:html_parser_scheduler.cc(81)]  $$$ [TASK] HTMLParserScheduler::ScheduleForUnpause -> HTMLParserScheduler::ContinueParsing
[1:1:0812/031120.525281:INFO:script_loader.cc(852)]  $$$ [Script] ScriptLoader::ExecuteScriptBlock. task_id, url is 3050 0x7efdea64f080 0xc85feb7e2e0 1 0 0xc85feb7e2f8 , "https://s.yimg.com/rq/darla/3-15-0/html/r-sf.html"
[1:1:0812/031120.599646:INFO:script_loader.cc(852)]  $$$ [Script] ScriptLoader::ExecuteScriptBlock. task_id, url is 3050 0x7efdea64f080 0xc85feb7e2e0 1 0 0xc85feb7e2f8 , "https://s.yimg.com/rq/darla/3-15-0/html/r-sf.html"
[1:1:0812/031120.600371:INFO:script_loader.cc(852)]  $$$ [Script] ScriptLoader::ExecuteScriptBlock. task_id, url is 3050 0x7efdea64f080 0xc85feb7e2e0 1 0 0xc85feb7e2f8 , "https://s.yimg.com/rq/darla/3-15-0/html/r-sf.html"
[1:1:0812/031120.840820:INFO:switcher_impl.cc(1437)] 			[ERROR] updated frame chain. The number of frame chain is larger than the thresold, please check it! [num, thresold] = 100, 100
[1:1:0812/031120.841005:INFO:switcher_impl.cc(1437)] 			[ERROR] updated frame chain. The number of frame chain is larger than the thresold, please check it! [num, thresold] = 100, 100
[1:1:0812/031120.841133:INFO:switcher_impl.cc(1437)] 			[ERROR] updated frame chain. The number of frame chain is larger than the thresold, please check it! [num, thresold] = 100, 100
[1:1:0812/031120.841232:INFO:switcher_impl.cc(1437)] 			[ERROR] updated frame chain. The number of frame chain is larger than the thresold, please check it! [num, thresold] = 100, 100
[1:1:0812/031120.841374:INFO:switcher_impl.cc(1437)] 			[ERROR] updated frame chain. The number of frame chain is larger than the thresold, please check it! [num, thresold] = 100, 100
[1:1:0812/031120.841483:INFO:switcher_impl.cc(1437)] 			[ERROR] updated frame chain. The number of frame chain is larger than the thresold, please check it! [num, thresold] = 100, 100
[1:1:0812/031120.841579:INFO:switcher_impl.cc(1437)] 			[ERROR] updated frame chain. The number of frame chain is larger than the thresold, please check it! [num, thresold] = 100, 100
[1:1:0812/031120.841687:INFO:switcher_impl.cc(1437)] 			[ERROR] updated frame chain. The number of frame chain is larger than the thresold, please check it! [num, thresold] = 100, 100
[1:1:0812/031120.841832:INFO:switcher_impl.cc(1437)] 			[ERROR] updated frame chain. The number of frame chain is larger than the thresold, please check it! [num, thresold] = 100, 100
[1:1:0812/031120.841927:INFO:switcher_impl.cc(1437)] 			[ERROR] updated frame chain. The number of frame chain is larger than the thresold, please check it! [num, thresold] = 100, 100
[1:1:0812/031120.842054:INFO:switcher_impl.cc(1437)] 			[ERROR] updated frame chain. The number of frame chain is larger than the thresold, please check it! [num, thresold] = 100, 100
[1:1:0812/031120.842159:INFO:switcher_impl.cc(1437)] 			[ERROR] updated frame chain. The number of frame chain is larger than the thresold, please check it! [num, thresold] = 100, 100
[1:1:0812/031120.842305:INFO:switcher_impl.cc(1437)] 			[ERROR] updated frame chain. The number of frame chain is larger than the thresold, please check it! [num, thresold] = 100, 100
[1:1:0812/031120.842398:INFO:switcher_impl.cc(1437)] 			[ERROR] updated frame chain. The number of frame chain is larger than the thresold, please check it! [num, thresold] = 100, 100
[1:1:0812/031120.842491:INFO:switcher_impl.cc(1437)] 			[ERROR] updated frame chain. The number of frame chain is larger than the thresold, please check it! [num, thresold] = 100, 100
[1:1:0812/031120.842582:INFO:switcher_impl.cc(1437)] 			[ERROR] updated frame chain. The number of frame chain is larger than the thresold, please check it! [num, thresold] = 100, 100
[1:1:0812/031120.842723:INFO:switcher_impl.cc(1437)] 			[ERROR] updated frame chain. The number of frame chain is larger than the thresold, please check it! [num, thresold] = 100, 100
[1:1:0812/031120.842817:INFO:switcher_impl.cc(1437)] 			[ERROR] updated frame chain. The number of frame chain is larger than the thresold, please check it! [num, thresold] = 100, 100
[1:1:0812/031120.842911:INFO:switcher_impl.cc(1437)] 			[ERROR] updated frame chain. The number of frame chain is larger than the thresold, please check it! [num, thresold] = 100, 100
[1:1:0812/031120.843000:INFO:switcher_impl.cc(1437)] 			[ERROR] updated frame chain. The number of frame chain is larger than the thresold, please check it! [num, thresold] = 100, 100
[1:1:0812/031120.843140:INFO:switcher_impl.cc(1437)] 			[ERROR] updated frame chain. The number of frame chain is larger than the thresold, please check it! [num, thresold] = 100, 100
[1:1:0812/031120.843230:INFO:switcher_impl.cc(1437)] 			[ERROR] updated frame chain. The number of frame chain is larger than the thresold, please check it! [num, thresold] = 100, 100
[1:1:0812/031120.843322:INFO:switcher_impl.cc(1437)] 			[ERROR] updated frame chain. The number of frame chain is larger than the thresold, please check it! [num, thresold] = 100, 100
[1:1:0812/031120.843415:INFO:switcher_impl.cc(1437)] 			[ERROR] updated frame chain. The number of frame chain is larger than the thresold, please check it! [num, thresold] = 100, 100
[1:1:0812/031120.843552:INFO:switcher_impl.cc(1437)] 			[ERROR] updated frame chain. The number of frame chain is larger than the thresold, please check it! [num, thresold] = 100, 100
[1:1:0812/031120.843642:INFO:switcher_impl.cc(1437)] 			[ERROR] updated frame chain. The number of frame chain is larger than the thresold, please check it! [num, thresold] = 100, 100
[1:1:0812/031120.843736:INFO:switcher_impl.cc(1437)] 			[ERROR] updated frame chain. The number of frame chain is larger than the thresold, please check it! [num, thresold] = 100, 100
[1:1:0812/031120.843826:INFO:switcher_impl.cc(1437)] 			[ERROR] updated frame chain. The number of frame chain is larger than the thresold, please check it! [num, thresold] = 100, 100
[8580:8580:0812/031120.844644:INFO:render_frame_host_impl.cc(1417)] 	 enter RenderFrameHostImpl::OnCreateChildFrame
[1:1:0812/031120.845527:INFO:render_frame_impl.cc(1477)] 	RenderFrameImpl::Initialize. 17, 0xc85f5325420
[1:1:0812/031120.845617:INFO:web_local_frame_impl.cc(1666)] 		WebLocalFrame::SetRoutingID. routing_id = 17
[8580:8580:0812/031120.847253:INFO:frame_tree.cc(218)] 	 enter FrameTree::AddFrame: google_ads_frame1, 17, 16, 
[1:1:0812/031120.852606:INFO:render_frame_impl.cc(7018)] >>> [renderer][DOM] RenderFrameImpl::BeginNavigation
[1:1:0812/031120.852717:INFO:render_frame_impl.cc(7019)] 	 [url] = https://s.yimg.com
[8580:8580:0812/031120.853212:INFO:render_frame_host_impl.cc(3108)] >>> [broswer][navigation] RenderFrameHostImpl::BeginNavigation. ID from switcher is 3:8_https://s.yimg.com/
[1:1:0812/031120.853300:INFO:switcher_impl.cc(1437)] 			[ERROR] updated frame chain. The number of frame chain is larger than the thresold, please check it! [num, thresold] = 100, 100
[1:1:0812/031120.853460:INFO:switcher_impl.cc(1437)] 			[ERROR] updated frame chain. The number of frame chain is larger than the thresold, please check it! [num, thresold] = 100, 100
[1:1:0812/031120.853559:INFO:switcher_impl.cc(1437)] 			[ERROR] updated frame chain. The number of frame chain is larger than the thresold, please check it! [num, thresold] = 100, 100
[1:1:0812/031120.853653:INFO:switcher_impl.cc(1437)] 			[ERROR] updated frame chain. The number of frame chain is larger than the thresold, please check it! [num, thresold] = 100, 100
[1:1:0812/031120.853746:INFO:switcher_impl.cc(1437)] 			[ERROR] updated frame chain. The number of frame chain is larger than the thresold, please check it! [num, thresold] = 100, 100
[1:1:0812/031120.853841:INFO:switcher_impl.cc(1437)] 			[ERROR] updated frame chain. The number of frame chain is larger than the thresold, please check it! [num, thresold] = 100, 100
[1:1:0812/031120.853935:INFO:switcher_impl.cc(1437)] 			[ERROR] updated frame chain. The number of frame chain is larger than the thresold, please check it! [num, thresold] = 100, 100
[1:1:0812/031120.854028:INFO:switcher_impl.cc(1437)] 			[ERROR] updated frame chain. The number of frame chain is larger than the thresold, please check it! [num, thresold] = 100, 100
[1:1:0812/031120.854167:INFO:switcher_impl.cc(1437)] 			[ERROR] updated frame chain. The number of frame chain is larger than the thresold, please check it! [num, thresold] = 100, 100
[1:1:0812/031120.854289:INFO:switcher_impl.cc(1437)] 			[ERROR] updated frame chain. The number of frame chain is larger than the thresold, please check it! [num, thresold] = 100, 100
[1:1:0812/031120.854412:INFO:switcher_impl.cc(1437)] 			[ERROR] updated frame chain. The number of frame chain is larger than the thresold, please check it! [num, thresold] = 100, 100
[1:1:0812/031120.854535:INFO:switcher_impl.cc(1437)] 			[ERROR] updated frame chain. The number of frame chain is larger than the thresold, please check it! [num, thresold] = 100, 100
[1:1:0812/031120.854662:INFO:switcher_impl.cc(1437)] 			[ERROR] updated frame chain. The number of frame chain is larger than the thresold, please check it! [num, thresold] = 100, 100
[1:1:0812/031120.854759:INFO:switcher_impl.cc(1437)] 			[ERROR] updated frame chain. The number of frame chain is larger than the thresold, please check it! [num, thresold] = 100, 100
[1:1:0812/031120.854860:INFO:switcher_impl.cc(1437)] 			[ERROR] updated frame chain. The number of frame chain is larger than the thresold, please check it! [num, thresold] = 100, 100
[1:1:0812/031120.854947:INFO:switcher_impl.cc(1437)] 			[ERROR] updated frame chain. The number of frame chain is larger than the thresold, please check it! [num, thresold] = 100, 100
[1:1:0812/031120.855076:INFO:switcher_impl.cc(1437)] 			[ERROR] updated frame chain. The number of frame chain is larger than the thresold, please check it! [num, thresold] = 100, 100
[1:1:0812/031120.855167:INFO:switcher_impl.cc(1437)] 			[ERROR] updated frame chain. The number of frame chain is larger than the thresold, please check it! [num, thresold] = 100, 100
[1:1:0812/031120.855275:INFO:switcher_impl.cc(1437)] 			[ERROR] updated frame chain. The number of frame chain is larger than the thresold, please check it! [num, thresold] = 100, 100
[1:1:0812/031120.855375:INFO:switcher_impl.cc(1437)] 			[ERROR] updated frame chain. The number of frame chain is larger than the thresold, please check it! [num, thresold] = 100, 100
[1:1:0812/031120.855470:INFO:switcher_impl.cc(1437)] 			[ERROR] updated frame chain. The number of frame chain is larger than the thresold, please check it! [num, thresold] = 100, 100
[1:1:0812/031120.855576:INFO:switcher_impl.cc(1437)] 			[ERROR] updated frame chain. The number of frame chain is larger than the thresold, please check it! [num, thresold] = 100, 100
[1:1:0812/031120.855688:INFO:switcher_impl.cc(1437)] 			[ERROR] updated frame chain. The number of frame chain is larger than the thresold, please check it! [num, thresold] = 100, 100
[1:1:0812/031120.855798:INFO:switcher_impl.cc(1437)] 			[ERROR] updated frame chain. The number of frame chain is larger than the thresold, please check it! [num, thresold] = 100, 100
[1:1:0812/031120.855888:INFO:switcher_impl.cc(1437)] 			[ERROR] updated frame chain. The number of frame chain is larger than the thresold, please check it! [num, thresold] = 100, 100
[1:1:0812/031120.855978:INFO:switcher_impl.cc(1437)] 			[ERROR] updated frame chain. The number of frame chain is larger than the thresold, please check it! [num, thresold] = 100, 100
[1:1:0812/031120.856069:INFO:switcher_impl.cc(1437)] 			[ERROR] updated frame chain. The number of frame chain is larger than the thresold, please check it! [num, thresold] = 100, 100
[1:1:0812/031120.856153:INFO:switcher_impl.cc(1437)] 			[ERROR] updated frame chain. The number of frame chain is larger than the thresold, please check it! [num, thresold] = 100, 100
[1:1:0812/031120.856246:INFO:switcher_impl.cc(1437)] 			[ERROR] updated frame chain. The number of frame chain is larger than the thresold, please check it! [num, thresold] = 100, 100
[1:1:0812/031120.856329:INFO:switcher_impl.cc(1437)] 			[ERROR] updated frame chain. The number of frame chain is larger than the thresold, please check it! [num, thresold] = 100, 100
[1:1:0812/031120.856427:INFO:switcher_impl.cc(1437)] 			[ERROR] updated frame chain. The number of frame chain is larger than the thresold, please check it! [num, thresold] = 100, 100
[1:1:0812/031120.856517:INFO:switcher_impl.cc(1437)] 			[ERROR] updated frame chain. The number of frame chain is larger than the thresold, please check it! [num, thresold] = 100, 100
[1:1:0812/031120.856611:INFO:switcher_impl.cc(1437)] 			[ERROR] updated frame chain. The number of frame chain is larger than the thresold, please check it! [num, thresold] = 100, 100
[1:1:0812/031120.856692:INFO:switcher_impl.cc(1437)] 			[ERROR] updated frame chain. The number of frame chain is larger than the thresold, please check it! [num, thresold] = 100, 100
[1:1:0812/031120.856780:INFO:switcher_impl.cc(1437)] 			[ERROR] updated frame chain. The number of frame chain is larger than the thresold, please check it! [num, thresold] = 100, 100
[1:1:0812/031120.856870:INFO:switcher_impl.cc(1437)] 			[ERROR] updated frame chain. The number of frame chain is larger than the thresold, please check it! [num, thresold] = 100, 100
[1:1:0812/031120.856963:INFO:switcher_impl.cc(1437)] 			[ERROR] updated frame chain. The number of frame chain is larger than the thresold, please check it! [num, thresold] = 100, 100
[1:1:0812/031120.857046:INFO:switcher_impl.cc(1437)] 			[ERROR] updated frame chain. The number of frame chain is larger than the thresold, please check it! [num, thresold] = 100, 100
[1:1:0812/031120.857140:INFO:switcher_impl.cc(1437)] 			[ERROR] updated frame chain. The number of frame chain is larger than the thresold, please check it! [num, thresold] = 100, 100
[1:1:0812/031120.857231:INFO:switcher_impl.cc(1437)] 			[ERROR] updated frame chain. The number of frame chain is larger than the thresold, please check it! [num, thresold] = 100, 100
[1:1:0812/031120.857324:INFO:switcher_impl.cc(1437)] 			[ERROR] updated frame chain. The number of frame chain is larger than the thresold, please check it! [num, thresold] = 100, 100
[1:1:0812/031120.857433:INFO:switcher_impl.cc(1437)] 			[ERROR] updated frame chain. The number of frame chain is larger than the thresold, please check it! [num, thresold] = 100, 100
[1:1:0812/031120.857529:INFO:switcher_impl.cc(1437)] 			[ERROR] updated frame chain. The number of frame chain is larger than the thresold, please check it! [num, thresold] = 100, 100
[1:1:0812/031120.857617:INFO:switcher_impl.cc(1437)] 			[ERROR] updated frame chain. The number of frame chain is larger than the thresold, please check it! [num, thresold] = 100, 100
[1:1:0812/031120.857709:INFO:switcher_impl.cc(1437)] 			[ERROR] updated frame chain. The number of frame chain is larger than the thresold, please check it! [num, thresold] = 100, 100
[1:1:0812/031120.857794:INFO:switcher_impl.cc(1437)] 			[ERROR] updated frame chain. The number of frame chain is larger than the thresold, please check it! [num, thresold] = 100, 100
[1:1:0812/031120.857887:INFO:switcher_impl.cc(1437)] 			[ERROR] updated frame chain. The number of frame chain is larger than the thresold, please check it! [num, thresold] = 100, 100
[1:1:0812/031120.857986:INFO:switcher_impl.cc(1437)] 			[ERROR] updated frame chain. The number of frame chain is larger than the thresold, please check it! [num, thresold] = 100, 100
[1:1:0812/031120.858081:INFO:switcher_impl.cc(1437)] 			[ERROR] updated frame chain. The number of frame chain is larger than the thresold, please check it! [num, thresold] = 100, 100
[1:1:0812/031120.858206:INFO:switcher_impl.cc(1437)] 			[ERROR] updated frame chain. The number of frame chain is larger than the thresold, please check it! [num, thresold] = 100, 100
[1:1:0812/031120.858320:INFO:switcher_impl.cc(1437)] 			[ERROR] updated frame chain. The number of frame chain is larger than the thresold, please check it! [num, thresold] = 100, 100
[1:1:0812/031120.858411:INFO:switcher_impl.cc(1437)] 			[ERROR] updated frame chain. The number of frame chain is larger than the thresold, please check it! [num, thresold] = 100, 100
[1:1:0812/031120.858498:INFO:switcher_impl.cc(1437)] 			[ERROR] updated frame chain. The number of frame chain is larger than the thresold, please check it! [num, thresold] = 100, 100
[1:1:0812/031120.858581:INFO:switcher_impl.cc(1437)] 			[ERROR] updated frame chain. The number of frame chain is larger than the thresold, please check it! [num, thresold] = 100, 100
[1:1:0812/031120.858669:INFO:switcher_impl.cc(1437)] 			[ERROR] updated frame chain. The number of frame chain is larger than the thresold, please check it! [num, thresold] = 100, 100
[1:1:0812/031120.858767:INFO:switcher_impl.cc(1437)] 			[ERROR] updated frame chain. The number of frame chain is larger than the thresold, please check it! [num, thresold] = 100, 100
[1:1:0812/031120.858872:INFO:switcher_impl.cc(1437)] 			[ERROR] updated frame chain. The number of frame chain is larger than the thresold, please check it! [num, thresold] = 100, 100
[1:1:0812/031120.859049:INFO:switcher_impl.cc(1437)] 			[ERROR] updated frame chain. The number of frame chain is larger than the thresold, please check it! [num, thresold] = 100, 100
[1:1:0812/031120.859210:INFO:switcher_impl.cc(1437)] 			[ERROR] updated frame chain. The number of frame chain is larger than the thresold, please check it! [num, thresold] = 100, 100
[1:1:0812/031120.859366:INFO:switcher_impl.cc(1437)] 			[ERROR] updated frame chain. The number of frame chain is larger than the thresold, please check it! [num, thresold] = 100, 100
[1:1:0812/031120.859536:INFO:switcher_impl.cc(1437)] 			[ERROR] updated frame chain. The number of frame chain is larger than the thresold, please check it! [num, thresold] = 100, 100
[1:1:0812/031120.859693:INFO:switcher_impl.cc(1437)] 			[ERROR] updated frame chain. The number of frame chain is larger than the thresold, please check it! [num, thresold] = 100, 100
[1:1:0812/031120.859794:INFO:switcher_impl.cc(1437)] 			[ERROR] updated frame chain. The number of frame chain is larger than the thresold, please check it! [num, thresold] = 100, 100
[1:1:0812/031120.859877:INFO:switcher_impl.cc(1437)] 			[ERROR] updated frame chain. The number of frame chain is larger than the thresold, please check it! [num, thresold] = 100, 100
[1:1:0812/031120.859969:INFO:switcher_impl.cc(1437)] 			[ERROR] updated frame chain. The number of frame chain is larger than the thresold, please check it! [num, thresold] = 100, 100
[1:1:0812/031120.860058:INFO:switcher_impl.cc(1437)] 			[ERROR] updated frame chain. The number of frame chain is larger than the thresold, please check it! [num, thresold] = 100, 100
[1:1:0812/031120.860160:INFO:switcher_impl.cc(1437)] 			[ERROR] updated frame chain. The number of frame chain is larger than the thresold, please check it! [num, thresold] = 100, 100
[1:1:0812/031120.860243:INFO:switcher_impl.cc(1437)] 			[ERROR] updated frame chain. The number of frame chain is larger than the thresold, please check it! [num, thresold] = 100, 100
