[1:1:0814/034123.995706:INFO:script_loader.cc(852)]  $$$ [Script] ScriptLoader::ExecuteScriptBlock. task_id, url is 1730 0x7fdbaeb948b0 0x1bbe979ad60 , "https://sg.yahoo.com/?p=us"
[1:1:0814/034124.093521:INFO:html_parser_scheduler.cc(158)]  $$$ [TASK] HTMLParserScheduler::ContinueParsing
[1:1:0814/034124.093684:INFO:html_document_parser.cc(272)] >>> HTMLDocumentParser::ResumeParsingAfterYield. url is "https://s.yimg.com/rq/darla/3-15-0/html/r-csc.html"
[1:1:0814/034124.096213:INFO:script_loader.cc(852)]  $$$ [Script] ScriptLoader::ExecuteScriptBlock. task_id, url is 1732 0x7fdbacc6e070 0x1bbe88132e0 , "https://s.yimg.com/rq/darla/3-15-0/html/r-csc.html"
[1:1:0814/034124.097462:INFO:script_loader.cc(852)]  $$$ [Script] ScriptLoader::ExecuteScriptBlock. task_id, url is 1732 0x7fdbacc6e070 0x1bbe88132e0 , "https://s.yimg.com/rq/darla/3-15-0/html/r-csc.html"
[2443:2443:0814/034124.100853:INFO:CONSOLE(21)] "darla csc writer, potential invalid html content", source: https://s.yimg.com/rq/darla/3-15-0/html/r-csc.html (21)
[1:1:0814/034124.101389:INFO:script_loader.cc(852)]  $$$ [Script] ScriptLoader::ExecuteScriptBlock. task_id, url is 1732 0x7fdbacc6e070 0x1bbe88132e0 , "https://s.yimg.com/rq/darla/3-15-0/html/r-csc.html"
[1:1:0814/034124.105763:INFO:script_loader.cc(852)]  $$$ [Script] ScriptLoader::ExecuteScriptBlock. task_id, url is 1732 0x7fdbacc6e070 0x1bbe88132e0 , "https://s.yimg.com/rq/darla/3-15-0/html/r-csc.html"
[1:1:0814/034124.126353:INFO:script_loader.cc(852)]  $$$ [Script] ScriptLoader::ExecuteScriptBlock. task_id, url is 1735 0x7fdbaeb948b0 0x1bbe9b72f60 , "https://sg.yahoo.com/?p=us"
[1:1:0814/034124.128321:INFO:script_loader.cc(852)]  $$$ [Script] ScriptLoader::ExecuteScriptBlock. task_id, url is 1736 0x7fdbaeb948b0 0x1bbe9b66de0 , "https://sg.yahoo.com/?p=us"
[1:1:0814/034124.131416:INFO:script_loader.cc(852)]  $$$ [Script] ScriptLoader::ExecuteScriptBlock. task_id, url is 1740 0x7fdbaeb948b0 0x1bbe8ff2260 , "https://sg.yahoo.com/?p=us"
[1:1:0814/034124.133262:INFO:script_loader.cc(852)]  $$$ [Script] ScriptLoader::ExecuteScriptBlock. task_id, url is 1741 0x7fdbaeb948b0 0x1bbe9283fe0 , "https://sg.yahoo.com/?p=us"
[1:1:0814/034124.136999:INFO:script_loader.cc(852)]  $$$ [Script] ScriptLoader::ExecuteScriptBlock. task_id, url is 1743 0x7fdbaeb948b0 0x1bbe91ed0e0 , "https://sg.yahoo.com/?p=us"
[1:1:0814/034124.142259:INFO:script_loader.cc(852)]  $$$ [Script] ScriptLoader::ExecuteScriptBlock. task_id, url is 1744 0x7fdbaeb948b0 0x1bbe9371a60 , "https://sg.yahoo.com/?p=us"
[1:1:0814/034124.144945:INFO:script_loader.cc(852)]  $$$ [Script] ScriptLoader::ExecuteScriptBlock. task_id, url is 1746 0x7fdbaeb948b0 0x1bbe9b5ffe0 , "https://sg.yahoo.com/?p=us"
[2443:2443:0814/034124.166302:INFO:CONSOLE(14)] "yui: NOT loaded: videoplayer", source: https://s.yimg.com/zz/combo?yui:/3.18.0/yui/yui-min.js (14)
[2443:2443:0814/034124.167730:INFO:CONSOLE(14)] "yui: NOT loaded: td-applet-storyswarm-atomic-templates-list.tumblr", source: https://s.yimg.com/zz/combo?yui:/3.18.0/yui/yui-min.js (14)
[1:1:0814/034124.386196:INFO:html_parser_scheduler.cc(158)]  $$$ [TASK] HTMLParserScheduler::ContinueParsing
[1:1:0814/034124.386320:INFO:html_document_parser.cc(272)] >>> HTMLDocumentParser::ResumeParsingAfterYield. url is "https://s.yimg.com/rq/darla/3-15-0/html/r-sf.html"
[2443:2443:0814/034124.388210:INFO:CONSOLE(14)] "yui: NOT loaded: videoplayer", source: https://s.yimg.com/zz/combo?yui:/3.18.0/yui/yui-min.js (14)
[2443:2443:0814/034124.388885:INFO:CONSOLE(14)] "yui: NOT loaded: videoplayer", source: https://s.yimg.com/zz/combo?yui:/3.18.0/yui/yui-min.js (14)
[2443:2443:0814/034124.389607:INFO:CONSOLE(14)] "yui: NOT loaded: td-applet-storyswarm-atomic-templates-list.tumblr", source: https://s.yimg.com/zz/combo?yui:/3.18.0/yui/yui-min.js (14)
[1:1:0814/034124.390216:INFO:script_loader.cc(852)]  $$$ [Script] ScriptLoader::ExecuteScriptBlock. task_id, url is 1759 0x7fdbacc6e070 0x1bbe92630e0 , "https://s.yimg.com/rq/darla/3-15-0/html/r-sf.html"
[1:1:0814/034124.407702:INFO:html_parser_scheduler.cc(158)]  $$$ [TASK] HTMLParserScheduler::ContinueParsing
[1:1:0814/034124.407927:INFO:html_document_parser.cc(272)] >>> HTMLDocumentParser::ResumeParsingAfterYield. url is "https://s.yimg.com/rq/darla/3-15-0/html/r-sf.html"
[1:1:0814/034124.411125:INFO:script_loader.cc(852)]  $$$ [Script] ScriptLoader::ExecuteScriptBlock. task_id, url is 1786 0x7fdbacc6e070 0x1bbe951b360 , "https://s.yimg.com/rq/darla/3-15-0/html/r-sf.html"
[1:1:0814/034124.427392:INFO:html_parser_scheduler.cc(158)]  $$$ [TASK] HTMLParserScheduler::ContinueParsing
[1:1:0814/034124.427549:INFO:html_document_parser.cc(272)] >>> HTMLDocumentParser::ResumeParsingAfterYield. url is "https://s.yimg.com/rq/darla/3-15-0/html/r-sf.html"
[1:1:0814/034124.431135:INFO:script_loader.cc(852)]  $$$ [Script] ScriptLoader::ExecuteScriptBlock. task_id, url is 1810 0x7fdbacc6e070 0x1bbe9b64460 , "https://s.yimg.com/rq/darla/3-15-0/html/r-sf.html"
[1:1:0814/034124.441884:INFO:html_parser_scheduler.cc(158)]  $$$ [TASK] HTMLParserScheduler::ContinueParsing
[1:1:0814/034124.442048:INFO:html_document_parser.cc(272)] >>> HTMLDocumentParser::ResumeParsingAfterYield. url is "https://s.yimg.com/rq/darla/3-15-0/html/r-sf.html"
[1:1:0814/034124.444591:INFO:script_loader.cc(852)]  $$$ [Script] ScriptLoader::ExecuteScriptBlock. task_id, url is 1833 0x7fdbacc6e070 0x1bbe9034be0 , "https://s.yimg.com/rq/darla/3-15-0/html/r-sf.html"
[1:1:0814/034125.019992:INFO:script_loader.cc(852)]  $$$ [Script] ScriptLoader::ExecuteScriptBlock. task_id, url is 1934, "https://s.yimg.com/rq/darla/3-15-0/html/r-sf.html"
[1:1:0814/034125.060570:INFO:event_target.cc(534)] !!!!!!!!!!!!!!!! RegisteredEventListener::SetCallback. 0x107dd6b0ac40
[1:1:0814/034125.078015:INFO:script_loader.cc(852)]  $$$ [Script] ScriptLoader::ExecuteScriptBlock. task_id, url is 1934, "https://s.yimg.com/rq/darla/3-15-0/html/r-sf.html"
[1:1:0814/034125.078752:INFO:html_tree_builder.cc(780)] >>> [renderer][DOM] receive <iframe>
[2443:2443:0814/034125.081126:INFO:render_frame_host_impl.cc(1417)] 	 enter RenderFrameHostImpl::OnCreateChildFrame
[1:1:0814/034125.082019:INFO:render_frame_impl.cc(1477)] 	RenderFrameImpl::Initialize. 9, 0x1bbe96faa20
[1:1:0814/034125.082150:INFO:web_local_frame_impl.cc(1666)] 		WebLocalFrame::SetRoutingID. routing_id = 9
[2443:2443:0814/034125.082795:INFO:frame_tree.cc(218)] 	 enter FrameTree::AddFrame: , 9, 8, 
[1:1:0814/034125.088573:INFO:render_frame_impl.cc(7018)] >>> [renderer][DOM] RenderFrameImpl::BeginNavigation
[1:1:0814/034125.088675:INFO:render_frame_impl.cc(7019)] 	 [url] = https://s.yimg.com
[2443:2443:0814/034125.089338:INFO:render_frame_host_impl.cc(3108)] >>> [broswer][navigation] RenderFrameHostImpl::BeginNavigation. ID from switcher is 3:6_https://s.yimg.com/
[1:1:0814/034125.092844:INFO:event_target.cc(534)] !!!!!!!!!!!!!!!! RegisteredEventListener::SetCallback. 0x107dd6b0ac40
[1:1:0814/034125.100466:INFO:script_loader.cc(852)]  $$$ [Script] ScriptLoader::ExecuteScriptBlock. task_id, url is 1936, "https://s.yimg.com/rq/darla/3-15-0/html/r-csc.html"
[2443:2443:0814/034125.106840:INFO:render_frame_host_impl.cc(1417)] 	 enter RenderFrameHostImpl::OnCreateChildFrame
[1:1:0814/034125.107864:INFO:render_frame_impl.cc(1477)] 	RenderFrameImpl::Initialize. 10, 0x1bbe96fbe20
[1:1:0814/034125.108019:INFO:web_local_frame_impl.cc(1666)] 		WebLocalFrame::SetRoutingID. routing_id = 10
[2443:2443:0814/034125.109431:INFO:frame_tree.cc(218)] 	 enter FrameTree::AddFrame: , 10, 9, 
[2443:2443:0814/034125.113837:INFO:navigation_url_loader_network_service.cc(1293)] 	 enter NavigationURLLoaderNetworkService::OnReceiveResponse
[2443:2443:0814/034125.114463:INFO:navigation_handle_impl.cc(765)] 	 enter NavigationHandleImpl::WillProcessResponse
[1:1:0814/034125.115124:INFO:render_frame_impl.cc(7018)] >>> [renderer][DOM] RenderFrameImpl::BeginNavigation
[1:1:0814/034125.115250:INFO:render_frame_impl.cc(7019)] 	 [url] = https://s.yimg.com
[2443:2443:0814/034125.116875:INFO:render_frame_host_impl.cc(3699)] >>> RenderFrameHostImpl::CommitNavigation https://s.yimg.com/
[2443:2443:0814/034125.116917:INFO:switcher_host_impl.cc(127)] >>> [Key] add a new principal. [cid, principal, url, frame_id] = 3, 3:9_https://s.yimg.com/, https://s.yimg.com/ja/ap/ssp_cookie_sync/apac.html, 8
[2443:2443:0814/034125.116989:INFO:render_frame_host_impl.cc(3718)] >>>	[site, common.url, headers] = 3:9_https://s.yimg.com/, HTTP/1.1 200 status:200 x-amz-id-2:h8Iks8H8eh5fW32gUST9vPOGGMaY3zUEOPlnxB4NdZqZvdnAh14dJ0bbCU8gpIC24mpKfz11yB8= x-amz-request-id:90C86B22D5777A32 date:Mon, 12 Aug 2019 03:13:43 GMT last-modified:Mon, 30 Apr 2018 16:10:55 GMT etag:"08dc3a26368ba18d7aa3f08b2f39a55b-df" x-amz-server-side-encryption:AES256 cache-control:max-age=86400,public x-amz-meta-created-date:Fri, 15 Sep 2017 22:03:21 GMT x-amz-meta-mbst-etag:"YM:1:249064fb-6bcc-4b95-ad2a-83d4eb1faf2a000559418fadbd30" x-amz-meta-x-ysws-mbst-vtime:1505513001827632 expires:Sat, 05 Sep 2026 00:00:00 GMT x-amz-meta-x-ysws-access:public accept-ranges:bytes content-type:text/html; charset=utf-8 server:ATS referrer-policy:no-referrer-when-downgrade vary:Origin, Accept-Encoding content-encoding:gzip content-length:415 age:30561 ats-carp-promotion:1 strict-transport-security:max-age=15552000 expect-ct:max-age=31536000, report-uri="http://csp.yahoo.com/beacon/csp?src=yahoocom-expect-ct-report-only" x-xss-protection:1; mode=block x-content-type-options:nosniff  ,2487, 3
[2443:2443:0814/034125.125070:INFO:render_frame_host_impl.cc(3108)] >>> [broswer][navigation] RenderFrameHostImpl::BeginNavigation. ID from switcher is 3:4_https://s.yimg.com/
[2443:2453:0814/034125.125312:INFO:interface_endpoint_client.cc(447)] >>> [Frame] get kURLLoader_ProceedWithResponse_Name. [pid, routing_id] = 3, 9
[2443:2453:0814/034125.125364:INFO:mojo_async_resource_handler.cc(459)] >>> [IPC] MojoAsyncResourceHandler::ProceedWithResponse konws [cid, routing_id]: 3, 9, HandleIncomingMessage, HandleIncomingMessage
[1:7:0814/034125.125835:INFO:ipc_mojo_bootstrap.cc(809)] >>> [IPC] Accept. post a task to AcceptOnProxyThread
[1:1:0814/034125.131802:INFO:script_loader.cc(852)]  $$$ [Script] ScriptLoader::ExecuteScriptBlock. task_id, url is 1955, "https://s.yimg.com/rq/darla/3-15-0/html/r-sf.html"
[1:1:0814/034125.156543:INFO:event_target.cc(534)] !!!!!!!!!!!!!!!! RegisteredEventListener::SetCallback. 0x107dd6b0dd68
[1:1:0814/034125.168946:INFO:script_loader.cc(852)]  $$$ [Script] ScriptLoader::ExecuteScriptBlock. task_id, url is 1955, "https://s.yimg.com/rq/darla/3-15-0/html/r-sf.html"
[1:1:0814/034125.174140:INFO:event_target.cc(534)] !!!!!!!!!!!!!!!! RegisteredEventListener::SetCallback. 0x107dd6b0dd68
[1:1:0814/034125.291505:INFO:platform_thread_posix.cc(131)] >>> invoke pthread_create
[1:1:0814/034125.326332:INFO:platform_thread_posix.cc(131)] >>> invoke pthread_create
[1:1:0814/034125.333470:INFO:script_loader.cc(852)]  $$$ [Script] ScriptLoader::ExecuteScriptBlock. task_id, url is 2093 0x7fdbacfd6bd0 0x1bbe88b6358 , "https://s.yimg.com/rq/darla/3-15-0/html/r-sf.html"
[1:1:0814/034125.361256:INFO:event_target.cc(534)] !!!!!!!!!!!!!!!! RegisteredEventListener::SetCallback. 0x107dd6b100e8
[1:1:0814/034125.375455:INFO:script_loader.cc(852)]  $$$ [Script] ScriptLoader::ExecuteScriptBlock. task_id, url is 2093 0x7fdbacfd6bd0 0x1bbe88b6358 , "https://s.yimg.com/rq/darla/3-15-0/html/r-sf.html"
[1:1:0814/034125.376172:INFO:html_tree_builder.cc(780)] >>> [renderer][DOM] receive <iframe>
[2443:2443:0814/034125.376965:INFO:render_frame_host_impl.cc(1417)] 	 enter RenderFrameHostImpl::OnCreateChildFrame
[1:1:0814/034125.377992:INFO:render_frame_impl.cc(1477)] 	RenderFrameImpl::Initialize. 11, 0x1bbe96fc820
[1:1:0814/034125.378128:INFO:web_local_frame_impl.cc(1666)] 		WebLocalFrame::SetRoutingID. routing_id = 11
[2443:2443:0814/034125.379227:INFO:frame_tree.cc(218)] 	 enter FrameTree::AddFrame: , 11, 10, 
[1:1:0814/034125.384905:INFO:render_frame_impl.cc(7018)] >>> [renderer][DOM] RenderFrameImpl::BeginNavigation
[1:1:0814/034125.385047:INFO:render_frame_impl.cc(7019)] 	 [url] = https://s.yimg.com
[2443:2443:0814/034125.385938:INFO:render_frame_host_impl.cc(3108)] >>> [broswer][navigation] RenderFrameHostImpl::BeginNavigation. ID from switcher is 3:6_https://s.yimg.com/
[1:1:0814/034125.391017:INFO:event_target.cc(534)] !!!!!!!!!!!!!!!! RegisteredEventListener::SetCallback. 0x107dd6b100e8
[2443:2443:0814/034125.405190:INFO:navigation_url_loader_network_service.cc(1293)] 	 enter NavigationURLLoaderNetworkService::OnReceiveResponse
[2443:2443:0814/034125.405929:INFO:navigation_handle_impl.cc(765)] 	 enter NavigationHandleImpl::WillProcessResponse
[2443:2453:0814/034125.408482:INFO:interface_endpoint_client.cc(447)] >>> [Frame] get kURLLoader_ProceedWithResponse_Name. [pid, routing_id] = 3, 11
[2443:2453:0814/034125.408541:INFO:mojo_async_resource_handler.cc(459)] >>> [IPC] MojoAsyncResourceHandler::ProceedWithResponse konws [cid, routing_id]: 3, 11, HandleIncomingMessage, HandleIncomingMessage
[2443:2443:0814/034125.408594:INFO:render_frame_host_impl.cc(3699)] >>> RenderFrameHostImpl::CommitNavigation https://s.yimg.com/
[2443:2443:0814/034125.408637:INFO:switcher_host_impl.cc(127)] >>> [Key] add a new principal. [cid, principal, url, frame_id] = 3, 3:11_https://s.yimg.com/, https://s.yimg.com/ja/ap/ssp_cookie_sync/apac.html, 10
[2443:2443:0814/034125.408713:INFO:render_frame_host_impl.cc(3718)] >>>	[site, common.url, headers] = 3:11_https://s.yimg.com/, HTTP/1.1 200 status:304 date:Mon, 12 Aug 2019 11:43:03 GMT expires:Sat, 05 Sep 2026 00:00:00 GMT cache-control:max-age=86400,public vary:Origin, Accept-Encoding strict-transport-security:max-age=15552000 server:ATS expect-ct:max-age=31536000, report-uri="http://csp.yahoo.com/beacon/csp?src=yahoocom-expect-ct-report-only" x-amz-id-2:h8Iks8H8eh5fW32gUST9vPOGGMaY3zUEOPlnxB4NdZqZvdnAh14dJ0bbCU8gpIC24mpKfz11yB8= x-amz-request-id:90C86B22D5777A32 last-modified:Mon, 30 Apr 2018 16:10:55 GMT etag:"08dc3a26368ba18d7aa3f08b2f39a55b-df" x-amz-server-side-encryption:AES256 x-amz-meta-created-date:Fri, 15 Sep 2017 22:03:21 GMT x-amz-meta-mbst-etag:"YM:1:249064fb-6bcc-4b95-ad2a-83d4eb1faf2a000559418fadbd30" x-amz-meta-x-ysws-mbst-vtime:1505513001827632 x-amz-meta-x-ysws-access:public accept-ranges:bytes content-type:text/html; charset=utf-8 referrer-policy:no-referrer-when-downgrade content-encoding:gzip content-length:415 age:30561 ats-carp-promotion:1 x-xss-protection:1; mode=block x-content-type-options:nosniff  ,2487, 3
[1:7:0814/034125.410241:INFO:ipc_mojo_bootstrap.cc(809)] >>> [IPC] Accept. post a task to AcceptOnProxyThread
[1:1:0814/034125.428705:INFO:ipc_mojo_bootstrap.cc(894)] ### [Switcher][kFrameNavigationControl_CommitNavigation_Name] get additional field: 3:9_https://s.yimg.com/
[1:1:0814/034125.433311:INFO:script_loader.cc(852)]  $$$ [Script] ScriptLoader::ExecuteScriptBlock. task_id, url is 2140 0x7fdbacfd6bd0 0x1bbe3ed7f58 , "https://s.yimg.com/rq/darla/3-15-0/html/r-sf.html"
[1:1:0814/034125.456385:INFO:event_target.cc(534)] !!!!!!!!!!!!!!!! RegisteredEventListener::SetCallback. 0x107dd6b12058
[1:1:0814/034125.467804:INFO:script_loader.cc(852)]  $$$ [Script] ScriptLoader::ExecuteScriptBlock. task_id, url is 2140 0x7fdbacfd6bd0 0x1bbe3ed7f58 , "https://s.yimg.com/rq/darla/3-15-0/html/r-sf.html"
[1:1:0814/034125.473357:INFO:event_target.cc(534)] !!!!!!!!!!!!!!!! RegisteredEventListener::SetCallback. 0x107dd6b12058
[1:1:0814/034125.744114:INFO:ipc_mojo_bootstrap.cc(894)] ### [Switcher][kFrameNavigationControl_CommitNavigation_Name] get additional field: 3:11_https://s.yimg.com/
[2443:2443:0814/034125.777640:INFO:switcher_host_impl.cc(127)] >>> [Key] add a new principal. [cid, principal, url, frame_id] = 3, 3:9_https://s.yimg.com/, https://s.yimg.com/, 8
[2443:2443:0814/034125.777696:INFO:frame_tree_node.cc(349)] 	FrameTreeNode::SetCurrentOrigin. [frameid, routingid, origin, url] = 8, 9, https://s.yimg.com/, https://s.yimg.com
[1:1:0814/034125.789161:INFO:html_document_parser.cc(1203)]  $$$ [TASK] HTMLDocumentParser::AppendBytes -> BackgroundHTMLParser::AppendRawBytesFromMainThread
[2443:2443:0814/034125.862506:INFO:switcher_host_impl.cc(127)] >>> [Key] add a new principal. [cid, principal, url, frame_id] = 3, 3:11_https://s.yimg.com/, https://s.yimg.com/, 10
[2443:2443:0814/034125.862604:INFO:frame_tree_node.cc(349)] 	FrameTreeNode::SetCurrentOrigin. [frameid, routingid, origin, url] = 10, 11, https://s.yimg.com/, https://s.yimg.com
[1:1:0814/034125.876551:INFO:html_document_parser.cc(1203)]  $$$ [TASK] HTMLDocumentParser::AppendBytes -> BackgroundHTMLParser::AppendRawBytesFromMainThread
[1:1:0814/034125.883982:INFO:script_loader.cc(852)]  $$$ [Script] ScriptLoader::ExecuteScriptBlock. task_id, url is 2317, "https://s.yimg.com/rq/darla/3-15-0/html/r-sf.html"
[1:1:0814/034125.892483:INFO:html_parser_scheduler.cc(81)]  $$$ [TASK] HTMLParserScheduler::ScheduleForUnpause -> HTMLParserScheduler::ContinueParsing
[1:1:0814/034125.896352:INFO:script_loader.cc(852)]  $$$ [Script] ScriptLoader::ExecuteScriptBlock. task_id, url is 2329 0x7fdbaeb948b0 0x1bbe924d360 , "https://s.yimg.com/rq/darla/3-15-0/html/r-sf.html"
[2443:2443:0814/034125.919895:INFO:navigation_url_loader_network_service.cc(1293)] 	 enter NavigationURLLoaderNetworkService::OnReceiveResponse
[2443:2443:0814/034125.920411:INFO:navigation_handle_impl.cc(765)] 	 enter NavigationHandleImpl::WillProcessResponse
[2443:2443:0814/034125.922820:INFO:render_frame_host_impl.cc(3699)] >>> RenderFrameHostImpl::CommitNavigation https://tag.idsync.analytics.yahoo.com/
[2443:2443:0814/034125.922880:INFO:switcher_host_impl.cc(127)] >>> [Key] add a new principal. [cid, principal, url, frame_id] = 3, 3:10_https://tag.idsync.analytics.yahoo.com/, https://tag.idsync.analytics.yahoo.com/sp-frame.html?referrer=https%3A%2F%2Fsg.yahoo.com%2F%3Fp%3Dus, 9
[2443:2443:0814/034125.922940:INFO:render_frame_host_impl.cc(3718)] >>>	[site, common.url, headers] = 3:10_https://tag.idsync.analytics.yahoo.com/, HTTP/1.1 200 status:200 content-encoding:gzip content-type:text/html date:Mon, 12 Aug 2019 11:43:04 GMT etag:"9b27f08842ec1f21101a0bc4c5dba12e+gzip" last-modified:Thu, 08 Aug 2019 17:26:39 GMT server:ECS (sgb/C6E6) vary:Accept-Encoding x-amz-id-2:/jw3BeuK3VBRgbV7BwzdypkMPUTPb/nTEdYHO8NTh3oLxoyuUdYw5o+8NbVPrV32svKZnh17dBk= x-amz-request-id:33BD832464322143 x-amz-server-side-encryption:AES256 x-cache:HIT content-length:153  ,2487, 3
[2443:2453:0814/034125.936389:INFO:interface_endpoint_client.cc(447)] >>> [Frame] get kURLLoader_ProceedWithResponse_Name. [pid, routing_id] = 3, 10
[2443:2453:0814/034125.936487:INFO:mojo_async_resource_handler.cc(459)] >>> [IPC] MojoAsyncResourceHandler::ProceedWithResponse konws [cid, routing_id]: 3, 10, HandleIncomingMessage, HandleIncomingMessage
[1:7:0814/034125.937207:INFO:ipc_mojo_bootstrap.cc(809)] >>> [IPC] Accept. post a task to AcceptOnProxyThread
[1:1:0814/034126.037022:INFO:html_tree_builder.cc(780)] >>> [renderer][DOM] receive <iframe>
[1:1:0814/034126.040418:INFO:render_frame_impl.cc(1477)] 	RenderFrameImpl::Initialize. 12, 0x1bbe95fe020
[1:1:0814/034126.040597:INFO:web_local_frame_impl.cc(1666)] 		WebLocalFrame::SetRoutingID. routing_id = 12
[2443:2443:0814/034126.042740:INFO:render_frame_host_impl.cc(1417)] 	 enter RenderFrameHostImpl::OnCreateChildFrame
[2443:2443:0814/034126.045460:INFO:frame_tree.cc(218)] 	 enter FrameTree::AddFrame: aswift_0, 12, 11, 
[2443:2443:0814/034126.072173:INFO:switcher_host_impl.cc(127)] >>> [Key] add a new principal. [cid, principal, url, frame_id] = 3, 3:12_https://s.yimg.com/, https://s.yimg.com/, 11
[2443:2443:0814/034126.072275:INFO:frame_tree_node.cc(349)] 	FrameTreeNode::SetCurrentOrigin. [frameid, routingid, origin, url] = 11, 12, https://s.yimg.com/, https://s.yimg.com
[2443:2443:0814/034126.090020:WARNING:render_frame_host_impl.cc(414)] InterfaceRequest was dropped, the document is no longer active: content::mojom::RendererAudioOutputStreamFactory
[1:1:0814/034126.091919:INFO:render_frame_impl.cc(1477)] 	RenderFrameImpl::Initialize. 13, 0x1bbe95fea20
[1:1:0814/034126.092041:INFO:web_local_frame_impl.cc(1666)] 		WebLocalFrame::SetRoutingID. routing_id = 13
[2443:2443:0814/034126.097481:INFO:render_frame_host_impl.cc(1417)] 	 enter RenderFrameHostImpl::OnCreateChildFrame
[2443:2443:0814/034126.100029:INFO:frame_tree.cc(218)] 	 enter FrameTree::AddFrame: google_esf, 13, 12, 
[1:1:0814/034126.100116:INFO:render_frame_impl.cc(7018)] >>> [renderer][DOM] RenderFrameImpl::BeginNavigation
[1:1:0814/034126.100275:INFO:render_frame_impl.cc(7019)] 	 [url] = https://s.yimg.com
[2443:2443:0814/034126.113604:INFO:render_frame_host_impl.cc(3108)] >>> [broswer][navigation] RenderFrameHostImpl::BeginNavigation. ID from switcher is 3:6_https://s.yimg.com/
[2443:2443:0814/034126.145532:INFO:navigation_url_loader_network_service.cc(1293)] 	 enter NavigationURLLoaderNetworkService::OnReceiveResponse
[2443:2443:0814/034126.146265:INFO:navigation_handle_impl.cc(765)] 	 enter NavigationHandleImpl::WillProcessResponse
[2443:2453:0814/034126.148151:INFO:interface_endpoint_client.cc(447)] >>> [Frame] get kURLLoader_ProceedWithResponse_Name. [pid, routing_id] = 3, 13
[2443:2453:0814/034126.148220:INFO:mojo_async_resource_handler.cc(459)] >>> [IPC] MojoAsyncResourceHandler::ProceedWithResponse konws [cid, routing_id]: 3, 13, HandleIncomingMessage, HandleIncomingMessage
[2443:2443:0814/034126.148271:INFO:render_frame_host_impl.cc(3699)] >>> RenderFrameHostImpl::CommitNavigation https://googleads.g.doubleclick.net/
[2443:2443:0814/034126.148306:INFO:switcher_host_impl.cc(127)] >>> [Key] add a new principal. [cid, principal, url, frame_id] = 3, 3:13_https://googleads.g.doubleclick.net/, https://googleads.g.doubleclick.net/pagead/html/r20190807/r20190131/zrt_lookup.html#, 12
[2443:2443:0814/034126.148366:INFO:render_frame_host_impl.cc(3718)] >>>	[site, common.url, headers] = 3:13_https://googleads.g.doubleclick.net/, HTTP/1.1 200 status:200 p3p:policyref="https://googleads.g.doubleclick.net/pagead/gcn_p3p_.xml", CP="CURa ADMa DEVa TAIo PSAo PSDo OUR IND UNI PUR INT DEM STA PRE COM NAV OTC NOI DSP COR" timing-allow-origin:* vary:Accept-Encoding date:Sun, 11 Aug 2019 01:30:49 GMT expires:Sun, 25 Aug 2019 01:30:49 GMT content-type:text/html; charset=UTF-8 etag:4817175036427020965 x-content-type-options:nosniff content-encoding:gzip server:cafe content-length:7274 x-xss-protection:0 cache-control:public, max-age=1209600 age:123135 alt-svc:quic="googleads.g.doubleclick.net:443"; ma=2592000; v="46,43,39",quic=":443"; ma=2592000; v="46,43,39"  ,2487, 3
[1:7:0814/034126.150995:INFO:ipc_mojo_bootstrap.cc(809)] >>> [IPC] Accept. post a task to AcceptOnProxyThread
[1:1:0814/034126.167364:INFO:script_loader.cc(852)]  $$$ [Script] ScriptLoader::ExecuteScriptBlock. task_id, url is 2359 0x7fdbaeb948b0 0x1bbe83330e0 , "https://s.yimg.com/rq/darla/3-15-0/html/r-sf.html"
[1:1:0814/034126.209869:INFO:render_frame_impl.cc(1477)] 	RenderFrameImpl::Initialize. 14, 0x1bbe95ffe20
[1:1:0814/034126.209994:INFO:web_local_frame_impl.cc(1666)] 		WebLocalFrame::SetRoutingID. routing_id = 14
[2443:2443:0814/034126.211223:INFO:render_frame_host_impl.cc(1417)] 	 enter RenderFrameHostImpl::OnCreateChildFrame
[2443:2443:0814/034126.213217:INFO:frame_tree.cc(218)] 	 enter FrameTree::AddFrame: , 14, 13, 
[2443:2443:0814/034126.230308:INFO:switcher_host_impl.cc(127)] >>> [Key] add a new principal. [cid, principal, url, frame_id] = 3, 3:14_https://s.yimg.com/, https://s.yimg.com/, 13
[2443:2443:0814/034126.230372:INFO:frame_tree_node.cc(349)] 	FrameTreeNode::SetCurrentOrigin. [frameid, routingid, origin, url] = 13, 14, https://s.yimg.com/, https://s.yimg.com
[2443:2443:0814/034126.235080:WARNING:render_frame_host_impl.cc(414)] InterfaceRequest was dropped, the document is no longer active: content::mojom::RendererAudioOutputStreamFactory
[1:1:0814/034126.244513:INFO:script_loader.cc(852)]  $$$ [Script] ScriptLoader::ExecuteScriptBlock. task_id, url is 2359 0x7fdbaeb948b0 0x1bbe83330e0 , "https://s.yimg.com/rq/darla/3-15-0/html/r-sf.html"
[1:1:0814/034126.260819:INFO:html_tree_builder.cc(780)] >>> [renderer][DOM] receive <iframe>
[1:1:0814/034126.262820:INFO:render_frame_impl.cc(1477)] 	RenderFrameImpl::Initialize. 15, 0x1bbe96fd220
[1:1:0814/034126.262967:INFO:web_local_frame_impl.cc(1666)] 		WebLocalFrame::SetRoutingID. routing_id = 15
[2443:2443:0814/034126.263359:INFO:render_frame_host_impl.cc(1417)] 	 enter RenderFrameHostImpl::OnCreateChildFrame
[2443:2443:0814/034126.265435:INFO:frame_tree.cc(218)] 	 enter FrameTree::AddFrame: aswift_0, 15, 14, 
[2443:2443:0814/034126.279522:INFO:switcher_host_impl.cc(127)] >>> [Key] add a new principal. [cid, principal, url, frame_id] = 3, 3:15_https://s.yimg.com/, https://s.yimg.com/, 14
[2443:2443:0814/034126.279587:INFO:frame_tree_node.cc(349)] 	FrameTreeNode::SetCurrentOrigin. [frameid, routingid, origin, url] = 14, 15, https://s.yimg.com/, https://s.yimg.com
[1:1:0814/034126.312612:INFO:html_parser_scheduler.cc(81)]  $$$ [TASK] HTMLParserScheduler::ScheduleForUnpause -> HTMLParserScheduler::ContinueParsing
[1:1:0814/034126.320687:INFO:html_parser_scheduler.cc(81)]  $$$ [TASK] HTMLParserScheduler::ScheduleForUnpause -> HTMLParserScheduler::ContinueParsing
[1:1:0814/034126.322565:INFO:html_parser_scheduler.cc(158)]  $$$ [TASK] HTMLParserScheduler::ContinueParsing
[1:1:0814/034126.322697:INFO:html_document_parser.cc(272)] >>> HTMLDocumentParser::ResumeParsingAfterYield. url is "https://s.yimg.com/ja/ap/ssp_cookie_sync/apac.html"
[1:1:0814/034126.324259:INFO:script_loader.cc(852)]  $$$ [Script] ScriptLoader::ExecuteScriptBlock. task_id, url is 2384 0x7fdbacc6e070 0x1bbe924efe0 , "https://s.yimg.com/ja/ap/ssp_cookie_sync/apac.html"
[2443:2443:0814/034126.328319:INFO:render_frame_host_impl.cc(1417)] 	 enter RenderFrameHostImpl::OnCreateChildFrame
[1:1:0814/034126.329206:INFO:render_frame_impl.cc(1477)] 	RenderFrameImpl::Initialize. 16, 0x1bbe9350020
[1:1:0814/034126.329359:INFO:web_local_frame_impl.cc(1666)] 		WebLocalFrame::SetRoutingID. routing_id = 16
[2443:2443:0814/034126.330625:INFO:frame_tree.cc(218)] 	 enter FrameTree::AddFrame: , 16, 15, 
[1:1:0814/034126.337705:INFO:render_frame_impl.cc(7018)] >>> [renderer][DOM] RenderFrameImpl::BeginNavigation
[1:1:0814/034126.337843:INFO:render_frame_impl.cc(7019)] 	 [url] = https://s.yimg.com
[2443:2443:0814/034126.338738:INFO:render_frame_host_impl.cc(3108)] >>> [broswer][navigation] RenderFrameHostImpl::BeginNavigation. ID from switcher is 3:9_https://s.yimg.com/
[1:1:0814/034126.347766:INFO:ipc_mojo_bootstrap.cc(894)] ### [Switcher][kFrameNavigationControl_CommitNavigation_Name] get additional field: 3:10_https://tag.idsync.analytics.yahoo.com/
[1:1:0814/034126.366119:INFO:script_loader.cc(852)]  $$$ [Script] ScriptLoader::ExecuteScriptBlock. task_id, url is 2403, "https://s.yimg.com/rq/darla/3-15-0/html/r-sf.html"
[1:1:0814/034126.406476:INFO:ipc_mojo_bootstrap.cc(894)] ### [Switcher][kFrameNavigationControl_CommitNavigation_Name] get additional field: 3:13_https://googleads.g.doubleclick.net/
[2443:2443:0814/034126.435808:INFO:navigation_url_loader_network_service.cc(1293)] 	 enter NavigationURLLoaderNetworkService::OnReceiveResponse
[2443:2443:0814/034126.436298:INFO:navigation_handle_impl.cc(765)] 	 enter NavigationHandleImpl::WillProcessResponse
[2443:2443:0814/034126.439148:INFO:render_frame_host_impl.cc(3699)] >>> RenderFrameHostImpl::CommitNavigation https://ads.pubmatic.com/
[2443:2443:0814/034126.439209:INFO:switcher_host_impl.cc(127)] >>> [Key] add a new principal. [cid, principal, url, frame_id] = 3, 3:16_https://ads.pubmatic.com/, https://ads.pubmatic.com/AdServer/js/user_sync.html?p=156107&s=176446&predirect=https%3A%2F%2Fpr-bh.ybp.yahoo.com%2Fsync%2Fpubmatic%2F, 15
[2443:2443:0814/034126.439286:INFO:render_frame_host_impl.cc(3718)] >>>	[site, common.url, headers] = 3:16_https://ads.pubmatic.com/, HTTP/1.1 200 OK Last-Modified: Fri, 26 Jul 2019 09:40:01 GMT ETag: "1300708-26ca-58e92538a370a" Server: Apache/2.2.15 (CentOS) Accept-Ranges: bytes Content-Encoding: gzip P3P: CP="NOI DSP COR LAW CUR ADMo DEVo TAIo PSAo PSDo IVAo IVDo HISo OTPo OUR SAMo BUS UNI COM NAV INT DEM CNT STA PRE LOC", CP="NOI DSP COR LAW CUR ADMo DEVo TAIo PSAo PSDo IVAo IVDo HISo OTPo OUR SAMo BUS UNI COM NAV INT DEM CNT STA PRE LOC" Content-Length: 3860 Content-Type: text/html; charset=UTF-8 Cache-Control: max-age=106134 Expires: Tue, 13 Aug 2019 17:11:59 GMT Date: Mon, 12 Aug 2019 11:43:05 GMT Connection: keep-alive Vary: Accept-Encoding  ,2487, 3
[2443:2453:0814/034126.442054:INFO:interface_endpoint_client.cc(447)] >>> [Frame] get kURLLoader_ProceedWithResponse_Name. [pid, routing_id] = 3, 16
[2443:2453:0814/034126.442129:INFO:mojo_async_resource_handler.cc(459)] >>> [IPC] MojoAsyncResourceHandler::ProceedWithResponse konws [cid, routing_id]: 3, 16, HandleIncomingMessage, HandleIncomingMessage
[1:7:0814/034126.442488:INFO:ipc_mojo_bootstrap.cc(809)] >>> [IPC] Accept. post a task to AcceptOnProxyThread
[1:1:0814/034126.488167:INFO:html_parser_scheduler.cc(158)]  $$$ [TASK] HTMLParserScheduler::ContinueParsing
[1:1:0814/034126.488357:INFO:html_document_parser.cc(272)] >>> HTMLDocumentParser::ResumeParsingAfterYield. url is "https://s.yimg.com/ja/ap/ssp_cookie_sync/apac.html"
[1:1:0814/034126.489931:INFO:script_loader.cc(852)]  $$$ [Script] ScriptLoader::ExecuteScriptBlock. task_id, url is 2518 0x7fdbacc6e070 0x1bbe9c9b0e0 , "https://s.yimg.com/ja/ap/ssp_cookie_sync/apac.html"
[1:1:0814/034126.496420:INFO:render_frame_impl.cc(1477)] 	RenderFrameImpl::Initialize. 17, 0x1bbe9350a20
[1:1:0814/034126.496574:INFO:web_local_frame_impl.cc(1666)] 		WebLocalFrame::SetRoutingID. routing_id = 17
[2443:2443:0814/034126.497673:INFO:render_frame_host_impl.cc(1417)] 	 enter RenderFrameHostImpl::OnCreateChildFrame
[2443:2443:0814/034126.500480:INFO:frame_tree.cc(218)] 	 enter FrameTree::AddFrame: , 17, 16, 
[1:1:0814/034126.502453:INFO:render_frame_impl.cc(7018)] >>> [renderer][DOM] RenderFrameImpl::BeginNavigation
[1:1:0814/034126.502601:INFO:render_frame_impl.cc(7019)] 	 [url] = https://s.yimg.com
[2443:2443:0814/034126.509086:INFO:render_frame_host_impl.cc(3108)] >>> [broswer][navigation] RenderFrameHostImpl::BeginNavigation. ID from switcher is 3:11_https://s.yimg.com/
[2443:2443:0814/034126.543337:INFO:navigation_url_loader_network_service.cc(1293)] 	 enter NavigationURLLoaderNetworkService::OnReceiveResponse
[2443:2443:0814/034126.544017:INFO:navigation_handle_impl.cc(765)] 	 enter NavigationHandleImpl::WillProcessResponse
[2443:2453:0814/034126.546410:INFO:interface_endpoint_client.cc(447)] >>> [Frame] get kURLLoader_ProceedWithResponse_Name. [pid, routing_id] = 3, 17
[2443:2453:0814/034126.546495:INFO:mojo_async_resource_handler.cc(459)] >>> [IPC] MojoAsyncResourceHandler::ProceedWithResponse konws [cid, routing_id]: 3, 17, HandleIncomingMessage, HandleIncomingMessage
[2443:2443:0814/034126.546648:INFO:render_frame_host_impl.cc(3699)] >>> RenderFrameHostImpl::CommitNavigation https://ads.pubmatic.com/
[2443:2443:0814/034126.546701:INFO:switcher_host_impl.cc(127)] >>> [Key] add a new principal. [cid, principal, url, frame_id] = 3, 3:17_https://ads.pubmatic.com/, https://ads.pubmatic.com/AdServer/js/user_sync.html?p=156107&s=176446&predirect=https%3A%2F%2Fpr-bh.ybp.yahoo.com%2Fsync%2Fpubmatic%2F, 16
[2443:2443:0814/034126.546774:INFO:render_frame_host_impl.cc(3718)] >>>	[site, common.url, headers] = 3:17_https://ads.pubmatic.com/, HTTP/1.1 200 OK Last-Modified: Fri, 26 Jul 2019 09:40:01 GMT Cache-Control: max-age=106134 Expires: Tue, 13 Aug 2019 17:11:59 GMT Date: Mon, 12 Aug 2019 11:43:05 GMT ETag: "1300708-26ca-58e92538a370a" Server: Apache/2.2.15 (CentOS) Accept-Ranges: bytes Content-Encoding: gzip P3P: CP="NOI DSP COR LAW CUR ADMo DEVo TAIo PSAo PSDo IVAo IVDo HISo OTPo OUR SAMo BUS UNI COM NAV INT DEM CNT STA PRE LOC", CP="NOI DSP COR LAW CUR ADMo DEVo TAIo PSAo PSDo IVAo IVDo HISo OTPo OUR SAMo BUS UNI COM NAV INT DEM CNT STA PRE LOC" Content-Length: 3860 Content-Type: text/html; charset=UTF-8 Vary: Accept-Encoding  ,2487, 3
[1:7:0814/034126.550659:INFO:ipc_mojo_bootstrap.cc(809)] >>> [IPC] Accept. post a task to AcceptOnProxyThread
[1:1:0814/034126.565986:INFO:html_parser_scheduler.cc(158)]  $$$ [TASK] HTMLParserScheduler::ContinueParsing
[1:1:0814/034126.566148:INFO:html_document_parser.cc(272)] >>> HTMLDocumentParser::ResumeParsingAfterYield. url is "https://s.yimg.com/rq/darla/3-15-0/html/r-sf.html"
[1:1:0814/034126.606377:INFO:html_document_parser.cc(1203)]  $$$ [TASK] HTMLDocumentParser::AppendBytes -> BackgroundHTMLParser::AppendRawBytesFromMainThread
[1:1:0814/034126.612168:INFO:html_parser_scheduler.cc(81)]  $$$ [TASK] HTMLParserScheduler::ScheduleForUnpause -> HTMLParserScheduler::ContinueParsing
[2443:2443:0814/034126.612481:INFO:switcher_host_impl.cc(127)] >>> [Key] add a new principal. [cid, principal, url, frame_id] = 3, 3:10_https://tag.idsync.analytics.yahoo.com/, https://tag.idsync.analytics.yahoo.com/, 9
[2443:2443:0814/034126.612539:INFO:frame_tree_node.cc(349)] 	FrameTreeNode::SetCurrentOrigin. [frameid, routingid, origin, url] = 9, 10, https://tag.idsync.analytics.yahoo.com/, https://tag.idsync.analytics.yahoo.com
[1:1:0814/034126.619214:INFO:script_loader.cc(852)]  $$$ [Script] ScriptLoader::ExecuteScriptBlock. task_id, url is 2561 0x7fdbaeb948b0 0x1bbe96319e0 , "https://s.yimg.com/rq/darla/3-15-0/html/r-sf.html"
[1:1:0814/034126.621413:INFO:script_loader.cc(852)]  $$$ [Script] ScriptLoader::ExecuteScriptBlock. task_id, url is 2562 0x7fdbaeb948b0 0x1bbe96308e0 , "https://s.yimg.com/rq/darla/3-15-0/html/r-sf.html"
[1:1:0814/034126.639085:INFO:script_loader.cc(852)]  $$$ [Script] ScriptLoader::ExecuteScriptBlock. task_id, url is 2583 0x7fdbc32f5080 0x1bbe90e0ce0 1 0 0x1bbe90e0cf8 , "https://s.yimg.com/rq/darla/3-15-0/html/r-sf.html"
[2443:2443:0814/034126.815539:INFO:render_frame_host_impl.cc(1417)] 	 enter RenderFrameHostImpl::OnCreateChildFrame
[1:1:0814/034126.816461:INFO:render_frame_impl.cc(1477)] 	RenderFrameImpl::Initialize. 18, 0x1bbe9352820
[1:1:0814/034126.816591:INFO:web_local_frame_impl.cc(1666)] 		WebLocalFrame::SetRoutingID. routing_id = 18
[2443:2443:0814/034126.817308:INFO:frame_tree.cc(218)] 	 enter FrameTree::AddFrame: , 18, 17, 
[2443:2443:0814/034126.828124:INFO:switcher_host_impl.cc(127)] >>> [Key] add a new principal. [cid, principal, url, frame_id] = 3, 3:18_https://s.yimg.com/, https://s.yimg.com/, 17
[2443:2443:0814/034126.828188:INFO:frame_tree_node.cc(349)] 	FrameTreeNode::SetCurrentOrigin. [frameid, routingid, origin, url] = 17, 18, https://s.yimg.com/, https://s.yimg.com
[1:1:0814/034127.024500:INFO:html_document_parser.cc(1203)]  $$$ [TASK] HTMLDocumentParser::AppendBytes -> BackgroundHTMLParser::AppendRawBytesFromMainThread
[2443:2443:0814/034127.025549:INFO:switcher_host_impl.cc(127)] >>> [Key] add a new principal. [cid, principal, url, frame_id] = 3, 3:13_https://googleads.g.doubleclick.net/, https://googleads.g.doubleclick.net/, 12
[2443:2443:0814/034127.025608:INFO:frame_tree_node.cc(349)] 	FrameTreeNode::SetCurrentOrigin. [frameid, routingid, origin, url] = 12, 13, https://googleads.g.doubleclick.net/, https://googleads.g.doubleclick.net
[1:1:0814/034127.036534:INFO:ipc_mojo_bootstrap.cc(894)] ### [Switcher][kFrameNavigationControl_CommitNavigation_Name] get additional field: 3:16_https://ads.pubmatic.com/
[1:1:0814/034127.120168:INFO:script_loader.cc(852)]  $$$ [Script] ScriptLoader::ExecuteScriptBlock. task_id, url is 2616 0x7fdbaeb948b0 0x1bbe8396ce0 , "https://s.yimg.com/rq/darla/3-15-0/html/r-sf.html"
[1:1:0814/034127.122104:INFO:script_loader.cc(852)]  $$$ [Script] ScriptLoader::ExecuteScriptBlock. task_id, url is 2617 0x7fdbaeb948b0 0x1bbe9f47fe0 , "https://s.yimg.com/rq/darla/3-15-0/html/r-sf.html"
[1:1:0814/034127.141435:INFO:ipc_mojo_bootstrap.cc(894)] ### [Switcher][kFrameNavigationControl_CommitNavigation_Name] get additional field: 3:17_https://ads.pubmatic.com/
[1:1:0814/034127.161341:INFO:html_parser_scheduler.cc(81)]  $$$ [TASK] HTMLParserScheduler::ScheduleForUnpause -> HTMLParserScheduler::ContinueParsing
[1:1:0814/034127.167747:INFO:html_parser_scheduler.cc(158)]  $$$ [TASK] HTMLParserScheduler::ContinueParsing
[1:1:0814/034127.167887:INFO:html_document_parser.cc(272)] >>> HTMLDocumentParser::ResumeParsingAfterYield. url is "https://s.yimg.com/rq/darla/3-15-0/html/r-sf.html"
[1:1:0814/034127.184706:INFO:script_loader.cc(852)]  $$$ [Script] ScriptLoader::ExecuteScriptBlock. task_id, url is 2687 0x7fdbc32f5080 0x1bbe9756c40 1 0 0x1bbe9756c58 , "https://s.yimg.com/rq/darla/3-15-0/html/r-sf.html"
[2443:2443:0814/034127.260357:INFO:render_frame_host_impl.cc(1417)] 	 enter RenderFrameHostImpl::OnCreateChildFrame
[1:1:0814/034127.261299:INFO:render_frame_impl.cc(1477)] 	RenderFrameImpl::Initialize. 19, 0x1bbe96fb420
[1:1:0814/034127.261450:INFO:web_local_frame_impl.cc(1666)] 		WebLocalFrame::SetRoutingID. routing_id = 19
[2443:2443:0814/034127.263133:INFO:frame_tree.cc(218)] 	 enter FrameTree::AddFrame: , 19, 18, 
[2443:2443:0814/034127.277016:INFO:switcher_host_impl.cc(127)] >>> [Key] add a new principal. [cid, principal, url, frame_id] = 3, 3:19_https://s.yimg.com/, https://s.yimg.com/, 18
[2443:2443:0814/034127.277106:INFO:frame_tree_node.cc(349)] 	FrameTreeNode::SetCurrentOrigin. [frameid, routingid, origin, url] = 18, 19, https://s.yimg.com/, https://s.yimg.com
[1:1:0814/034127.530318:INFO:html_parser_scheduler.cc(81)]  $$$ [TASK] HTMLParserScheduler::ScheduleForUnpause -> HTMLParserScheduler::ContinueParsing
[2443:2443:0814/034127.561587:INFO:switcher_host_impl.cc(127)] >>> [Key] add a new principal. [cid, principal, url, frame_id] = 3, 3:16_https://ads.pubmatic.com/, https://ads.pubmatic.com/, 15
[2443:2443:0814/034127.561661:INFO:frame_tree_node.cc(349)] 	FrameTreeNode::SetCurrentOrigin. [frameid, routingid, origin, url] = 15, 16, https://ads.pubmatic.com/, https://ads.pubmatic.com
[1:1:0814/034127.562887:INFO:html_document_parser.cc(1203)]  $$$ [TASK] HTMLDocumentParser::AppendBytes -> BackgroundHTMLParser::AppendRawBytesFromMainThread
[2443:2443:0814/034127.605584:INFO:switcher_host_impl.cc(127)] >>> [Key] add a new principal. [cid, principal, url, frame_id] = 3, 3:17_https://ads.pubmatic.com/, https://ads.pubmatic.com/, 16
[2443:2443:0814/034127.605637:INFO:frame_tree_node.cc(349)] 	FrameTreeNode::SetCurrentOrigin. [frameid, routingid, origin, url] = 16, 17, https://ads.pubmatic.com/, https://ads.pubmatic.com
[1:1:0814/034127.606511:INFO:html_document_parser.cc(1203)]  $$$ [TASK] HTMLDocumentParser::AppendBytes -> BackgroundHTMLParser::AppendRawBytesFromMainThread
[1:1:0814/034127.610619:INFO:html_parser_scheduler.cc(158)]  $$$ [TASK] HTMLParserScheduler::ContinueParsing
[1:1:0814/034127.610733:INFO:html_document_parser.cc(272)] >>> HTMLDocumentParser::ResumeParsingAfterYield. url is "https://tag.idsync.analytics.yahoo.com/sp-frame.html?referrer=https%3A%2F%2Fsg.yahoo.com%2F%3Fp%3Dus"
[1:1:0814/034127.721156:INFO:html_parser_scheduler.cc(158)]  $$$ [TASK] HTMLParserScheduler::ContinueParsing
[1:1:0814/034127.721276:INFO:html_document_parser.cc(272)] >>> HTMLDocumentParser::ResumeParsingAfterYield. url is "https://googleads.g.doubleclick.net/pagead/html/r20190807/r20190131/zrt_lookup.html#"
[1:1:0814/034127.722554:INFO:script_loader.cc(852)]  $$$ [Script] ScriptLoader::ExecuteScriptBlock. task_id, url is 2953 0x7fdbacc6e070 0x1bbedcac960 , "https://googleads.g.doubleclick.net/pagead/html/r20190807/r20190131/zrt_lookup.html#"
[1:1:0814/034127.742641:INFO:html_parser_scheduler.cc(81)]  $$$ [TASK] HTMLParserScheduler::ScheduleForUnpause -> HTMLParserScheduler::ContinueParsing
[1:1:0814/034127.746460:INFO:script_loader.cc(852)]  $$$ [Script] ScriptLoader::ExecuteScriptBlock. task_id, url is 2967 0x7fdbaeb948b0 0x1bbe3f8bc60 , "https://s.yimg.com/rq/darla/3-15-0/html/r-sf.html"
[1:1:0814/034127.758085:INFO:script_loader.cc(852)]  $$$ [Script] ScriptLoader::ExecuteScriptBlock. task_id, url is 2982 0x7fdbc32f5080 0x1bbe9bf4380 1 0 0x1bbe9bf4398 , "https://s.yimg.com/rq/darla/3-15-0/html/r-sf.html"
[1:1:0814/034127.824653:INFO:script_loader.cc(852)]  $$$ [Script] ScriptLoader::ExecuteScriptBlock. task_id, url is 2982 0x7fdbc32f5080 0x1bbe9bf4380 1 0 0x1bbe9bf4398 , "https://s.yimg.com/rq/darla/3-15-0/html/r-sf.html"
[1:1:0814/034127.825680:INFO:script_loader.cc(852)]  $$$ [Script] ScriptLoader::ExecuteScriptBlock. task_id, url is 2982 0x7fdbc32f5080 0x1bbe9bf4380 1 0 0x1bbe9bf4398 , "https://s.yimg.com/rq/darla/3-15-0/html/r-sf.html"
[2443:2443:0814/034127.922103:INFO:render_frame_host_impl.cc(1417)] 	 enter RenderFrameHostImpl::OnCreateChildFrame
[1:1:0814/034127.923245:INFO:render_frame_impl.cc(1477)] 	RenderFrameImpl::Initialize. 20, 0x1bbe9351420
[1:1:0814/034127.923389:INFO:web_local_frame_impl.cc(1666)] 		WebLocalFrame::SetRoutingID. routing_id = 20
[2443:2443:0814/034127.924766:INFO:frame_tree.cc(218)] 	 enter FrameTree::AddFrame: google_ads_frame1, 20, 19, 
[1:1:0814/034127.933698:INFO:render_frame_impl.cc(7018)] >>> [renderer][DOM] RenderFrameImpl::BeginNavigation
[1:1:0814/034127.933848:INFO:render_frame_impl.cc(7019)] 	 [url] = https://s.yimg.com
[2443:2443:0814/034127.935275:INFO:render_frame_host_impl.cc(3108)] >>> [broswer][navigation] RenderFrameHostImpl::BeginNavigation. ID from switcher is 3:6_https://s.yimg.com/
[1:1:0814/034127.963098:INFO:html_parser_scheduler.cc(81)]  $$$ [TASK] HTMLParserScheduler::ScheduleForUnpause -> HTMLParserScheduler::ContinueParsing
[1:1:0814/034127.974650:INFO:script_loader.cc(852)]  $$$ [Script] ScriptLoader::ExecuteScriptBlock. task_id, url is 3009, "https://tag.idsync.analytics.yahoo.com/sp-frame.html?referrer=https%3A%2F%2Fsg.yahoo.com%2F%3Fp%3Dus"
[1:1:0814/034128.039839:INFO:script_loader.cc(852)]  $$$ [Script] ScriptLoader::ExecuteScriptBlock. task_id, url is 3018 0x7fdbaeb948b0 0x1bbe9ece460 , "https://s.yimg.com/rq/darla/3-15-0/html/r-sf.html"
[1:1:0814/034128.060247:INFO:script_loader.cc(852)]  $$$ [Script] ScriptLoader::ExecuteScriptBlock. task_id, url is 3018 0x7fdbaeb948b0 0x1bbe9ece460 , "https://s.yimg.com/rq/darla/3-15-0/html/r-sf.html"
[1:1:0814/034128.060756:INFO:script_loader.cc(852)]  $$$ [Script] ScriptLoader::ExecuteScriptBlock. task_id, url is 3018 0x7fdbaeb948b0 0x1bbe9ece460 , "https://s.yimg.com/rq/darla/3-15-0/html/r-sf.html"
[2443:2443:0814/034128.107258:INFO:render_frame_host_impl.cc(1417)] 	 enter RenderFrameHostImpl::OnCreateChildFrame
[1:1:0814/034128.108395:INFO:render_frame_impl.cc(1477)] 	RenderFrameImpl::Initialize. 21, 0x1bbe96fb420
[1:1:0814/034128.108540:INFO:web_local_frame_impl.cc(1666)] 		WebLocalFrame::SetRoutingID. routing_id = 21
[2443:2443:0814/034128.109479:INFO:frame_tree.cc(218)] 	 enter FrameTree::AddFrame: google_ads_frame1, 21, 20, 
[1:1:0814/034128.116965:INFO:render_frame_impl.cc(7018)] >>> [renderer][DOM] RenderFrameImpl::BeginNavigation
[1:1:0814/034128.117107:INFO:render_frame_impl.cc(7019)] 	 [url] = https://s.yimg.com
[2443:2443:0814/034128.117685:INFO:render_frame_host_impl.cc(3108)] >>> [broswer][navigation] RenderFrameHostImpl::BeginNavigation. ID from switcher is 3:6_https://s.yimg.com/
[1:1:0814/034128.142170:INFO:script_loader.cc(852)]  $$$ [Script] ScriptLoader::ExecuteScriptBlock. task_id, url is 3046 0x7fdbaeb948b0 0x1bbe9587760 , "https://s.yimg.com/rq/darla/3-15-0/html/r-sf.html"
[1:1:0814/034128.150922:INFO:html_parser_scheduler.cc(158)]  $$$ [TASK] HTMLParserScheduler::ContinueParsing
[1:1:0814/034128.151080:INFO:html_document_parser.cc(272)] >>> HTMLDocumentParser::ResumeParsingAfterYield. url is "https://ads.pubmatic.com/AdServer/js/user_sync.html?p=156107&s=176446&predirect=https%3A%2F%2Fpr-bh.ybp.yahoo.com%2Fsync%2Fpubmatic%2F"
[1:1:0814/034128.152378:INFO:script_loader.cc(852)]  $$$ [Script] ScriptLoader::ExecuteScriptBlock. task_id, url is 3072 0x7fdbacc6e070 0x1bbe9f35860 , "https://ads.pubmatic.com/AdServer/js/user_sync.html?p=156107&s=176446&predirect=https%3A%2F%2Fpr-bh.ybp.yahoo.com%2Fsync%2Fpubmatic%2F"
[1:1:0814/034128.163747:INFO:html_tree_builder.cc(780)] >>> [renderer][DOM] receive <iframe>
[2443:2443:0814/034128.164550:INFO:render_frame_host_impl.cc(1417)] 	 enter RenderFrameHostImpl::OnCreateChildFrame
[1:1:0814/034128.165615:INFO:render_frame_impl.cc(1477)] 	RenderFrameImpl::Initialize. 22, 0x1bbe9600820
[1:1:0814/034128.165734:INFO:web_local_frame_impl.cc(1666)] 		WebLocalFrame::SetRoutingID. routing_id = 22
[2443:2443:0814/034128.167295:INFO:frame_tree.cc(218)] 	 enter FrameTree::AddFrame: , 22, 21, 
[1:1:0814/034128.172717:INFO:render_frame_impl.cc(7018)] >>> [renderer][DOM] RenderFrameImpl::BeginNavigation
[1:1:0814/034128.172875:INFO:render_frame_impl.cc(7019)] 	 [url] = https://ads.pubmatic.com
[2443:2443:0814/034128.173940:INFO:render_frame_host_impl.cc(3108)] >>> [broswer][navigation] RenderFrameHostImpl::BeginNavigation. ID from switcher is 3:16_https://ads.pubmatic.com/
[2443:2443:0814/034128.203369:INFO:navigation_url_loader_network_service.cc(1293)] 	 enter NavigationURLLoaderNetworkService::OnReceiveResponse
[2443:2443:0814/034128.204251:INFO:navigation_handle_impl.cc(765)] 	 enter NavigationHandleImpl::WillProcessResponse
[2443:2453:0814/034128.207146:INFO:interface_endpoint_client.cc(447)] >>> [Frame] get kURLLoader_ProceedWithResponse_Name. [pid, routing_id] = 3, 20
[2443:2453:0814/034128.207228:INFO:mojo_async_resource_handler.cc(459)] >>> [IPC] MojoAsyncResourceHandler::ProceedWithResponse konws [cid, routing_id]: 3, 20, HandleIncomingMessage, HandleIncomingMessage
[2443:2443:0814/034128.207294:INFO:render_frame_host_impl.cc(3699)] >>> RenderFrameHostImpl::CommitNavigation https://googleads.g.doubleclick.net/
[2443:2443:0814/034128.207345:INFO:switcher_host_impl.cc(127)] >>> [Key] add a new principal. [cid, principal, url, frame_id] = 3, 3:20_https://googleads.g.doubleclick.net/, https://googleads.g.doubleclick.net/pagead/ads?client=ca-pub-6785382607161389&output=html&h=250&slotname=1481641241&adk=3950437848&adf=2170632791&w=300&guci=2.2.0.0.2.2.0.0&format=300x250&url=https%3A%2F%2Fsg.yahoo.com%2F%3Fp%3Dus&ea=0&flash=0&avail_w=0&wgl=1&adsid=NT&dt=1565725286203&bpp=100&bdt=2767&fdt=1622&idt=1624&shv=r20190807&cbv=r20190131&saldr=aa&correlator=2892234435879&frm=24&ife=3&pv=2&ga_vid=58629970.1565725288&ga_sid=1565725288&ga_hid=1025899888&ga_fc=0&iag=3&icsg=649&nhd=1&dssz=7&mdo=33554432&mso=33554432&u_tz=480&u_his=2&u_java=0&u_h=1080&u_w=1920&u_ah=1056&u_aw=1855&u_cd=24&u_nplug=2&u_nmime=2&adx=0&ady=0&biw=-12245933&bih=-12245933&isw=300&ish=250&ifk=1120905753&scr_x=-12245933&scr_y=-12245933&eid=20199336%2C21061795&oid=3&loc=https%3A%2F%2Fsg.yahoo.com%2F%3Fp%3Dus&rx=0&eae=3&brdim=75%2C34%2C75%2C34%2C1855%2C24%2C1280%2C1024%2C300%2C250&vis=1&rsz=%7C%7CaeE%7C&abl=CA&pfx=0&fu=16&bc=31&osw_key=1550835982&ifi=1&uci=1.62jkoeaaw83l&fsb=1&dtd=1717, 19
[2443:2443:0814/034128.207437:INFO:render_frame_host_impl.cc(3718)] >>>	[site, common.url, headers] = 3:20_https://googleads.g.doubleclick.net/, HTTP/1.1 200 status:200 p3p:policyref="https://googleads.g.doubleclick.net/pagead/gcn_p3p_.xml", CP="CURa ADMa DEVa TAIo PSAo PSDo OUR IND UNI PUR INT DEM STA PRE COM NAV OTC NOI DSP COR" timing-allow-origin:* content-type:text/html; charset=UTF-8 x-content-type-options:nosniff content-encoding:br date:Mon, 12 Aug 2019 11:43:06 GMT server:cafe content-length:7414 x-xss-protection:0 alt-svc:quic="googleads.g.doubleclick.net:443"; ma=2592000; v="46,43,39",quic=":443"; ma=2592000; v="46,43,39"  ,2487, 3
[1:1:0814/034128.209405:INFO:html_parser_scheduler.cc(158)]  $$$ [TASK] HTMLParserScheduler::ContinueParsing
[1:1:0814/034128.209580:INFO:html_document_parser.cc(272)] >>> HTMLDocumentParser::ResumeParsingAfterYield. url is "https://ads.pubmatic.com/AdServer/js/user_sync.html?p=156107&s=176446&predirect=https%3A%2F%2Fpr-bh.ybp.yahoo.com%2Fsync%2Fpubmatic%2F"
[1:1:0814/034128.210726:INFO:script_loader.cc(852)]  $$$ [Script] ScriptLoader::ExecuteScriptBlock. task_id, url is 3121 0x7fdbacc6e070 0x1bbe924ed60 , "https://ads.pubmatic.com/AdServer/js/user_sync.html?p=156107&s=176446&predirect=https%3A%2F%2Fpr-bh.ybp.yahoo.com%2Fsync%2Fpubmatic%2F"
[1:7:0814/034128.211175:INFO:ipc_mojo_bootstrap.cc(809)] >>> [IPC] Accept. post a task to AcceptOnProxyThread
[2443:2443:0814/034128.211604:INFO:navigation_url_loader_network_service.cc(1293)] 	 enter NavigationURLLoaderNetworkService::OnReceiveResponse
[2443:2443:0814/034128.212316:INFO:navigation_handle_impl.cc(765)] 	 enter NavigationHandleImpl::WillProcessResponse
[2443:2453:0814/034128.214932:INFO:interface_endpoint_client.cc(447)] >>> [Frame] get kURLLoader_ProceedWithResponse_Name. [pid, routing_id] = 3, 22
[2443:2453:0814/034128.214985:INFO:mojo_async_resource_handler.cc(459)] >>> [IPC] MojoAsyncResourceHandler::ProceedWithResponse konws [cid, routing_id]: 3, 22, HandleIncomingMessage, HandleIncomingMessage
[2443:2443:0814/034128.215072:INFO:render_frame_host_impl.cc(3699)] >>> RenderFrameHostImpl::CommitNavigation https://ads.pubmatic.com/
[2443:2443:0814/034128.215124:INFO:switcher_host_impl.cc(127)] >>> [Key] add a new principal. [cid, principal, url, frame_id] = 3, 3:22_https://ads.pubmatic.com/, https://ads.pubmatic.com/AdServer/js/showad.js#PIX&kdntuid=1&SPug=true&p=156107&s=176446&predirect=https%3A%2F%2Fpr-bh.ybp.yahoo.com%2Fsync%2Fpubmatic%2F&it=0&gdpr=0&np=0, 21
