[1:1:0814/022833.864322:INFO:html_document_parser.cc(272)] >>> HTMLDocumentParser::ResumeParsingAfterYield. url is "https://s.yimg.com/rq/darla/3-15-0/html/r-sf.html"
[1:1:0814/022833.867206:INFO:script_loader.cc(852)]  $$$ [Script] ScriptLoader::ExecuteScriptBlock. task_id, url is 1719 0x7f8e6c00f070 0x2e6d115c60 , "https://s.yimg.com/rq/darla/3-15-0/html/r-sf.html"
[1:1:0814/022833.874200:INFO:html_parser_scheduler.cc(158)]  $$$ [TASK] HTMLParserScheduler::ContinueParsing
[1:1:0814/022833.874397:INFO:html_document_parser.cc(272)] >>> HTMLDocumentParser::ResumeParsingAfterYield. url is "https://s.yimg.com/rq/darla/3-15-0/html/r-sf.html"
[1:1:0814/022833.877379:INFO:script_loader.cc(852)]  $$$ [Script] ScriptLoader::ExecuteScriptBlock. task_id, url is 1722 0x7f8e6c00f070 0x2e6cbe1860 , "https://s.yimg.com/rq/darla/3-15-0/html/r-sf.html"
[1:1:0814/022834.401773:INFO:script_loader.cc(852)]  $$$ [Script] ScriptLoader::ExecuteScriptBlock. task_id, url is 1824, "https://s.yimg.com/rq/darla/3-15-0/html/r-sf.html"
[1:1:0814/022834.447225:INFO:event_target.cc(534)] !!!!!!!!!!!!!!!! RegisteredEventListener::SetCallback. 0x239358794420
[1:1:0814/022834.462983:INFO:script_loader.cc(852)]  $$$ [Script] ScriptLoader::ExecuteScriptBlock. task_id, url is 1824, "https://s.yimg.com/rq/darla/3-15-0/html/r-sf.html"
[1:1:0814/022834.463708:INFO:html_tree_builder.cc(780)] >>> [renderer][DOM] receive <iframe>
[2447:2447:0814/022834.488479:INFO:render_frame_host_impl.cc(1417)] 	 enter RenderFrameHostImpl::OnCreateChildFrame
[1:1:0814/022834.489613:INFO:render_frame_impl.cc(1477)] 	RenderFrameImpl::Initialize. 10, 0x2e6c7c1820
[1:1:0814/022834.489772:INFO:web_local_frame_impl.cc(1666)] 		WebLocalFrame::SetRoutingID. routing_id = 10
[2447:2447:0814/022834.491102:INFO:frame_tree.cc(218)] 	 enter FrameTree::AddFrame: , 10, 9, 
[1:1:0814/022834.495692:INFO:render_frame_impl.cc(7018)] >>> [renderer][DOM] RenderFrameImpl::BeginNavigation
[1:1:0814/022834.495850:INFO:render_frame_impl.cc(7019)] 	 [url] = https://s.yimg.com
[2447:2447:0814/022834.499702:INFO:render_frame_host_impl.cc(3108)] >>> [broswer][navigation] RenderFrameHostImpl::BeginNavigation. ID from switcher is 3:6_https://s.yimg.com/
[1:1:0814/022834.501256:INFO:event_target.cc(534)] !!!!!!!!!!!!!!!! RegisteredEventListener::SetCallback. 0x239358794420
[1:1:0814/022834.510434:INFO:script_loader.cc(852)]  $$$ [Script] ScriptLoader::ExecuteScriptBlock. task_id, url is 1829, "https://s.yimg.com/rq/darla/3-15-0/html/r-csc.html"
[2447:2447:0814/022834.527535:INFO:render_frame_host_impl.cc(1417)] 	 enter RenderFrameHostImpl::OnCreateChildFrame
[1:1:0814/022834.527658:INFO:render_frame_impl.cc(1477)] 	RenderFrameImpl::Initialize. 11, 0x2e6d217020
[1:1:0814/022834.527777:INFO:web_local_frame_impl.cc(1666)] 		WebLocalFrame::SetRoutingID. routing_id = 11
[2447:2447:0814/022834.529393:INFO:frame_tree.cc(218)] 	 enter FrameTree::AddFrame: , 11, 10, 
[1:1:0814/022834.534259:INFO:render_frame_impl.cc(7018)] >>> [renderer][DOM] RenderFrameImpl::BeginNavigation
[1:1:0814/022834.534396:INFO:render_frame_impl.cc(7019)] 	 [url] = https://s.yimg.com
[2447:2447:0814/022834.539679:INFO:render_frame_host_impl.cc(3108)] >>> [broswer][navigation] RenderFrameHostImpl::BeginNavigation. ID from switcher is 3:4_https://s.yimg.com/
[2447:2447:0814/022834.574308:INFO:navigation_url_loader_network_service.cc(1293)] 	 enter NavigationURLLoaderNetworkService::OnReceiveResponse
[2447:2447:0814/022834.574778:INFO:navigation_handle_impl.cc(765)] 	 enter NavigationHandleImpl::WillProcessResponse
[2447:2447:0814/022834.576548:INFO:render_frame_host_impl.cc(3699)] >>> RenderFrameHostImpl::CommitNavigation https://s.yimg.com/
[2447:2447:0814/022834.576583:INFO:switcher_host_impl.cc(127)] >>> [Key] add a new principal. [cid, principal, url, frame_id] = 3, 3:10_https://s.yimg.com/, https://s.yimg.com/ja/ap/ssp_cookie_sync/apac.html, 9
[2447:2447:0814/022834.576626:INFO:render_frame_host_impl.cc(3718)] >>>	[site, common.url, headers] = 3:10_https://s.yimg.com/, HTTP/1.1 200 status:200 x-amz-id-2:h8Iks8H8eh5fW32gUST9vPOGGMaY3zUEOPlnxB4NdZqZvdnAh14dJ0bbCU8gpIC24mpKfz11yB8= x-amz-request-id:90C86B22D5777A32 date:Mon, 12 Aug 2019 03:13:43 GMT last-modified:Mon, 30 Apr 2018 16:10:55 GMT etag:"08dc3a26368ba18d7aa3f08b2f39a55b-df" x-amz-server-side-encryption:AES256 cache-control:max-age=86400,public x-amz-meta-created-date:Fri, 15 Sep 2017 22:03:21 GMT x-amz-meta-mbst-etag:"YM:1:249064fb-6bcc-4b95-ad2a-83d4eb1faf2a000559418fadbd30" x-amz-meta-x-ysws-mbst-vtime:1505513001827632 expires:Sat, 05 Sep 2026 00:00:00 GMT x-amz-meta-x-ysws-access:public accept-ranges:bytes content-type:text/html; charset=utf-8 server:ATS referrer-policy:no-referrer-when-downgrade vary:Origin, Accept-Encoding content-encoding:gzip content-length:415 age:26191 strict-transport-security:max-age=15552000 expect-ct:max-age=31536000, report-uri="http://csp.yahoo.com/beacon/csp?src=yahoocom-expect-ct-report-only" x-xss-protection:1; mode=block x-content-type-options:nosniff  ,2491, 3
[2447:2457:0814/022834.580215:INFO:interface_endpoint_client.cc(447)] >>> [Frame] get kURLLoader_ProceedWithResponse_Name. [pid, routing_id] = 3, 10
[2447:2457:0814/022834.580266:INFO:mojo_async_resource_handler.cc(459)] >>> [IPC] MojoAsyncResourceHandler::ProceedWithResponse konws [cid, routing_id]: 3, 10, HandleIncomingMessage, HandleIncomingMessage
[1:7:0814/022834.580785:INFO:ipc_mojo_bootstrap.cc(809)] >>> [IPC] Accept. post a task to AcceptOnProxyThread
[1:1:0814/022834.608409:INFO:script_loader.cc(852)]  $$$ [Script] ScriptLoader::ExecuteScriptBlock. task_id, url is 1856, "https://s.yimg.com/rq/darla/3-15-0/html/r-sf.html"
[1:1:0814/022834.634383:INFO:event_target.cc(534)] !!!!!!!!!!!!!!!! RegisteredEventListener::SetCallback. 0x239358797970
[1:1:0814/022834.647579:INFO:script_loader.cc(852)]  $$$ [Script] ScriptLoader::ExecuteScriptBlock. task_id, url is 1856, "https://s.yimg.com/rq/darla/3-15-0/html/r-sf.html"
[1:1:0814/022834.652188:INFO:event_target.cc(534)] !!!!!!!!!!!!!!!! RegisteredEventListener::SetCallback. 0x239358797970
[1:1:0814/022834.718354:INFO:platform_thread_posix.cc(131)] >>> invoke pthread_create
[1:1:0814/022834.748834:INFO:platform_thread_posix.cc(131)] >>> invoke pthread_create
[1:1:0814/022834.754300:INFO:script_loader.cc(852)]  $$$ [Script] ScriptLoader::ExecuteScriptBlock. task_id, url is 1965 0x7f8e6df358b0 0x2e6d0e0ce0 , "https://s.yimg.com/rq/darla/3-15-0/html/r-csc.html"
[2447:2447:0814/022834.756635:INFO:render_frame_host_impl.cc(1417)] 	 enter RenderFrameHostImpl::OnCreateChildFrame
[1:1:0814/022834.757574:INFO:render_frame_impl.cc(1477)] 	RenderFrameImpl::Initialize. 12, 0x2e6d21a220
[1:1:0814/022834.757682:INFO:web_local_frame_impl.cc(1666)] 		WebLocalFrame::SetRoutingID. routing_id = 12
[2447:2447:0814/022834.758819:INFO:frame_tree.cc(218)] 	 enter FrameTree::AddFrame: , 12, 11, 
[1:1:0814/022834.763448:INFO:render_frame_impl.cc(7018)] >>> [renderer][DOM] RenderFrameImpl::BeginNavigation
[1:1:0814/022834.763565:INFO:render_frame_impl.cc(7019)] 	 [url] = https://s.yimg.com
[2447:2447:0814/022834.764565:INFO:render_frame_host_impl.cc(3108)] >>> [broswer][navigation] RenderFrameHostImpl::BeginNavigation. ID from switcher is 3:4_https://s.yimg.com/
[1:1:0814/022834.772499:INFO:script_loader.cc(852)]  $$$ [Script] ScriptLoader::ExecuteScriptBlock. task_id, url is 1971 0x7f8e6c377bd0 0x2e6d67e3d8 , "https://s.yimg.com/rq/darla/3-15-0/html/r-sf.html"
[2447:2447:0814/022834.779172:INFO:navigation_url_loader_network_service.cc(1293)] 	 enter NavigationURLLoaderNetworkService::OnReceiveResponse
[2447:2447:0814/022834.779817:INFO:navigation_handle_impl.cc(765)] 	 enter NavigationHandleImpl::WillProcessResponse
[2447:2457:0814/022834.781507:INFO:interface_endpoint_client.cc(447)] >>> [Frame] get kURLLoader_ProceedWithResponse_Name. [pid, routing_id] = 3, 12
[2447:2457:0814/022834.781567:INFO:mojo_async_resource_handler.cc(459)] >>> [IPC] MojoAsyncResourceHandler::ProceedWithResponse konws [cid, routing_id]: 3, 12, HandleIncomingMessage, HandleIncomingMessage
[2447:2447:0814/022834.781584:INFO:render_frame_host_impl.cc(3699)] >>> RenderFrameHostImpl::CommitNavigation https://tag.sp.advertising.com/
[2447:2447:0814/022834.781614:INFO:switcher_host_impl.cc(127)] >>> [Key] add a new principal. [cid, principal, url, frame_id] = 3, 3:12_https://tag.sp.advertising.com/, https://tag.sp.advertising.com/bid-apid/bid-apid-idsync.html, 11
[2447:2447:0814/022834.781662:INFO:render_frame_host_impl.cc(3718)] >>>	[site, common.url, headers] = 3:12_https://tag.sp.advertising.com/, HTTP/1.1 200 status:200 content-encoding:gzip content-type:text/html date:Mon, 12 Aug 2019 10:30:13 GMT etag:"f3441e2c340de93b6af4903c3c078bb8+gzip" last-modified:Thu, 27 Jun 2019 13:56:45 GMT server:ECS (sgb/C6BE) vary:Accept-Encoding x-amz-id-2:M1HQqWPvVEQf3YkX16x4ZiM/Xwe5vzKLIVNeCbFAUJqq7pi/LNrHpHWK4x9IMaPmMbvSiKHFpwo= x-amz-request-id:9D5C101F81ED8B4A x-amz-server-side-encryption:AES256 x-cache:HIT content-length:124  ,2491, 3
[1:7:0814/022834.784054:INFO:ipc_mojo_bootstrap.cc(809)] >>> [IPC] Accept. post a task to AcceptOnProxyThread
[1:1:0814/022834.800496:INFO:event_target.cc(534)] !!!!!!!!!!!!!!!! RegisteredEventListener::SetCallback. 0x23935879a4a0
[1:1:0814/022834.816108:INFO:script_loader.cc(852)]  $$$ [Script] ScriptLoader::ExecuteScriptBlock. task_id, url is 1971 0x7f8e6c377bd0 0x2e6d67e3d8 , "https://s.yimg.com/rq/darla/3-15-0/html/r-sf.html"
[1:1:0814/022834.816978:INFO:html_tree_builder.cc(780)] >>> [renderer][DOM] receive <iframe>
[2447:2447:0814/022834.818001:INFO:render_frame_host_impl.cc(1417)] 	 enter RenderFrameHostImpl::OnCreateChildFrame
[1:1:0814/022834.819000:INFO:render_frame_impl.cc(1477)] 	RenderFrameImpl::Initialize. 13, 0x2e6ddd8820
[1:1:0814/022834.819117:INFO:web_local_frame_impl.cc(1666)] 		WebLocalFrame::SetRoutingID. routing_id = 13
[2447:2447:0814/022834.819692:INFO:frame_tree.cc(218)] 	 enter FrameTree::AddFrame: , 13, 12, 
[1:1:0814/022834.827470:INFO:render_frame_impl.cc(7018)] >>> [renderer][DOM] RenderFrameImpl::BeginNavigation
[1:1:0814/022834.827639:INFO:render_frame_impl.cc(7019)] 	 [url] = https://s.yimg.com
[2447:2447:0814/022834.828137:INFO:render_frame_host_impl.cc(3108)] >>> [broswer][navigation] RenderFrameHostImpl::BeginNavigation. ID from switcher is 3:6_https://s.yimg.com/
[1:1:0814/022834.833501:INFO:event_target.cc(534)] !!!!!!!!!!!!!!!! RegisteredEventListener::SetCallback. 0x23935879a4a0
[2447:2447:0814/022834.859458:INFO:navigation_url_loader_network_service.cc(1293)] 	 enter NavigationURLLoaderNetworkService::OnReceiveResponse
[2447:2447:0814/022834.859858:INFO:navigation_handle_impl.cc(765)] 	 enter NavigationHandleImpl::WillProcessResponse
[2447:2457:0814/022834.861411:INFO:interface_endpoint_client.cc(447)] >>> [Frame] get kURLLoader_ProceedWithResponse_Name. [pid, routing_id] = 3, 13
[2447:2457:0814/022834.861454:INFO:mojo_async_resource_handler.cc(459)] >>> [IPC] MojoAsyncResourceHandler::ProceedWithResponse konws [cid, routing_id]: 3, 13, HandleIncomingMessage, HandleIncomingMessage
[2447:2447:0814/022834.861457:INFO:render_frame_host_impl.cc(3699)] >>> RenderFrameHostImpl::CommitNavigation https://s.yimg.com/
[2447:2447:0814/022834.861491:INFO:switcher_host_impl.cc(127)] >>> [Key] add a new principal. [cid, principal, url, frame_id] = 3, 3:13_https://s.yimg.com/, https://s.yimg.com/ja/ap/ssp_cookie_sync/apac.html, 12
[2447:2447:0814/022834.861545:INFO:render_frame_host_impl.cc(3718)] >>>	[site, common.url, headers] = 3:13_https://s.yimg.com/, HTTP/1.1 200 status:304 date:Mon, 12 Aug 2019 10:30:13 GMT expires:Sat, 05 Sep 2026 00:00:00 GMT cache-control:max-age=86400,public vary:Origin, Accept-Encoding strict-transport-security:max-age=15552000 server:ATS expect-ct:max-age=31536000, report-uri="http://csp.yahoo.com/beacon/csp?src=yahoocom-expect-ct-report-only" x-amz-id-2:h8Iks8H8eh5fW32gUST9vPOGGMaY3zUEOPlnxB4NdZqZvdnAh14dJ0bbCU8gpIC24mpKfz11yB8= x-amz-request-id:90C86B22D5777A32 last-modified:Mon, 30 Apr 2018 16:10:55 GMT etag:"08dc3a26368ba18d7aa3f08b2f39a55b-df" x-amz-server-side-encryption:AES256 x-amz-meta-created-date:Fri, 15 Sep 2017 22:03:21 GMT x-amz-meta-mbst-etag:"YM:1:249064fb-6bcc-4b95-ad2a-83d4eb1faf2a000559418fadbd30" x-amz-meta-x-ysws-mbst-vtime:1505513001827632 x-amz-meta-x-ysws-access:public accept-ranges:bytes content-type:text/html; charset=utf-8 referrer-policy:no-referrer-when-downgrade content-encoding:gzip content-length:415 age:26191 x-xss-protection:1; mode=block x-content-type-options:nosniff  ,2491, 3
[1:7:0814/022834.872532:INFO:ipc_mojo_bootstrap.cc(809)] >>> [IPC] Accept. post a task to AcceptOnProxyThread
[2447:2447:0814/022834.892790:INFO:navigation_url_loader_network_service.cc(1293)] 	 enter NavigationURLLoaderNetworkService::OnReceiveResponse
[2447:2447:0814/022834.893171:INFO:navigation_handle_impl.cc(765)] 	 enter NavigationHandleImpl::WillProcessResponse
[2447:2447:0814/022834.894746:INFO:render_frame_host_impl.cc(3699)] >>> RenderFrameHostImpl::CommitNavigation https://tag.idsync.analytics.yahoo.com/
[2447:2447:0814/022834.894785:INFO:switcher_host_impl.cc(127)] >>> [Key] add a new principal. [cid, principal, url, frame_id] = 3, 3:11_https://tag.idsync.analytics.yahoo.com/, https://tag.idsync.analytics.yahoo.com/sp-frame.html?referrer=https%3A%2F%2Fsg.yahoo.com%2F%3Fp%3Dus, 10
[2447:2447:0814/022834.894840:INFO:render_frame_host_impl.cc(3718)] >>>	[site, common.url, headers] = 3:11_https://tag.idsync.analytics.yahoo.com/, HTTP/1.1 200 status:200 content-encoding:gzip content-type:text/html date:Mon, 12 Aug 2019 10:30:13 GMT etag:"9b27f08842ec1f21101a0bc4c5dba12e+gzip" last-modified:Thu, 08 Aug 2019 17:26:39 GMT server:ECS (sgb/C6E6) vary:Accept-Encoding x-amz-id-2:/jw3BeuK3VBRgbV7BwzdypkMPUTPb/nTEdYHO8NTh3oLxoyuUdYw5o+8NbVPrV32svKZnh17dBk= x-amz-request-id:33BD832464322143 x-amz-server-side-encryption:AES256 x-cache:HIT content-length:153  ,2491, 3
[2447:2457:0814/022834.895129:INFO:interface_endpoint_client.cc(447)] >>> [Frame] get kURLLoader_ProceedWithResponse_Name. [pid, routing_id] = 3, 11
[2447:2457:0814/022834.895169:INFO:mojo_async_resource_handler.cc(459)] >>> [IPC] MojoAsyncResourceHandler::ProceedWithResponse konws [cid, routing_id]: 3, 11, HandleIncomingMessage, HandleIncomingMessage
[1:7:0814/022834.895870:INFO:ipc_mojo_bootstrap.cc(809)] >>> [IPC] Accept. post a task to AcceptOnProxyThread
[1:1:0814/022834.902487:INFO:ipc_mojo_bootstrap.cc(894)] ### [Switcher][kFrameNavigationControl_CommitNavigation_Name] get additional field: 3:10_https://s.yimg.com/
[1:1:0814/022834.959385:INFO:script_loader.cc(852)]  $$$ [Script] ScriptLoader::ExecuteScriptBlock. task_id, url is 2043, "https://s.yimg.com/rq/darla/3-15-0/html/r-sf.html"
[1:1:0814/022834.968455:INFO:script_loader.cc(852)]  $$$ [Script] ScriptLoader::ExecuteScriptBlock. task_id, url is 2047 0x7f8e6c377bd0 0x2e6d4ff958 , "https://s.yimg.com/rq/darla/3-15-0/html/r-sf.html"
[1:1:0814/022834.994335:INFO:event_target.cc(534)] !!!!!!!!!!!!!!!! RegisteredEventListener::SetCallback. 0x23935879cb00
[1:1:0814/022835.009261:INFO:script_loader.cc(852)]  $$$ [Script] ScriptLoader::ExecuteScriptBlock. task_id, url is 2047 0x7f8e6c377bd0 0x2e6d4ff958 , "https://s.yimg.com/rq/darla/3-15-0/html/r-sf.html"
[1:1:0814/022835.013737:INFO:event_target.cc(534)] !!!!!!!!!!!!!!!! RegisteredEventListener::SetCallback. 0x23935879cb00
[1:1:0814/022835.172195:INFO:ipc_mojo_bootstrap.cc(894)] ### [Switcher][kFrameNavigationControl_CommitNavigation_Name] get additional field: 3:12_https://tag.sp.advertising.com/
[1:1:0814/022835.205425:INFO:script_loader.cc(852)]  $$$ [Script] ScriptLoader::ExecuteScriptBlock. task_id, url is 2161, "https://s.yimg.com/rq/darla/3-15-0/html/r-sf.html"
[1:1:0814/022835.212938:INFO:ipc_mojo_bootstrap.cc(894)] ### [Switcher][kFrameNavigationControl_CommitNavigation_Name] get additional field: 3:13_https://s.yimg.com/
[1:1:0814/022835.226978:INFO:ipc_mojo_bootstrap.cc(894)] ### [Switcher][kFrameNavigationControl_CommitNavigation_Name] get additional field: 3:11_https://tag.idsync.analytics.yahoo.com/
[2447:2447:0814/022835.242146:INFO:switcher_host_impl.cc(127)] >>> [Key] add a new principal. [cid, principal, url, frame_id] = 3, 3:10_https://s.yimg.com/, https://s.yimg.com/, 9
[2447:2447:0814/022835.242193:INFO:frame_tree_node.cc(349)] 	FrameTreeNode::SetCurrentOrigin. [frameid, routingid, origin, url] = 9, 10, https://s.yimg.com/, https://s.yimg.com
[1:1:0814/022835.251081:INFO:html_document_parser.cc(1203)]  $$$ [TASK] HTMLDocumentParser::AppendBytes -> BackgroundHTMLParser::AppendRawBytesFromMainThread
[1:1:0814/022835.290443:INFO:html_parser_scheduler.cc(81)]  $$$ [TASK] HTMLParserScheduler::ScheduleForUnpause -> HTMLParserScheduler::ContinueParsing
[2447:2447:0814/022835.329501:INFO:switcher_host_impl.cc(127)] >>> [Key] add a new principal. [cid, principal, url, frame_id] = 3, 3:12_https://tag.sp.advertising.com/, https://tag.sp.advertising.com/, 11
[2447:2447:0814/022835.329563:INFO:frame_tree_node.cc(349)] 	FrameTreeNode::SetCurrentOrigin. [frameid, routingid, origin, url] = 11, 12, https://tag.sp.advertising.com/, https://tag.sp.advertising.com
[1:1:0814/022835.339099:INFO:html_document_parser.cc(1203)]  $$$ [TASK] HTMLDocumentParser::AppendBytes -> BackgroundHTMLParser::AppendRawBytesFromMainThread
[1:1:0814/022835.354372:INFO:html_parser_scheduler.cc(81)]  $$$ [TASK] HTMLParserScheduler::ScheduleForUnpause -> HTMLParserScheduler::ContinueParsing
[2447:2447:0814/022835.362948:INFO:switcher_host_impl.cc(127)] >>> [Key] add a new principal. [cid, principal, url, frame_id] = 3, 3:13_https://s.yimg.com/, https://s.yimg.com/, 12
[2447:2447:0814/022835.363020:INFO:frame_tree_node.cc(349)] 	FrameTreeNode::SetCurrentOrigin. [frameid, routingid, origin, url] = 12, 13, https://s.yimg.com/, https://s.yimg.com
[1:1:0814/022835.375394:INFO:html_document_parser.cc(1203)]  $$$ [TASK] HTMLDocumentParser::AppendBytes -> BackgroundHTMLParser::AppendRawBytesFromMainThread
[2447:2447:0814/022835.387632:INFO:switcher_host_impl.cc(127)] >>> [Key] add a new principal. [cid, principal, url, frame_id] = 3, 3:11_https://tag.idsync.analytics.yahoo.com/, https://tag.idsync.analytics.yahoo.com/, 10
[2447:2447:0814/022835.387699:INFO:frame_tree_node.cc(349)] 	FrameTreeNode::SetCurrentOrigin. [frameid, routingid, origin, url] = 10, 11, https://tag.idsync.analytics.yahoo.com/, https://tag.idsync.analytics.yahoo.com
[1:1:0814/022835.398403:INFO:html_document_parser.cc(1203)]  $$$ [TASK] HTMLDocumentParser::AppendBytes -> BackgroundHTMLParser::AppendRawBytesFromMainThread
[1:1:0814/022835.405662:INFO:html_parser_scheduler.cc(81)]  $$$ [TASK] HTMLParserScheduler::ScheduleForUnpause -> HTMLParserScheduler::ContinueParsing
[1:1:0814/022835.409898:INFO:script_loader.cc(852)]  $$$ [Script] ScriptLoader::ExecuteScriptBlock. task_id, url is 2302 0x7f8e6df358b0 0x2e6de1cde0 , "https://s.yimg.com/rq/darla/3-15-0/html/r-sf.html"
[2447:2447:0814/022835.483307:INFO:render_frame_host_impl.cc(1417)] 	 enter RenderFrameHostImpl::OnCreateChildFrame
[1:1:0814/022835.484054:INFO:render_frame_impl.cc(1477)] 	RenderFrameImpl::Initialize. 14, 0x2e6d219820
[1:1:0814/022835.484213:INFO:web_local_frame_impl.cc(1666)] 		WebLocalFrame::SetRoutingID. routing_id = 14
[2447:2447:0814/022835.485580:INFO:frame_tree.cc(218)] 	 enter FrameTree::AddFrame: , 14, 13, 
[2447:2447:0814/022835.505048:INFO:switcher_host_impl.cc(127)] >>> [Key] add a new principal. [cid, principal, url, frame_id] = 3, 3:14_https://s.yimg.com/, https://s.yimg.com/, 13
[2447:2447:0814/022835.505130:INFO:frame_tree_node.cc(349)] 	FrameTreeNode::SetCurrentOrigin. [frameid, routingid, origin, url] = 13, 14, https://s.yimg.com/, https://s.yimg.com
[1:1:0814/022835.519136:INFO:script_loader.cc(852)]  $$$ [Script] ScriptLoader::ExecuteScriptBlock. task_id, url is 2302 0x7f8e6df358b0 0x2e6de1cde0 , "https://s.yimg.com/rq/darla/3-15-0/html/r-sf.html"
[1:1:0814/022835.546468:INFO:html_tree_builder.cc(780)] >>> [renderer][DOM] receive <iframe>
[1:1:0814/022835.549408:INFO:render_frame_impl.cc(1477)] 	RenderFrameImpl::Initialize. 15, 0x2e6c7c0420
[1:1:0814/022835.549657:INFO:web_local_frame_impl.cc(1666)] 		WebLocalFrame::SetRoutingID. routing_id = 15
[2447:2447:0814/022835.551174:INFO:render_frame_host_impl.cc(1417)] 	 enter RenderFrameHostImpl::OnCreateChildFrame
[2447:2447:0814/022835.553667:INFO:frame_tree.cc(218)] 	 enter FrameTree::AddFrame: aswift_0, 15, 14, 
[2447:2447:0814/022835.567468:INFO:switcher_host_impl.cc(127)] >>> [Key] add a new principal. [cid, principal, url, frame_id] = 3, 3:15_https://s.yimg.com/, https://s.yimg.com/, 14
[2447:2447:0814/022835.567562:INFO:frame_tree_node.cc(349)] 	FrameTreeNode::SetCurrentOrigin. [frameid, routingid, origin, url] = 14, 15, https://s.yimg.com/, https://s.yimg.com
[1:1:0814/022835.586524:INFO:render_frame_impl.cc(1477)] 	RenderFrameImpl::Initialize. 16, 0x2e6ddd6020
[1:1:0814/022835.586644:INFO:web_local_frame_impl.cc(1666)] 		WebLocalFrame::SetRoutingID. routing_id = 16
[2447:2447:0814/022835.587762:INFO:render_frame_host_impl.cc(1417)] 	 enter RenderFrameHostImpl::OnCreateChildFrame
[2447:2447:0814/022835.589875:INFO:frame_tree.cc(218)] 	 enter FrameTree::AddFrame: google_esf, 16, 15, 
[1:1:0814/022835.593362:INFO:render_frame_impl.cc(7018)] >>> [renderer][DOM] RenderFrameImpl::BeginNavigation
[1:1:0814/022835.593475:INFO:render_frame_impl.cc(7019)] 	 [url] = https://s.yimg.com
[2447:2447:0814/022835.598574:INFO:render_frame_host_impl.cc(3108)] >>> [broswer][navigation] RenderFrameHostImpl::BeginNavigation. ID from switcher is 3:6_https://s.yimg.com/
[2447:2447:0814/022835.610020:INFO:navigation_url_loader_network_service.cc(1293)] 	 enter NavigationURLLoaderNetworkService::OnReceiveResponse
[2447:2447:0814/022835.610534:INFO:navigation_handle_impl.cc(765)] 	 enter NavigationHandleImpl::WillProcessResponse
[2447:2457:0814/022835.612650:INFO:interface_endpoint_client.cc(447)] >>> [Frame] get kURLLoader_ProceedWithResponse_Name. [pid, routing_id] = 3, 16
[2447:2447:0814/022835.612699:INFO:render_frame_host_impl.cc(3699)] >>> RenderFrameHostImpl::CommitNavigation https://googleads.g.doubleclick.net/
[2447:2447:0814/022835.612743:INFO:switcher_host_impl.cc(127)] >>> [Key] add a new principal. [cid, principal, url, frame_id] = 3, 3:16_https://googleads.g.doubleclick.net/, https://googleads.g.doubleclick.net/pagead/html/r20190807/r20190131/zrt_lookup.html#, 15
[2447:2457:0814/022835.612745:INFO:mojo_async_resource_handler.cc(459)] >>> [IPC] MojoAsyncResourceHandler::ProceedWithResponse konws [cid, routing_id]: 3, 16, HandleIncomingMessage, HandleIncomingMessage
[2447:2447:0814/022835.612825:INFO:render_frame_host_impl.cc(3718)] >>>	[site, common.url, headers] = 3:16_https://googleads.g.doubleclick.net/, HTTP/1.1 200 status:200 p3p:policyref="https://googleads.g.doubleclick.net/pagead/gcn_p3p_.xml", CP="CURa ADMa DEVa TAIo PSAo PSDo OUR IND UNI PUR INT DEM STA PRE COM NAV OTC NOI DSP COR" timing-allow-origin:* vary:Accept-Encoding date:Thu, 08 Aug 2019 02:19:20 GMT expires:Thu, 22 Aug 2019 02:19:20 GMT content-type:text/html; charset=UTF-8 etag:4817175036427020965 x-content-type-options:nosniff content-encoding:gzip server:cafe content-length:7274 x-xss-protection:0 cache-control:public, max-age=1209600 age:375054 alt-svc:quic="googleads.g.doubleclick.net:443"; ma=2592000; v="46,43,39",quic=":443"; ma=2592000; v="46,43,39"  ,2491, 3
[1:7:0814/022835.615474:INFO:ipc_mojo_bootstrap.cc(809)] >>> [IPC] Accept. post a task to AcceptOnProxyThread
[1:1:0814/022835.642191:INFO:html_parser_scheduler.cc(158)]  $$$ [TASK] HTMLParserScheduler::ContinueParsing
[1:1:0814/022835.642367:INFO:html_document_parser.cc(272)] >>> HTMLDocumentParser::ResumeParsingAfterYield. url is "https://s.yimg.com/rq/darla/3-15-0/html/r-sf.html"
[1:1:0814/022835.661220:INFO:html_parser_scheduler.cc(81)]  $$$ [TASK] HTMLParserScheduler::ScheduleForUnpause -> HTMLParserScheduler::ContinueParsing
[1:1:0814/022835.673363:INFO:script_loader.cc(852)]  $$$ [Script] ScriptLoader::ExecuteScriptBlock. task_id, url is 2354 0x7f8e6df358b0 0x2e6c5689e0 , "https://s.yimg.com/rq/darla/3-15-0/html/r-sf.html"
[1:1:0814/022835.712233:INFO:render_frame_impl.cc(1477)] 	RenderFrameImpl::Initialize. 17, 0x2e6ddd7420
[1:1:0814/022835.712395:INFO:web_local_frame_impl.cc(1666)] 		WebLocalFrame::SetRoutingID. routing_id = 17
[2447:2447:0814/022835.713601:INFO:render_frame_host_impl.cc(1417)] 	 enter RenderFrameHostImpl::OnCreateChildFrame
[2447:2447:0814/022835.716199:INFO:frame_tree.cc(218)] 	 enter FrameTree::AddFrame: , 17, 16, 
[2447:2447:0814/022835.734108:INFO:switcher_host_impl.cc(127)] >>> [Key] add a new principal. [cid, principal, url, frame_id] = 3, 3:17_https://s.yimg.com/, https://s.yimg.com/, 16
[2447:2447:0814/022835.734217:INFO:frame_tree_node.cc(349)] 	FrameTreeNode::SetCurrentOrigin. [frameid, routingid, origin, url] = 16, 17, https://s.yimg.com/, https://s.yimg.com
[2447:2447:0814/022835.740116:WARNING:render_frame_host_impl.cc(414)] InterfaceRequest was dropped, the document is no longer active: content::mojom::RendererAudioOutputStreamFactory
[1:1:0814/022835.745460:INFO:script_loader.cc(852)]  $$$ [Script] ScriptLoader::ExecuteScriptBlock. task_id, url is 2354 0x7f8e6df358b0 0x2e6c5689e0 , "https://s.yimg.com/rq/darla/3-15-0/html/r-sf.html"
[1:1:0814/022835.762334:INFO:html_tree_builder.cc(780)] >>> [renderer][DOM] receive <iframe>
[2447:2447:0814/022835.763803:INFO:render_frame_host_impl.cc(1417)] 	 enter RenderFrameHostImpl::OnCreateChildFrame
[1:1:0814/022835.764501:INFO:render_frame_impl.cc(1477)] 	RenderFrameImpl::Initialize. 18, 0x2e6ddd7e20
[1:1:0814/022835.764629:INFO:web_local_frame_impl.cc(1666)] 		WebLocalFrame::SetRoutingID. routing_id = 18
[2447:2447:0814/022835.765839:INFO:frame_tree.cc(218)] 	 enter FrameTree::AddFrame: aswift_0, 18, 17, 
[2447:2447:0814/022835.779637:INFO:switcher_host_impl.cc(127)] >>> [Key] add a new principal. [cid, principal, url, frame_id] = 3, 3:18_https://s.yimg.com/, https://s.yimg.com/, 17
[2447:2447:0814/022835.779709:INFO:frame_tree_node.cc(349)] 	FrameTreeNode::SetCurrentOrigin. [frameid, routingid, origin, url] = 17, 18, https://s.yimg.com/, https://s.yimg.com
[1:1:0814/022835.813499:INFO:html_parser_scheduler.cc(158)]  $$$ [TASK] HTMLParserScheduler::ContinueParsing
[1:1:0814/022835.813640:INFO:html_document_parser.cc(272)] >>> HTMLDocumentParser::ResumeParsingAfterYield. url is "https://s.yimg.com/rq/darla/3-15-0/html/r-sf.html"
[1:1:0814/022835.824989:INFO:html_parser_scheduler.cc(81)]  $$$ [TASK] HTMLParserScheduler::ScheduleForUnpause -> HTMLParserScheduler::ContinueParsing
[1:1:0814/022835.833160:INFO:html_parser_scheduler.cc(81)]  $$$ [TASK] HTMLParserScheduler::ScheduleForUnpause -> HTMLParserScheduler::ContinueParsing
[1:1:0814/022835.837646:INFO:html_parser_scheduler.cc(158)]  $$$ [TASK] HTMLParserScheduler::ContinueParsing
[1:1:0814/022835.837796:INFO:html_document_parser.cc(272)] >>> HTMLDocumentParser::ResumeParsingAfterYield. url is "https://s.yimg.com/ja/ap/ssp_cookie_sync/apac.html"
[1:1:0814/022835.839214:INFO:script_loader.cc(852)]  $$$ [Script] ScriptLoader::ExecuteScriptBlock. task_id, url is 2393 0x7f8e6c00f070 0x2e6deebc60 , "https://s.yimg.com/ja/ap/ssp_cookie_sync/apac.html"
[2447:2447:0814/022835.845362:INFO:render_frame_host_impl.cc(1417)] 	 enter RenderFrameHostImpl::OnCreateChildFrame
[1:1:0814/022835.846226:INFO:render_frame_impl.cc(1477)] 	RenderFrameImpl::Initialize. 19, 0x2e6ddd9220
[1:1:0814/022835.846329:INFO:web_local_frame_impl.cc(1666)] 		WebLocalFrame::SetRoutingID. routing_id = 19
[2447:2447:0814/022835.847469:INFO:frame_tree.cc(218)] 	 enter FrameTree::AddFrame: , 19, 18, 
[1:1:0814/022835.851791:INFO:render_frame_impl.cc(7018)] >>> [renderer][DOM] RenderFrameImpl::BeginNavigation
[1:1:0814/022835.851907:INFO:render_frame_impl.cc(7019)] 	 [url] = https://s.yimg.com
[2447:2447:0814/022835.855428:INFO:render_frame_host_impl.cc(3108)] >>> [broswer][navigation] RenderFrameHostImpl::BeginNavigation. ID from switcher is 3:10_https://s.yimg.com/
[1:1:0814/022835.904762:INFO:ipc_mojo_bootstrap.cc(894)] ### [Switcher][kFrameNavigationControl_CommitNavigation_Name] get additional field: 3:16_https://googleads.g.doubleclick.net/
[2447:2447:0814/022835.943459:INFO:navigation_url_loader_network_service.cc(1293)] 	 enter NavigationURLLoaderNetworkService::OnReceiveResponse
[2447:2447:0814/022835.944244:INFO:navigation_handle_impl.cc(765)] 	 enter NavigationHandleImpl::WillProcessResponse
[2447:2457:0814/022835.946214:INFO:interface_endpoint_client.cc(447)] >>> [Frame] get kURLLoader_ProceedWithResponse_Name. [pid, routing_id] = 3, 19
[2447:2457:0814/022835.946279:INFO:mojo_async_resource_handler.cc(459)] >>> [IPC] MojoAsyncResourceHandler::ProceedWithResponse konws [cid, routing_id]: 3, 19, HandleIncomingMessage, HandleIncomingMessage
[2447:2447:0814/022835.946330:INFO:render_frame_host_impl.cc(3699)] >>> RenderFrameHostImpl::CommitNavigation https://ads.pubmatic.com/
[2447:2447:0814/022835.946368:INFO:switcher_host_impl.cc(127)] >>> [Key] add a new principal. [cid, principal, url, frame_id] = 3, 3:19_https://ads.pubmatic.com/, https://ads.pubmatic.com/AdServer/js/user_sync.html?p=156107&s=176446&predirect=https%3A%2F%2Fpr-bh.ybp.yahoo.com%2Fsync%2Fpubmatic%2F, 18
[2447:2447:0814/022835.946426:INFO:render_frame_host_impl.cc(3718)] >>>	[site, common.url, headers] = 3:19_https://ads.pubmatic.com/, HTTP/1.1 200 OK Last-Modified: Fri, 26 Jul 2019 09:40:01 GMT ETag: "1300708-26ca-58e92538a370a" Server: Apache/2.2.15 (CentOS) Accept-Ranges: bytes Content-Encoding: gzip P3P: CP="NOI DSP COR LAW CUR ADMo DEVo TAIo PSAo PSDo IVAo IVDo HISo OTPo OUR SAMo BUS UNI COM NAV INT DEM CNT STA PRE LOC", CP="NOI DSP COR LAW CUR ADMo DEVo TAIo PSAo PSDo IVAo IVDo HISo OTPo OUR SAMo BUS UNI COM NAV INT DEM CNT STA PRE LOC" Content-Length: 3860 Content-Type: text/html; charset=UTF-8 Cache-Control: max-age=68341 Expires: Tue, 13 Aug 2019 05:29:15 GMT Date: Mon, 12 Aug 2019 10:30:14 GMT Connection: keep-alive Vary: Accept-Encoding  ,2491, 3
[1:7:0814/022835.947587:INFO:ipc_mojo_bootstrap.cc(809)] >>> [IPC] Accept. post a task to AcceptOnProxyThread
[1:1:0814/022835.962084:INFO:html_parser_scheduler.cc(158)]  $$$ [TASK] HTMLParserScheduler::ContinueParsing
[1:1:0814/022835.962211:INFO:html_document_parser.cc(272)] >>> HTMLDocumentParser::ResumeParsingAfterYield. url is "https://tag.sp.advertising.com/bid-apid/bid-apid-idsync.html"
[1:1:0814/022836.041856:INFO:html_parser_scheduler.cc(158)]  $$$ [TASK] HTMLParserScheduler::ContinueParsing
[1:1:0814/022836.041984:INFO:html_document_parser.cc(272)] >>> HTMLDocumentParser::ResumeParsingAfterYield. url is "https://s.yimg.com/ja/ap/ssp_cookie_sync/apac.html"
[1:1:0814/022836.043201:INFO:script_loader.cc(852)]  $$$ [Script] ScriptLoader::ExecuteScriptBlock. task_id, url is 2576 0x7f8e6c00f070 0x2e6d9f99e0 , "https://s.yimg.com/ja/ap/ssp_cookie_sync/apac.html"
[2447:2447:0814/022836.046321:INFO:render_frame_host_impl.cc(1417)] 	 enter RenderFrameHostImpl::OnCreateChildFrame
[1:1:0814/022836.047369:INFO:render_frame_impl.cc(1477)] 	RenderFrameImpl::Initialize. 20, 0x2e6d217a20
[1:1:0814/022836.047545:INFO:web_local_frame_impl.cc(1666)] 		WebLocalFrame::SetRoutingID. routing_id = 20
[2447:2447:0814/022836.048841:INFO:frame_tree.cc(218)] 	 enter FrameTree::AddFrame: , 20, 19, 
[1:1:0814/022836.054129:INFO:render_frame_impl.cc(7018)] >>> [renderer][DOM] RenderFrameImpl::BeginNavigation
[1:1:0814/022836.054277:INFO:render_frame_impl.cc(7019)] 	 [url] = https://s.yimg.com
[2447:2447:0814/022836.054785:INFO:render_frame_host_impl.cc(3108)] >>> [broswer][navigation] RenderFrameHostImpl::BeginNavigation. ID from switcher is 3:13_https://s.yimg.com/
[1:1:0814/022836.066797:INFO:html_parser_scheduler.cc(158)]  $$$ [TASK] HTMLParserScheduler::ContinueParsing
[1:1:0814/022836.066971:INFO:html_document_parser.cc(272)] >>> HTMLDocumentParser::ResumeParsingAfterYield. url is "https://tag.idsync.analytics.yahoo.com/sp-frame.html?referrer=https%3A%2F%2Fsg.yahoo.com%2F%3Fp%3Dus"
[2447:2447:0814/022836.072809:INFO:navigation_url_loader_network_service.cc(1293)] 	 enter NavigationURLLoaderNetworkService::OnReceiveResponse
[2447:2447:0814/022836.073248:INFO:navigation_handle_impl.cc(765)] 	 enter NavigationHandleImpl::WillProcessResponse
[2447:2447:0814/022836.075130:INFO:render_frame_host_impl.cc(3699)] >>> RenderFrameHostImpl::CommitNavigation https://ads.pubmatic.com/
[2447:2447:0814/022836.075177:INFO:switcher_host_impl.cc(127)] >>> [Key] add a new principal. [cid, principal, url, frame_id] = 3, 3:20_https://ads.pubmatic.com/, https://ads.pubmatic.com/AdServer/js/user_sync.html?p=156107&s=176446&predirect=https%3A%2F%2Fpr-bh.ybp.yahoo.com%2Fsync%2Fpubmatic%2F, 19
[2447:2447:0814/022836.075246:INFO:render_frame_host_impl.cc(3718)] >>>	[site, common.url, headers] = 3:20_https://ads.pubmatic.com/, HTTP/1.1 200 OK Last-Modified: Fri, 26 Jul 2019 09:40:01 GMT Cache-Control: max-age=68341 Expires: Tue, 13 Aug 2019 05:29:15 GMT Date: Mon, 12 Aug 2019 10:30:14 GMT ETag: "1300708-26ca-58e92538a370a" Server: Apache/2.2.15 (CentOS) Accept-Ranges: bytes Content-Encoding: gzip P3P: CP="NOI DSP COR LAW CUR ADMo DEVo TAIo PSAo PSDo IVAo IVDo HISo OTPo OUR SAMo BUS UNI COM NAV INT DEM CNT STA PRE LOC", CP="NOI DSP COR LAW CUR ADMo DEVo TAIo PSAo PSDo IVAo IVDo HISo OTPo OUR SAMo BUS UNI COM NAV INT DEM CNT STA PRE LOC" Content-Length: 3860 Content-Type: text/html; charset=UTF-8 Vary: Accept-Encoding  ,2491, 3
[2447:2457:0814/022836.076271:INFO:interface_endpoint_client.cc(447)] >>> [Frame] get kURLLoader_ProceedWithResponse_Name. [pid, routing_id] = 3, 20
[2447:2457:0814/022836.076311:INFO:mojo_async_resource_handler.cc(459)] >>> [IPC] MojoAsyncResourceHandler::ProceedWithResponse konws [cid, routing_id]: 3, 20, HandleIncomingMessage, HandleIncomingMessage
[1:7:0814/022836.078366:INFO:ipc_mojo_bootstrap.cc(809)] >>> [IPC] Accept. post a task to AcceptOnProxyThread
[1:1:0814/022836.084229:INFO:script_loader.cc(852)]  $$$ [Script] ScriptLoader::ExecuteScriptBlock. task_id, url is 2616 0x7f8e6df358b0 0x2e6df223e0 , "https://s.yimg.com/rq/darla/3-15-0/html/r-sf.html"
[1:1:0814/022836.086141:INFO:script_loader.cc(852)]  $$$ [Script] ScriptLoader::ExecuteScriptBlock. task_id, url is 2617 0x7f8e6df358b0 0x2e6df224e0 , "https://s.yimg.com/rq/darla/3-15-0/html/r-sf.html"
[2447:2447:0814/022836.112134:INFO:switcher_host_impl.cc(127)] >>> [Key] add a new principal. [cid, principal, url, frame_id] = 3, 3:16_https://googleads.g.doubleclick.net/, https://googleads.g.doubleclick.net/, 15
[2447:2447:0814/022836.112205:INFO:frame_tree_node.cc(349)] 	FrameTreeNode::SetCurrentOrigin. [frameid, routingid, origin, url] = 15, 16, https://googleads.g.doubleclick.net/, https://googleads.g.doubleclick.net
[1:1:0814/022836.114280:INFO:html_document_parser.cc(1203)]  $$$ [TASK] HTMLDocumentParser::AppendBytes -> BackgroundHTMLParser::AppendRawBytesFromMainThread
[1:1:0814/022836.124357:INFO:ipc_mojo_bootstrap.cc(894)] ### [Switcher][kFrameNavigationControl_CommitNavigation_Name] get additional field: 3:19_https://ads.pubmatic.com/
[1:1:0814/022836.190147:INFO:script_loader.cc(852)]  $$$ [Script] ScriptLoader::ExecuteScriptBlock. task_id, url is 2648 0x7f8e8269a080 0x2e6cf516a0 1 0 0x2e6cf516b8 , "https://s.yimg.com/rq/darla/3-15-0/html/r-sf.html"
[2447:2447:0814/022836.359559:INFO:render_frame_host_impl.cc(1417)] 	 enter RenderFrameHostImpl::OnCreateChildFrame
[1:1:0814/022836.360395:INFO:render_frame_impl.cc(1477)] 	RenderFrameImpl::Initialize. 21, 0x2e6c7c2220
[1:1:0814/022836.360508:INFO:web_local_frame_impl.cc(1666)] 		WebLocalFrame::SetRoutingID. routing_id = 21
[2447:2447:0814/022836.361336:INFO:frame_tree.cc(218)] 	 enter FrameTree::AddFrame: , 21, 20, 
[2447:2447:0814/022836.371391:INFO:switcher_host_impl.cc(127)] >>> [Key] add a new principal. [cid, principal, url, frame_id] = 3, 3:21_https://s.yimg.com/, https://s.yimg.com/, 20
[2447:2447:0814/022836.371469:INFO:frame_tree_node.cc(349)] 	FrameTreeNode::SetCurrentOrigin. [frameid, routingid, origin, url] = 20, 21, https://s.yimg.com/, https://s.yimg.com
[1:1:0814/022836.555556:INFO:script_loader.cc(852)]  $$$ [Script] ScriptLoader::ExecuteScriptBlock. task_id, url is 2657, "https://tag.sp.advertising.com/bid-apid/bid-apid-idsync.html"
[1:1:0814/022836.566937:INFO:render_frame_impl.cc(1477)] 	RenderFrameImpl::Initialize. 22, 0x2e6df7a820
[1:1:0814/022836.567096:INFO:web_local_frame_impl.cc(1666)] 		WebLocalFrame::SetRoutingID. routing_id = 22
[2447:2447:0814/022836.572407:INFO:render_frame_host_impl.cc(1417)] 	 enter RenderFrameHostImpl::OnCreateChildFrame
[1:1:0814/022836.573939:INFO:render_frame_impl.cc(7018)] >>> [renderer][DOM] RenderFrameImpl::BeginNavigation
[1:1:0814/022836.574104:INFO:render_frame_impl.cc(7019)] 	 [url] = https://tag.sp.advertising.com
[2447:2447:0814/022836.575153:INFO:frame_tree.cc(218)] 	 enter FrameTree::AddFrame: , 22, 21, 
[1:1:0814/022836.585153:INFO:script_loader.cc(852)]  $$$ [Script] ScriptLoader::ExecuteScriptBlock. task_id, url is 2666 0x7f8e6df358b0 0x2e6da1eae0 , "https://s.yimg.com/rq/darla/3-15-0/html/r-sf.html"
[1:1:0814/022836.586791:INFO:script_loader.cc(852)]  $$$ [Script] ScriptLoader::ExecuteScriptBlock. task_id, url is 2667 0x7f8e6df358b0 0x2e6d7ec6e0 , "https://s.yimg.com/rq/darla/3-15-0/html/r-sf.html"
[2447:2447:0814/022836.588131:INFO:render_frame_host_impl.cc(3108)] >>> [broswer][navigation] RenderFrameHostImpl::BeginNavigation. ID from switcher is 3:12_https://tag.sp.advertising.com/
[1:1:0814/022836.618622:INFO:script_loader.cc(852)]  $$$ [Script] ScriptLoader::ExecuteScriptBlock. task_id, url is 2724, "https://tag.idsync.analytics.yahoo.com/sp-frame.html?referrer=https%3A%2F%2Fsg.yahoo.com%2F%3Fp%3Dus"
[1:1:0814/022836.630694:INFO:ipc_mojo_bootstrap.cc(894)] ### [Switcher][kFrameNavigationControl_CommitNavigation_Name] get additional field: 3:20_https://ads.pubmatic.com/
[1:1:0814/022836.649864:INFO:html_parser_scheduler.cc(81)]  $$$ [TASK] HTMLParserScheduler::ScheduleForUnpause -> HTMLParserScheduler::ContinueParsing
[2447:2447:0814/022836.673297:INFO:switcher_host_impl.cc(127)] >>> [Key] add a new principal. [cid, principal, url, frame_id] = 3, 3:19_https://ads.pubmatic.com/, https://ads.pubmatic.com/, 18
[2447:2447:0814/022836.673367:INFO:frame_tree_node.cc(349)] 	FrameTreeNode::SetCurrentOrigin. [frameid, routingid, origin, url] = 18, 19, https://ads.pubmatic.com/, https://ads.pubmatic.com
[1:1:0814/022836.674365:INFO:html_document_parser.cc(1203)]  $$$ [TASK] HTMLDocumentParser::AppendBytes -> BackgroundHTMLParser::AppendRawBytesFromMainThread
[1:1:0814/022836.691763:INFO:script_loader.cc(852)]  $$$ [Script] ScriptLoader::ExecuteScriptBlock. task_id, url is 2768 0x7f8e8269a080 0x2e6de201a0 1 0 0x2e6de201b8 , "https://s.yimg.com/rq/darla/3-15-0/html/r-sf.html"
[2447:2447:0814/022836.727107:INFO:navigation_url_loader_network_service.cc(1293)] 	 enter NavigationURLLoaderNetworkService::OnReceiveResponse
[2447:2447:0814/022836.727443:INFO:navigation_handle_impl.cc(765)] 	 enter NavigationHandleImpl::WillProcessResponse
[2447:2457:0814/022836.728966:INFO:interface_endpoint_client.cc(447)] >>> [Frame] get kURLLoader_ProceedWithResponse_Name. [pid, routing_id] = 3, 22
[2447:2457:0814/022836.729013:INFO:mojo_async_resource_handler.cc(459)] >>> [IPC] MojoAsyncResourceHandler::ProceedWithResponse konws [cid, routing_id]: 3, 22, HandleIncomingMessage, HandleIncomingMessage
[2447:2447:0814/022836.729025:INFO:render_frame_host_impl.cc(3699)] >>> RenderFrameHostImpl::CommitNavigation https://opus.analytics.yahoo.com/
[2447:2447:0814/022836.729058:INFO:switcher_host_impl.cc(127)] >>> [Key] add a new principal. [cid, principal, url, frame_id] = 3, 3:22_https://opus.analytics.yahoo.com/, https://opus.analytics.yahoo.com/opus/tag/opus-frame.html?id=4, 21
[2447:2447:0814/022836.729108:INFO:render_frame_host_impl.cc(3718)] >>>	[site, common.url, headers] = 3:22_https://opus.analytics.yahoo.com/, HTTP/1.1 200 status:200 content-encoding:gzip content-security-policy:default-src https:; script-src https: 'unsafe-inline'; style-src https: 'unsafe-inline' content-type:text/html date:Mon, 12 Aug 2019 10:30:15 GMT etag:"df1ba582ff3820a293e79ca9f8c806ad+gzip" last-modified:Mon, 05 Aug 2019 14:02:31 GMT server:ECAcc (sgb/C765) vary:Accept-Encoding x-amz-id-2:Mb4Qhv6F7/UDyu/o+pQPc4DgSJPbdiXn/SLLYf89vVA2xQeq62qGd+2cArZF9G3m8x8tlZ8NrJk= x-amz-request-id:6FB88E9BFC93EFE9 x-cache:HIT content-length:231  ,2491, 3
[1:7:0814/022836.730905:INFO:ipc_mojo_bootstrap.cc(809)] >>> [IPC] Accept. post a task to AcceptOnProxyThread
[2447:2447:0814/022836.759172:INFO:render_frame_host_impl.cc(1417)] 	 enter RenderFrameHostImpl::OnCreateChildFrame
[1:1:0814/022836.760009:INFO:render_frame_impl.cc(1477)] 	RenderFrameImpl::Initialize. 23, 0x2e6ddd6a20
[1:1:0814/022836.760127:INFO:web_local_frame_impl.cc(1666)] 		WebLocalFrame::SetRoutingID. routing_id = 23
[2447:2447:0814/022836.761183:INFO:frame_tree.cc(218)] 	 enter FrameTree::AddFrame: , 23, 22, 
[2447:2447:0814/022836.771871:INFO:switcher_host_impl.cc(127)] >>> [Key] add a new principal. [cid, principal, url, frame_id] = 3, 3:23_https://s.yimg.com/, https://s.yimg.com/, 22
[2447:2447:0814/022836.771935:INFO:frame_tree_node.cc(349)] 	FrameTreeNode::SetCurrentOrigin. [frameid, routingid, origin, url] = 22, 23, https://s.yimg.com/, https://s.yimg.com
[2447:2447:0814/022836.997128:INFO:switcher_host_impl.cc(127)] >>> [Key] add a new principal. [cid, principal, url, frame_id] = 3, 3:20_https://ads.pubmatic.com/, https://ads.pubmatic.com/, 19
[2447:2447:0814/022836.997216:INFO:frame_tree_node.cc(349)] 	FrameTreeNode::SetCurrentOrigin. [frameid, routingid, origin, url] = 19, 20, https://ads.pubmatic.com/, https://ads.pubmatic.com
[1:1:0814/022836.998666:INFO:html_document_parser.cc(1203)]  $$$ [TASK] HTMLDocumentParser::AppendBytes -> BackgroundHTMLParser::AppendRawBytesFromMainThread
[1:1:0814/022837.009062:INFO:script_loader.cc(852)]  $$$ [Script] ScriptLoader::ExecuteScriptBlock. task_id, url is 2914 0x7f8e8269a080 0x2e6db0aec0 1 0 0x2e6db0aed8 , "https://s.yimg.com/rq/darla/3-15-0/html/r-sf.html"
[1:1:0814/022837.073631:INFO:script_loader.cc(852)]  $$$ [Script] ScriptLoader::ExecuteScriptBlock. task_id, url is 2914 0x7f8e8269a080 0x2e6db0aec0 1 0 0x2e6db0aed8 , "https://s.yimg.com/rq/darla/3-15-0/html/r-sf.html"
[1:1:0814/022837.074236:INFO:script_loader.cc(852)]  $$$ [Script] ScriptLoader::ExecuteScriptBlock. task_id, url is 2914 0x7f8e8269a080 0x2e6db0aec0 1 0 0x2e6db0aed8 , "https://s.yimg.com/rq/darla/3-15-0/html/r-sf.html"
[2447:2447:0814/022837.179408:INFO:render_frame_host_impl.cc(1417)] 	 enter RenderFrameHostImpl::OnCreateChildFrame
[1:1:0814/022837.180569:INFO:render_frame_impl.cc(1477)] 	RenderFrameImpl::Initialize. 24, 0x2e6ddd6a20
[1:1:0814/022837.180757:INFO:web_local_frame_impl.cc(1666)] 		WebLocalFrame::SetRoutingID. routing_id = 24
[2447:2447:0814/022837.181352:INFO:frame_tree.cc(218)] 	 enter FrameTree::AddFrame: google_ads_frame1, 24, 23, 
[1:1:0814/022837.191330:INFO:render_frame_impl.cc(7018)] >>> [renderer][DOM] RenderFrameImpl::BeginNavigation
[1:1:0814/022837.191494:INFO:render_frame_impl.cc(7019)] 	 [url] = https://s.yimg.com
[2447:2447:0814/022837.192101:INFO:render_frame_host_impl.cc(3108)] >>> [broswer][navigation] RenderFrameHostImpl::BeginNavigation. ID from switcher is 3:6_https://s.yimg.com/
[1:1:0814/022837.223611:INFO:html_parser_scheduler.cc(158)]  $$$ [TASK] HTMLParserScheduler::ContinueParsing
[1:1:0814/022837.223755:INFO:html_document_parser.cc(272)] >>> HTMLDocumentParser::ResumeParsingAfterYield. url is "https://googleads.g.doubleclick.net/pagead/html/r20190807/r20190131/zrt_lookup.html#"
[1:1:0814/022837.225436:INFO:script_loader.cc(852)]  $$$ [Script] ScriptLoader::ExecuteScriptBlock. task_id, url is 2925 0x7f8e6c00f070 0x2e6d0f9660 , "https://googleads.g.doubleclick.net/pagead/html/r20190807/r20190131/zrt_lookup.html#"
[1:1:0814/022837.256418:INFO:html_parser_scheduler.cc(81)]  $$$ [TASK] HTMLParserScheduler::ScheduleForUnpause -> HTMLParserScheduler::ContinueParsing
[1:1:0814/022837.267934:INFO:ipc_mojo_bootstrap.cc(894)] ### [Switcher][kFrameNavigationControl_CommitNavigation_Name] get additional field: 3:22_https://opus.analytics.yahoo.com/
[1:1:0814/022837.374059:INFO:script_loader.cc(852)]  $$$ [Script] ScriptLoader::ExecuteScriptBlock. task_id, url is 3060 0x7f8e8269a080 0x2e6dc341a0 1 0 0x2e6dc341b8 , "https://s.yimg.com/rq/darla/3-15-0/html/r-sf.html"
[1:1:0814/022837.402793:INFO:script_loader.cc(852)]  $$$ [Script] ScriptLoader::ExecuteScriptBlock. task_id, url is 3060 0x7f8e8269a080 0x2e6dc341a0 1 0 0x2e6dc341b8 , "https://s.yimg.com/rq/darla/3-15-0/html/r-sf.html"
[1:1:0814/022837.403443:INFO:script_loader.cc(852)]  $$$ [Script] ScriptLoader::ExecuteScriptBlock. task_id, url is 3060 0x7f8e8269a080 0x2e6dc341a0 1 0 0x2e6dc341b8 , "https://s.yimg.com/rq/darla/3-15-0/html/r-sf.html"
[2447:2447:0814/022837.489031:INFO:render_frame_host_impl.cc(1417)] 	 enter RenderFrameHostImpl::OnCreateChildFrame
[1:1:0814/022837.490126:INFO:render_frame_impl.cc(1477)] 	RenderFrameImpl::Initialize. 25, 0x2e6df78020
[1:1:0814/022837.490246:INFO:web_local_frame_impl.cc(1666)] 		WebLocalFrame::SetRoutingID. routing_id = 25
[2447:2447:0814/022837.491334:INFO:frame_tree.cc(218)] 	 enter FrameTree::AddFrame: google_ads_frame1, 25, 24, 
[1:1:0814/022837.498424:INFO:render_frame_impl.cc(7018)] >>> [renderer][DOM] RenderFrameImpl::BeginNavigation
[1:1:0814/022837.498549:INFO:render_frame_impl.cc(7019)] 	 [url] = https://s.yimg.com
[2447:2447:0814/022837.499054:INFO:render_frame_host_impl.cc(3108)] >>> [broswer][navigation] RenderFrameHostImpl::BeginNavigation. ID from switcher is 3:6_https://s.yimg.com/
[1:1:0814/022837.514989:INFO:script_loader.cc(852)]  $$$ [Script] ScriptLoader::ExecuteScriptBlock. task_id, url is 3066 0x7f8e6df358b0 0x2e6ddf4be0 , "https://s.yimg.com/rq/darla/3-15-0/html/r-sf.html"
[1:1:0814/022837.532333:INFO:html_parser_scheduler.cc(81)]  $$$ [TASK] HTMLParserScheduler::ScheduleForUnpause -> HTMLParserScheduler::ContinueParsing
[1:1:0814/022837.571902:INFO:html_parser_scheduler.cc(158)]  $$$ [TASK] HTMLParserScheduler::ContinueParsing
[1:1:0814/022837.572058:INFO:html_document_parser.cc(272)] >>> HTMLDocumentParser::ResumeParsingAfterYield. url is "https://ads.pubmatic.com/AdServer/js/user_sync.html?p=156107&s=176446&predirect=https%3A%2F%2Fpr-bh.ybp.yahoo.com%2Fsync%2Fpubmatic%2F"
[1:1:0814/022837.573191:INFO:script_loader.cc(852)]  $$$ [Script] ScriptLoader::ExecuteScriptBlock. task_id, url is 3151 0x7f8e6c00f070 0x2e6df6c4e0 , "https://ads.pubmatic.com/AdServer/js/user_sync.html?p=156107&s=176446&predirect=https%3A%2F%2Fpr-bh.ybp.yahoo.com%2Fsync%2Fpubmatic%2F"
[1:1:0814/022837.583551:INFO:html_tree_builder.cc(780)] >>> [renderer][DOM] receive <iframe>
[2447:2447:0814/022837.584355:INFO:render_frame_host_impl.cc(1417)] 	 enter RenderFrameHostImpl::OnCreateChildFrame
[1:1:0814/022837.585696:INFO:render_frame_impl.cc(1477)] 	RenderFrameImpl::Initialize. 26, 0x2e6df79e20
[1:1:0814/022837.585906:INFO:web_local_frame_impl.cc(1666)] 		WebLocalFrame::SetRoutingID. routing_id = 26
[2447:2447:0814/022837.586673:INFO:frame_tree.cc(218)] 	 enter FrameTree::AddFrame: , 26, 25, 
[1:1:0814/022837.592319:INFO:render_frame_impl.cc(7018)] >>> [renderer][DOM] RenderFrameImpl::BeginNavigation
[1:1:0814/022837.592453:INFO:render_frame_impl.cc(7019)] 	 [url] = https://ads.pubmatic.com
[2447:2447:0814/022837.592907:INFO:render_frame_host_impl.cc(3108)] >>> [broswer][navigation] RenderFrameHostImpl::BeginNavigation. ID from switcher is 3:19_https://ads.pubmatic.com/
[1:1:0814/022837.628623:INFO:html_document_parser.cc(1203)]  $$$ [TASK] HTMLDocumentParser::AppendBytes -> BackgroundHTMLParser::AppendRawBytesFromMainThread
[2447:2447:0814/022837.630019:INFO:switcher_host_impl.cc(127)] >>> [Key] add a new principal. [cid, principal, url, frame_id] = 3, 3:22_https://opus.analytics.yahoo.com/, https://opus.analytics.yahoo.com/, 21
[2447:2447:0814/022837.630093:INFO:frame_tree_node.cc(349)] 	FrameTreeNode::SetCurrentOrigin. [frameid, routingid, origin, url] = 21, 22, https://opus.analytics.yahoo.com/, https://opus.analytics.yahoo.com
[2447:2447:0814/022837.665798:INFO:navigation_url_loader_network_service.cc(1293)] 	 enter NavigationURLLoaderNetworkService::OnReceiveResponse
[2447:2447:0814/022837.666342:INFO:navigation_handle_impl.cc(765)] 	 enter NavigationHandleImpl::WillProcessResponse
[2447:2447:0814/022837.668182:INFO:render_frame_host_impl.cc(3699)] >>> RenderFrameHostImpl::CommitNavigation https://ads.pubmatic.com/
[2447:2447:0814/022837.668243:INFO:switcher_host_impl.cc(127)] >>> [Key] add a new principal. [cid, principal, url, frame_id] = 3, 3:26_https://ads.pubmatic.com/, https://ads.pubmatic.com/AdServer/js/showad.js#PIX&kdntuid=1&SPug=true&p=156107&s=176446&predirect=https%3A%2F%2Fpr-bh.ybp.yahoo.com%2Fsync%2Fpubmatic%2F&it=0&gdpr=0&np=0, 25
[2447:2447:0814/022837.668318:INFO:render_frame_host_impl.cc(3718)] >>>	[site, common.url, headers] = 3:26_https://ads.pubmatic.com/, HTTP/1.1 200 OK Last-Modified: Fri, 26 Jul 2019 09:39:45 GMT ETag: "13006b6-9bf6-58e925294ef26" Server: Apache/2.2.15 (CentOS) Accept-Ranges: bytes Content-Encoding: gzip Set-Cookie: KTPCACOOKIE=YES; domain=.pubmatic.com; path=/; max-age=7776000; P3P: CP="NOI DSP COR LAW CUR ADMo DEVo TAIo PSAo PSDo IVAo IVDo HISo OTPo OUR SAMo BUS UNI COM NAV INT DEM CNT STA PRE LOC", CP="NOI DSP COR LAW CUR ADMo DEVo TAIo PSAo PSDo IVAo IVDo HISo OTPo OUR SAMo BUS UNI COM NAV INT DEM CNT STA PRE LOC" Content-Length: 14898 Content-Type: text/html; charset=UTF-8 Cache-Control: public, max-age=57622 Expires: Tue, 13 Aug 2019 02:30:38 GMT Date: Mon, 12 Aug 2019 10:30:16 GMT Connection: keep-alive Vary: Accept-Encoding  ,2491, 3
[2447:2457:0814/022837.671174:INFO:interface_endpoint_client.cc(447)] >>> [Frame] get kURLLoader_ProceedWithResponse_Name. [pid, routing_id] = 3, 26
