[1:1:0814/024232.577938:INFO:script_loader.cc(852)]  $$$ [Script] ScriptLoader::ExecuteScriptBlock. task_id, url is 1679 0x7efe2220d070 0x1fe4479663e0 , "https://s.yimg.com/rq/darla/3-15-0/html/r-sf.html"
[1:1:0814/024233.277665:INFO:script_loader.cc(852)]  $$$ [Script] ScriptLoader::ExecuteScriptBlock. task_id, url is 1770, "https://s.yimg.com/rq/darla/3-15-0/html/r-sf.html"
[1:1:0814/024233.319196:INFO:event_target.cc(534)] !!!!!!!!!!!!!!!! RegisteredEventListener::SetCallback. 0x38c1a0e52b98
[1:1:0814/024233.337773:INFO:script_loader.cc(852)]  $$$ [Script] ScriptLoader::ExecuteScriptBlock. task_id, url is 1770, "https://s.yimg.com/rq/darla/3-15-0/html/r-sf.html"
[1:1:0814/024233.338785:INFO:html_tree_builder.cc(780)] >>> [renderer][DOM] receive <iframe>
[9123:9123:0814/024233.341394:INFO:render_frame_host_impl.cc(1417)] 	 enter RenderFrameHostImpl::OnCreateChildFrame
[1:1:0814/024233.342519:INFO:render_frame_impl.cc(1477)] 	RenderFrameImpl::Initialize. 9, 0x1fe4482d1020
[1:1:0814/024233.342635:INFO:web_local_frame_impl.cc(1666)] 		WebLocalFrame::SetRoutingID. routing_id = 9
[9123:9123:0814/024233.343322:INFO:frame_tree.cc(218)] 	 enter FrameTree::AddFrame: , 9, 8, 
[1:1:0814/024233.350122:INFO:render_frame_impl.cc(7018)] >>> [renderer][DOM] RenderFrameImpl::BeginNavigation
[1:1:0814/024233.350282:INFO:render_frame_impl.cc(7019)] 	 [url] = https://s.yimg.com
[9123:9123:0814/024233.350837:INFO:render_frame_host_impl.cc(3108)] >>> [broswer][navigation] RenderFrameHostImpl::BeginNavigation. ID from switcher is 3:6_https://s.yimg.com/
[1:1:0814/024233.356056:INFO:event_target.cc(534)] !!!!!!!!!!!!!!!! RegisteredEventListener::SetCallback. 0x38c1a0e52b98
[9123:9123:0814/024233.379490:INFO:navigation_url_loader_network_service.cc(1293)] 	 enter NavigationURLLoaderNetworkService::OnReceiveResponse
[9123:9123:0814/024233.380077:INFO:navigation_handle_impl.cc(765)] 	 enter NavigationHandleImpl::WillProcessResponse
[1:1:0814/024233.379985:INFO:script_loader.cc(852)]  $$$ [Script] ScriptLoader::ExecuteScriptBlock. task_id, url is 1795, "https://s.yimg.com/rq/darla/3-15-0/html/r-sf.html"
[9123:9123:0814/024233.381922:INFO:render_frame_host_impl.cc(3699)] >>> RenderFrameHostImpl::CommitNavigation https://s.yimg.com/
[9123:9123:0814/024233.381957:INFO:switcher_host_impl.cc(127)] >>> [Key] add a new principal. [cid, principal, url, frame_id] = 3, 3:9_https://s.yimg.com/, https://s.yimg.com/ja/ap/ssp_cookie_sync/apac.html, 8
[9123:9123:0814/024233.382012:INFO:render_frame_host_impl.cc(3718)] >>>	[site, common.url, headers] = 3:9_https://s.yimg.com/, HTTP/1.1 200 status:200 x-amz-id-2:h8Iks8H8eh5fW32gUST9vPOGGMaY3zUEOPlnxB4NdZqZvdnAh14dJ0bbCU8gpIC24mpKfz11yB8= x-amz-request-id:90C86B22D5777A32 date:Mon, 12 Aug 2019 03:13:43 GMT last-modified:Mon, 30 Apr 2018 16:10:55 GMT etag:"08dc3a26368ba18d7aa3f08b2f39a55b-df" x-amz-server-side-encryption:AES256 cache-control:max-age=86400,public x-amz-meta-created-date:Fri, 15 Sep 2017 22:03:21 GMT x-amz-meta-mbst-etag:"YM:1:249064fb-6bcc-4b95-ad2a-83d4eb1faf2a000559418fadbd30" x-amz-meta-x-ysws-mbst-vtime:1505513001827632 expires:Sat, 05 Sep 2026 00:00:00 GMT x-amz-meta-x-ysws-access:public accept-ranges:bytes content-type:text/html; charset=utf-8 server:ATS referrer-policy:no-referrer-when-downgrade vary:Origin, Accept-Encoding content-encoding:gzip content-length:415 age:27029 ats-carp-promotion:1 strict-transport-security:max-age=15552000 expect-ct:max-age=31536000, report-uri="http://csp.yahoo.com/beacon/csp?src=yahoocom-expect-ct-report-only" x-xss-protection:1; mode=block x-content-type-options:nosniff  ,9167, 3
[9123:9133:0814/024233.384652:INFO:interface_endpoint_client.cc(447)] >>> [Frame] get kURLLoader_ProceedWithResponse_Name. [pid, routing_id] = 3, 9
[9123:9133:0814/024233.384715:INFO:mojo_async_resource_handler.cc(459)] >>> [IPC] MojoAsyncResourceHandler::ProceedWithResponse konws [cid, routing_id]: 3, 9, HandleIncomingMessage, HandleIncomingMessage
[1:7:0814/024233.385132:INFO:ipc_mojo_bootstrap.cc(809)] >>> [IPC] Accept. post a task to AcceptOnProxyThread
[1:1:0814/024233.408619:INFO:event_target.cc(534)] !!!!!!!!!!!!!!!! RegisteredEventListener::SetCallback. 0x38c1a0e549b0
[1:1:0814/024233.422922:INFO:script_loader.cc(852)]  $$$ [Script] ScriptLoader::ExecuteScriptBlock. task_id, url is 1795, "https://s.yimg.com/rq/darla/3-15-0/html/r-sf.html"
[1:1:0814/024233.427612:INFO:event_target.cc(534)] !!!!!!!!!!!!!!!! RegisteredEventListener::SetCallback. 0x38c1a0e549b0
[1:1:0814/024233.434360:INFO:script_loader.cc(852)]  $$$ [Script] ScriptLoader::ExecuteScriptBlock. task_id, url is 1797, "https://s.yimg.com/rq/darla/3-15-0/html/r-csc.html"
[9123:9123:0814/024233.440791:INFO:render_frame_host_impl.cc(1417)] 	 enter RenderFrameHostImpl::OnCreateChildFrame
[1:1:0814/024233.441784:INFO:render_frame_impl.cc(1477)] 	RenderFrameImpl::Initialize. 10, 0x1fe4482d2e20
[1:1:0814/024233.441908:INFO:web_local_frame_impl.cc(1666)] 		WebLocalFrame::SetRoutingID. routing_id = 10
[9123:9123:0814/024233.442946:INFO:frame_tree.cc(218)] 	 enter FrameTree::AddFrame: , 10, 9, 
[1:1:0814/024233.449061:INFO:render_frame_impl.cc(7018)] >>> [renderer][DOM] RenderFrameImpl::BeginNavigation
[1:1:0814/024233.449214:INFO:render_frame_impl.cc(7019)] 	 [url] = https://s.yimg.com
[9123:9123:0814/024233.450561:INFO:render_frame_host_impl.cc(3108)] >>> [broswer][navigation] RenderFrameHostImpl::BeginNavigation. ID from switcher is 3:4_https://s.yimg.com/
[9123:9123:0814/024233.504433:INFO:navigation_url_loader_network_service.cc(1293)] 	 enter NavigationURLLoaderNetworkService::OnReceiveResponse
[9123:9123:0814/024233.504809:INFO:navigation_handle_impl.cc(765)] 	 enter NavigationHandleImpl::WillProcessResponse
[9123:9133:0814/024233.506355:INFO:interface_endpoint_client.cc(447)] >>> [Frame] get kURLLoader_ProceedWithResponse_Name. [pid, routing_id] = 3, 10
[9123:9133:0814/024233.506402:INFO:mojo_async_resource_handler.cc(459)] >>> [IPC] MojoAsyncResourceHandler::ProceedWithResponse konws [cid, routing_id]: 3, 10, HandleIncomingMessage, HandleIncomingMessage
[9123:9123:0814/024233.506406:INFO:render_frame_host_impl.cc(3699)] >>> RenderFrameHostImpl::CommitNavigation https://tag.idsync.analytics.yahoo.com/
[9123:9123:0814/024233.506440:INFO:switcher_host_impl.cc(127)] >>> [Key] add a new principal. [cid, principal, url, frame_id] = 3, 3:10_https://tag.idsync.analytics.yahoo.com/, https://tag.idsync.analytics.yahoo.com/sp-frame.html?referrer=https%3A%2F%2Fsg.yahoo.com%2F%3Fp%3Dus, 9
[9123:9123:0814/024233.506524:INFO:render_frame_host_impl.cc(3718)] >>>	[site, common.url, headers] = 3:10_https://tag.idsync.analytics.yahoo.com/, HTTP/1.1 200 status:200 content-encoding:gzip content-type:text/html date:Mon, 12 Aug 2019 10:44:12 GMT etag:"9b27f08842ec1f21101a0bc4c5dba12e+gzip" last-modified:Thu, 08 Aug 2019 17:26:39 GMT server:ECS (sgb/C6E6) vary:Accept-Encoding x-amz-id-2:/jw3BeuK3VBRgbV7BwzdypkMPUTPb/nTEdYHO8NTh3oLxoyuUdYw5o+8NbVPrV32svKZnh17dBk= x-amz-request-id:33BD832464322143 x-amz-server-side-encryption:AES256 x-cache:HIT content-length:153  ,9167, 3
[1:7:0814/024233.508317:INFO:ipc_mojo_bootstrap.cc(809)] >>> [IPC] Accept. post a task to AcceptOnProxyThread
[1:1:0814/024233.586655:INFO:platform_thread_posix.cc(131)] >>> invoke pthread_create
[1:1:0814/024233.619587:INFO:platform_thread_posix.cc(131)] >>> invoke pthread_create
[1:1:0814/024233.630176:INFO:script_loader.cc(852)]  $$$ [Script] ScriptLoader::ExecuteScriptBlock. task_id, url is 1907 0x7efe22575bd0 0x1fe44728be58 , "https://s.yimg.com/rq/darla/3-15-0/html/r-sf.html"
[1:1:0814/024233.657398:INFO:event_target.cc(534)] !!!!!!!!!!!!!!!! RegisteredEventListener::SetCallback. 0x38c1a0e57788
[1:1:0814/024233.671892:INFO:script_loader.cc(852)]  $$$ [Script] ScriptLoader::ExecuteScriptBlock. task_id, url is 1907 0x7efe22575bd0 0x1fe44728be58 , "https://s.yimg.com/rq/darla/3-15-0/html/r-sf.html"
[1:1:0814/024233.672527:INFO:html_tree_builder.cc(780)] >>> [renderer][DOM] receive <iframe>
[9123:9123:0814/024233.674085:INFO:render_frame_host_impl.cc(1417)] 	 enter RenderFrameHostImpl::OnCreateChildFrame
[1:1:0814/024233.674934:INFO:render_frame_impl.cc(1477)] 	RenderFrameImpl::Initialize. 11, 0x1fe4482d1a20
[1:1:0814/024233.675027:INFO:web_local_frame_impl.cc(1666)] 		WebLocalFrame::SetRoutingID. routing_id = 11
[9123:9123:0814/024233.675791:INFO:frame_tree.cc(218)] 	 enter FrameTree::AddFrame: , 11, 10, 
[1:1:0814/024233.681753:INFO:render_frame_impl.cc(7018)] >>> [renderer][DOM] RenderFrameImpl::BeginNavigation
[1:1:0814/024233.681866:INFO:render_frame_impl.cc(7019)] 	 [url] = https://s.yimg.com
[9123:9123:0814/024233.683089:INFO:render_frame_host_impl.cc(3108)] >>> [broswer][navigation] RenderFrameHostImpl::BeginNavigation. ID from switcher is 3:6_https://s.yimg.com/
[1:1:0814/024233.686445:INFO:event_target.cc(534)] !!!!!!!!!!!!!!!! RegisteredEventListener::SetCallback. 0x38c1a0e57788
[9123:9123:0814/024233.711394:INFO:navigation_url_loader_network_service.cc(1293)] 	 enter NavigationURLLoaderNetworkService::OnReceiveResponse
[9123:9123:0814/024233.712054:INFO:navigation_handle_impl.cc(765)] 	 enter NavigationHandleImpl::WillProcessResponse
[9123:9133:0814/024233.714398:INFO:interface_endpoint_client.cc(447)] >>> [Frame] get kURLLoader_ProceedWithResponse_Name. [pid, routing_id] = 3, 11
[9123:9133:0814/024233.714446:INFO:mojo_async_resource_handler.cc(459)] >>> [IPC] MojoAsyncResourceHandler::ProceedWithResponse konws [cid, routing_id]: 3, 11, HandleIncomingMessage, HandleIncomingMessage
[9123:9123:0814/024233.714548:INFO:render_frame_host_impl.cc(3699)] >>> RenderFrameHostImpl::CommitNavigation https://s.yimg.com/
[9123:9123:0814/024233.714589:INFO:switcher_host_impl.cc(127)] >>> [Key] add a new principal. [cid, principal, url, frame_id] = 3, 3:11_https://s.yimg.com/, https://s.yimg.com/ja/ap/ssp_cookie_sync/apac.html, 10
[9123:9123:0814/024233.714666:INFO:render_frame_host_impl.cc(3718)] >>>	[site, common.url, headers] = 3:11_https://s.yimg.com/, HTTP/1.1 200 status:304 date:Mon, 12 Aug 2019 10:44:12 GMT expires:Sat, 05 Sep 2026 00:00:00 GMT cache-control:max-age=86400,public vary:Origin, Accept-Encoding strict-transport-security:max-age=15552000 server:ATS expect-ct:max-age=31536000, report-uri="http://csp.yahoo.com/beacon/csp?src=yahoocom-expect-ct-report-only" x-amz-id-2:h8Iks8H8eh5fW32gUST9vPOGGMaY3zUEOPlnxB4NdZqZvdnAh14dJ0bbCU8gpIC24mpKfz11yB8= x-amz-request-id:90C86B22D5777A32 last-modified:Mon, 30 Apr 2018 16:10:55 GMT etag:"08dc3a26368ba18d7aa3f08b2f39a55b-df" x-amz-server-side-encryption:AES256 x-amz-meta-created-date:Fri, 15 Sep 2017 22:03:21 GMT x-amz-meta-mbst-etag:"YM:1:249064fb-6bcc-4b95-ad2a-83d4eb1faf2a000559418fadbd30" x-amz-meta-x-ysws-mbst-vtime:1505513001827632 x-amz-meta-x-ysws-access:public accept-ranges:bytes content-type:text/html; charset=utf-8 referrer-policy:no-referrer-when-downgrade content-encoding:gzip content-length:415 age:27029 ats-carp-promotion:1 x-xss-protection:1; mode=block x-content-type-options:nosniff  ,9167, 3
[1:7:0814/024233.716019:INFO:ipc_mojo_bootstrap.cc(809)] >>> [IPC] Accept. post a task to AcceptOnProxyThread
[1:1:0814/024233.734355:INFO:script_loader.cc(852)]  $$$ [Script] ScriptLoader::ExecuteScriptBlock. task_id, url is 1947 0x7efe22575bd0 0x1fe447966558 , "https://s.yimg.com/rq/darla/3-15-0/html/r-sf.html"
[1:1:0814/024233.757214:INFO:event_target.cc(534)] !!!!!!!!!!!!!!!! RegisteredEventListener::SetCallback. 0x38c1a0e59650
[1:1:0814/024233.770230:INFO:script_loader.cc(852)]  $$$ [Script] ScriptLoader::ExecuteScriptBlock. task_id, url is 1947 0x7efe22575bd0 0x1fe447966558 , "https://s.yimg.com/rq/darla/3-15-0/html/r-sf.html"
[1:1:0814/024233.774923:INFO:event_target.cc(534)] !!!!!!!!!!!!!!!! RegisteredEventListener::SetCallback. 0x38c1a0e59650
[1:1:0814/024233.780785:INFO:ipc_mojo_bootstrap.cc(894)] ### [Switcher][kFrameNavigationControl_CommitNavigation_Name] get additional field: 3:9_https://s.yimg.com/
[1:1:0814/024233.814862:INFO:ipc_mojo_bootstrap.cc(894)] ### [Switcher][kFrameNavigationControl_CommitNavigation_Name] get additional field: 3:10_https://tag.idsync.analytics.yahoo.com/
[1:1:0814/024233.908627:INFO:ipc_mojo_bootstrap.cc(894)] ### [Switcher][kFrameNavigationControl_CommitNavigation_Name] get additional field: 3:11_https://s.yimg.com/
[9123:9123:0814/024234.068672:INFO:switcher_host_impl.cc(127)] >>> [Key] add a new principal. [cid, principal, url, frame_id] = 3, 3:9_https://s.yimg.com/, https://s.yimg.com/, 8
[9123:9123:0814/024234.068740:INFO:frame_tree_node.cc(349)] 	FrameTreeNode::SetCurrentOrigin. [frameid, routingid, origin, url] = 8, 9, https://s.yimg.com/, https://s.yimg.com
[1:1:0814/024234.082569:INFO:html_document_parser.cc(1203)]  $$$ [TASK] HTMLDocumentParser::AppendBytes -> BackgroundHTMLParser::AppendRawBytesFromMainThread
[9123:9123:0814/024234.108472:INFO:switcher_host_impl.cc(127)] >>> [Key] add a new principal. [cid, principal, url, frame_id] = 3, 3:10_https://tag.idsync.analytics.yahoo.com/, https://tag.idsync.analytics.yahoo.com/, 9
[9123:9123:0814/024234.108573:INFO:frame_tree_node.cc(349)] 	FrameTreeNode::SetCurrentOrigin. [frameid, routingid, origin, url] = 9, 10, https://tag.idsync.analytics.yahoo.com/, https://tag.idsync.analytics.yahoo.com
[1:1:0814/024234.120400:INFO:html_document_parser.cc(1203)]  $$$ [TASK] HTMLDocumentParser::AppendBytes -> BackgroundHTMLParser::AppendRawBytesFromMainThread
[9123:9123:0814/024234.179382:INFO:switcher_host_impl.cc(127)] >>> [Key] add a new principal. [cid, principal, url, frame_id] = 3, 3:11_https://s.yimg.com/, https://s.yimg.com/, 10
[9123:9123:0814/024234.179469:INFO:frame_tree_node.cc(349)] 	FrameTreeNode::SetCurrentOrigin. [frameid, routingid, origin, url] = 10, 11, https://s.yimg.com/, https://s.yimg.com
[1:1:0814/024234.190942:INFO:html_document_parser.cc(1203)]  $$$ [TASK] HTMLDocumentParser::AppendBytes -> BackgroundHTMLParser::AppendRawBytesFromMainThread
[1:1:0814/024234.198589:INFO:script_loader.cc(852)]  $$$ [Script] ScriptLoader::ExecuteScriptBlock. task_id, url is 2164, "https://s.yimg.com/rq/darla/3-15-0/html/r-sf.html"
[1:1:0814/024234.212426:INFO:html_parser_scheduler.cc(81)]  $$$ [TASK] HTMLParserScheduler::ScheduleForUnpause -> HTMLParserScheduler::ContinueParsing
[1:1:0814/024234.218982:INFO:script_loader.cc(852)]  $$$ [Script] ScriptLoader::ExecuteScriptBlock. task_id, url is 2182 0x7efe241338b0 0x1fe4474621e0 , "https://s.yimg.com/rq/darla/3-15-0/html/r-sf.html"
[1:1:0814/024234.358218:INFO:render_frame_impl.cc(1477)] 	RenderFrameImpl::Initialize. 12, 0x1fe4482d3820
[1:1:0814/024234.358405:INFO:web_local_frame_impl.cc(1666)] 		WebLocalFrame::SetRoutingID. routing_id = 12
[9123:9123:0814/024234.360258:INFO:render_frame_host_impl.cc(1417)] 	 enter RenderFrameHostImpl::OnCreateChildFrame
[9123:9123:0814/024234.363122:INFO:frame_tree.cc(218)] 	 enter FrameTree::AddFrame: , 12, 11, 
[9123:9123:0814/024234.387724:INFO:switcher_host_impl.cc(127)] >>> [Key] add a new principal. [cid, principal, url, frame_id] = 3, 3:12_https://s.yimg.com/, https://s.yimg.com/, 11
[9123:9123:0814/024234.387836:INFO:frame_tree_node.cc(349)] 	FrameTreeNode::SetCurrentOrigin. [frameid, routingid, origin, url] = 11, 12, https://s.yimg.com/, https://s.yimg.com
[1:1:0814/024234.396226:INFO:script_loader.cc(852)]  $$$ [Script] ScriptLoader::ExecuteScriptBlock. task_id, url is 2182 0x7efe241338b0 0x1fe4474621e0 , "https://s.yimg.com/rq/darla/3-15-0/html/r-sf.html"
[1:1:0814/024234.418299:INFO:html_tree_builder.cc(780)] >>> [renderer][DOM] receive <iframe>
[1:1:0814/024234.424286:INFO:render_frame_impl.cc(1477)] 	RenderFrameImpl::Initialize. 13, 0x1fe4482d2420
[1:1:0814/024234.424458:INFO:web_local_frame_impl.cc(1666)] 		WebLocalFrame::SetRoutingID. routing_id = 13
[9123:9123:0814/024234.427341:INFO:render_frame_host_impl.cc(1417)] 	 enter RenderFrameHostImpl::OnCreateChildFrame
[9123:9123:0814/024234.430001:INFO:frame_tree.cc(218)] 	 enter FrameTree::AddFrame: aswift_0, 13, 12, 
[9123:9123:0814/024234.450775:INFO:switcher_host_impl.cc(127)] >>> [Key] add a new principal. [cid, principal, url, frame_id] = 3, 3:13_https://s.yimg.com/, https://s.yimg.com/, 12
[9123:9123:0814/024234.450878:INFO:frame_tree_node.cc(349)] 	FrameTreeNode::SetCurrentOrigin. [frameid, routingid, origin, url] = 12, 13, https://s.yimg.com/, https://s.yimg.com
[9123:9123:0814/024234.459514:WARNING:render_frame_host_impl.cc(414)] InterfaceRequest was dropped, the document is no longer active: content::mojom::RendererAudioOutputStreamFactory
[1:1:0814/024234.462427:INFO:render_frame_impl.cc(1477)] 	RenderFrameImpl::Initialize. 14, 0x1fe4428d6020
[1:1:0814/024234.462609:INFO:web_local_frame_impl.cc(1666)] 		WebLocalFrame::SetRoutingID. routing_id = 14
[1:1:0814/024234.469397:INFO:render_frame_impl.cc(7018)] >>> [renderer][DOM] RenderFrameImpl::BeginNavigation
[1:1:0814/024234.469570:INFO:render_frame_impl.cc(7019)] 	 [url] = https://s.yimg.com
[9123:9123:0814/024234.470094:INFO:render_frame_host_impl.cc(1417)] 	 enter RenderFrameHostImpl::OnCreateChildFrame
[9123:9123:0814/024234.472473:INFO:frame_tree.cc(218)] 	 enter FrameTree::AddFrame: google_esf, 14, 13, 
[9123:9123:0814/024234.477244:INFO:render_frame_host_impl.cc(3108)] >>> [broswer][navigation] RenderFrameHostImpl::BeginNavigation. ID from switcher is 3:6_https://s.yimg.com/
[1:1:0814/024234.482230:INFO:html_parser_scheduler.cc(81)]  $$$ [TASK] HTMLParserScheduler::ScheduleForUnpause -> HTMLParserScheduler::ContinueParsing
[9123:9123:0814/024234.489613:INFO:navigation_url_loader_network_service.cc(1293)] 	 enter NavigationURLLoaderNetworkService::OnReceiveResponse
[9123:9123:0814/024234.490105:INFO:navigation_handle_impl.cc(765)] 	 enter NavigationHandleImpl::WillProcessResponse
[9123:9133:0814/024234.492039:INFO:interface_endpoint_client.cc(447)] >>> [Frame] get kURLLoader_ProceedWithResponse_Name. [pid, routing_id] = 3, 14
[9123:9133:0814/024234.492097:INFO:mojo_async_resource_handler.cc(459)] >>> [IPC] MojoAsyncResourceHandler::ProceedWithResponse konws [cid, routing_id]: 3, 14, HandleIncomingMessage, HandleIncomingMessage
[9123:9123:0814/024234.492180:INFO:render_frame_host_impl.cc(3699)] >>> RenderFrameHostImpl::CommitNavigation https://googleads.g.doubleclick.net/
[9123:9123:0814/024234.492222:INFO:switcher_host_impl.cc(127)] >>> [Key] add a new principal. [cid, principal, url, frame_id] = 3, 3:14_https://googleads.g.doubleclick.net/, https://googleads.g.doubleclick.net/pagead/html/r20190807/r20190131/zrt_lookup.html#, 13
[9123:9123:0814/024234.492369:INFO:render_frame_host_impl.cc(3718)] >>>	[site, common.url, headers] = 3:14_https://googleads.g.doubleclick.net/, HTTP/1.1 200 status:200 p3p:policyref="https://googleads.g.doubleclick.net/pagead/gcn_p3p_.xml", CP="CURa ADMa DEVa TAIo PSAo PSDo OUR IND UNI PUR INT DEM STA PRE COM NAV OTC NOI DSP COR" timing-allow-origin:* vary:Accept-Encoding date:Thu, 08 Aug 2019 16:26:48 GMT expires:Thu, 22 Aug 2019 16:26:48 GMT content-type:text/html; charset=UTF-8 etag:4817175036427020965 x-content-type-options:nosniff content-encoding:gzip server:cafe content-length:7274 x-xss-protection:0 cache-control:public, max-age=1209600 age:325045 alt-svc:quic="googleads.g.doubleclick.net:443"; ma=2592000; v="46,43,39",quic=":443"; ma=2592000; v="46,43,39"  ,9167, 3
[1:7:0814/024234.494990:INFO:ipc_mojo_bootstrap.cc(809)] >>> [IPC] Accept. post a task to AcceptOnProxyThread
[1:1:0814/024234.536619:INFO:script_loader.cc(852)]  $$$ [Script] ScriptLoader::ExecuteScriptBlock. task_id, url is 2217 0x7efe241338b0 0x1fe44768d4e0 , "https://s.yimg.com/rq/darla/3-15-0/html/r-sf.html"
[1:1:0814/024234.580395:INFO:render_frame_impl.cc(1477)] 	RenderFrameImpl::Initialize. 15, 0x1fe4428d7420
[1:1:0814/024234.580561:INFO:web_local_frame_impl.cc(1666)] 		WebLocalFrame::SetRoutingID. routing_id = 15
[9123:9123:0814/024234.582883:INFO:render_frame_host_impl.cc(1417)] 	 enter RenderFrameHostImpl::OnCreateChildFrame
[9123:9123:0814/024234.585825:INFO:frame_tree.cc(218)] 	 enter FrameTree::AddFrame: , 15, 14, 
[9123:9123:0814/024234.608541:INFO:switcher_host_impl.cc(127)] >>> [Key] add a new principal. [cid, principal, url, frame_id] = 3, 3:15_https://s.yimg.com/, https://s.yimg.com/, 14
[9123:9123:0814/024234.608639:INFO:frame_tree_node.cc(349)] 	FrameTreeNode::SetCurrentOrigin. [frameid, routingid, origin, url] = 14, 15, https://s.yimg.com/, https://s.yimg.com
[1:1:0814/024234.615483:INFO:script_loader.cc(852)]  $$$ [Script] ScriptLoader::ExecuteScriptBlock. task_id, url is 2217 0x7efe241338b0 0x1fe44768d4e0 , "https://s.yimg.com/rq/darla/3-15-0/html/r-sf.html"
[9123:9123:0814/024234.615684:WARNING:render_frame_host_impl.cc(414)] InterfaceRequest was dropped, the document is no longer active: content::mojom::RendererAudioOutputStreamFactory
[1:1:0814/024234.630514:INFO:html_tree_builder.cc(780)] >>> [renderer][DOM] receive <iframe>
[1:1:0814/024234.633120:INFO:render_frame_impl.cc(1477)] 	RenderFrameImpl::Initialize. 16, 0x1fe4428d7e20
[1:1:0814/024234.633271:INFO:web_local_frame_impl.cc(1666)] 		WebLocalFrame::SetRoutingID. routing_id = 16
[9123:9123:0814/024234.634144:INFO:render_frame_host_impl.cc(1417)] 	 enter RenderFrameHostImpl::OnCreateChildFrame
[9123:9123:0814/024234.636602:INFO:frame_tree.cc(218)] 	 enter FrameTree::AddFrame: aswift_0, 16, 15, 
[9123:9123:0814/024234.650643:INFO:switcher_host_impl.cc(127)] >>> [Key] add a new principal. [cid, principal, url, frame_id] = 3, 3:16_https://s.yimg.com/, https://s.yimg.com/, 15
[9123:9123:0814/024234.650728:INFO:frame_tree_node.cc(349)] 	FrameTreeNode::SetCurrentOrigin. [frameid, routingid, origin, url] = 15, 16, https://s.yimg.com/, https://s.yimg.com
[1:1:0814/024234.697491:INFO:html_parser_scheduler.cc(81)]  $$$ [TASK] HTMLParserScheduler::ScheduleForUnpause -> HTMLParserScheduler::ContinueParsing
[1:1:0814/024234.705042:INFO:html_parser_scheduler.cc(81)]  $$$ [TASK] HTMLParserScheduler::ScheduleForUnpause -> HTMLParserScheduler::ContinueParsing
[1:1:0814/024234.706679:INFO:html_parser_scheduler.cc(158)]  $$$ [TASK] HTMLParserScheduler::ContinueParsing
[1:1:0814/024234.706808:INFO:html_document_parser.cc(272)] >>> HTMLDocumentParser::ResumeParsingAfterYield. url is "https://s.yimg.com/ja/ap/ssp_cookie_sync/apac.html"
[1:1:0814/024234.708379:INFO:script_loader.cc(852)]  $$$ [Script] ScriptLoader::ExecuteScriptBlock. task_id, url is 2250 0x7efe2220d070 0x1fe44795f460 , "https://s.yimg.com/ja/ap/ssp_cookie_sync/apac.html"
[1:1:0814/024234.713380:INFO:render_frame_impl.cc(1477)] 	RenderFrameImpl::Initialize. 17, 0x1fe447d7d020
[1:1:0814/024234.713543:INFO:web_local_frame_impl.cc(1666)] 		WebLocalFrame::SetRoutingID. routing_id = 17
[9123:9123:0814/024234.713841:INFO:render_frame_host_impl.cc(1417)] 	 enter RenderFrameHostImpl::OnCreateChildFrame
[9123:9123:0814/024234.716945:INFO:frame_tree.cc(218)] 	 enter FrameTree::AddFrame: , 17, 16, 
[1:1:0814/024234.720022:INFO:render_frame_impl.cc(7018)] >>> [renderer][DOM] RenderFrameImpl::BeginNavigation
[1:1:0814/024234.720175:INFO:render_frame_impl.cc(7019)] 	 [url] = https://s.yimg.com
[9123:9123:0814/024234.726766:INFO:render_frame_host_impl.cc(3108)] >>> [broswer][navigation] RenderFrameHostImpl::BeginNavigation. ID from switcher is 3:9_https://s.yimg.com/
[1:1:0814/024234.729243:INFO:script_loader.cc(852)]  $$$ [Script] ScriptLoader::ExecuteScriptBlock. task_id, url is 2255, "https://s.yimg.com/rq/darla/3-15-0/html/r-sf.html"
[1:1:0814/024234.777242:INFO:html_parser_scheduler.cc(158)]  $$$ [TASK] HTMLParserScheduler::ContinueParsing
[1:1:0814/024234.777383:INFO:html_document_parser.cc(272)] >>> HTMLDocumentParser::ResumeParsingAfterYield. url is "https://tag.idsync.analytics.yahoo.com/sp-frame.html?referrer=https%3A%2F%2Fsg.yahoo.com%2F%3Fp%3Dus"
[1:1:0814/024234.784481:INFO:ipc_mojo_bootstrap.cc(894)] ### [Switcher][kFrameNavigationControl_CommitNavigation_Name] get additional field: 3:14_https://googleads.g.doubleclick.net/
[9123:9123:0814/024234.872559:INFO:navigation_url_loader_network_service.cc(1293)] 	 enter NavigationURLLoaderNetworkService::OnReceiveResponse
[9123:9123:0814/024234.873131:INFO:navigation_handle_impl.cc(765)] 	 enter NavigationHandleImpl::WillProcessResponse
[9123:9133:0814/024234.875324:INFO:interface_endpoint_client.cc(447)] >>> [Frame] get kURLLoader_ProceedWithResponse_Name. [pid, routing_id] = 3, 17
[9123:9133:0814/024234.875378:INFO:mojo_async_resource_handler.cc(459)] >>> [IPC] MojoAsyncResourceHandler::ProceedWithResponse konws [cid, routing_id]: 3, 17, HandleIncomingMessage, HandleIncomingMessage
[9123:9123:0814/024234.875390:INFO:render_frame_host_impl.cc(3699)] >>> RenderFrameHostImpl::CommitNavigation https://ads.pubmatic.com/
[9123:9123:0814/024234.875426:INFO:switcher_host_impl.cc(127)] >>> [Key] add a new principal. [cid, principal, url, frame_id] = 3, 3:17_https://ads.pubmatic.com/, https://ads.pubmatic.com/AdServer/js/user_sync.html?p=156107&s=176446&predirect=https%3A%2F%2Fpr-bh.ybp.yahoo.com%2Fsync%2Fpubmatic%2F, 16
[9123:9123:0814/024234.875483:INFO:render_frame_host_impl.cc(3718)] >>>	[site, common.url, headers] = 3:17_https://ads.pubmatic.com/, HTTP/1.1 200 OK Last-Modified: Fri, 26 Jul 2019 09:40:01 GMT ETag: "1300708-26ca-58e92538a370a" Server: Apache/2.2.15 (CentOS) Accept-Ranges: bytes Content-Encoding: gzip P3P: CP="NOI DSP COR LAW CUR ADMo DEVo TAIo PSAo PSDo IVAo IVDo HISo OTPo OUR SAMo BUS UNI COM NAV INT DEM CNT STA PRE LOC", CP="NOI DSP COR LAW CUR ADMo DEVo TAIo PSAo PSDo IVAo IVDo HISo OTPo OUR SAMo BUS UNI COM NAV INT DEM CNT STA PRE LOC" Content-Length: 3860 Content-Type: text/html; charset=UTF-8 Cache-Control: max-age=109687 Expires: Tue, 13 Aug 2019 17:12:20 GMT Date: Mon, 12 Aug 2019 10:44:13 GMT Connection: keep-alive Vary: Accept-Encoding  ,9167, 3
[1:7:0814/024234.876630:INFO:ipc_mojo_bootstrap.cc(809)] >>> [IPC] Accept. post a task to AcceptOnProxyThread
[1:1:0814/024234.935648:INFO:html_parser_scheduler.cc(158)]  $$$ [TASK] HTMLParserScheduler::ContinueParsing
[1:1:0814/024234.935797:INFO:html_document_parser.cc(272)] >>> HTMLDocumentParser::ResumeParsingAfterYield. url is "https://s.yimg.com/ja/ap/ssp_cookie_sync/apac.html"
[1:1:0814/024234.937418:INFO:script_loader.cc(852)]  $$$ [Script] ScriptLoader::ExecuteScriptBlock. task_id, url is 2419 0x7efe2220d070 0x1fe447aebc60 , "https://s.yimg.com/ja/ap/ssp_cookie_sync/apac.html"
[1:1:0814/024234.941821:INFO:render_frame_impl.cc(1477)] 	RenderFrameImpl::Initialize. 18, 0x1fe4428d8820
[1:1:0814/024234.941976:INFO:web_local_frame_impl.cc(1666)] 		WebLocalFrame::SetRoutingID. routing_id = 18
[9123:9123:0814/024234.943060:INFO:render_frame_host_impl.cc(1417)] 	 enter RenderFrameHostImpl::OnCreateChildFrame
[9123:9123:0814/024234.945820:INFO:frame_tree.cc(218)] 	 enter FrameTree::AddFrame: , 18, 17, 
[1:1:0814/024234.947729:INFO:render_frame_impl.cc(7018)] >>> [renderer][DOM] RenderFrameImpl::BeginNavigation
[1:1:0814/024234.947851:INFO:render_frame_impl.cc(7019)] 	 [url] = https://s.yimg.com
[9123:9123:0814/024234.952012:INFO:render_frame_host_impl.cc(3108)] >>> [broswer][navigation] RenderFrameHostImpl::BeginNavigation. ID from switcher is 3:11_https://s.yimg.com/
[1:1:0814/024234.953983:INFO:html_parser_scheduler.cc(158)]  $$$ [TASK] HTMLParserScheduler::ContinueParsing
[1:1:0814/024234.954084:INFO:html_document_parser.cc(272)] >>> HTMLDocumentParser::ResumeParsingAfterYield. url is "https://s.yimg.com/rq/darla/3-15-0/html/r-sf.html"
[9123:9123:0814/024234.965809:INFO:navigation_url_loader_network_service.cc(1293)] 	 enter NavigationURLLoaderNetworkService::OnReceiveResponse
[9123:9123:0814/024234.966511:INFO:navigation_handle_impl.cc(765)] 	 enter NavigationHandleImpl::WillProcessResponse
[9123:9133:0814/024234.968619:INFO:interface_endpoint_client.cc(447)] >>> [Frame] get kURLLoader_ProceedWithResponse_Name. [pid, routing_id] = 3, 18
[9123:9133:0814/024234.968690:INFO:mojo_async_resource_handler.cc(459)] >>> [IPC] MojoAsyncResourceHandler::ProceedWithResponse konws [cid, routing_id]: 3, 18, HandleIncomingMessage, HandleIncomingMessage
[9123:9123:0814/024234.968708:INFO:render_frame_host_impl.cc(3699)] >>> RenderFrameHostImpl::CommitNavigation https://ads.pubmatic.com/
[9123:9123:0814/024234.968749:INFO:switcher_host_impl.cc(127)] >>> [Key] add a new principal. [cid, principal, url, frame_id] = 3, 3:18_https://ads.pubmatic.com/, https://ads.pubmatic.com/AdServer/js/user_sync.html?p=156107&s=176446&predirect=https%3A%2F%2Fpr-bh.ybp.yahoo.com%2Fsync%2Fpubmatic%2F, 17
[9123:9123:0814/024234.968819:INFO:render_frame_host_impl.cc(3718)] >>>	[site, common.url, headers] = 3:18_https://ads.pubmatic.com/, HTTP/1.1 200 OK Last-Modified: Fri, 26 Jul 2019 09:40:01 GMT Cache-Control: max-age=109687 Expires: Tue, 13 Aug 2019 17:12:20 GMT Date: Mon, 12 Aug 2019 10:44:13 GMT ETag: "1300708-26ca-58e92538a370a" Server: Apache/2.2.15 (CentOS) Accept-Ranges: bytes Content-Encoding: gzip P3P: CP="NOI DSP COR LAW CUR ADMo DEVo TAIo PSAo PSDo IVAo IVDo HISo OTPo OUR SAMo BUS UNI COM NAV INT DEM CNT STA PRE LOC", CP="NOI DSP COR LAW CUR ADMo DEVo TAIo PSAo PSDo IVAo IVDo HISo OTPo OUR SAMo BUS UNI COM NAV INT DEM CNT STA PRE LOC" Content-Length: 3860 Content-Type: text/html; charset=UTF-8 Vary: Accept-Encoding  ,9167, 3
[1:1:0814/024234.969330:INFO:html_parser_scheduler.cc(81)]  $$$ [TASK] HTMLParserScheduler::ScheduleForUnpause -> HTMLParserScheduler::ContinueParsing
[1:7:0814/024234.970707:INFO:ipc_mojo_bootstrap.cc(809)] >>> [IPC] Accept. post a task to AcceptOnProxyThread
[1:1:0814/024234.975286:INFO:script_loader.cc(852)]  $$$ [Script] ScriptLoader::ExecuteScriptBlock. task_id, url is 2456 0x7efe241338b0 0x1fe446cc88e0 , "https://s.yimg.com/rq/darla/3-15-0/html/r-sf.html"
[1:1:0814/024234.976877:INFO:script_loader.cc(852)]  $$$ [Script] ScriptLoader::ExecuteScriptBlock. task_id, url is 2457 0x7efe241338b0 0x1fe447d7cf60 , "https://s.yimg.com/rq/darla/3-15-0/html/r-sf.html"
[1:1:0814/024234.993400:INFO:script_loader.cc(852)]  $$$ [Script] ScriptLoader::ExecuteScriptBlock. task_id, url is 2470 0x7efe38894080 0x1fe4477c9420 1 0 0x1fe4477c9438 , "https://s.yimg.com/rq/darla/3-15-0/html/r-sf.html"
[9123:9123:0814/024235.181901:INFO:render_frame_host_impl.cc(1417)] 	 enter RenderFrameHostImpl::OnCreateChildFrame
[1:1:0814/024235.182481:INFO:render_frame_impl.cc(1477)] 	RenderFrameImpl::Initialize. 19, 0x1fe447d7f820
[1:1:0814/024235.182623:INFO:web_local_frame_impl.cc(1666)] 		WebLocalFrame::SetRoutingID. routing_id = 19
[9123:9123:0814/024235.183830:INFO:frame_tree.cc(218)] 	 enter FrameTree::AddFrame: , 19, 18, 
[9123:9123:0814/024235.197257:INFO:switcher_host_impl.cc(127)] >>> [Key] add a new principal. [cid, principal, url, frame_id] = 3, 3:19_https://s.yimg.com/, https://s.yimg.com/, 18
[9123:9123:0814/024235.197325:INFO:frame_tree_node.cc(349)] 	FrameTreeNode::SetCurrentOrigin. [frameid, routingid, origin, url] = 18, 19, https://s.yimg.com/, https://s.yimg.com
[9123:9123:0814/024235.405099:INFO:switcher_host_impl.cc(127)] >>> [Key] add a new principal. [cid, principal, url, frame_id] = 3, 3:14_https://googleads.g.doubleclick.net/, https://googleads.g.doubleclick.net/, 13
[9123:9123:0814/024235.405176:INFO:frame_tree_node.cc(349)] 	FrameTreeNode::SetCurrentOrigin. [frameid, routingid, origin, url] = 13, 14, https://googleads.g.doubleclick.net/, https://googleads.g.doubleclick.net
[1:1:0814/024235.406416:INFO:html_document_parser.cc(1203)]  $$$ [TASK] HTMLDocumentParser::AppendBytes -> BackgroundHTMLParser::AppendRawBytesFromMainThread
[1:1:0814/024235.415899:INFO:script_loader.cc(852)]  $$$ [Script] ScriptLoader::ExecuteScriptBlock. task_id, url is 2490, "https://tag.idsync.analytics.yahoo.com/sp-frame.html?referrer=https%3A%2F%2Fsg.yahoo.com%2F%3Fp%3Dus"
[1:1:0814/024235.510680:INFO:script_loader.cc(852)]  $$$ [Script] ScriptLoader::ExecuteScriptBlock. task_id, url is 2506 0x7efe241338b0 0x1fe448795de0 , "https://s.yimg.com/rq/darla/3-15-0/html/r-sf.html"
[1:1:0814/024235.512277:INFO:script_loader.cc(852)]  $$$ [Script] ScriptLoader::ExecuteScriptBlock. task_id, url is 2507 0x7efe241338b0 0x1fe447af0960 , "https://s.yimg.com/rq/darla/3-15-0/html/r-sf.html"
[1:1:0814/024235.522070:INFO:ipc_mojo_bootstrap.cc(894)] ### [Switcher][kFrameNavigationControl_CommitNavigation_Name] get additional field: 3:17_https://ads.pubmatic.com/
[1:1:0814/024235.554634:INFO:script_loader.cc(852)]  $$$ [Script] ScriptLoader::ExecuteScriptBlock. task_id, url is 2557 0x7efe38894080 0x1fe447a84b00 1 0 0x1fe447a84b18 , "https://s.yimg.com/rq/darla/3-15-0/html/r-sf.html"
[9123:9123:0814/024235.626025:INFO:render_frame_host_impl.cc(1417)] 	 enter RenderFrameHostImpl::OnCreateChildFrame
[1:1:0814/024235.626778:INFO:render_frame_impl.cc(1477)] 	RenderFrameImpl::Initialize. 20, 0x1fe447d7f820
[1:1:0814/024235.626898:INFO:web_local_frame_impl.cc(1666)] 		WebLocalFrame::SetRoutingID. routing_id = 20
[9123:9123:0814/024235.628805:INFO:frame_tree.cc(218)] 	 enter FrameTree::AddFrame: , 20, 19, 
[9123:9123:0814/024235.641958:INFO:switcher_host_impl.cc(127)] >>> [Key] add a new principal. [cid, principal, url, frame_id] = 3, 3:20_https://s.yimg.com/, https://s.yimg.com/, 19
[9123:9123:0814/024235.642056:INFO:frame_tree_node.cc(349)] 	FrameTreeNode::SetCurrentOrigin. [frameid, routingid, origin, url] = 19, 20, https://s.yimg.com/, https://s.yimg.com
[1:1:0814/024235.788458:INFO:html_parser_scheduler.cc(158)]  $$$ [TASK] HTMLParserScheduler::ContinueParsing
[1:1:0814/024235.788644:INFO:html_document_parser.cc(272)] >>> HTMLDocumentParser::ResumeParsingAfterYield. url is "https://s.yimg.com/rq/darla/3-15-0/html/r-sf.html"
[1:1:0814/024235.795330:INFO:ipc_mojo_bootstrap.cc(894)] ### [Switcher][kFrameNavigationControl_CommitNavigation_Name] get additional field: 3:18_https://ads.pubmatic.com/
[1:1:0814/024235.871640:INFO:html_parser_scheduler.cc(81)]  $$$ [TASK] HTMLParserScheduler::ScheduleForUnpause -> HTMLParserScheduler::ContinueParsing
[9123:9123:0814/024235.934802:INFO:switcher_host_impl.cc(127)] >>> [Key] add a new principal. [cid, principal, url, frame_id] = 3, 3:17_https://ads.pubmatic.com/, https://ads.pubmatic.com/, 16
[9123:9123:0814/024235.934893:INFO:frame_tree_node.cc(349)] 	FrameTreeNode::SetCurrentOrigin. [frameid, routingid, origin, url] = 16, 17, https://ads.pubmatic.com/, https://ads.pubmatic.com
[1:1:0814/024235.937569:INFO:html_document_parser.cc(1203)]  $$$ [TASK] HTMLDocumentParser::AppendBytes -> BackgroundHTMLParser::AppendRawBytesFromMainThread
[9123:9123:0814/024236.034945:INFO:switcher_host_impl.cc(127)] >>> [Key] add a new principal. [cid, principal, url, frame_id] = 3, 3:18_https://ads.pubmatic.com/, https://ads.pubmatic.com/, 17
[9123:9123:0814/024236.035023:INFO:frame_tree_node.cc(349)] 	FrameTreeNode::SetCurrentOrigin. [frameid, routingid, origin, url] = 17, 18, https://ads.pubmatic.com/, https://ads.pubmatic.com
[1:1:0814/024236.036581:INFO:html_document_parser.cc(1203)]  $$$ [TASK] HTMLDocumentParser::AppendBytes -> BackgroundHTMLParser::AppendRawBytesFromMainThread
[1:1:0814/024236.047014:INFO:script_loader.cc(852)]  $$$ [Script] ScriptLoader::ExecuteScriptBlock. task_id, url is 2834 0x7efe38894080 0x1fe4483c89c0 1 0 0x1fe4483c89d8 , "https://s.yimg.com/rq/darla/3-15-0/html/r-sf.html"
[1:1:0814/024236.123331:INFO:script_loader.cc(852)]  $$$ [Script] ScriptLoader::ExecuteScriptBlock. task_id, url is 2834 0x7efe38894080 0x1fe4483c89c0 1 0 0x1fe4483c89d8 , "https://s.yimg.com/rq/darla/3-15-0/html/r-sf.html"
[1:1:0814/024236.123973:INFO:script_loader.cc(852)]  $$$ [Script] ScriptLoader::ExecuteScriptBlock. task_id, url is 2834 0x7efe38894080 0x1fe4483c89c0 1 0 0x1fe4483c89d8 , "https://s.yimg.com/rq/darla/3-15-0/html/r-sf.html"
[9123:9123:0814/024236.219594:INFO:render_frame_host_impl.cc(1417)] 	 enter RenderFrameHostImpl::OnCreateChildFrame
[1:1:0814/024236.221024:INFO:render_frame_impl.cc(1477)] 	RenderFrameImpl::Initialize. 21, 0x1fe4428d6a20
[1:1:0814/024236.221175:INFO:web_local_frame_impl.cc(1666)] 		WebLocalFrame::SetRoutingID. routing_id = 21
[9123:9123:0814/024236.222492:INFO:frame_tree.cc(218)] 	 enter FrameTree::AddFrame: google_ads_frame1, 21, 20, 
[1:1:0814/024236.231512:INFO:render_frame_impl.cc(7018)] >>> [renderer][DOM] RenderFrameImpl::BeginNavigation
[1:1:0814/024236.231663:INFO:render_frame_impl.cc(7019)] 	 [url] = https://s.yimg.com
[9123:9123:0814/024236.232416:INFO:render_frame_host_impl.cc(3108)] >>> [broswer][navigation] RenderFrameHostImpl::BeginNavigation. ID from switcher is 3:6_https://s.yimg.com/
[1:1:0814/024236.313089:INFO:html_parser_scheduler.cc(158)]  $$$ [TASK] HTMLParserScheduler::ContinueParsing
[1:1:0814/024236.313239:INFO:html_document_parser.cc(272)] >>> HTMLDocumentParser::ResumeParsingAfterYield. url is "https://googleads.g.doubleclick.net/pagead/html/r20190807/r20190131/zrt_lookup.html#"
[1:1:0814/024236.314624:INFO:script_loader.cc(852)]  $$$ [Script] ScriptLoader::ExecuteScriptBlock. task_id, url is 2863 0x7efe2220d070 0x1fe447ac5160 , "https://googleads.g.doubleclick.net/pagead/html/r20190807/r20190131/zrt_lookup.html#"
[1:1:0814/024236.358609:INFO:script_loader.cc(852)]  $$$ [Script] ScriptLoader::ExecuteScriptBlock. task_id, url is 2887 0x7efe38894080 0x1fe4487fcc40 1 0 0x1fe4487fcc58 , "https://s.yimg.com/rq/darla/3-15-0/html/r-sf.html"
[1:1:0814/024236.381725:INFO:script_loader.cc(852)]  $$$ [Script] ScriptLoader::ExecuteScriptBlock. task_id, url is 2887 0x7efe38894080 0x1fe4487fcc40 1 0 0x1fe4487fcc58 , "https://s.yimg.com/rq/darla/3-15-0/html/r-sf.html"
[1:1:0814/024236.382305:INFO:script_loader.cc(852)]  $$$ [Script] ScriptLoader::ExecuteScriptBlock. task_id, url is 2887 0x7efe38894080 0x1fe4487fcc40 1 0 0x1fe4487fcc58 , "https://s.yimg.com/rq/darla/3-15-0/html/r-sf.html"
[9123:9123:0814/024236.436841:INFO:render_frame_host_impl.cc(1417)] 	 enter RenderFrameHostImpl::OnCreateChildFrame
[1:1:0814/024236.437837:INFO:render_frame_impl.cc(1477)] 	RenderFrameImpl::Initialize. 22, 0x1fe447d7e420
[1:1:0814/024236.437956:INFO:web_local_frame_impl.cc(1666)] 		WebLocalFrame::SetRoutingID. routing_id = 22
[9123:9123:0814/024236.439191:INFO:frame_tree.cc(218)] 	 enter FrameTree::AddFrame: google_ads_frame1, 22, 21, 
[1:1:0814/024236.445332:INFO:render_frame_impl.cc(7018)] >>> [renderer][DOM] RenderFrameImpl::BeginNavigation
[1:1:0814/024236.445498:INFO:render_frame_impl.cc(7019)] 	 [url] = https://s.yimg.com
[9123:9123:0814/024236.448478:INFO:render_frame_host_impl.cc(3108)] >>> [broswer][navigation] RenderFrameHostImpl::BeginNavigation. ID from switcher is 3:6_https://s.yimg.com/
[1:1:0814/024236.471822:INFO:html_parser_scheduler.cc(81)]  $$$ [TASK] HTMLParserScheduler::ScheduleForUnpause -> HTMLParserScheduler::ContinueParsing
[1:1:0814/024236.480761:INFO:script_loader.cc(852)]  $$$ [Script] ScriptLoader::ExecuteScriptBlock. task_id, url is 2918 0x7efe241338b0 0x1fe447af09e0 , "https://s.yimg.com/rq/darla/3-15-0/html/r-sf.html"
[9123:9123:0814/024236.499696:INFO:navigation_url_loader_network_service.cc(1293)] 	 enter NavigationURLLoaderNetworkService::OnReceiveResponse
[9123:9123:0814/024236.500458:INFO:navigation_handle_impl.cc(765)] 	 enter NavigationHandleImpl::WillProcessResponse
[9123:9133:0814/024236.502466:INFO:interface_endpoint_client.cc(447)] >>> [Frame] get kURLLoader_ProceedWithResponse_Name. [pid, routing_id] = 3, 21
[9123:9123:0814/024236.502552:INFO:render_frame_host_impl.cc(3699)] >>> RenderFrameHostImpl::CommitNavigation https://googleads.g.doubleclick.net/
[9123:9133:0814/024236.502543:INFO:mojo_async_resource_handler.cc(459)] >>> [IPC] MojoAsyncResourceHandler::ProceedWithResponse konws [cid, routing_id]: 3, 21, HandleIncomingMessage, HandleIncomingMessage
[9123:9123:0814/024236.502601:INFO:switcher_host_impl.cc(127)] >>> [Key] add a new principal. [cid, principal, url, frame_id] = 3, 3:21_https://googleads.g.doubleclick.net/, https://googleads.g.doubleclick.net/pagead/ads?client=ca-pub-6785382607161389&output=html&h=250&slotname=1481641241&adk=873667032&adf=2170632790&w=970&guci=2.2.0.0.2.2.0.0&format=970x250&url=https%3A%2F%2Fsg.yahoo.com%2F%3Fp%3Dus&ea=0&flash=0&wgl=1&adsid=NT&dt=1565721754341&bpp=130&bdt=2363&fdt=1783&idt=1784&shv=r20190807&cbv=r20190131&saldr=aa&correlator=7383883052682&frm=24&ife=3&pv=2&ga_vid=1770227444.1565721756&ga_sid=1565721756&ga_hid=1557846773&ga_fc=0&iag=3&icsg=649&nhd=1&dssz=7&mdo=33554432&mso=33554432&u_tz=480&u_his=2&u_java=0&u_h=1080&u_w=1920&u_ah=1056&u_aw=1855&u_cd=24&u_nplug=2&u_nmime=2&adx=0&ady=0&biw=-12245933&bih=-12245933&isw=970&ish=250&ifk=1279951156&scr_x=-12245933&scr_y=-12245933&oid=2&loc=https%3A%2F%2Fsg.yahoo.com%2F%3Fp%3Dus&rx=0&eae=3&brdim=75%2C34%2C75%2C34%2C1855%2C24%2C1280%2C1024%2C970%2C250&vis=1&rsz=%7C%7CaeE%7C&abl=CA&pfx=0&fu=16&bc=31&osw_key=2632625191&ifi=1&uci=1.pszr93z2if8k&fsb=1&dtd=1876, 20
[9123:9123:0814/024236.502676:INFO:render_frame_host_impl.cc(3718)] >>>	[site, common.url, headers] = 3:21_https://googleads.g.doubleclick.net/, HTTP/1.1 200 status:200 p3p:policyref="https://googleads.g.doubleclick.net/pagead/gcn_p3p_.xml", CP="CURa ADMa DEVa TAIo PSAo PSDo OUR IND UNI PUR INT DEM STA PRE COM NAV OTC NOI DSP COR" timing-allow-origin:* content-type:text/html; charset=UTF-8 x-content-type-options:nosniff content-encoding:br date:Mon, 12 Aug 2019 10:44:15 GMT server:cafe content-length:6981 x-xss-protection:0 alt-svc:quic="googleads.g.doubleclick.net:443"; ma=2592000; v="46,43,39",quic=":443"; ma=2592000; v="46,43,39"  ,9167, 3
[1:7:0814/024236.505833:INFO:ipc_mojo_bootstrap.cc(809)] >>> [IPC] Accept. post a task to AcceptOnProxyThread
[1:1:0814/024236.526529:INFO:script_loader.cc(852)]  $$$ [Script] ScriptLoader::ExecuteScriptBlock. task_id, url is 2933 0x7efe241338b0 0x1fe4484bd860 , "https://s.yimg.com/rq/darla/3-15-0/html/r-sf.html"
[1:1:0814/024236.534065:INFO:html_parser_scheduler.cc(81)]  $$$ [TASK] HTMLParserScheduler::ScheduleForUnpause -> HTMLParserScheduler::ContinueParsing
[1:1:0814/024236.621532:INFO:html_parser_scheduler.cc(158)]  $$$ [TASK] HTMLParserScheduler::ContinueParsing
[1:1:0814/024236.621731:INFO:html_document_parser.cc(272)] >>> HTMLDocumentParser::ResumeParsingAfterYield. url is "https://ads.pubmatic.com/AdServer/js/user_sync.html?p=156107&s=176446&predirect=https%3A%2F%2Fpr-bh.ybp.yahoo.com%2Fsync%2Fpubmatic%2F"
[1:1:0814/024236.623088:INFO:script_loader.cc(852)]  $$$ [Script] ScriptLoader::ExecuteScriptBlock. task_id, url is 3080 0x7efe2220d070 0x1fe44c735be0 , "https://ads.pubmatic.com/AdServer/js/user_sync.html?p=156107&s=176446&predirect=https%3A%2F%2Fpr-bh.ybp.yahoo.com%2Fsync%2Fpubmatic%2F"
[1:1:0814/024236.633697:INFO:html_tree_builder.cc(780)] >>> [renderer][DOM] receive <iframe>
[9123:9123:0814/024236.634696:INFO:render_frame_host_impl.cc(1417)] 	 enter RenderFrameHostImpl::OnCreateChildFrame
[1:1:0814/024236.635932:INFO:render_frame_impl.cc(1477)] 	RenderFrameImpl::Initialize. 23, 0x1fe447d7f820
[1:1:0814/024236.636093:INFO:web_local_frame_impl.cc(1666)] 		WebLocalFrame::SetRoutingID. routing_id = 23
[9123:9123:0814/024236.636824:INFO:frame_tree.cc(218)] 	 enter FrameTree::AddFrame: , 23, 22, 
[1:1:0814/024236.643428:INFO:render_frame_impl.cc(7018)] >>> [renderer][DOM] RenderFrameImpl::BeginNavigation
[1:1:0814/024236.643595:INFO:render_frame_impl.cc(7019)] 	 [url] = https://ads.pubmatic.com
[9123:9123:0814/024236.644162:INFO:render_frame_host_impl.cc(3108)] >>> [broswer][navigation] RenderFrameHostImpl::BeginNavigation. ID from switcher is 3:17_https://ads.pubmatic.com/
[1:1:0814/024236.667522:INFO:ipc_mojo_bootstrap.cc(894)] ### [Switcher][kFrameNavigationControl_CommitNavigation_Name] get additional field: 3:21_https://googleads.g.doubleclick.net/
[9123:9123:0814/024236.681011:INFO:navigation_url_loader_network_service.cc(1293)] 	 enter NavigationURLLoaderNetworkService::OnReceiveResponse
[9123:9123:0814/024236.681725:INFO:navigation_handle_impl.cc(765)] 	 enter NavigationHandleImpl::WillProcessResponse
[9123:9133:0814/024236.684750:INFO:interface_endpoint_client.cc(447)] >>> [Frame] get kURLLoader_ProceedWithResponse_Name. [pid, routing_id] = 3, 23
[9123:9133:0814/024236.684816:INFO:mojo_async_resource_handler.cc(459)] >>> [IPC] MojoAsyncResourceHandler::ProceedWithResponse konws [cid, routing_id]: 3, 23, HandleIncomingMessage, HandleIncomingMessage
[9123:9123:0814/024236.684891:INFO:render_frame_host_impl.cc(3699)] >>> RenderFrameHostImpl::CommitNavigation https://ads.pubmatic.com/
[9123:9123:0814/024236.684947:INFO:switcher_host_impl.cc(127)] >>> [Key] add a new principal. [cid, principal, url, frame_id] = 3, 3:23_https://ads.pubmatic.com/, https://ads.pubmatic.com/AdServer/js/showad.js#PIX&kdntuid=1&SPug=true&p=156107&s=176446&predirect=https%3A%2F%2Fpr-bh.ybp.yahoo.com%2Fsync%2Fpubmatic%2F&it=0&gdpr=0&np=0, 22
[9123:9123:0814/024236.685038:INFO:render_frame_host_impl.cc(3718)] >>>	[site, common.url, headers] = 3:23_https://ads.pubmatic.com/, HTTP/1.1 200 OK Last-Modified: Fri, 26 Jul 2019 09:39:45 GMT ETag: "13006b6-9bf6-58e925294ef26" Server: Apache/2.2.15 (CentOS) Accept-Ranges: bytes Content-Encoding: gzip Set-Cookie: KTPCACOOKIE=YES; domain=.pubmatic.com; path=/; max-age=7776000; P3P: CP="NOI DSP COR LAW CUR ADMo DEVo TAIo PSAo PSDo IVAo IVDo HISo OTPo OUR SAMo BUS UNI COM NAV INT DEM CNT STA PRE LOC", CP="NOI DSP COR LAW CUR ADMo DEVo TAIo PSAo PSDo IVAo IVDo HISo OTPo OUR SAMo BUS UNI COM NAV INT DEM CNT STA PRE LOC" Content-Length: 14898 Content-Type: text/html; charset=UTF-8 Cache-Control: public, max-age=100122 Expires: Tue, 13 Aug 2019 14:32:57 GMT Date: Mon, 12 Aug 2019 10:44:15 GMT Connection: keep-alive Vary: Accept-Encoding  ,9167, 3
[1:7:0814/024236.686084:INFO:ipc_mojo_bootstrap.cc(809)] >>> [IPC] Accept. post a task to AcceptOnProxyThread
[1:1:0814/024236.697795:INFO:html_parser_scheduler.cc(158)]  $$$ [TASK] HTMLParserScheduler::ContinueParsing
[1:1:0814/024236.697965:INFO:html_document_parser.cc(272)] >>> HTMLDocumentParser::ResumeParsingAfterYield. url is "https://ads.pubmatic.com/AdServer/js/user_sync.html?p=156107&s=176446&predirect=https%3A%2F%2Fpr-bh.ybp.yahoo.com%2Fsync%2Fpubmatic%2F"
[1:1:0814/024236.699531:INFO:script_loader.cc(852)]  $$$ [Script] ScriptLoader::ExecuteScriptBlock. task_id, url is 3103 0x7efe2220d070 0x1fe44745f060 , "https://ads.pubmatic.com/AdServer/js/user_sync.html?p=156107&s=176446&predirect=https%3A%2F%2Fpr-bh.ybp.yahoo.com%2Fsync%2Fpubmatic%2F"
[9123:9123:0814/024236.701237:INFO:navigation_url_loader_network_service.cc(1293)] 	 enter NavigationURLLoaderNetworkService::OnReceiveResponse
[9123:9123:0814/024236.701828:INFO:navigation_handle_impl.cc(765)] 	 enter NavigationHandleImpl::WillProcessResponse
[9123:9133:0814/024236.704187:INFO:interface_endpoint_client.cc(447)] >>> [Frame] get kURLLoader_ProceedWithResponse_Name. [pid, routing_id] = 3, 22
[9123:9123:0814/024236.704256:INFO:render_frame_host_impl.cc(3699)] >>> RenderFrameHostImpl::CommitNavigation https://googleads.g.doubleclick.net/
[9123:9133:0814/024236.704253:INFO:mojo_async_resource_handler.cc(459)] >>> [IPC] MojoAsyncResourceHandler::ProceedWithResponse konws [cid, routing_id]: 3, 22, HandleIncomingMessage, HandleIncomingMessage
[9123:9123:0814/024236.704300:INFO:switcher_host_impl.cc(127)] >>> [Key] add a new principal. [cid, principal, url, frame_id] = 3, 3:22_https://googleads.g.doubleclick.net/, https://googleads.g.doubleclick.net/pagead/ads?client=ca-pub-6785382607161389&output=html&h=250&slotname=1481641241&adk=3950437848&adf=2170632791&w=300&guci=2.2.0.0.2.2.0.0&format=300x250&url=https%3A%2F%2Fsg.yahoo.com%2F%3Fp%3Dus&ea=0&flash=0&avail_w=0&wgl=1&adsid=NT&dt=1565721754572&bpp=103&bdt=2617&fdt=1810&idt=1811&shv=r20190807&cbv=r20190131&saldr=aa&correlator=6177318983270&frm=24&ife=3&pv=2&ga_vid=1933586812.1565721756&ga_sid=1565721756&ga_hid=182918301&ga_fc=0&iag=3&icsg=649&nhd=1&dssz=7&mdo=33554432&mso=33554432&u_tz=480&u_his=2&u_java=0&u_h=1080&u_w=1920&u_ah=1056&u_aw=1855&u_cd=24&u_nplug=2&u_nmime=2&adx=0&ady=0&biw=-12245933&bih=-12245933&isw=300&ish=250&ifk=1120905753&scr_x=-12245933&scr_y=-12245933&eid=42631003&oid=3&loc=https%3A%2F%2Fsg.yahoo.com%2F%3Fp%3Dus&rx=0&eae=3&brdim=75%2C34%2C75%2C34%2C1855%2C24%2C1280%2C1024%2C300%2C250&vis=1&rsz=%7C%7CaeE%7C&abl=CA&pfx=0&fu=16&bc=31&osw_key=1550835982&ifi=1&uci=1.hm7r9ua6n7f7&fsb=1&dtd=1863, 21
[9123:9123:0814/024236.704373:INFO:render_frame_host_impl.cc(3718)] >>>	[site, common.url, headers] = 3:22_https://googleads.g.doubleclick.net/, HTTP/1.1 200 status:200 p3p:policyref="https://googleads.g.doubleclick.net/pagead/gcn_p3p_.xml", CP="CURa ADMa DEVa TAIo PSAo PSDo OUR IND UNI PUR INT DEM STA PRE COM NAV OTC NOI DSP COR" timing-allow-origin:* content-type:text/html; charset=UTF-8 x-content-type-options:nosniff content-encoding:br date:Mon, 12 Aug 2019 10:44:15 GMT server:cafe content-length:21121 x-xss-protection:0 alt-svc:quic="googleads.g.doubleclick.net:443"; ma=2592000; v="46,43,39",quic=":443"; ma=2592000; v="46,43,39"  ,9167, 3
[1:1:0814/024236.705589:INFO:html_tree_builder.cc(780)] >>> [renderer][DOM] receive <iframe>
[1:7:0814/024236.705736:INFO:ipc_mojo_bootstrap.cc(809)] >>> [IPC] Accept. post a task to AcceptOnProxyThread
[9123:9123:0814/024236.707390:INFO:render_frame_host_impl.cc(1417)] 	 enter RenderFrameHostImpl::OnCreateChildFrame
[1:1:0814/024236.708346:INFO:render_frame_impl.cc(1477)] 	RenderFrameImpl::Initialize. 24, 0x1fe447d7ee20
[1:1:0814/024236.708465:INFO:web_local_frame_impl.cc(1666)] 		WebLocalFrame::SetRoutingID. routing_id = 24
[9123:9123:0814/024236.709584:INFO:frame_tree.cc(218)] 	 enter FrameTree::AddFrame: , 24, 23, 
[1:1:0814/024236.715036:INFO:render_frame_impl.cc(7018)] >>> [renderer][DOM] RenderFrameImpl::BeginNavigation
[1:1:0814/024236.715167:INFO:render_frame_impl.cc(7019)] 	 [url] = https://ads.pubmatic.com
[9123:9123:0814/024236.716763:INFO:render_frame_host_impl.cc(3108)] >>> [broswer][navigation] RenderFrameHostImpl::BeginNavigation. ID from switcher is 3:18_https://ads.pubmatic.com/
[9123:9123:0814/024236.727181:INFO:navigation_url_loader_network_service.cc(1293)] 	 enter NavigationURLLoaderNetworkService::OnReceiveResponse
