[1:1:0814/030148.402053:INFO:html_document_parser.cc(272)] >>> HTMLDocumentParser::ResumeParsingAfterYield. url is "https://s.yimg.com/rq/darla/3-15-0/html/r-sf.html"
[1:1:0814/030148.405728:INFO:script_loader.cc(852)]  $$$ [Script] ScriptLoader::ExecuteScriptBlock. task_id, url is 1686 0x7f4da80fb070 0x3f97b681cf60 , "https://s.yimg.com/rq/darla/3-15-0/html/r-sf.html"
[1:1:0814/030148.942078:INFO:script_loader.cc(852)]  $$$ [Script] ScriptLoader::ExecuteScriptBlock. task_id, url is 1769, "https://s.yimg.com/rq/darla/3-15-0/html/r-sf.html"
[1:1:0814/030148.982584:INFO:event_target.cc(534)] !!!!!!!!!!!!!!!! RegisteredEventListener::SetCallback. 0x24b26d4b3cc0
[1:1:0814/030148.999631:INFO:script_loader.cc(852)]  $$$ [Script] ScriptLoader::ExecuteScriptBlock. task_id, url is 1769, "https://s.yimg.com/rq/darla/3-15-0/html/r-sf.html"
[1:1:0814/030149.000664:INFO:html_tree_builder.cc(780)] >>> [renderer][DOM] receive <iframe>
[17755:17755:0814/030149.003249:INFO:render_frame_host_impl.cc(1417)] 	 enter RenderFrameHostImpl::OnCreateChildFrame
[1:1:0814/030149.004216:INFO:render_frame_impl.cc(1477)] 	RenderFrameImpl::Initialize. 9, 0x3f97bb2ed020
[1:1:0814/030149.004378:INFO:web_local_frame_impl.cc(1666)] 		WebLocalFrame::SetRoutingID. routing_id = 9
[17755:17755:0814/030149.005533:INFO:frame_tree.cc(218)] 	 enter FrameTree::AddFrame: , 9, 8, 
[1:1:0814/030149.011492:INFO:render_frame_impl.cc(7018)] >>> [renderer][DOM] RenderFrameImpl::BeginNavigation
[1:1:0814/030149.011595:INFO:render_frame_impl.cc(7019)] 	 [url] = https://s.yimg.com
[17755:17755:0814/030149.012023:INFO:render_frame_host_impl.cc(3108)] >>> [broswer][navigation] RenderFrameHostImpl::BeginNavigation. ID from switcher is 3:6_https://s.yimg.com/
[1:1:0814/030149.015828:INFO:event_target.cc(534)] !!!!!!!!!!!!!!!! RegisteredEventListener::SetCallback. 0x24b26d4b3cc0
[17755:17755:0814/030149.033467:INFO:navigation_url_loader_network_service.cc(1293)] 	 enter NavigationURLLoaderNetworkService::OnReceiveResponse
[17755:17755:0814/030149.034211:INFO:navigation_handle_impl.cc(765)] 	 enter NavigationHandleImpl::WillProcessResponse
[17755:17755:0814/030149.036905:INFO:render_frame_host_impl.cc(3699)] >>> RenderFrameHostImpl::CommitNavigation https://s.yimg.com/
[17755:17755:0814/030149.036966:INFO:switcher_host_impl.cc(127)] >>> [Key] add a new principal. [cid, principal, url, frame_id] = 3, 3:9_https://s.yimg.com/, https://s.yimg.com/ja/ap/ssp_cookie_sync/apac.html, 8
[17755:17755:0814/030149.037036:INFO:render_frame_host_impl.cc(3718)] >>>	[site, common.url, headers] = 3:9_https://s.yimg.com/, HTTP/1.1 200 status:200 x-amz-id-2:h8Iks8H8eh5fW32gUST9vPOGGMaY3zUEOPlnxB4NdZqZvdnAh14dJ0bbCU8gpIC24mpKfz11yB8= x-amz-request-id:90C86B22D5777A32 date:Mon, 12 Aug 2019 03:13:43 GMT last-modified:Mon, 30 Apr 2018 16:10:55 GMT etag:"08dc3a26368ba18d7aa3f08b2f39a55b-df" x-amz-server-side-encryption:AES256 cache-control:max-age=86400,public x-amz-meta-created-date:Fri, 15 Sep 2017 22:03:21 GMT x-amz-meta-mbst-etag:"YM:1:249064fb-6bcc-4b95-ad2a-83d4eb1faf2a000559418fadbd30" x-amz-meta-x-ysws-mbst-vtime:1505513001827632 expires:Sat, 05 Sep 2026 00:00:00 GMT x-amz-meta-x-ysws-access:public accept-ranges:bytes content-type:text/html; charset=utf-8 server:ATS referrer-policy:no-referrer-when-downgrade vary:Origin, Accept-Encoding content-encoding:gzip content-length:415 age:28185 ats-carp-promotion:1 strict-transport-security:max-age=15552000 expect-ct:max-age=31536000, report-uri="http://csp.yahoo.com/beacon/csp?src=yahoocom-expect-ct-report-only" x-xss-protection:1; mode=block x-content-type-options:nosniff  ,17799, 3
[17755:17765:0814/030149.040370:INFO:interface_endpoint_client.cc(447)] >>> [Frame] get kURLLoader_ProceedWithResponse_Name. [pid, routing_id] = 3, 9
[17755:17765:0814/030149.040438:INFO:mojo_async_resource_handler.cc(459)] >>> [IPC] MojoAsyncResourceHandler::ProceedWithResponse konws [cid, routing_id]: 3, 9, HandleIncomingMessage, HandleIncomingMessage
[1:7:0814/030149.048257:INFO:ipc_mojo_bootstrap.cc(809)] >>> [IPC] Accept. post a task to AcceptOnProxyThread
[1:1:0814/030149.085609:INFO:script_loader.cc(852)]  $$$ [Script] ScriptLoader::ExecuteScriptBlock. task_id, url is 1809, "https://s.yimg.com/rq/darla/3-15-0/html/r-csc.html"
[17755:17755:0814/030149.092903:INFO:render_frame_host_impl.cc(1417)] 	 enter RenderFrameHostImpl::OnCreateChildFrame
[1:1:0814/030149.093800:INFO:render_frame_impl.cc(1477)] 	RenderFrameImpl::Initialize. 10, 0x3f97ba9db020
[1:1:0814/030149.093942:INFO:web_local_frame_impl.cc(1666)] 		WebLocalFrame::SetRoutingID. routing_id = 10
[17755:17755:0814/030149.095621:INFO:frame_tree.cc(218)] 	 enter FrameTree::AddFrame: , 10, 9, 
[1:1:0814/030149.102031:INFO:render_frame_impl.cc(7018)] >>> [renderer][DOM] RenderFrameImpl::BeginNavigation
[1:1:0814/030149.102162:INFO:render_frame_impl.cc(7019)] 	 [url] = https://s.yimg.com
[17755:17755:0814/030149.102643:INFO:render_frame_host_impl.cc(3108)] >>> [broswer][navigation] RenderFrameHostImpl::BeginNavigation. ID from switcher is 3:4_https://s.yimg.com/
[17755:17755:0814/030149.167843:INFO:navigation_url_loader_network_service.cc(1293)] 	 enter NavigationURLLoaderNetworkService::OnReceiveResponse
[17755:17755:0814/030149.168312:INFO:navigation_handle_impl.cc(765)] 	 enter NavigationHandleImpl::WillProcessResponse
[17755:17765:0814/030149.170089:INFO:interface_endpoint_client.cc(447)] >>> [Frame] get kURLLoader_ProceedWithResponse_Name. [pid, routing_id] = 3, 10
[17755:17765:0814/030149.170151:INFO:mojo_async_resource_handler.cc(459)] >>> [IPC] MojoAsyncResourceHandler::ProceedWithResponse konws [cid, routing_id]: 3, 10, HandleIncomingMessage, HandleIncomingMessage
[17755:17755:0814/030149.170175:INFO:render_frame_host_impl.cc(3699)] >>> RenderFrameHostImpl::CommitNavigation https://tag.idsync.analytics.yahoo.com/
[17755:17755:0814/030149.170208:INFO:switcher_host_impl.cc(127)] >>> [Key] add a new principal. [cid, principal, url, frame_id] = 3, 3:10_https://tag.idsync.analytics.yahoo.com/, https://tag.idsync.analytics.yahoo.com/sp-frame.html?referrer=https%3A%2F%2Fsg.yahoo.com%2F%3Fp%3Dus, 9
[17755:17755:0814/030149.170267:INFO:render_frame_host_impl.cc(3718)] >>>	[site, common.url, headers] = 3:10_https://tag.idsync.analytics.yahoo.com/, HTTP/1.1 200 status:200 content-encoding:gzip content-type:text/html date:Mon, 12 Aug 2019 11:03:27 GMT etag:"9b27f08842ec1f21101a0bc4c5dba12e+gzip" last-modified:Thu, 08 Aug 2019 17:26:39 GMT server:ECS (sgb/C6E6) vary:Accept-Encoding x-amz-id-2:/jw3BeuK3VBRgbV7BwzdypkMPUTPb/nTEdYHO8NTh3oLxoyuUdYw5o+8NbVPrV32svKZnh17dBk= x-amz-request-id:33BD832464322143 x-amz-server-side-encryption:AES256 x-cache:HIT content-length:153  ,17799, 3
[1:7:0814/030149.172652:INFO:ipc_mojo_bootstrap.cc(809)] >>> [IPC] Accept. post a task to AcceptOnProxyThread
[1:1:0814/030149.193127:INFO:platform_thread_posix.cc(131)] >>> invoke pthread_create
[1:1:0814/030149.224277:INFO:platform_thread_posix.cc(131)] >>> invoke pthread_create
[1:1:0814/030149.231381:INFO:script_loader.cc(852)]  $$$ [Script] ScriptLoader::ExecuteScriptBlock. task_id, url is 1912 0x7f4da8463bd0 0x3f97bbf3d1d8 , "https://s.yimg.com/rq/darla/3-15-0/html/r-sf.html"
[1:1:0814/030149.259254:INFO:event_target.cc(534)] !!!!!!!!!!!!!!!! RegisteredEventListener::SetCallback. 0x24b26d4b7dc8
[1:1:0814/030149.271535:INFO:script_loader.cc(852)]  $$$ [Script] ScriptLoader::ExecuteScriptBlock. task_id, url is 1912 0x7f4da8463bd0 0x3f97bbf3d1d8 , "https://s.yimg.com/rq/darla/3-15-0/html/r-sf.html"
[1:1:0814/030149.272255:INFO:html_tree_builder.cc(780)] >>> [renderer][DOM] receive <iframe>
[17755:17755:0814/030149.273174:INFO:render_frame_host_impl.cc(1417)] 	 enter RenderFrameHostImpl::OnCreateChildFrame
[1:1:0814/030149.273999:INFO:render_frame_impl.cc(1477)] 	RenderFrameImpl::Initialize. 11, 0x3f97bb2ee420
[1:1:0814/030149.274093:INFO:web_local_frame_impl.cc(1666)] 		WebLocalFrame::SetRoutingID. routing_id = 11
[17755:17755:0814/030149.274983:INFO:frame_tree.cc(218)] 	 enter FrameTree::AddFrame: , 11, 10, 
[1:1:0814/030149.279782:INFO:render_frame_impl.cc(7018)] >>> [renderer][DOM] RenderFrameImpl::BeginNavigation
[1:1:0814/030149.279896:INFO:render_frame_impl.cc(7019)] 	 [url] = https://s.yimg.com
[17755:17755:0814/030149.283078:INFO:render_frame_host_impl.cc(3108)] >>> [broswer][navigation] RenderFrameHostImpl::BeginNavigation. ID from switcher is 3:6_https://s.yimg.com/
[1:1:0814/030149.285127:INFO:event_target.cc(534)] !!!!!!!!!!!!!!!! RegisteredEventListener::SetCallback. 0x24b26d4b7dc8
[17755:17755:0814/030149.308269:INFO:navigation_url_loader_network_service.cc(1293)] 	 enter NavigationURLLoaderNetworkService::OnReceiveResponse
[17755:17755:0814/030149.308859:INFO:navigation_handle_impl.cc(765)] 	 enter NavigationHandleImpl::WillProcessResponse
[17755:17755:0814/030149.310998:INFO:render_frame_host_impl.cc(3699)] >>> RenderFrameHostImpl::CommitNavigation https://s.yimg.com/
[17755:17755:0814/030149.311040:INFO:switcher_host_impl.cc(127)] >>> [Key] add a new principal. [cid, principal, url, frame_id] = 3, 3:11_https://s.yimg.com/, https://s.yimg.com/ja/ap/ssp_cookie_sync/apac.html, 10
[17755:17755:0814/030149.311104:INFO:render_frame_host_impl.cc(3718)] >>>	[site, common.url, headers] = 3:11_https://s.yimg.com/, HTTP/1.1 200 status:304 date:Mon, 12 Aug 2019 11:03:27 GMT expires:Sat, 05 Sep 2026 00:00:00 GMT cache-control:max-age=86400,public vary:Origin, Accept-Encoding strict-transport-security:max-age=15552000 server:ATS expect-ct:max-age=31536000, report-uri="http://csp.yahoo.com/beacon/csp?src=yahoocom-expect-ct-report-only" x-amz-id-2:h8Iks8H8eh5fW32gUST9vPOGGMaY3zUEOPlnxB4NdZqZvdnAh14dJ0bbCU8gpIC24mpKfz11yB8= x-amz-request-id:90C86B22D5777A32 last-modified:Mon, 30 Apr 2018 16:10:55 GMT etag:"08dc3a26368ba18d7aa3f08b2f39a55b-df" x-amz-server-side-encryption:AES256 x-amz-meta-created-date:Fri, 15 Sep 2017 22:03:21 GMT x-amz-meta-mbst-etag:"YM:1:249064fb-6bcc-4b95-ad2a-83d4eb1faf2a000559418fadbd30" x-amz-meta-x-ysws-mbst-vtime:1505513001827632 x-amz-meta-x-ysws-access:public accept-ranges:bytes content-type:text/html; charset=utf-8 referrer-policy:no-referrer-when-downgrade content-encoding:gzip content-length:415 age:28185 ats-carp-promotion:1 x-xss-protection:1; mode=block x-content-type-options:nosniff  ,17799, 3
[17755:17765:0814/030149.314466:INFO:interface_endpoint_client.cc(447)] >>> [Frame] get kURLLoader_ProceedWithResponse_Name. [pid, routing_id] = 3, 11
[17755:17765:0814/030149.314510:INFO:mojo_async_resource_handler.cc(459)] >>> [IPC] MojoAsyncResourceHandler::ProceedWithResponse konws [cid, routing_id]: 3, 11, HandleIncomingMessage, HandleIncomingMessage
[1:7:0814/030149.314838:INFO:ipc_mojo_bootstrap.cc(809)] >>> [IPC] Accept. post a task to AcceptOnProxyThread
[1:1:0814/030149.319183:INFO:script_loader.cc(852)]  $$$ [Script] ScriptLoader::ExecuteScriptBlock. task_id, url is 1937 0x7f4da8463bd0 0x3f97bc1376d8 , "https://s.yimg.com/rq/darla/3-15-0/html/r-sf.html"
[1:1:0814/030149.342792:INFO:event_target.cc(534)] !!!!!!!!!!!!!!!! RegisteredEventListener::SetCallback. 0x24b26d4b9c90
[1:1:0814/030149.355661:INFO:script_loader.cc(852)]  $$$ [Script] ScriptLoader::ExecuteScriptBlock. task_id, url is 1937 0x7f4da8463bd0 0x3f97bc1376d8 , "https://s.yimg.com/rq/darla/3-15-0/html/r-sf.html"
[1:1:0814/030149.360242:INFO:event_target.cc(534)] !!!!!!!!!!!!!!!! RegisteredEventListener::SetCallback. 0x24b26d4b9c90
[1:1:0814/030149.366165:INFO:ipc_mojo_bootstrap.cc(894)] ### [Switcher][kFrameNavigationControl_CommitNavigation_Name] get additional field: 3:9_https://s.yimg.com/
[1:1:0814/030149.539802:INFO:script_loader.cc(852)]  $$$ [Script] ScriptLoader::ExecuteScriptBlock. task_id, url is 1953, "https://s.yimg.com/rq/darla/3-15-0/html/r-sf.html"
[1:1:0814/030149.558874:INFO:script_loader.cc(852)]  $$$ [Script] ScriptLoader::ExecuteScriptBlock. task_id, url is 1978 0x7f4da8463bd0 0x3f97bc4f4858 , "https://s.yimg.com/rq/darla/3-15-0/html/r-sf.html"
[1:1:0814/030149.590025:INFO:event_target.cc(534)] !!!!!!!!!!!!!!!! RegisteredEventListener::SetCallback. 0x24b26d4bb5a8
[1:1:0814/030149.606789:INFO:script_loader.cc(852)]  $$$ [Script] ScriptLoader::ExecuteScriptBlock. task_id, url is 1978 0x7f4da8463bd0 0x3f97bc4f4858 , "https://s.yimg.com/rq/darla/3-15-0/html/r-sf.html"
[1:1:0814/030149.611303:INFO:event_target.cc(534)] !!!!!!!!!!!!!!!! RegisteredEventListener::SetCallback. 0x24b26d4bb5a8
[1:1:0814/030149.624723:INFO:ipc_mojo_bootstrap.cc(894)] ### [Switcher][kFrameNavigationControl_CommitNavigation_Name] get additional field: 3:10_https://tag.idsync.analytics.yahoo.com/
[17755:17755:0814/030149.640142:INFO:CONSOLE(0)] "The Content Security Policy directive 'sandbox' is ignored when delivered in a report-only policy.", source: https://sg.yahoo.com/?p=us (0)
[17755:17755:0814/030149.652686:INFO:CONSOLE(0)] "The Content Security Policy directive 'sandbox' is ignored when delivered in a report-only policy.", source: https://sg.yahoo.com/?p=us (0)
[1:1:0814/030149.672175:INFO:script_loader.cc(852)]  $$$ [Script] ScriptLoader::ExecuteScriptBlock. task_id, url is 2080, "https://s.yimg.com/rq/darla/3-15-0/html/r-sf.html"
[1:1:0814/030149.682940:INFO:ipc_mojo_bootstrap.cc(894)] ### [Switcher][kFrameNavigationControl_CommitNavigation_Name] get additional field: 3:11_https://s.yimg.com/
[1:1:0814/030149.719743:INFO:html_document_parser.cc(1203)]  $$$ [TASK] HTMLDocumentParser::AppendBytes -> BackgroundHTMLParser::AppendRawBytesFromMainThread
[17755:17755:0814/030149.724301:INFO:switcher_host_impl.cc(127)] >>> [Key] add a new principal. [cid, principal, url, frame_id] = 3, 3:9_https://s.yimg.com/, https://s.yimg.com/, 8
[17755:17755:0814/030149.724368:INFO:frame_tree_node.cc(349)] 	FrameTreeNode::SetCurrentOrigin. [frameid, routingid, origin, url] = 8, 9, https://s.yimg.com/, https://s.yimg.com
[1:1:0814/030149.757998:INFO:html_parser_scheduler.cc(81)]  $$$ [TASK] HTMLParserScheduler::ScheduleForUnpause -> HTMLParserScheduler::ContinueParsing
[1:1:0814/030149.779672:INFO:html_document_parser.cc(1203)]  $$$ [TASK] HTMLDocumentParser::AppendBytes -> BackgroundHTMLParser::AppendRawBytesFromMainThread
[17755:17755:0814/030149.780646:INFO:switcher_host_impl.cc(127)] >>> [Key] add a new principal. [cid, principal, url, frame_id] = 3, 3:10_https://tag.idsync.analytics.yahoo.com/, https://tag.idsync.analytics.yahoo.com/, 9
[17755:17755:0814/030149.780694:INFO:frame_tree_node.cc(349)] 	FrameTreeNode::SetCurrentOrigin. [frameid, routingid, origin, url] = 9, 10, https://tag.idsync.analytics.yahoo.com/, https://tag.idsync.analytics.yahoo.com
[1:1:0814/030149.806781:INFO:html_parser_scheduler.cc(81)]  $$$ [TASK] HTMLParserScheduler::ScheduleForUnpause -> HTMLParserScheduler::ContinueParsing
[17755:17755:0814/030149.818339:INFO:switcher_host_impl.cc(127)] >>> [Key] add a new principal. [cid, principal, url, frame_id] = 3, 3:11_https://s.yimg.com/, https://s.yimg.com/, 10
[17755:17755:0814/030149.818412:INFO:frame_tree_node.cc(349)] 	FrameTreeNode::SetCurrentOrigin. [frameid, routingid, origin, url] = 10, 11, https://s.yimg.com/, https://s.yimg.com
[1:1:0814/030149.832358:INFO:html_document_parser.cc(1203)]  $$$ [TASK] HTMLDocumentParser::AppendBytes -> BackgroundHTMLParser::AppendRawBytesFromMainThread
[1:1:0814/030149.843906:INFO:html_parser_scheduler.cc(81)]  $$$ [TASK] HTMLParserScheduler::ScheduleForUnpause -> HTMLParserScheduler::ContinueParsing
[1:1:0814/030149.848350:INFO:script_loader.cc(852)]  $$$ [Script] ScriptLoader::ExecuteScriptBlock. task_id, url is 2201 0x7f4daa0218b0 0x3f97bb4ba360 , "https://s.yimg.com/rq/darla/3-15-0/html/r-sf.html"
[1:1:0814/030149.928236:INFO:render_frame_impl.cc(1477)] 	RenderFrameImpl::Initialize. 12, 0x3f97bbef2820
[1:1:0814/030149.928393:INFO:web_local_frame_impl.cc(1666)] 		WebLocalFrame::SetRoutingID. routing_id = 12
[17755:17755:0814/030149.929781:INFO:render_frame_host_impl.cc(1417)] 	 enter RenderFrameHostImpl::OnCreateChildFrame
[17755:17755:0814/030149.932382:INFO:frame_tree.cc(218)] 	 enter FrameTree::AddFrame: , 12, 11, 
[17755:17755:0814/030149.950039:INFO:switcher_host_impl.cc(127)] >>> [Key] add a new principal. [cid, principal, url, frame_id] = 3, 3:12_https://s.yimg.com/, https://s.yimg.com/, 11
[17755:17755:0814/030149.950111:INFO:frame_tree_node.cc(349)] 	FrameTreeNode::SetCurrentOrigin. [frameid, routingid, origin, url] = 11, 12, https://s.yimg.com/, https://s.yimg.com
[1:1:0814/030149.964264:INFO:script_loader.cc(852)]  $$$ [Script] ScriptLoader::ExecuteScriptBlock. task_id, url is 2201 0x7f4daa0218b0 0x3f97bb4ba360 , "https://s.yimg.com/rq/darla/3-15-0/html/r-sf.html"
[1:1:0814/030149.990060:INFO:html_tree_builder.cc(780)] >>> [renderer][DOM] receive <iframe>
[1:1:0814/030149.991882:INFO:render_frame_impl.cc(1477)] 	RenderFrameImpl::Initialize. 13, 0x3f97bbef0020
[1:1:0814/030149.991988:INFO:web_local_frame_impl.cc(1666)] 		WebLocalFrame::SetRoutingID. routing_id = 13
[17755:17755:0814/030149.992668:INFO:render_frame_host_impl.cc(1417)] 	 enter RenderFrameHostImpl::OnCreateChildFrame
[17755:17755:0814/030149.995142:INFO:frame_tree.cc(218)] 	 enter FrameTree::AddFrame: aswift_0, 13, 12, 
[17755:17755:0814/030150.008554:INFO:switcher_host_impl.cc(127)] >>> [Key] add a new principal. [cid, principal, url, frame_id] = 3, 3:13_https://s.yimg.com/, https://s.yimg.com/, 12
[17755:17755:0814/030150.008608:INFO:frame_tree_node.cc(349)] 	FrameTreeNode::SetCurrentOrigin. [frameid, routingid, origin, url] = 12, 13, https://s.yimg.com/, https://s.yimg.com
[17755:17755:0814/030150.027660:INFO:render_frame_host_impl.cc(1417)] 	 enter RenderFrameHostImpl::OnCreateChildFrame
[1:1:0814/030150.027924:INFO:render_frame_impl.cc(1477)] 	RenderFrameImpl::Initialize. 14, 0x3f97bbef0a20
[1:1:0814/030150.028052:INFO:web_local_frame_impl.cc(1666)] 		WebLocalFrame::SetRoutingID. routing_id = 14
[17755:17755:0814/030150.029838:INFO:frame_tree.cc(218)] 	 enter FrameTree::AddFrame: google_esf, 14, 13, 
[1:1:0814/030150.035992:INFO:render_frame_impl.cc(7018)] >>> [renderer][DOM] RenderFrameImpl::BeginNavigation
[1:1:0814/030150.036156:INFO:render_frame_impl.cc(7019)] 	 [url] = https://s.yimg.com
[17755:17755:0814/030150.038188:INFO:render_frame_host_impl.cc(3108)] >>> [broswer][navigation] RenderFrameHostImpl::BeginNavigation. ID from switcher is 3:6_https://s.yimg.com/
[17755:17755:0814/030150.051430:INFO:navigation_url_loader_network_service.cc(1293)] 	 enter NavigationURLLoaderNetworkService::OnReceiveResponse
[17755:17755:0814/030150.052321:INFO:navigation_handle_impl.cc(765)] 	 enter NavigationHandleImpl::WillProcessResponse
[17755:17765:0814/030150.054508:INFO:interface_endpoint_client.cc(447)] >>> [Frame] get kURLLoader_ProceedWithResponse_Name. [pid, routing_id] = 3, 14
[17755:17765:0814/030150.054581:INFO:mojo_async_resource_handler.cc(459)] >>> [IPC] MojoAsyncResourceHandler::ProceedWithResponse konws [cid, routing_id]: 3, 14, HandleIncomingMessage, HandleIncomingMessage
[17755:17755:0814/030150.054850:INFO:render_frame_host_impl.cc(3699)] >>> RenderFrameHostImpl::CommitNavigation https://googleads.g.doubleclick.net/
[17755:17755:0814/030150.054912:INFO:switcher_host_impl.cc(127)] >>> [Key] add a new principal. [cid, principal, url, frame_id] = 3, 3:14_https://googleads.g.doubleclick.net/, https://googleads.g.doubleclick.net/pagead/html/r20190807/r20190131/zrt_lookup.html#, 13
[17755:17755:0814/030150.055058:INFO:render_frame_host_impl.cc(3718)] >>>	[site, common.url, headers] = 3:14_https://googleads.g.doubleclick.net/, HTTP/1.1 200 status:200 p3p:policyref="https://googleads.g.doubleclick.net/pagead/gcn_p3p_.xml", CP="CURa ADMa DEVa TAIo PSAo PSDo OUR IND UNI PUR INT DEM STA PRE COM NAV OTC NOI DSP COR" timing-allow-origin:* vary:Accept-Encoding date:Sun, 11 Aug 2019 01:30:49 GMT expires:Sun, 25 Aug 2019 01:30:49 GMT content-type:text/html; charset=UTF-8 etag:4817175036427020965 x-content-type-options:nosniff content-encoding:gzip server:cafe content-length:7274 x-xss-protection:0 cache-control:public, max-age=1209600 age:120759 alt-svc:quic="googleads.g.doubleclick.net:443"; ma=2592000; v="46,43,39",quic=":443"; ma=2592000; v="46,43,39"  ,17799, 3
[1:7:0814/030150.061697:INFO:ipc_mojo_bootstrap.cc(809)] >>> [IPC] Accept. post a task to AcceptOnProxyThread
[1:1:0814/030150.084608:INFO:html_parser_scheduler.cc(158)]  $$$ [TASK] HTMLParserScheduler::ContinueParsing
[1:1:0814/030150.084767:INFO:html_document_parser.cc(272)] >>> HTMLDocumentParser::ResumeParsingAfterYield. url is "https://s.yimg.com/rq/darla/3-15-0/html/r-sf.html"
[1:1:0814/030150.095060:INFO:html_parser_scheduler.cc(81)]  $$$ [TASK] HTMLParserScheduler::ScheduleForUnpause -> HTMLParserScheduler::ContinueParsing
[1:1:0814/030150.109837:INFO:script_loader.cc(852)]  $$$ [Script] ScriptLoader::ExecuteScriptBlock. task_id, url is 2241 0x7f4daa0218b0 0x3f97bac90160 , "https://s.yimg.com/rq/darla/3-15-0/html/r-sf.html"
[1:1:0814/030150.148412:INFO:render_frame_impl.cc(1477)] 	RenderFrameImpl::Initialize. 15, 0x3f97bbef1e20
[17755:17755:0814/030150.148677:INFO:render_frame_host_impl.cc(1417)] 	 enter RenderFrameHostImpl::OnCreateChildFrame
[1:1:0814/030150.148629:INFO:web_local_frame_impl.cc(1666)] 		WebLocalFrame::SetRoutingID. routing_id = 15
[17755:17755:0814/030150.151110:INFO:frame_tree.cc(218)] 	 enter FrameTree::AddFrame: , 15, 14, 
[17755:17755:0814/030150.173975:INFO:switcher_host_impl.cc(127)] >>> [Key] add a new principal. [cid, principal, url, frame_id] = 3, 3:15_https://s.yimg.com/, https://s.yimg.com/, 14
[17755:17755:0814/030150.174040:INFO:frame_tree_node.cc(349)] 	FrameTreeNode::SetCurrentOrigin. [frameid, routingid, origin, url] = 14, 15, https://s.yimg.com/, https://s.yimg.com
[17755:17755:0814/030150.179025:WARNING:render_frame_host_impl.cc(414)] InterfaceRequest was dropped, the document is no longer active: content::mojom::RendererAudioOutputStreamFactory
[1:1:0814/030150.182384:INFO:script_loader.cc(852)]  $$$ [Script] ScriptLoader::ExecuteScriptBlock. task_id, url is 2241 0x7f4daa0218b0 0x3f97bac90160 , "https://s.yimg.com/rq/darla/3-15-0/html/r-sf.html"
[1:1:0814/030150.196354:INFO:html_tree_builder.cc(780)] >>> [renderer][DOM] receive <iframe>
[17755:17755:0814/030150.197583:INFO:render_frame_host_impl.cc(1417)] 	 enter RenderFrameHostImpl::OnCreateChildFrame
[1:1:0814/030150.198468:INFO:render_frame_impl.cc(1477)] 	RenderFrameImpl::Initialize. 16, 0x3f97bc558020
[1:1:0814/030150.198607:INFO:web_local_frame_impl.cc(1666)] 		WebLocalFrame::SetRoutingID. routing_id = 16
[17755:17755:0814/030150.199449:INFO:frame_tree.cc(218)] 	 enter FrameTree::AddFrame: aswift_0, 16, 15, 
[17755:17755:0814/030150.214930:INFO:switcher_host_impl.cc(127)] >>> [Key] add a new principal. [cid, principal, url, frame_id] = 3, 3:16_https://s.yimg.com/, https://s.yimg.com/, 15
[17755:17755:0814/030150.214986:INFO:frame_tree_node.cc(349)] 	FrameTreeNode::SetCurrentOrigin. [frameid, routingid, origin, url] = 15, 16, https://s.yimg.com/, https://s.yimg.com
[1:1:0814/030150.249712:INFO:html_parser_scheduler.cc(158)]  $$$ [TASK] HTMLParserScheduler::ContinueParsing
[1:1:0814/030150.249852:INFO:html_document_parser.cc(272)] >>> HTMLDocumentParser::ResumeParsingAfterYield. url is "https://s.yimg.com/rq/darla/3-15-0/html/r-sf.html"
[1:1:0814/030150.258861:INFO:html_parser_scheduler.cc(81)]  $$$ [TASK] HTMLParserScheduler::ScheduleForUnpause -> HTMLParserScheduler::ContinueParsing
[1:1:0814/030150.268734:INFO:html_parser_scheduler.cc(158)]  $$$ [TASK] HTMLParserScheduler::ContinueParsing
[1:1:0814/030150.268873:INFO:html_document_parser.cc(272)] >>> HTMLDocumentParser::ResumeParsingAfterYield. url is "https://s.yimg.com/ja/ap/ssp_cookie_sync/apac.html"
[1:1:0814/030150.270469:INFO:script_loader.cc(852)]  $$$ [Script] ScriptLoader::ExecuteScriptBlock. task_id, url is 2277 0x7f4da80fb070 0x3f97bb8105e0 , "https://s.yimg.com/ja/ap/ssp_cookie_sync/apac.html"
[17755:17755:0814/030150.276890:INFO:render_frame_host_impl.cc(1417)] 	 enter RenderFrameHostImpl::OnCreateChildFrame
[1:1:0814/030150.277790:INFO:render_frame_impl.cc(1477)] 	RenderFrameImpl::Initialize. 17, 0x3f97bc558a20
[1:1:0814/030150.277912:INFO:web_local_frame_impl.cc(1666)] 		WebLocalFrame::SetRoutingID. routing_id = 17
[17755:17755:0814/030150.279156:INFO:frame_tree.cc(218)] 	 enter FrameTree::AddFrame: , 17, 16, 
[1:1:0814/030150.283655:INFO:render_frame_impl.cc(7018)] >>> [renderer][DOM] RenderFrameImpl::BeginNavigation
[1:1:0814/030150.283869:INFO:render_frame_impl.cc(7019)] 	 [url] = https://s.yimg.com
[17755:17755:0814/030150.286294:INFO:render_frame_host_impl.cc(3108)] >>> [broswer][navigation] RenderFrameHostImpl::BeginNavigation. ID from switcher is 3:9_https://s.yimg.com/
[1:1:0814/030150.333599:INFO:ipc_mojo_bootstrap.cc(894)] ### [Switcher][kFrameNavigationControl_CommitNavigation_Name] get additional field: 3:14_https://googleads.g.doubleclick.net/
[1:1:0814/030150.393507:INFO:html_parser_scheduler.cc(158)]  $$$ [TASK] HTMLParserScheduler::ContinueParsing
[1:1:0814/030150.393645:INFO:html_document_parser.cc(272)] >>> HTMLDocumentParser::ResumeParsingAfterYield. url is "https://tag.idsync.analytics.yahoo.com/sp-frame.html?referrer=https%3A%2F%2Fsg.yahoo.com%2F%3Fp%3Dus"
[17755:17755:0814/030150.420281:INFO:navigation_url_loader_network_service.cc(1293)] 	 enter NavigationURLLoaderNetworkService::OnReceiveResponse
[17755:17755:0814/030150.420931:INFO:navigation_handle_impl.cc(765)] 	 enter NavigationHandleImpl::WillProcessResponse
[17755:17755:0814/030150.423122:INFO:render_frame_host_impl.cc(3699)] >>> RenderFrameHostImpl::CommitNavigation https://ads.pubmatic.com/
[17755:17755:0814/030150.423173:INFO:switcher_host_impl.cc(127)] >>> [Key] add a new principal. [cid, principal, url, frame_id] = 3, 3:17_https://ads.pubmatic.com/, https://ads.pubmatic.com/AdServer/js/user_sync.html?p=156107&s=176446&predirect=https%3A%2F%2Fpr-bh.ybp.yahoo.com%2Fsync%2Fpubmatic%2F, 16
[17755:17755:0814/030150.423224:INFO:render_frame_host_impl.cc(3718)] >>>	[site, common.url, headers] = 3:17_https://ads.pubmatic.com/, HTTP/1.1 200 OK Last-Modified: Fri, 26 Jul 2019 09:40:01 GMT ETag: "1300708-26ca-58e92538a370a" Server: Apache/2.2.15 (CentOS) Accept-Ranges: bytes Content-Encoding: gzip P3P: CP="NOI DSP COR LAW CUR ADMo DEVo TAIo PSAo PSDo IVAo IVDo HISo OTPo OUR SAMo BUS UNI COM NAV INT DEM CNT STA PRE LOC", CP="NOI DSP COR LAW CUR ADMo DEVo TAIo PSAo PSDo IVAo IVDo HISo OTPo OUR SAMo BUS UNI COM NAV INT DEM CNT STA PRE LOC" Content-Length: 3860 Content-Type: text/html; charset=UTF-8 Cache-Control: max-age=108532 Expires: Tue, 13 Aug 2019 17:12:20 GMT Date: Mon, 12 Aug 2019 11:03:28 GMT Connection: keep-alive Vary: Accept-Encoding  ,17799, 3
[17755:17765:0814/030150.437522:INFO:interface_endpoint_client.cc(447)] >>> [Frame] get kURLLoader_ProceedWithResponse_Name. [pid, routing_id] = 3, 17
[17755:17765:0814/030150.437583:INFO:mojo_async_resource_handler.cc(459)] >>> [IPC] MojoAsyncResourceHandler::ProceedWithResponse konws [cid, routing_id]: 3, 17, HandleIncomingMessage, HandleIncomingMessage
[1:7:0814/030150.438024:INFO:ipc_mojo_bootstrap.cc(809)] >>> [IPC] Accept. post a task to AcceptOnProxyThread
[1:1:0814/030150.475325:INFO:html_parser_scheduler.cc(158)]  $$$ [TASK] HTMLParserScheduler::ContinueParsing
[1:1:0814/030150.475470:INFO:html_document_parser.cc(272)] >>> HTMLDocumentParser::ResumeParsingAfterYield. url is "https://s.yimg.com/ja/ap/ssp_cookie_sync/apac.html"
[1:1:0814/030150.476664:INFO:script_loader.cc(852)]  $$$ [Script] ScriptLoader::ExecuteScriptBlock. task_id, url is 2442 0x7f4da80fb070 0x3f97bc59f3e0 , "https://s.yimg.com/ja/ap/ssp_cookie_sync/apac.html"
[17755:17755:0814/030150.479436:INFO:render_frame_host_impl.cc(1417)] 	 enter RenderFrameHostImpl::OnCreateChildFrame
[1:1:0814/030150.480375:INFO:render_frame_impl.cc(1477)] 	RenderFrameImpl::Initialize. 18, 0x3f97bbef3220
[1:1:0814/030150.480488:INFO:web_local_frame_impl.cc(1666)] 		WebLocalFrame::SetRoutingID. routing_id = 18
[17755:17755:0814/030150.482133:INFO:frame_tree.cc(218)] 	 enter FrameTree::AddFrame: , 18, 17, 
[1:1:0814/030150.486356:INFO:render_frame_impl.cc(7018)] >>> [renderer][DOM] RenderFrameImpl::BeginNavigation
[1:1:0814/030150.486516:INFO:render_frame_impl.cc(7019)] 	 [url] = https://s.yimg.com
[17755:17755:0814/030150.486997:INFO:render_frame_host_impl.cc(3108)] >>> [broswer][navigation] RenderFrameHostImpl::BeginNavigation. ID from switcher is 3:11_https://s.yimg.com/
[17755:17755:0814/030150.496252:INFO:navigation_url_loader_network_service.cc(1293)] 	 enter NavigationURLLoaderNetworkService::OnReceiveResponse
[17755:17755:0814/030150.496688:INFO:navigation_handle_impl.cc(765)] 	 enter NavigationHandleImpl::WillProcessResponse
[17755:17765:0814/030150.498208:INFO:interface_endpoint_client.cc(447)] >>> [Frame] get kURLLoader_ProceedWithResponse_Name. [pid, routing_id] = 3, 18
[17755:17765:0814/030150.498255:INFO:mojo_async_resource_handler.cc(459)] >>> [IPC] MojoAsyncResourceHandler::ProceedWithResponse konws [cid, routing_id]: 3, 18, HandleIncomingMessage, HandleIncomingMessage
[17755:17755:0814/030150.498279:INFO:render_frame_host_impl.cc(3699)] >>> RenderFrameHostImpl::CommitNavigation https://ads.pubmatic.com/
[17755:17755:0814/030150.498313:INFO:switcher_host_impl.cc(127)] >>> [Key] add a new principal. [cid, principal, url, frame_id] = 3, 3:18_https://ads.pubmatic.com/, https://ads.pubmatic.com/AdServer/js/user_sync.html?p=156107&s=176446&predirect=https%3A%2F%2Fpr-bh.ybp.yahoo.com%2Fsync%2Fpubmatic%2F, 17
[17755:17755:0814/030150.498365:INFO:render_frame_host_impl.cc(3718)] >>>	[site, common.url, headers] = 3:18_https://ads.pubmatic.com/, HTTP/1.1 200 OK Last-Modified: Fri, 26 Jul 2019 09:40:01 GMT Cache-Control: max-age=108531 Expires: Tue, 13 Aug 2019 17:12:20 GMT Date: Mon, 12 Aug 2019 11:03:29 GMT ETag: "1300708-26ca-58e92538a370a" Server: Apache/2.2.15 (CentOS) Accept-Ranges: bytes Content-Encoding: gzip P3P: CP="NOI DSP COR LAW CUR ADMo DEVo TAIo PSAo PSDo IVAo IVDo HISo OTPo OUR SAMo BUS UNI COM NAV INT DEM CNT STA PRE LOC", CP="NOI DSP COR LAW CUR ADMo DEVo TAIo PSAo PSDo IVAo IVDo HISo OTPo OUR SAMo BUS UNI COM NAV INT DEM CNT STA PRE LOC" Content-Length: 3860 Content-Type: text/html; charset=UTF-8 Vary: Accept-Encoding  ,17799, 3
[1:7:0814/030150.499866:INFO:ipc_mojo_bootstrap.cc(809)] >>> [IPC] Accept. post a task to AcceptOnProxyThread
[1:1:0814/030150.513267:INFO:script_loader.cc(852)]  $$$ [Script] ScriptLoader::ExecuteScriptBlock. task_id, url is 2489 0x7f4daa0218b0 0x3f97bb7b5160 , "https://s.yimg.com/rq/darla/3-15-0/html/r-sf.html"
[1:1:0814/030150.515021:INFO:script_loader.cc(852)]  $$$ [Script] ScriptLoader::ExecuteScriptBlock. task_id, url is 2490 0x7f4daa0218b0 0x3f97bc869ee0 , "https://s.yimg.com/rq/darla/3-15-0/html/r-sf.html"
[17755:17755:0814/030150.542232:INFO:switcher_host_impl.cc(127)] >>> [Key] add a new principal. [cid, principal, url, frame_id] = 3, 3:14_https://googleads.g.doubleclick.net/, https://googleads.g.doubleclick.net/, 13
[17755:17755:0814/030150.542284:INFO:frame_tree_node.cc(349)] 	FrameTreeNode::SetCurrentOrigin. [frameid, routingid, origin, url] = 13, 14, https://googleads.g.doubleclick.net/, https://googleads.g.doubleclick.net
[1:1:0814/030150.544093:INFO:html_document_parser.cc(1203)]  $$$ [TASK] HTMLDocumentParser::AppendBytes -> BackgroundHTMLParser::AppendRawBytesFromMainThread
[1:1:0814/030150.617056:INFO:script_loader.cc(852)]  $$$ [Script] ScriptLoader::ExecuteScriptBlock. task_id, url is 2529 0x7f4daa0218b0 0x3f97bab3c660 , "https://s.yimg.com/rq/darla/3-15-0/html/r-sf.html"
[1:1:0814/030150.618570:INFO:script_loader.cc(852)]  $$$ [Script] ScriptLoader::ExecuteScriptBlock. task_id, url is 2530 0x7f4daa0218b0 0x3f97bc9640e0 , "https://s.yimg.com/rq/darla/3-15-0/html/r-sf.html"
[1:1:0814/030150.624020:INFO:script_loader.cc(852)]  $$$ [Script] ScriptLoader::ExecuteScriptBlock. task_id, url is 2536, "https://tag.idsync.analytics.yahoo.com/sp-frame.html?referrer=https%3A%2F%2Fsg.yahoo.com%2F%3Fp%3Dus"
[1:1:0814/030150.649329:INFO:ipc_mojo_bootstrap.cc(894)] ### [Switcher][kFrameNavigationControl_CommitNavigation_Name] get additional field: 3:17_https://ads.pubmatic.com/
[1:1:0814/030150.677554:INFO:script_loader.cc(852)]  $$$ [Script] ScriptLoader::ExecuteScriptBlock. task_id, url is 2577 0x7f4dbe782080 0x3f97bbc17380 1 0 0x3f97bbc17398 , "https://s.yimg.com/rq/darla/3-15-0/html/r-sf.html"
[17755:17755:0814/030150.834967:INFO:render_frame_host_impl.cc(1417)] 	 enter RenderFrameHostImpl::OnCreateChildFrame
[1:1:0814/030150.834883:INFO:render_frame_impl.cc(1477)] 	RenderFrameImpl::Initialize. 19, 0x3f97bc55b220
[1:1:0814/030150.835016:INFO:web_local_frame_impl.cc(1666)] 		WebLocalFrame::SetRoutingID. routing_id = 19
[17755:17755:0814/030150.836634:INFO:frame_tree.cc(218)] 	 enter FrameTree::AddFrame: , 19, 18, 
[17755:17755:0814/030150.848294:INFO:switcher_host_impl.cc(127)] >>> [Key] add a new principal. [cid, principal, url, frame_id] = 3, 3:19_https://s.yimg.com/, https://s.yimg.com/, 18
[17755:17755:0814/030150.848378:INFO:frame_tree_node.cc(349)] 	FrameTreeNode::SetCurrentOrigin. [frameid, routingid, origin, url] = 18, 19, https://s.yimg.com/, https://s.yimg.com
[1:1:0814/030151.024777:INFO:ipc_mojo_bootstrap.cc(894)] ### [Switcher][kFrameNavigationControl_CommitNavigation_Name] get additional field: 3:18_https://ads.pubmatic.com/
[1:1:0814/030151.044575:INFO:html_parser_scheduler.cc(81)]  $$$ [TASK] HTMLParserScheduler::ScheduleForUnpause -> HTMLParserScheduler::ContinueParsing
[17755:17755:0814/030151.108496:INFO:switcher_host_impl.cc(127)] >>> [Key] add a new principal. [cid, principal, url, frame_id] = 3, 3:17_https://ads.pubmatic.com/, https://ads.pubmatic.com/, 16
[17755:17755:0814/030151.108566:INFO:frame_tree_node.cc(349)] 	FrameTreeNode::SetCurrentOrigin. [frameid, routingid, origin, url] = 16, 17, https://ads.pubmatic.com/, https://ads.pubmatic.com
[1:1:0814/030151.109632:INFO:html_document_parser.cc(1203)]  $$$ [TASK] HTMLDocumentParser::AppendBytes -> BackgroundHTMLParser::AppendRawBytesFromMainThread
[1:1:0814/030151.151646:INFO:script_loader.cc(852)]  $$$ [Script] ScriptLoader::ExecuteScriptBlock. task_id, url is 2753 0x7f4dbe782080 0x3f97bc3d9380 1 0 0x3f97bc3d9398 , "https://s.yimg.com/rq/darla/3-15-0/html/r-sf.html"
[17755:17755:0814/030151.226598:INFO:render_frame_host_impl.cc(1417)] 	 enter RenderFrameHostImpl::OnCreateChildFrame
[1:1:0814/030151.227626:INFO:render_frame_impl.cc(1477)] 	RenderFrameImpl::Initialize. 20, 0x3f97bb39d020
[1:1:0814/030151.227750:INFO:web_local_frame_impl.cc(1666)] 		WebLocalFrame::SetRoutingID. routing_id = 20
[17755:17755:0814/030151.228685:INFO:frame_tree.cc(218)] 	 enter FrameTree::AddFrame: , 20, 19, 
[17755:17755:0814/030151.241114:INFO:switcher_host_impl.cc(127)] >>> [Key] add a new principal. [cid, principal, url, frame_id] = 3, 3:20_https://s.yimg.com/, https://s.yimg.com/, 19
[17755:17755:0814/030151.241179:INFO:frame_tree_node.cc(349)] 	FrameTreeNode::SetCurrentOrigin. [frameid, routingid, origin, url] = 19, 20, https://s.yimg.com/, https://s.yimg.com
[17755:17755:0814/030151.409599:INFO:switcher_host_impl.cc(127)] >>> [Key] add a new principal. [cid, principal, url, frame_id] = 3, 3:18_https://ads.pubmatic.com/, https://ads.pubmatic.com/, 17
[17755:17755:0814/030151.409672:INFO:frame_tree_node.cc(349)] 	FrameTreeNode::SetCurrentOrigin. [frameid, routingid, origin, url] = 17, 18, https://ads.pubmatic.com/, https://ads.pubmatic.com
[1:1:0814/030151.410899:INFO:html_document_parser.cc(1203)]  $$$ [TASK] HTMLDocumentParser::AppendBytes -> BackgroundHTMLParser::AppendRawBytesFromMainThread
[1:1:0814/030151.424986:INFO:script_loader.cc(852)]  $$$ [Script] ScriptLoader::ExecuteScriptBlock. task_id, url is 2762 0x7f4dbe782080 0x3f97bb81c420 1 0 0x3f97bb81c438 , "https://s.yimg.com/rq/darla/3-15-0/html/r-sf.html"
[1:1:0814/030151.506803:INFO:script_loader.cc(852)]  $$$ [Script] ScriptLoader::ExecuteScriptBlock. task_id, url is 2762 0x7f4dbe782080 0x3f97bb81c420 1 0 0x3f97bb81c438 , "https://s.yimg.com/rq/darla/3-15-0/html/r-sf.html"
[1:1:0814/030151.507417:INFO:script_loader.cc(852)]  $$$ [Script] ScriptLoader::ExecuteScriptBlock. task_id, url is 2762 0x7f4dbe782080 0x3f97bb81c420 1 0 0x3f97bb81c438 , "https://s.yimg.com/rq/darla/3-15-0/html/r-sf.html"
[17755:17755:0814/030151.595864:INFO:render_frame_host_impl.cc(1417)] 	 enter RenderFrameHostImpl::OnCreateChildFrame
[1:1:0814/030151.597038:INFO:render_frame_impl.cc(1477)] 	RenderFrameImpl::Initialize. 21, 0x3f97bc559e20
[1:1:0814/030151.597168:INFO:web_local_frame_impl.cc(1666)] 		WebLocalFrame::SetRoutingID. routing_id = 21
[17755:17755:0814/030151.598623:INFO:frame_tree.cc(218)] 	 enter FrameTree::AddFrame: google_ads_frame1, 21, 20, 
[1:1:0814/030151.607535:INFO:render_frame_impl.cc(7018)] >>> [renderer][DOM] RenderFrameImpl::BeginNavigation
[1:1:0814/030151.607716:INFO:render_frame_impl.cc(7019)] 	 [url] = https://s.yimg.com
[17755:17755:0814/030151.609152:INFO:render_frame_host_impl.cc(3108)] >>> [broswer][navigation] RenderFrameHostImpl::BeginNavigation. ID from switcher is 3:6_https://s.yimg.com/
[1:1:0814/030151.638281:INFO:html_parser_scheduler.cc(158)]  $$$ [TASK] HTMLParserScheduler::ContinueParsing
[1:1:0814/030151.638499:INFO:html_document_parser.cc(272)] >>> HTMLDocumentParser::ResumeParsingAfterYield. url is "https://googleads.g.doubleclick.net/pagead/html/r20190807/r20190131/zrt_lookup.html#"
[1:1:0814/030151.640109:INFO:script_loader.cc(852)]  $$$ [Script] ScriptLoader::ExecuteScriptBlock. task_id, url is 2770 0x7f4da80fb070 0x3f97bc2a4c60 , "https://googleads.g.doubleclick.net/pagead/html/r20190807/r20190131/zrt_lookup.html#"
[1:1:0814/030151.695165:INFO:script_loader.cc(852)]  $$$ [Script] ScriptLoader::ExecuteScriptBlock. task_id, url is 2801 0x7f4dbe782080 0x3f97bc3b3240 1 0 0x3f97bc3b3258 , "https://s.yimg.com/rq/darla/3-15-0/html/r-sf.html"
[1:1:0814/030151.715859:INFO:script_loader.cc(852)]  $$$ [Script] ScriptLoader::ExecuteScriptBlock. task_id, url is 2801 0x7f4dbe782080 0x3f97bc3b3240 1 0 0x3f97bc3b3258 , "https://s.yimg.com/rq/darla/3-15-0/html/r-sf.html"
[1:1:0814/030151.716394:INFO:script_loader.cc(852)]  $$$ [Script] ScriptLoader::ExecuteScriptBlock. task_id, url is 2801 0x7f4dbe782080 0x3f97bc3b3240 1 0 0x3f97bc3b3258 , "https://s.yimg.com/rq/darla/3-15-0/html/r-sf.html"
[17755:17755:0814/030151.760857:INFO:render_frame_host_impl.cc(1417)] 	 enter RenderFrameHostImpl::OnCreateChildFrame
[1:1:0814/030151.761854:INFO:render_frame_impl.cc(1477)] 	RenderFrameImpl::Initialize. 22, 0x3f97bb39d020
[1:1:0814/030151.762006:INFO:web_local_frame_impl.cc(1666)] 		WebLocalFrame::SetRoutingID. routing_id = 22
[17755:17755:0814/030151.763442:INFO:frame_tree.cc(218)] 	 enter FrameTree::AddFrame: google_ads_frame1, 22, 21, 
[1:1:0814/030151.770566:INFO:render_frame_impl.cc(7018)] >>> [renderer][DOM] RenderFrameImpl::BeginNavigation
[1:1:0814/030151.770707:INFO:render_frame_impl.cc(7019)] 	 [url] = https://s.yimg.com
[17755:17755:0814/030151.771889:INFO:render_frame_host_impl.cc(3108)] >>> [broswer][navigation] RenderFrameHostImpl::BeginNavigation. ID from switcher is 3:6_https://s.yimg.com/
[1:1:0814/030151.818622:INFO:html_parser_scheduler.cc(81)]  $$$ [TASK] HTMLParserScheduler::ScheduleForUnpause -> HTMLParserScheduler::ContinueParsing
[1:1:0814/030151.858624:INFO:html_parser_scheduler.cc(81)]  $$$ [TASK] HTMLParserScheduler::ScheduleForUnpause -> HTMLParserScheduler::ContinueParsing
[1:1:0814/030151.908507:INFO:script_loader.cc(852)]  $$$ [Script] ScriptLoader::ExecuteScriptBlock. task_id, url is 2966 0x7f4daa0218b0 0x3f97bc862660 , "https://s.yimg.com/rq/darla/3-15-0/html/r-sf.html"
[17755:17755:0814/030151.960919:INFO:navigation_url_loader_network_service.cc(1293)] 	 enter NavigationURLLoaderNetworkService::OnReceiveResponse
[17755:17755:0814/030151.961285:INFO:navigation_handle_impl.cc(765)] 	 enter NavigationHandleImpl::WillProcessResponse
[17755:17765:0814/030151.962858:INFO:interface_endpoint_client.cc(447)] >>> [Frame] get kURLLoader_ProceedWithResponse_Name. [pid, routing_id] = 3, 21
[17755:17765:0814/030151.962926:INFO:mojo_async_resource_handler.cc(459)] >>> [IPC] MojoAsyncResourceHandler::ProceedWithResponse konws [cid, routing_id]: 3, 21, HandleIncomingMessage, HandleIncomingMessage
[17755:17755:0814/030151.963009:INFO:render_frame_host_impl.cc(3699)] >>> RenderFrameHostImpl::CommitNavigation https://oao-js-tag.onemobile.yahoo.com/
[17755:17755:0814/030151.963052:INFO:switcher_host_impl.cc(127)] >>> [Key] add a new principal. [cid, principal, url, frame_id] = 3, 3:21_https://oao-js-tag.onemobile.yahoo.com/, https://oao-js-tag.onemobile.yahoo.com/admax/adServe.do?brxdSectionId=284170563&req(url)=yahoo.com&yadpos=&pos=284170563_970x250&secure=1&wd=970&ht=250&brxdPublisherId=29284317589&brxdSiteId=41161561&dcn=brxd41161561&csrtype=5, 20
[17755:17755:0814/030151.963133:INFO:render_frame_host_impl.cc(3718)] >>>	[site, common.url, headers] = 3:21_https://oao-js-tag.onemobile.yahoo.com/, HTTP/1.1 200 status:200 date:Mon, 12 Aug 2019 11:03:30 GMT content-type:text/html;charset=utf-8 content-length:1253 cache-control:no-store cache-control:no-cache cache-control:must-revalidate cache-control:max-age=0 cache-control:no-transform cache-control:post-check=0, pre-check=0 pragma:no-cache expires:Thu, 01 Jan 1970 00:00:00 GMT server:Jetty(9.4.7.v20170914)  ,17799, 3
[1:1:0814/030151.963747:INFO:html_parser_scheduler.cc(158)]  $$$ [TASK] HTMLParserScheduler::ContinueParsing
[1:1:0814/030151.963904:INFO:html_document_parser.cc(272)] >>> HTMLDocumentParser::ResumeParsingAfterYield. url is "https://ads.pubmatic.com/AdServer/js/user_sync.html?p=156107&s=176446&predirect=https%3A%2F%2Fpr-bh.ybp.yahoo.com%2Fsync%2Fpubmatic%2F"
[1:1:0814/030151.965302:INFO:script_loader.cc(852)]  $$$ [Script] ScriptLoader::ExecuteScriptBlock. task_id, url is 3044 0x7f4da80fb070 0x3f97bc4581e0 , "https://ads.pubmatic.com/AdServer/js/user_sync.html?p=156107&s=176446&predirect=https%3A%2F%2Fpr-bh.ybp.yahoo.com%2Fsync%2Fpubmatic%2F"
[1:7:0814/030151.971073:INFO:ipc_mojo_bootstrap.cc(809)] >>> [IPC] Accept. post a task to AcceptOnProxyThread
[17755:17755:0814/030151.972609:INFO:navigation_url_loader_network_service.cc(1293)] 	 enter NavigationURLLoaderNetworkService::OnReceiveResponse
[17755:17755:0814/030151.973235:INFO:navigation_handle_impl.cc(765)] 	 enter NavigationHandleImpl::WillProcessResponse
[17755:17765:0814/030151.975043:INFO:interface_endpoint_client.cc(447)] >>> [Frame] get kURLLoader_ProceedWithResponse_Name. [pid, routing_id] = 3, 22
[17755:17755:0814/030151.975135:INFO:render_frame_host_impl.cc(3699)] >>> RenderFrameHostImpl::CommitNavigation https://googleads.g.doubleclick.net/
[17755:17765:0814/030151.975113:INFO:mojo_async_resource_handler.cc(459)] >>> [IPC] MojoAsyncResourceHandler::ProceedWithResponse konws [cid, routing_id]: 3, 22, HandleIncomingMessage, HandleIncomingMessage
[17755:17755:0814/030151.975174:INFO:switcher_host_impl.cc(127)] >>> [Key] add a new principal. [cid, principal, url, frame_id] = 3, 3:22_https://googleads.g.doubleclick.net/, https://googleads.g.doubleclick.net/pagead/ads?client=ca-pub-6785382607161389&output=html&h=250&slotname=1481641241&adk=3950437848&adf=2170632791&w=300&guci=2.2.0.0.2.2.0.0&format=300x250&url=https%3A%2F%2Fsg.yahoo.com%2F%3Fp%3Dus&ea=0&flash=0&avail_w=0&wgl=1&adsid=NT&dt=1565722910142&bpp=94&bdt=2430&fdt=1574&idt=1576&shv=r20190807&cbv=r20190131&saldr=aa&correlator=8243117827759&frm=24&ife=3&pv=2&ga_vid=2000397199.1565722912&ga_sid=1565722912&ga_hid=1404287201&ga_fc=0&iag=3&icsg=649&nhd=1&dssz=7&mdo=33554432&mso=33554432&u_tz=480&u_his=2&u_java=0&u_h=1080&u_w=1920&u_ah=1056&u_aw=1855&u_cd=24&u_nplug=2&u_nmime=2&adx=0&ady=0&biw=-12245933&bih=-12245933&isw=300&ish=250&ifk=1120905753&scr_x=-12245933&scr_y=-12245933&oid=3&loc=https%3A%2F%2Fsg.yahoo.com%2F%3Fp%3Dus&rx=0&eae=3&brdim=75%2C34%2C75%2C34%2C1855%2C24%2C1280%2C1024%2C300%2C250&vis=1&rsz=%7C%7CaeE%7C&abl=CA&pfx=0&fu=16&bc=31&osw_key=1550835982&ifi=1&uci=1.tyhkxp36st73&fsb=1&dtd=1617, 21
[17755:17755:0814/030151.975247:INFO:render_frame_host_impl.cc(3718)] >>>	[site, common.url, headers] = 3:22_https://googleads.g.doubleclick.net/, HTTP/1.1 200 status:200 p3p:policyref="https://googleads.g.doubleclick.net/pagead/gcn_p3p_.xml", CP="CURa ADMa DEVa TAIo PSAo PSDo OUR IND UNI PUR INT DEM STA PRE COM NAV OTC NOI DSP COR" timing-allow-origin:* content-type:text/html; charset=UTF-8 x-content-type-options:nosniff content-encoding:br date:Mon, 12 Aug 2019 11:03:30 GMT server:cafe content-length:7805 x-xss-protection:0 alt-svc:quic="googleads.g.doubleclick.net:443"; ma=2592000; v="46,43,39",quic=":443"; ma=2592000; v="46,43,39"  ,17799, 3
[1:7:0814/030151.978011:INFO:ipc_mojo_bootstrap.cc(809)] >>> [IPC] Accept. post a task to AcceptOnProxyThread
[1:1:0814/030151.979042:INFO:html_tree_builder.cc(780)] >>> [renderer][DOM] receive <iframe>
[17755:17755:0814/030151.980298:INFO:render_frame_host_impl.cc(1417)] 	 enter RenderFrameHostImpl::OnCreateChildFrame
[1:1:0814/030151.980605:INFO:render_frame_impl.cc(1477)] 	RenderFrameImpl::Initialize. 23, 0x3f97bbef1420
[1:1:0814/030151.980727:INFO:web_local_frame_impl.cc(1666)] 		WebLocalFrame::SetRoutingID. routing_id = 23
[17755:17755:0814/030151.982514:INFO:frame_tree.cc(218)] 	 enter FrameTree::AddFrame: , 23, 22, 
[1:1:0814/030151.987315:INFO:render_frame_impl.cc(7018)] >>> [renderer][DOM] RenderFrameImpl::BeginNavigation
[1:1:0814/030151.987444:INFO:render_frame_impl.cc(7019)] 	 [url] = https://ads.pubmatic.com
[17755:17755:0814/030151.989121:INFO:render_frame_host_impl.cc(3108)] >>> [broswer][navigation] RenderFrameHostImpl::BeginNavigation. ID from switcher is 3:17_https://ads.pubmatic.com/
[1:1:0814/030152.003752:INFO:script_loader.cc(852)]  $$$ [Script] ScriptLoader::ExecuteScriptBlock. task_id, url is 3055 0x7f4daa0218b0 0x3f97bc456460 , "https://s.yimg.com/rq/darla/3-15-0/html/r-sf.html"
[1:1:0814/030152.006446:INFO:html_parser_scheduler.cc(158)]  $$$ [TASK] HTMLParserScheduler::ContinueParsing
[1:1:0814/030152.006566:INFO:html_document_parser.cc(272)] >>> HTMLDocumentParser::ResumeParsingAfterYield. url is "https://ads.pubmatic.com/AdServer/js/user_sync.html?p=156107&s=176446&predirect=https%3A%2F%2Fpr-bh.ybp.yahoo.com%2Fsync%2Fpubmatic%2F"
[1:1:0814/030152.007658:INFO:script_loader.cc(852)]  $$$ [Script] ScriptLoader::ExecuteScriptBlock. task_id, url is 3060 0x7f4da80fb070 0x3f97bb9261e0 , "https://ads.pubmatic.com/AdServer/js/user_sync.html?p=156107&s=176446&predirect=https%3A%2F%2Fpr-bh.ybp.yahoo.com%2Fsync%2Fpubmatic%2F"
[1:1:0814/030152.013252:INFO:html_tree_builder.cc(780)] >>> [renderer][DOM] receive <iframe>
[17755:17755:0814/030152.014004:INFO:render_frame_host_impl.cc(1417)] 	 enter RenderFrameHostImpl::OnCreateChildFrame
[1:1:0814/030152.015166:INFO:render_frame_impl.cc(1477)] 	RenderFrameImpl::Initialize. 24, 0x3f97bc55a820
[1:1:0814/030152.015292:INFO:web_local_frame_impl.cc(1666)] 		WebLocalFrame::SetRoutingID. routing_id = 24
[17755:17755:0814/030152.016520:INFO:frame_tree.cc(218)] 	 enter FrameTree::AddFrame: , 24, 23, 
[17755:17755:0814/030152.021156:INFO:navigation_url_loader_network_service.cc(1293)] 	 enter NavigationURLLoaderNetworkService::OnReceiveResponse
[17755:17755:0814/030152.021797:INFO:navigation_handle_impl.cc(765)] 	 enter NavigationHandleImpl::WillProcessResponse
[1:1:0814/030152.022622:INFO:render_frame_impl.cc(7018)] >>> [renderer][DOM] RenderFrameImpl::BeginNavigation
[1:1:0814/030152.022759:INFO:render_frame_impl.cc(7019)] 	 [url] = https://ads.pubmatic.com
[17755:17765:0814/030152.023996:INFO:interface_endpoint_client.cc(447)] >>> [Frame] get kURLLoader_ProceedWithResponse_Name. [pid, routing_id] = 3, 23
[17755:17765:0814/030152.024041:INFO:mojo_async_resource_handler.cc(459)] >>> [IPC] MojoAsyncResourceHandler::ProceedWithResponse konws [cid, routing_id]: 3, 23, HandleIncomingMessage, HandleIncomingMessage
[17755:17755:0814/030152.024141:INFO:render_frame_host_impl.cc(3699)] >>> RenderFrameHostImpl::CommitNavigation https://ads.pubmatic.com/
[17755:17755:0814/030152.024176:INFO:switcher_host_impl.cc(127)] >>> [Key] add a new principal. [cid, principal, url, frame_id] = 3, 3:23_https://ads.pubmatic.com/, https://ads.pubmatic.com/AdServer/js/showad.js#PIX&kdntuid=1&SPug=true&p=156107&s=176446&predirect=https%3A%2F%2Fpr-bh.ybp.yahoo.com%2Fsync%2Fpubmatic%2F&it=0&gdpr=0&np=0, 22
[17755:17755:0814/030152.024229:INFO:render_frame_host_impl.cc(3718)] >>>	[site, common.url, headers] = 3:23_https://ads.pubmatic.com/, HTTP/1.1 200 OK Last-Modified: Fri, 26 Jul 2019 09:39:45 GMT ETag: "13006b6-9bf6-58e925294ef26" Server: Apache/2.2.15 (CentOS) Accept-Ranges: bytes Content-Encoding: gzip Set-Cookie: KTPCACOOKIE=YES; domain=.pubmatic.com; path=/; max-age=7776000; P3P: CP="NOI DSP COR LAW CUR ADMo DEVo TAIo PSAo PSDo IVAo IVDo HISo OTPo OUR SAMo BUS UNI COM NAV INT DEM CNT STA PRE LOC", CP="NOI DSP COR LAW CUR ADMo DEVo TAIo PSAo PSDo IVAo IVDo HISo OTPo OUR SAMo BUS UNI COM NAV INT DEM CNT STA PRE LOC" Content-Length: 14898 Content-Type: text/html; charset=UTF-8 Cache-Control: public, max-age=98967 Expires: Tue, 13 Aug 2019 14:32:57 GMT Date: Mon, 12 Aug 2019 11:03:30 GMT Connection: keep-alive Vary: Accept-Encoding  ,17799, 3
[1:7:0814/030152.025457:INFO:ipc_mojo_bootstrap.cc(809)] >>> [IPC] Accept. post a task to AcceptOnProxyThread
[17755:17755:0814/030152.026201:INFO:render_frame_host_impl.cc(3108)] >>> [broswer][navigation] RenderFrameHostImpl::BeginNavigation. ID from switcher is 3:18_https://ads.pubmatic.com/
[17755:17755:0814/030152.036529:INFO:navigation_url_loader_network_service.cc(1293)] 	 enter NavigationURLLoaderNetworkService::OnReceiveResponse
[17755:17755:0814/030152.037175:INFO:navigation_handle_impl.cc(765)] 	 enter NavigationHandleImpl::WillProcessResponse
[17755:17765:0814/030152.039512:INFO:interface_endpoint_client.cc(447)] >>> [Frame] get kURLLoader_ProceedWithResponse_Name. [pid, routing_id] = 3, 24
