[1:1:0814/024707.368665:INFO:ipc_mojo_bootstrap.cc(894)] ### [Switcher][kFrameNavigationControl_CommitNavigation_Name] get additional field: 3:10_https://s.yimg.com/
[1:1:0814/024707.377552:INFO:script_loader.cc(852)]  $$$ [Script] ScriptLoader::ExecuteScriptBlock. task_id, url is 2244, "https://s.yimg.com/rq/darla/3-15-0/html/r-sf.html"
[11330:11330:0814/024707.407948:INFO:switcher_host_impl.cc(127)] >>> [Key] add a new principal. [cid, principal, url, frame_id] = 3, 3:9_https://tag.idsync.analytics.yahoo.com/, https://tag.idsync.analytics.yahoo.com/, 8
[11330:11330:0814/024707.408027:INFO:frame_tree_node.cc(349)] 	FrameTreeNode::SetCurrentOrigin. [frameid, routingid, origin, url] = 8, 9, https://tag.idsync.analytics.yahoo.com/, https://tag.idsync.analytics.yahoo.com
[1:1:0814/024707.417197:INFO:html_document_parser.cc(1203)]  $$$ [TASK] HTMLDocumentParser::AppendBytes -> BackgroundHTMLParser::AppendRawBytesFromMainThread
[1:1:0814/024707.425150:INFO:script_loader.cc(852)]  $$$ [Script] ScriptLoader::ExecuteScriptBlock. task_id, url is 2279, "https://s.yimg.com/rq/darla/3-15-0/html/r-sf.html"
[1:1:0814/024707.438599:INFO:ipc_mojo_bootstrap.cc(894)] ### [Switcher][kFrameNavigationControl_CommitNavigation_Name] get additional field: 3:11_https://s.yimg.com/
[11330:11330:0814/024707.517965:INFO:switcher_host_impl.cc(127)] >>> [Key] add a new principal. [cid, principal, url, frame_id] = 3, 3:10_https://s.yimg.com/, https://s.yimg.com/, 9
[11330:11330:0814/024707.518043:INFO:frame_tree_node.cc(349)] 	FrameTreeNode::SetCurrentOrigin. [frameid, routingid, origin, url] = 9, 10, https://s.yimg.com/, https://s.yimg.com
[1:1:0814/024707.522598:INFO:html_document_parser.cc(1203)]  $$$ [TASK] HTMLDocumentParser::AppendBytes -> BackgroundHTMLParser::AppendRawBytesFromMainThread
[1:1:0814/024707.531920:INFO:html_parser_scheduler.cc(81)]  $$$ [TASK] HTMLParserScheduler::ScheduleForUnpause -> HTMLParserScheduler::ContinueParsing
[1:1:0814/024707.536234:INFO:html_parser_scheduler.cc(81)]  $$$ [TASK] HTMLParserScheduler::ScheduleForUnpause -> HTMLParserScheduler::ContinueParsing
[1:1:0814/024707.545675:INFO:html_parser_scheduler.cc(81)]  $$$ [TASK] HTMLParserScheduler::ScheduleForUnpause -> HTMLParserScheduler::ContinueParsing
[11330:11330:0814/024707.553507:INFO:switcher_host_impl.cc(127)] >>> [Key] add a new principal. [cid, principal, url, frame_id] = 3, 3:11_https://s.yimg.com/, https://s.yimg.com/, 10
[11330:11330:0814/024707.553585:INFO:frame_tree_node.cc(349)] 	FrameTreeNode::SetCurrentOrigin. [frameid, routingid, origin, url] = 10, 11, https://s.yimg.com/, https://s.yimg.com
[1:1:0814/024707.564039:INFO:html_document_parser.cc(1203)]  $$$ [TASK] HTMLDocumentParser::AppendBytes -> BackgroundHTMLParser::AppendRawBytesFromMainThread
[1:1:0814/024707.611096:INFO:html_parser_scheduler.cc(81)]  $$$ [TASK] HTMLParserScheduler::ScheduleForUnpause -> HTMLParserScheduler::ContinueParsing
[1:1:0814/024707.616393:INFO:script_loader.cc(852)]  $$$ [Script] ScriptLoader::ExecuteScriptBlock. task_id, url is 2425 0x7fce7a96b8b0 0xd1828917e60 , "https://s.yimg.com/rq/darla/3-15-0/html/r-sf.html"
[11330:11330:0814/024707.708781:INFO:render_frame_host_impl.cc(1417)] 	 enter RenderFrameHostImpl::OnCreateChildFrame
[1:1:0814/024707.709293:INFO:render_frame_impl.cc(1477)] 	RenderFrameImpl::Initialize. 12, 0xd182877ea20
[1:1:0814/024707.709429:INFO:web_local_frame_impl.cc(1666)] 		WebLocalFrame::SetRoutingID. routing_id = 12
[11330:11330:0814/024707.710814:INFO:frame_tree.cc(218)] 	 enter FrameTree::AddFrame: , 12, 11, 
[11330:11330:0814/024707.734881:INFO:switcher_host_impl.cc(127)] >>> [Key] add a new principal. [cid, principal, url, frame_id] = 3, 3:12_https://s.yimg.com/, https://s.yimg.com/, 11
[11330:11330:0814/024707.734984:INFO:frame_tree_node.cc(349)] 	FrameTreeNode::SetCurrentOrigin. [frameid, routingid, origin, url] = 11, 12, https://s.yimg.com/, https://s.yimg.com
[1:1:0814/024707.754339:INFO:script_loader.cc(852)]  $$$ [Script] ScriptLoader::ExecuteScriptBlock. task_id, url is 2425 0x7fce7a96b8b0 0xd1828917e60 , "https://s.yimg.com/rq/darla/3-15-0/html/r-sf.html"
[1:1:0814/024707.784777:INFO:html_tree_builder.cc(780)] >>> [renderer][DOM] receive <iframe>
[11330:11330:0814/024707.787020:INFO:render_frame_host_impl.cc(1417)] 	 enter RenderFrameHostImpl::OnCreateChildFrame
[1:1:0814/024707.786976:INFO:render_frame_impl.cc(1477)] 	RenderFrameImpl::Initialize. 13, 0xd182877f420
[1:1:0814/024707.787127:INFO:web_local_frame_impl.cc(1666)] 		WebLocalFrame::SetRoutingID. routing_id = 13
[11330:11330:0814/024707.788979:INFO:frame_tree.cc(218)] 	 enter FrameTree::AddFrame: aswift_0, 13, 12, 
[11330:11330:0814/024707.807575:INFO:switcher_host_impl.cc(127)] >>> [Key] add a new principal. [cid, principal, url, frame_id] = 3, 3:13_https://s.yimg.com/, https://s.yimg.com/, 12
[11330:11330:0814/024707.807659:INFO:frame_tree_node.cc(349)] 	FrameTreeNode::SetCurrentOrigin. [frameid, routingid, origin, url] = 12, 13, https://s.yimg.com/, https://s.yimg.com
[1:1:0814/024707.828564:INFO:render_frame_impl.cc(1477)] 	RenderFrameImpl::Initialize. 14, 0xd182877fe20
[1:1:0814/024707.828683:INFO:web_local_frame_impl.cc(1666)] 		WebLocalFrame::SetRoutingID. routing_id = 14
[11330:11330:0814/024707.829685:INFO:render_frame_host_impl.cc(1417)] 	 enter RenderFrameHostImpl::OnCreateChildFrame
[11330:11330:0814/024707.832343:INFO:frame_tree.cc(218)] 	 enter FrameTree::AddFrame: google_esf, 14, 13, 
[1:1:0814/024707.835263:INFO:render_frame_impl.cc(7018)] >>> [renderer][DOM] RenderFrameImpl::BeginNavigation
[1:1:0814/024707.835370:INFO:render_frame_impl.cc(7019)] 	 [url] = https://s.yimg.com
[11330:11330:0814/024707.840241:INFO:render_frame_host_impl.cc(3108)] >>> [broswer][navigation] RenderFrameHostImpl::BeginNavigation. ID from switcher is 3:4_https://s.yimg.com/
[1:1:0814/024707.845106:INFO:html_parser_scheduler.cc(158)]  $$$ [TASK] HTMLParserScheduler::ContinueParsing
[1:1:0814/024707.845248:INFO:html_document_parser.cc(272)] >>> HTMLDocumentParser::ResumeParsingAfterYield. url is "https://s.yimg.com/rq/darla/3-15-0/html/r-sf.html"
[11330:11330:0814/024707.850870:INFO:navigation_url_loader_network_service.cc(1293)] 	 enter NavigationURLLoaderNetworkService::OnReceiveResponse
[11330:11330:0814/024707.851343:INFO:navigation_handle_impl.cc(765)] 	 enter NavigationHandleImpl::WillProcessResponse
[11330:11330:0814/024707.853940:INFO:render_frame_host_impl.cc(3699)] >>> RenderFrameHostImpl::CommitNavigation https://googleads.g.doubleclick.net/
[11330:11330:0814/024707.854004:INFO:switcher_host_impl.cc(127)] >>> [Key] add a new principal. [cid, principal, url, frame_id] = 3, 3:14_https://googleads.g.doubleclick.net/, https://googleads.g.doubleclick.net/pagead/html/r20190807/r20190131/zrt_lookup.html#, 13
[11330:11330:0814/024707.854088:INFO:render_frame_host_impl.cc(3718)] >>>	[site, common.url, headers] = 3:14_https://googleads.g.doubleclick.net/, HTTP/1.1 200 status:200 p3p:policyref="https://googleads.g.doubleclick.net/pagead/gcn_p3p_.xml", CP="CURa ADMa DEVa TAIo PSAo PSDo OUR IND UNI PUR INT DEM STA PRE COM NAV OTC NOI DSP COR" timing-allow-origin:* vary:Accept-Encoding date:Thu, 08 Aug 2019 16:26:48 GMT expires:Thu, 22 Aug 2019 16:26:48 GMT content-type:text/html; charset=UTF-8 etag:4817175036427020965 x-content-type-options:nosniff content-encoding:gzip server:cafe content-length:7274 x-xss-protection:0 cache-control:public, max-age=1209600 age:325318 alt-svc:quic="googleads.g.doubleclick.net:443"; ma=2592000; v="46,43,39",quic=":443"; ma=2592000; v="46,43,39"  ,11374, 3
[11330:11340:0814/024707.854218:INFO:interface_endpoint_client.cc(447)] >>> [Frame] get kURLLoader_ProceedWithResponse_Name. [pid, routing_id] = 3, 14
[11330:11340:0814/024707.854265:INFO:mojo_async_resource_handler.cc(459)] >>> [IPC] MojoAsyncResourceHandler::ProceedWithResponse konws [cid, routing_id]: 3, 14, HandleIncomingMessage, HandleIncomingMessage
[1:7:0814/024707.855845:INFO:ipc_mojo_bootstrap.cc(809)] >>> [IPC] Accept. post a task to AcceptOnProxyThread
[1:1:0814/024707.856946:INFO:script_loader.cc(852)]  $$$ [Script] ScriptLoader::ExecuteScriptBlock. task_id, url is 2436 0x7fce7a96b8b0 0xd1828551f60 , "https://s.yimg.com/rq/darla/3-15-0/html/r-sf.html"
[1:1:0814/024707.895664:INFO:render_frame_impl.cc(1477)] 	RenderFrameImpl::Initialize. 15, 0xd18284f2020
[1:1:0814/024707.895837:INFO:web_local_frame_impl.cc(1666)] 		WebLocalFrame::SetRoutingID. routing_id = 15
[11330:11330:0814/024707.897199:INFO:render_frame_host_impl.cc(1417)] 	 enter RenderFrameHostImpl::OnCreateChildFrame
[11330:11330:0814/024707.899433:INFO:frame_tree.cc(218)] 	 enter FrameTree::AddFrame: , 15, 14, 
[11330:11330:0814/024707.915027:INFO:switcher_host_impl.cc(127)] >>> [Key] add a new principal. [cid, principal, url, frame_id] = 3, 3:15_https://s.yimg.com/, https://s.yimg.com/, 14
[11330:11330:0814/024707.915106:INFO:frame_tree_node.cc(349)] 	FrameTreeNode::SetCurrentOrigin. [frameid, routingid, origin, url] = 14, 15, https://s.yimg.com/, https://s.yimg.com
[11330:11330:0814/024707.921637:WARNING:render_frame_host_impl.cc(414)] InterfaceRequest was dropped, the document is no longer active: content::mojom::RendererAudioOutputStreamFactory
[1:1:0814/024707.930083:INFO:script_loader.cc(852)]  $$$ [Script] ScriptLoader::ExecuteScriptBlock. task_id, url is 2436 0x7fce7a96b8b0 0xd1828551f60 , "https://s.yimg.com/rq/darla/3-15-0/html/r-sf.html"
[1:1:0814/024707.950358:INFO:html_tree_builder.cc(780)] >>> [renderer][DOM] receive <iframe>
[11330:11330:0814/024707.951949:INFO:render_frame_host_impl.cc(1417)] 	 enter RenderFrameHostImpl::OnCreateChildFrame
[1:1:0814/024707.953058:INFO:render_frame_impl.cc(1477)] 	RenderFrameImpl::Initialize. 16, 0xd18284f2a20
[1:1:0814/024707.953233:INFO:web_local_frame_impl.cc(1666)] 		WebLocalFrame::SetRoutingID. routing_id = 16
[11330:11330:0814/024707.954277:INFO:frame_tree.cc(218)] 	 enter FrameTree::AddFrame: aswift_0, 16, 15, 
[11330:11330:0814/024707.972304:INFO:switcher_host_impl.cc(127)] >>> [Key] add a new principal. [cid, principal, url, frame_id] = 3, 3:16_https://s.yimg.com/, https://s.yimg.com/, 15
[11330:11330:0814/024707.972398:INFO:frame_tree_node.cc(349)] 	FrameTreeNode::SetCurrentOrigin. [frameid, routingid, origin, url] = 15, 16, https://s.yimg.com/, https://s.yimg.com
[1:1:0814/024708.015710:INFO:html_parser_scheduler.cc(158)]  $$$ [TASK] HTMLParserScheduler::ContinueParsing
[1:1:0814/024708.015845:INFO:html_document_parser.cc(272)] >>> HTMLDocumentParser::ResumeParsingAfterYield. url is "https://tag.idsync.analytics.yahoo.com/sp-frame.html?referrer=https%3A%2F%2Fsg.yahoo.com%2F%3Fp%3Dus"
[1:1:0814/024708.023299:INFO:html_parser_scheduler.cc(158)]  $$$ [TASK] HTMLParserScheduler::ContinueParsing
[1:1:0814/024708.023441:INFO:html_document_parser.cc(272)] >>> HTMLDocumentParser::ResumeParsingAfterYield. url is "https://s.yimg.com/rq/darla/3-15-0/html/r-sf.html"
[1:1:0814/024708.032611:INFO:html_parser_scheduler.cc(81)]  $$$ [TASK] HTMLParserScheduler::ScheduleForUnpause -> HTMLParserScheduler::ContinueParsing
[1:1:0814/024708.135920:INFO:html_parser_scheduler.cc(158)]  $$$ [TASK] HTMLParserScheduler::ContinueParsing
[1:1:0814/024708.136083:INFO:html_document_parser.cc(272)] >>> HTMLDocumentParser::ResumeParsingAfterYield. url is "https://s.yimg.com/ja/ap/ssp_cookie_sync/apac.html"
[1:1:0814/024708.137291:INFO:script_loader.cc(852)]  $$$ [Script] ScriptLoader::ExecuteScriptBlock. task_id, url is 2481 0x7fce78a45070 0xd1823579460 , "https://s.yimg.com/ja/ap/ssp_cookie_sync/apac.html"
[11330:11330:0814/024708.140177:INFO:render_frame_host_impl.cc(1417)] 	 enter RenderFrameHostImpl::OnCreateChildFrame
[1:1:0814/024708.140994:INFO:render_frame_impl.cc(1477)] 	RenderFrameImpl::Initialize. 17, 0xd1828780820
[1:1:0814/024708.141103:INFO:web_local_frame_impl.cc(1666)] 		WebLocalFrame::SetRoutingID. routing_id = 17
[11330:11330:0814/024708.142937:INFO:frame_tree.cc(218)] 	 enter FrameTree::AddFrame: , 17, 16, 
[1:1:0814/024708.146593:INFO:render_frame_impl.cc(7018)] >>> [renderer][DOM] RenderFrameImpl::BeginNavigation
[1:1:0814/024708.146704:INFO:render_frame_impl.cc(7019)] 	 [url] = https://s.yimg.com
[11330:11330:0814/024708.147781:INFO:render_frame_host_impl.cc(3108)] >>> [broswer][navigation] RenderFrameHostImpl::BeginNavigation. ID from switcher is 3:10_https://s.yimg.com/
[1:1:0814/024708.204850:INFO:ipc_mojo_bootstrap.cc(894)] ### [Switcher][kFrameNavigationControl_CommitNavigation_Name] get additional field: 3:14_https://googleads.g.doubleclick.net/
[1:1:0814/024708.247543:INFO:script_loader.cc(852)]  $$$ [Script] ScriptLoader::ExecuteScriptBlock. task_id, url is 2632, "https://tag.idsync.analytics.yahoo.com/sp-frame.html?referrer=https%3A%2F%2Fsg.yahoo.com%2F%3Fp%3Dus"
[1:1:0814/024708.273965:INFO:html_parser_scheduler.cc(158)]  $$$ [TASK] HTMLParserScheduler::ContinueParsing
[1:1:0814/024708.274137:INFO:html_document_parser.cc(272)] >>> HTMLDocumentParser::ResumeParsingAfterYield. url is "https://s.yimg.com/ja/ap/ssp_cookie_sync/apac.html"
[1:1:0814/024708.275389:INFO:script_loader.cc(852)]  $$$ [Script] ScriptLoader::ExecuteScriptBlock. task_id, url is 2637 0x7fce78a45070 0xd182905ece0 , "https://s.yimg.com/ja/ap/ssp_cookie_sync/apac.html"
[11330:11330:0814/024708.275803:INFO:navigation_url_loader_network_service.cc(1293)] 	 enter NavigationURLLoaderNetworkService::OnReceiveResponse
[11330:11330:0814/024708.276398:INFO:navigation_handle_impl.cc(765)] 	 enter NavigationHandleImpl::WillProcessResponse
[11330:11330:0814/024708.278562:INFO:render_frame_host_impl.cc(3699)] >>> RenderFrameHostImpl::CommitNavigation https://ads.pubmatic.com/
[11330:11340:0814/024708.278607:INFO:interface_endpoint_client.cc(447)] >>> [Frame] get kURLLoader_ProceedWithResponse_Name. [pid, routing_id] = 3, 17
[11330:11330:0814/024708.278609:INFO:switcher_host_impl.cc(127)] >>> [Key] add a new principal. [cid, principal, url, frame_id] = 3, 3:17_https://ads.pubmatic.com/, https://ads.pubmatic.com/AdServer/js/user_sync.html?p=156107&s=176446&predirect=https%3A%2F%2Fpr-bh.ybp.yahoo.com%2Fsync%2Fpubmatic%2F, 16
[11330:11340:0814/024708.278668:INFO:mojo_async_resource_handler.cc(459)] >>> [IPC] MojoAsyncResourceHandler::ProceedWithResponse konws [cid, routing_id]: 3, 17, HandleIncomingMessage, HandleIncomingMessage
[11330:11330:0814/024708.278700:INFO:render_frame_host_impl.cc(3718)] >>>	[site, common.url, headers] = 3:17_https://ads.pubmatic.com/, HTTP/1.1 200 OK Last-Modified: Fri, 26 Jul 2019 09:40:01 GMT ETag: "1300708-26ca-58e92538a370a" Server: Apache/2.2.15 (CentOS) Accept-Ranges: bytes Content-Encoding: gzip P3P: CP="NOI DSP COR LAW CUR ADMo DEVo TAIo PSAo PSDo IVAo IVDo HISo OTPo OUR SAMo BUS UNI COM NAV INT DEM CNT STA PRE LOC", CP="NOI DSP COR LAW CUR ADMo DEVo TAIo PSAo PSDo IVAo IVDo HISo OTPo OUR SAMo BUS UNI COM NAV INT DEM CNT STA PRE LOC" Content-Length: 3860 Content-Type: text/html; charset=UTF-8 Cache-Control: max-age=109414 Expires: Tue, 13 Aug 2019 17:12:20 GMT Date: Mon, 12 Aug 2019 10:48:46 GMT Connection: keep-alive Vary: Accept-Encoding  ,11374, 3
[1:1:0814/024708.279419:INFO:render_frame_impl.cc(1477)] 	RenderFrameImpl::Initialize. 18, 0xd18284f3420
[1:1:0814/024708.279567:INFO:web_local_frame_impl.cc(1666)] 		WebLocalFrame::SetRoutingID. routing_id = 18
[1:7:0814/024708.280097:INFO:ipc_mojo_bootstrap.cc(809)] >>> [IPC] Accept. post a task to AcceptOnProxyThread
[11330:11330:0814/024708.282386:INFO:render_frame_host_impl.cc(1417)] 	 enter RenderFrameHostImpl::OnCreateChildFrame
[11330:11330:0814/024708.284231:INFO:frame_tree.cc(218)] 	 enter FrameTree::AddFrame: , 18, 17, 
[1:1:0814/024708.285324:INFO:render_frame_impl.cc(7018)] >>> [renderer][DOM] RenderFrameImpl::BeginNavigation
[1:1:0814/024708.285461:INFO:render_frame_impl.cc(7019)] 	 [url] = https://s.yimg.com
[11330:11330:0814/024708.287943:INFO:render_frame_host_impl.cc(3108)] >>> [broswer][navigation] RenderFrameHostImpl::BeginNavigation. ID from switcher is 3:11_https://s.yimg.com/
[1:1:0814/024708.296291:INFO:script_loader.cc(852)]  $$$ [Script] ScriptLoader::ExecuteScriptBlock. task_id, url is 2638 0x7fce8f0cc080 0xd1829cfbb00 1 0 0xd1829cfbb18 , "https://s.yimg.com/rq/darla/3-15-0/html/r-sf.html"
[11330:11330:0814/024708.299096:INFO:navigation_url_loader_network_service.cc(1293)] 	 enter NavigationURLLoaderNetworkService::OnReceiveResponse
[11330:11330:0814/024708.299759:INFO:navigation_handle_impl.cc(765)] 	 enter NavigationHandleImpl::WillProcessResponse
[11330:11340:0814/024708.301576:INFO:interface_endpoint_client.cc(447)] >>> [Frame] get kURLLoader_ProceedWithResponse_Name. [pid, routing_id] = 3, 18
[11330:11340:0814/024708.301646:INFO:mojo_async_resource_handler.cc(459)] >>> [IPC] MojoAsyncResourceHandler::ProceedWithResponse konws [cid, routing_id]: 3, 18, HandleIncomingMessage, HandleIncomingMessage
[11330:11330:0814/024708.301660:INFO:render_frame_host_impl.cc(3699)] >>> RenderFrameHostImpl::CommitNavigation https://ads.pubmatic.com/
[11330:11330:0814/024708.301695:INFO:switcher_host_impl.cc(127)] >>> [Key] add a new principal. [cid, principal, url, frame_id] = 3, 3:18_https://ads.pubmatic.com/, https://ads.pubmatic.com/AdServer/js/user_sync.html?p=156107&s=176446&predirect=https%3A%2F%2Fpr-bh.ybp.yahoo.com%2Fsync%2Fpubmatic%2F, 17
[11330:11330:0814/024708.301751:INFO:render_frame_host_impl.cc(3718)] >>>	[site, common.url, headers] = 3:18_https://ads.pubmatic.com/, HTTP/1.1 200 OK Last-Modified: Fri, 26 Jul 2019 09:40:01 GMT Cache-Control: max-age=109414 Expires: Tue, 13 Aug 2019 17:12:20 GMT Date: Mon, 12 Aug 2019 10:48:46 GMT ETag: "1300708-26ca-58e92538a370a" Server: Apache/2.2.15 (CentOS) Accept-Ranges: bytes Content-Encoding: gzip P3P: CP="NOI DSP COR LAW CUR ADMo DEVo TAIo PSAo PSDo IVAo IVDo HISo OTPo OUR SAMo BUS UNI COM NAV INT DEM CNT STA PRE LOC", CP="NOI DSP COR LAW CUR ADMo DEVo TAIo PSAo PSDo IVAo IVDo HISo OTPo OUR SAMo BUS UNI COM NAV INT DEM CNT STA PRE LOC" Content-Length: 3860 Content-Type: text/html; charset=UTF-8 Vary: Accept-Encoding  ,11374, 3
[1:7:0814/024708.303825:INFO:ipc_mojo_bootstrap.cc(809)] >>> [IPC] Accept. post a task to AcceptOnProxyThread
[11330:11330:0814/024708.457597:INFO:render_frame_host_impl.cc(1417)] 	 enter RenderFrameHostImpl::OnCreateChildFrame
[1:1:0814/024708.458660:INFO:render_frame_impl.cc(1477)] 	RenderFrameImpl::Initialize. 19, 0xd18284f4820
[1:1:0814/024708.458804:INFO:web_local_frame_impl.cc(1666)] 		WebLocalFrame::SetRoutingID. routing_id = 19
[11330:11330:0814/024708.459912:INFO:frame_tree.cc(218)] 	 enter FrameTree::AddFrame: , 19, 18, 
[11330:11330:0814/024708.473733:INFO:switcher_host_impl.cc(127)] >>> [Key] add a new principal. [cid, principal, url, frame_id] = 3, 3:19_https://s.yimg.com/, https://s.yimg.com/, 18
[11330:11330:0814/024708.473831:INFO:frame_tree_node.cc(349)] 	FrameTreeNode::SetCurrentOrigin. [frameid, routingid, origin, url] = 18, 19, https://s.yimg.com/, https://s.yimg.com
[1:1:0814/024708.721274:INFO:script_loader.cc(852)]  $$$ [Script] ScriptLoader::ExecuteScriptBlock. task_id, url is 2699 0x7fce7a96b8b0 0xd1829072ae0 , "https://s.yimg.com/rq/darla/3-15-0/html/r-sf.html"
[1:1:0814/024708.722840:INFO:script_loader.cc(852)]  $$$ [Script] ScriptLoader::ExecuteScriptBlock. task_id, url is 2700 0x7fce7a96b8b0 0xd1829cbf6e0 , "https://s.yimg.com/rq/darla/3-15-0/html/r-sf.html"
[11330:11330:0814/024708.756130:INFO:switcher_host_impl.cc(127)] >>> [Key] add a new principal. [cid, principal, url, frame_id] = 3, 3:14_https://googleads.g.doubleclick.net/, https://googleads.g.doubleclick.net/, 13
[11330:11330:0814/024708.756206:INFO:frame_tree_node.cc(349)] 	FrameTreeNode::SetCurrentOrigin. [frameid, routingid, origin, url] = 13, 14, https://googleads.g.doubleclick.net/, https://googleads.g.doubleclick.net
[1:1:0814/024708.757885:INFO:html_document_parser.cc(1203)]  $$$ [TASK] HTMLDocumentParser::AppendBytes -> BackgroundHTMLParser::AppendRawBytesFromMainThread
[1:1:0814/024708.765404:INFO:script_loader.cc(852)]  $$$ [Script] ScriptLoader::ExecuteScriptBlock. task_id, url is 2732 0x7fce7a96b8b0 0xd18284a69e0 , "https://s.yimg.com/rq/darla/3-15-0/html/r-sf.html"
[1:1:0814/024708.766881:INFO:script_loader.cc(852)]  $$$ [Script] ScriptLoader::ExecuteScriptBlock. task_id, url is 2733 0x7fce7a96b8b0 0xd1828ecd460 , "https://s.yimg.com/rq/darla/3-15-0/html/r-sf.html"
[1:1:0814/024708.786521:INFO:ipc_mojo_bootstrap.cc(894)] ### [Switcher][kFrameNavigationControl_CommitNavigation_Name] get additional field: 3:17_https://ads.pubmatic.com/
[1:1:0814/024708.802838:INFO:ipc_mojo_bootstrap.cc(894)] ### [Switcher][kFrameNavigationControl_CommitNavigation_Name] get additional field: 3:18_https://ads.pubmatic.com/
[1:1:0814/024708.858154:INFO:script_loader.cc(852)]  $$$ [Script] ScriptLoader::ExecuteScriptBlock. task_id, url is 2868 0x7fce8f0cc080 0xd1828e567e0 1 0 0xd1828e567f8 , "https://s.yimg.com/rq/darla/3-15-0/html/r-sf.html"
[11330:11330:0814/024708.933858:INFO:render_frame_host_impl.cc(1417)] 	 enter RenderFrameHostImpl::OnCreateChildFrame
[1:1:0814/024708.934884:INFO:render_frame_impl.cc(1477)] 	RenderFrameImpl::Initialize. 20, 0xd182877e020
[1:1:0814/024708.935038:INFO:web_local_frame_impl.cc(1666)] 		WebLocalFrame::SetRoutingID. routing_id = 20
[11330:11330:0814/024708.935731:INFO:frame_tree.cc(218)] 	 enter FrameTree::AddFrame: , 20, 19, 
[11330:11330:0814/024708.947512:INFO:switcher_host_impl.cc(127)] >>> [Key] add a new principal. [cid, principal, url, frame_id] = 3, 3:20_https://s.yimg.com/, https://s.yimg.com/, 19
[11330:11330:0814/024708.947575:INFO:frame_tree_node.cc(349)] 	FrameTreeNode::SetCurrentOrigin. [frameid, routingid, origin, url] = 19, 20, https://s.yimg.com/, https://s.yimg.com
[1:1:0814/024709.182856:INFO:html_parser_scheduler.cc(81)]  $$$ [TASK] HTMLParserScheduler::ScheduleForUnpause -> HTMLParserScheduler::ContinueParsing
[11330:11330:0814/024709.248936:INFO:switcher_host_impl.cc(127)] >>> [Key] add a new principal. [cid, principal, url, frame_id] = 3, 3:17_https://ads.pubmatic.com/, https://ads.pubmatic.com/, 16
[11330:11330:0814/024709.249010:INFO:frame_tree_node.cc(349)] 	FrameTreeNode::SetCurrentOrigin. [frameid, routingid, origin, url] = 16, 17, https://ads.pubmatic.com/, https://ads.pubmatic.com
[1:1:0814/024709.251173:INFO:html_document_parser.cc(1203)]  $$$ [TASK] HTMLDocumentParser::AppendBytes -> BackgroundHTMLParser::AppendRawBytesFromMainThread
[11330:11330:0814/024709.279117:INFO:switcher_host_impl.cc(127)] >>> [Key] add a new principal. [cid, principal, url, frame_id] = 3, 3:18_https://ads.pubmatic.com/, https://ads.pubmatic.com/, 17
[11330:11330:0814/024709.279197:INFO:frame_tree_node.cc(349)] 	FrameTreeNode::SetCurrentOrigin. [frameid, routingid, origin, url] = 17, 18, https://ads.pubmatic.com/, https://ads.pubmatic.com
[1:1:0814/024709.281161:INFO:html_document_parser.cc(1203)]  $$$ [TASK] HTMLDocumentParser::AppendBytes -> BackgroundHTMLParser::AppendRawBytesFromMainThread
[1:1:0814/024709.333532:INFO:script_loader.cc(852)]  $$$ [Script] ScriptLoader::ExecuteScriptBlock. task_id, url is 3048 0x7fce7a96b8b0 0xd1829c537e0 , "https://s.yimg.com/rq/darla/3-15-0/html/r-sf.html"
[1:1:0814/024709.364277:INFO:script_loader.cc(852)]  $$$ [Script] ScriptLoader::ExecuteScriptBlock. task_id, url is 3073 0x7fce8f0cc080 0xd18235d9740 1 0 0xd18235d9758 , "https://s.yimg.com/rq/darla/3-15-0/html/r-sf.html"
[1:1:0814/024709.432303:INFO:script_loader.cc(852)]  $$$ [Script] ScriptLoader::ExecuteScriptBlock. task_id, url is 3073 0x7fce8f0cc080 0xd18235d9740 1 0 0xd18235d9758 , "https://s.yimg.com/rq/darla/3-15-0/html/r-sf.html"
[1:1:0814/024709.432996:INFO:script_loader.cc(852)]  $$$ [Script] ScriptLoader::ExecuteScriptBlock. task_id, url is 3073 0x7fce8f0cc080 0xd18235d9740 1 0 0xd18235d9758 , "https://s.yimg.com/rq/darla/3-15-0/html/r-sf.html"
[11330:11330:0814/024709.526904:INFO:render_frame_host_impl.cc(1417)] 	 enter RenderFrameHostImpl::OnCreateChildFrame
[1:1:0814/024709.527767:INFO:render_frame_impl.cc(1477)] 	RenderFrameImpl::Initialize. 21, 0xd1828e42e20
[1:1:0814/024709.527871:INFO:web_local_frame_impl.cc(1666)] 		WebLocalFrame::SetRoutingID. routing_id = 21
[11330:11330:0814/024709.529490:INFO:frame_tree.cc(218)] 	 enter FrameTree::AddFrame: google_ads_frame1, 21, 20, 
[1:1:0814/024709.534735:INFO:render_frame_impl.cc(7018)] >>> [renderer][DOM] RenderFrameImpl::BeginNavigation
[1:1:0814/024709.534855:INFO:render_frame_impl.cc(7019)] 	 [url] = https://s.yimg.com
[11330:11330:0814/024709.535401:INFO:render_frame_host_impl.cc(3108)] >>> [broswer][navigation] RenderFrameHostImpl::BeginNavigation. ID from switcher is 3:4_https://s.yimg.com/
[1:1:0814/024709.556779:INFO:html_parser_scheduler.cc(158)]  $$$ [TASK] HTMLParserScheduler::ContinueParsing
[1:1:0814/024709.556928:INFO:html_document_parser.cc(272)] >>> HTMLDocumentParser::ResumeParsingAfterYield. url is "https://googleads.g.doubleclick.net/pagead/html/r20190807/r20190131/zrt_lookup.html#"
[1:1:0814/024709.558057:INFO:script_loader.cc(852)]  $$$ [Script] ScriptLoader::ExecuteScriptBlock. task_id, url is 3081 0x7fce78a45070 0xd1829190560 , "https://googleads.g.doubleclick.net/pagead/html/r20190807/r20190131/zrt_lookup.html#"
[1:1:0814/024709.589938:INFO:script_loader.cc(852)]  $$$ [Script] ScriptLoader::ExecuteScriptBlock. task_id, url is 3092 0x7fce8f0cc080 0xd1828fab6a0 1 0 0xd1828fab6b8 , "https://s.yimg.com/rq/darla/3-15-0/html/r-sf.html"
[1:1:0814/024709.612487:INFO:script_loader.cc(852)]  $$$ [Script] ScriptLoader::ExecuteScriptBlock. task_id, url is 3092 0x7fce8f0cc080 0xd1828fab6a0 1 0 0xd1828fab6b8 , "https://s.yimg.com/rq/darla/3-15-0/html/r-sf.html"
[1:1:0814/024709.613073:INFO:script_loader.cc(852)]  $$$ [Script] ScriptLoader::ExecuteScriptBlock. task_id, url is 3092 0x7fce8f0cc080 0xd1828fab6a0 1 0 0xd1828fab6b8 , "https://s.yimg.com/rq/darla/3-15-0/html/r-sf.html"
[11330:11330:0814/024709.660959:INFO:render_frame_host_impl.cc(1417)] 	 enter RenderFrameHostImpl::OnCreateChildFrame
[1:1:0814/024709.661843:INFO:render_frame_impl.cc(1477)] 	RenderFrameImpl::Initialize. 22, 0xd18284f3e20
[1:1:0814/024709.661984:INFO:web_local_frame_impl.cc(1666)] 		WebLocalFrame::SetRoutingID. routing_id = 22
[11330:11330:0814/024709.663201:INFO:frame_tree.cc(218)] 	 enter FrameTree::AddFrame: google_ads_frame1, 22, 21, 
[1:1:0814/024709.669519:INFO:render_frame_impl.cc(7018)] >>> [renderer][DOM] RenderFrameImpl::BeginNavigation
[1:1:0814/024709.669671:INFO:render_frame_impl.cc(7019)] 	 [url] = https://s.yimg.com
[11330:11330:0814/024709.672518:INFO:render_frame_host_impl.cc(3108)] >>> [broswer][navigation] RenderFrameHostImpl::BeginNavigation. ID from switcher is 3:7_https://s.yimg.com/
[1:1:0814/024709.694252:INFO:html_parser_scheduler.cc(81)]  $$$ [TASK] HTMLParserScheduler::ScheduleForUnpause -> HTMLParserScheduler::ContinueParsing
[1:1:0814/024709.707890:INFO:html_parser_scheduler.cc(81)]  $$$ [TASK] HTMLParserScheduler::ScheduleForUnpause -> HTMLParserScheduler::ContinueParsing
[1:1:0814/024709.718598:INFO:script_loader.cc(852)]  $$$ [Script] ScriptLoader::ExecuteScriptBlock. task_id, url is 3145 0x7fce7a96b8b0 0xd18292f2560 , "https://s.yimg.com/rq/darla/3-15-0/html/r-sf.html"
[11330:11330:0814/024709.792666:INFO:navigation_url_loader_network_service.cc(1293)] 	 enter NavigationURLLoaderNetworkService::OnReceiveResponse
[11330:11330:0814/024709.793128:INFO:navigation_handle_impl.cc(765)] 	 enter NavigationHandleImpl::WillProcessResponse
[11330:11330:0814/024709.794818:INFO:render_frame_host_impl.cc(3699)] >>> RenderFrameHostImpl::CommitNavigation https://googleads.g.doubleclick.net/
[11330:11330:0814/024709.794859:INFO:switcher_host_impl.cc(127)] >>> [Key] add a new principal. [cid, principal, url, frame_id] = 3, 3:21_https://googleads.g.doubleclick.net/, https://googleads.g.doubleclick.net/pagead/ads?client=ca-pub-6785382607161389&output=html&h=250&slotname=1481641241&adk=3950437848&adf=2170632791&w=300&guci=2.2.0.0.2.2.0.0&format=300x250&url=https%3A%2F%2Fsg.yahoo.com%2F%3Fp%3Dus&ea=0&flash=0&avail_w=0&wgl=1&adsid=NT&dt=1565722027701&bpp=135&bdt=2477&fdt=1732&idt=1734&shv=r20190807&cbv=r20190131&saldr=aa&correlator=5786293875722&frm=24&ife=3&pv=2&ga_vid=662942446.1565722029&ga_sid=1565722029&ga_hid=1368130407&ga_fc=0&iag=3&icsg=649&nhd=1&dssz=7&mdo=33554432&mso=33554432&u_tz=480&u_his=2&u_java=0&u_h=1080&u_w=1920&u_ah=1056&u_aw=1855&u_cd=24&u_nplug=2&u_nmime=2&adx=0&ady=0&biw=-12245933&bih=-12245933&isw=300&ish=250&ifk=1120905753&scr_x=-12245933&scr_y=-12245933&oid=3&loc=https%3A%2F%2Fsg.yahoo.com%2F%3Fp%3Dus&rx=0&eae=3&brdim=75%2C34%2C75%2C34%2C1855%2C24%2C1280%2C1024%2C300%2C250&vis=1&rsz=%7C%7CaeE%7C&abl=CA&pfx=0&fu=16&bc=31&osw_key=1550835982&ifi=1&uci=1.m9oomyo3m9wg&fsb=1&dtd=1824, 20
[11330:11330:0814/024709.794921:INFO:render_frame_host_impl.cc(3718)] >>>	[site, common.url, headers] = 3:21_https://googleads.g.doubleclick.net/, HTTP/1.1 200 status:200 p3p:policyref="https://googleads.g.doubleclick.net/pagead/gcn_p3p_.xml", CP="CURa ADMa DEVa TAIo PSAo PSDo OUR IND UNI PUR INT DEM STA PRE COM NAV OTC NOI DSP COR" timing-allow-origin:* content-type:text/html; charset=UTF-8 x-content-type-options:nosniff content-encoding:br date:Mon, 12 Aug 2019 10:48:48 GMT server:cafe content-length:7583 x-xss-protection:0 alt-svc:quic="googleads.g.doubleclick.net:443"; ma=2592000; v="46,43,39",quic=":443"; ma=2592000; v="46,43,39"  ,11374, 3
[11330:11340:0814/024709.795649:INFO:interface_endpoint_client.cc(447)] >>> [Frame] get kURLLoader_ProceedWithResponse_Name. [pid, routing_id] = 3, 21
[11330:11340:0814/024709.795709:INFO:mojo_async_resource_handler.cc(459)] >>> [IPC] MojoAsyncResourceHandler::ProceedWithResponse konws [cid, routing_id]: 3, 21, HandleIncomingMessage, HandleIncomingMessage
[1:7:0814/024709.796116:INFO:ipc_mojo_bootstrap.cc(809)] >>> [IPC] Accept. post a task to AcceptOnProxyThread
[1:1:0814/024709.844388:INFO:html_parser_scheduler.cc(158)]  $$$ [TASK] HTMLParserScheduler::ContinueParsing
[1:1:0814/024709.844502:INFO:html_document_parser.cc(272)] >>> HTMLDocumentParser::ResumeParsingAfterYield. url is "https://ads.pubmatic.com/AdServer/js/user_sync.html?p=156107&s=176446&predirect=https%3A%2F%2Fpr-bh.ybp.yahoo.com%2Fsync%2Fpubmatic%2F"
[1:1:0814/024709.845647:INFO:script_loader.cc(852)]  $$$ [Script] ScriptLoader::ExecuteScriptBlock. task_id, url is 3264 0x7fce78a45070 0xd182345b360 , "https://ads.pubmatic.com/AdServer/js/user_sync.html?p=156107&s=176446&predirect=https%3A%2F%2Fpr-bh.ybp.yahoo.com%2Fsync%2Fpubmatic%2F"
[1:1:0814/024709.856563:INFO:html_tree_builder.cc(780)] >>> [renderer][DOM] receive <iframe>
[11330:11330:0814/024709.857330:INFO:render_frame_host_impl.cc(1417)] 	 enter RenderFrameHostImpl::OnCreateChildFrame
[1:1:0814/024709.858483:INFO:render_frame_impl.cc(1477)] 	RenderFrameImpl::Initialize. 23, 0xd1828781220
[1:1:0814/024709.858630:INFO:web_local_frame_impl.cc(1666)] 		WebLocalFrame::SetRoutingID. routing_id = 23
[11330:11330:0814/024709.859766:INFO:frame_tree.cc(218)] 	 enter FrameTree::AddFrame: , 23, 22, 
[1:1:0814/024709.865290:INFO:render_frame_impl.cc(7018)] >>> [renderer][DOM] RenderFrameImpl::BeginNavigation
[1:1:0814/024709.865427:INFO:render_frame_impl.cc(7019)] 	 [url] = https://ads.pubmatic.com
[11330:11330:0814/024709.865926:INFO:render_frame_host_impl.cc(3108)] >>> [broswer][navigation] RenderFrameHostImpl::BeginNavigation. ID from switcher is 3:17_https://ads.pubmatic.com/
[1:1:0814/024709.883154:INFO:html_parser_scheduler.cc(158)]  $$$ [TASK] HTMLParserScheduler::ContinueParsing
[1:1:0814/024709.883311:INFO:html_document_parser.cc(272)] >>> HTMLDocumentParser::ResumeParsingAfterYield. url is "https://ads.pubmatic.com/AdServer/js/user_sync.html?p=156107&s=176446&predirect=https%3A%2F%2Fpr-bh.ybp.yahoo.com%2Fsync%2Fpubmatic%2F"
[1:1:0814/024709.884666:INFO:script_loader.cc(852)]  $$$ [Script] ScriptLoader::ExecuteScriptBlock. task_id, url is 3278 0x7fce78a45070 0xd1828414fe0 , "https://ads.pubmatic.com/AdServer/js/user_sync.html?p=156107&s=176446&predirect=https%3A%2F%2Fpr-bh.ybp.yahoo.com%2Fsync%2Fpubmatic%2F"
[1:1:0814/024709.893619:INFO:html_tree_builder.cc(780)] >>> [renderer][DOM] receive <iframe>
[11330:11330:0814/024709.896841:INFO:render_frame_host_impl.cc(1417)] 	 enter RenderFrameHostImpl::OnCreateChildFrame
[1:1:0814/024709.896998:INFO:render_frame_impl.cc(1477)] 	RenderFrameImpl::Initialize. 24, 0xd182877e020
[1:1:0814/024709.897117:INFO:web_local_frame_impl.cc(1666)] 		WebLocalFrame::SetRoutingID. routing_id = 24
[11330:11330:0814/024709.898744:INFO:frame_tree.cc(218)] 	 enter FrameTree::AddFrame: , 24, 23, 
[11330:11330:0814/024709.900880:INFO:navigation_url_loader_network_service.cc(1293)] 	 enter NavigationURLLoaderNetworkService::OnReceiveResponse
[11330:11330:0814/024709.901436:INFO:navigation_handle_impl.cc(765)] 	 enter NavigationHandleImpl::WillProcessResponse
[11330:11330:0814/024709.903525:INFO:render_frame_host_impl.cc(3699)] >>> RenderFrameHostImpl::CommitNavigation https://ads.pubmatic.com/
[11330:11330:0814/024709.903596:INFO:switcher_host_impl.cc(127)] >>> [Key] add a new principal. [cid, principal, url, frame_id] = 3, 3:23_https://ads.pubmatic.com/, https://ads.pubmatic.com/AdServer/js/showad.js#PIX&kdntuid=1&SPug=true&p=156107&s=176446&predirect=https%3A%2F%2Fpr-bh.ybp.yahoo.com%2Fsync%2Fpubmatic%2F&it=0&gdpr=0&np=0, 22
[11330:11330:0814/024709.903692:INFO:render_frame_host_impl.cc(3718)] >>>	[site, common.url, headers] = 3:23_https://ads.pubmatic.com/, HTTP/1.1 200 OK Last-Modified: Fri, 26 Jul 2019 09:39:45 GMT ETag: "13006b6-9bf6-58e925294ef26" Server: Apache/2.2.15 (CentOS) Accept-Ranges: bytes Content-Encoding: gzip Set-Cookie: KTPCACOOKIE=YES; domain=.pubmatic.com; path=/; max-age=7776000; P3P: CP="NOI DSP COR LAW CUR ADMo DEVo TAIo PSAo PSDo IVAo IVDo HISo OTPo OUR SAMo BUS UNI COM NAV INT DEM CNT STA PRE LOC", CP="NOI DSP COR LAW CUR ADMo DEVo TAIo PSAo PSDo IVAo IVDo HISo OTPo OUR SAMo BUS UNI COM NAV INT DEM CNT STA PRE LOC" Content-Length: 14898 Content-Type: text/html; charset=UTF-8 Cache-Control: public, max-age=99849 Expires: Tue, 13 Aug 2019 14:32:57 GMT Date: Mon, 12 Aug 2019 10:48:48 GMT Connection: keep-alive Vary: Accept-Encoding  ,11374, 3
[11330:11340:0814/024709.906410:INFO:interface_endpoint_client.cc(447)] >>> [Frame] get kURLLoader_ProceedWithResponse_Name. [pid, routing_id] = 3, 23
[11330:11340:0814/024709.906482:INFO:mojo_async_resource_handler.cc(459)] >>> [IPC] MojoAsyncResourceHandler::ProceedWithResponse konws [cid, routing_id]: 3, 23, HandleIncomingMessage, HandleIncomingMessage
[1:1:0814/024709.906456:INFO:render_frame_impl.cc(7018)] >>> [renderer][DOM] RenderFrameImpl::BeginNavigation
[1:1:0814/024709.906575:INFO:render_frame_impl.cc(7019)] 	 [url] = https://ads.pubmatic.com
[1:7:0814/024709.906858:INFO:ipc_mojo_bootstrap.cc(809)] >>> [IPC] Accept. post a task to AcceptOnProxyThread
[11330:11330:0814/024709.907831:INFO:render_frame_host_impl.cc(3108)] >>> [broswer][navigation] RenderFrameHostImpl::BeginNavigation. ID from switcher is 3:18_https://ads.pubmatic.com/
[11330:11330:0814/024709.920487:INFO:navigation_url_loader_network_service.cc(1293)] 	 enter NavigationURLLoaderNetworkService::OnReceiveResponse
[11330:11330:0814/024709.921009:INFO:navigation_handle_impl.cc(765)] 	 enter NavigationHandleImpl::WillProcessResponse
[11330:11340:0814/024709.922754:INFO:interface_endpoint_client.cc(447)] >>> [Frame] get kURLLoader_ProceedWithResponse_Name. [pid, routing_id] = 3, 24
[11330:11340:0814/024709.922829:INFO:mojo_async_resource_handler.cc(459)] >>> [IPC] MojoAsyncResourceHandler::ProceedWithResponse konws [cid, routing_id]: 3, 24, HandleIncomingMessage, HandleIncomingMessage
[11330:11330:0814/024709.922842:INFO:render_frame_host_impl.cc(3699)] >>> RenderFrameHostImpl::CommitNavigation https://ads.pubmatic.com/
[11330:11330:0814/024709.922890:INFO:switcher_host_impl.cc(127)] >>> [Key] add a new principal. [cid, principal, url, frame_id] = 3, 3:24_https://ads.pubmatic.com/, https://ads.pubmatic.com/AdServer/js/showad.js#PIX&kdntuid=1&SPug=true&p=156107&s=176446&predirect=https%3A%2F%2Fpr-bh.ybp.yahoo.com%2Fsync%2Fpubmatic%2F&it=0&gdpr=0&np=0, 23
[11330:11330:0814/024709.922948:INFO:render_frame_host_impl.cc(3718)] >>>	[site, common.url, headers] = 3:24_https://ads.pubmatic.com/, HTTP/1.1 200 OK Last-Modified: Fri, 26 Jul 2019 09:39:45 GMT Cache-Control: public, max-age=99849 Expires: Tue, 13 Aug 2019 14:32:57 GMT Date: Mon, 12 Aug 2019 10:48:48 GMT ETag: "13006b6-9bf6-58e925294ef26" Server: Apache/2.2.15 (CentOS) Accept-Ranges: bytes Content-Encoding: gzip P3P: CP="NOI DSP COR LAW CUR ADMo DEVo TAIo PSAo PSDo IVAo IVDo HISo OTPo OUR SAMo BUS UNI COM NAV INT DEM CNT STA PRE LOC", CP="NOI DSP COR LAW CUR ADMo DEVo TAIo PSAo PSDo IVAo IVDo HISo OTPo OUR SAMo BUS UNI COM NAV INT DEM CNT STA PRE LOC" Content-Length: 14898 Content-Type: text/html; charset=UTF-8 Vary: Accept-Encoding  ,11374, 3
[1:7:0814/024709.924286:INFO:ipc_mojo_bootstrap.cc(809)] >>> [IPC] Accept. post a task to AcceptOnProxyThread
[1:1:0814/024709.961644:INFO:ipc_mojo_bootstrap.cc(894)] ### [Switcher][kFrameNavigationControl_CommitNavigation_Name] get additional field: 3:21_https://googleads.g.doubleclick.net/
[1:1:0814/024709.997759:INFO:event_target.cc(534)] !!!!!!!!!!!!!!!! RegisteredEventListener::SetCallback. 0x30d8bc831cd8
[1:1:0814/024710.041463:INFO:ipc_mojo_bootstrap.cc(894)] ### [Switcher][kFrameNavigationControl_CommitNavigation_Name] get additional field: 3:23_https://ads.pubmatic.com/
[1:1:0814/024710.054189:INFO:ipc_mojo_bootstrap.cc(894)] ### [Switcher][kFrameNavigationControl_CommitNavigation_Name] get additional field: 3:24_https://ads.pubmatic.com/
[1:1:0814/024710.066451:INFO:script_loader.cc(852)]  $$$ [Script] ScriptLoader::ExecuteScriptBlock. task_id, url is 3430 0x7fce7a96b8b0 0xd1828bbfe60 , "https://s.yimg.com/rq/darla/3-15-0/html/r-sf.html"
[11330:11330:0814/024710.090716:INFO:navigation_url_loader_network_service.cc(1293)] 	 enter NavigationURLLoaderNetworkService::OnReceiveResponse
[11330:11330:0814/024710.091010:INFO:navigation_handle_impl.cc(765)] 	 enter NavigationHandleImpl::WillProcessResponse
[11330:11340:0814/024710.092483:INFO:interface_endpoint_client.cc(447)] >>> [Frame] get kURLLoader_ProceedWithResponse_Name. [pid, routing_id] = 3, 22
[11330:11340:0814/024710.092544:INFO:mojo_async_resource_handler.cc(459)] >>> [IPC] MojoAsyncResourceHandler::ProceedWithResponse konws [cid, routing_id]: 3, 22, HandleIncomingMessage, HandleIncomingMessage
[11330:11330:0814/024710.092575:INFO:render_frame_host_impl.cc(3699)] >>> RenderFrameHostImpl::CommitNavigation https://oao-js-tag.onemobile.yahoo.com/
[11330:11330:0814/024710.092607:INFO:switcher_host_impl.cc(127)] >>> [Key] add a new principal. [cid, principal, url, frame_id] = 3, 3:22_https://oao-js-tag.onemobile.yahoo.com/, https://oao-js-tag.onemobile.yahoo.com/admax/adServe.do?brxdSectionId=284170563&req(url)=yahoo.com&yadpos=&pos=284170563_970x250&secure=1&wd=970&ht=250&brxdPublisherId=29284317589&brxdSiteId=41161561&dcn=brxd41161561&csrtype=5, 21
[11330:11330:0814/024710.092670:INFO:render_frame_host_impl.cc(3718)] >>>	[site, common.url, headers] = 3:22_https://oao-js-tag.onemobile.yahoo.com/, HTTP/1.1 200 status:200 date:Mon, 12 Aug 2019 10:48:48 GMT content-type:text/html;charset=utf-8 content-length:1253 cache-control:no-store cache-control:no-cache cache-control:must-revalidate cache-control:max-age=0 cache-control:no-transform cache-control:post-check=0, pre-check=0 pragma:no-cache expires:Thu, 01 Jan 1970 00:00:00 GMT server:Jetty(9.4.7.v20170914)  ,11374, 3
[1:7:0814/024710.094632:INFO:ipc_mojo_bootstrap.cc(809)] >>> [IPC] Accept. post a task to AcceptOnProxyThread
[11330:11330:0814/024710.114602:INFO:render_frame_host_impl.cc(1417)] 	 enter RenderFrameHostImpl::OnCreateChildFrame
[1:1:0814/024710.115396:INFO:render_frame_impl.cc(1477)] 	RenderFrameImpl::Initialize. 25, 0xd18284f4820
[1:1:0814/024710.115502:INFO:web_local_frame_impl.cc(1666)] 		WebLocalFrame::SetRoutingID. routing_id = 25
[11330:11330:0814/024710.117227:INFO:frame_tree.cc(218)] 	 enter FrameTree::AddFrame: google_osd_static_frame, 25, 24, 
[11330:11330:0814/024710.128089:INFO:switcher_host_impl.cc(127)] >>> [Key] add a new principal. [cid, principal, url, frame_id] = 3, 3:25_https://s.yimg.com/, https://s.yimg.com/, 24
[11330:11330:0814/024710.128171:INFO:frame_tree_node.cc(349)] 	FrameTreeNode::SetCurrentOrigin. [frameid, routingid, origin, url] = 24, 25, https://s.yimg.com/, https://s.yimg.com
[11330:11330:0814/024710.226226:INFO:switcher_host_impl.cc(127)] >>> [Key] add a new principal. [cid, principal, url, frame_id] = 3, 3:21_https://googleads.g.doubleclick.net/, https://googleads.g.doubleclick.net/, 20
[11330:11330:0814/024710.226292:INFO:frame_tree_node.cc(349)] 	FrameTreeNode::SetCurrentOrigin. [frameid, routingid, origin, url] = 20, 21, https://googleads.g.doubleclick.net/, https://googleads.g.doubleclick.net
[1:1:0814/024710.227867:INFO:html_document_parser.cc(1203)]  $$$ [TASK] HTMLDocumentParser::AppendBytes -> BackgroundHTMLParser::AppendRawBytesFromMainThread
[1:1:0814/024710.234088:INFO:script_loader.cc(852)]  $$$ [Script] ScriptLoader::ExecuteScriptBlock. task_id, url is 3441 0x7fce7a96b8b0 0xd18284100e0 , "https://s.yimg.com/rq/darla/3-15-0/html/r-sf.html"
[11330:11330:0814/024710.246165:INFO:render_frame_host_impl.cc(1417)] 	 enter RenderFrameHostImpl::OnCreateChildFrame
[1:1:0814/024710.246951:INFO:render_frame_impl.cc(1477)] 	RenderFrameImpl::Initialize. 26, 0xd18293d4e20
[1:1:0814/024710.247054:INFO:web_local_frame_impl.cc(1666)] 		WebLocalFrame::SetRoutingID. routing_id = 26
[11330:11330:0814/024710.248249:INFO:frame_tree.cc(218)] 	 enter FrameTree::AddFrame: google_osd_static_frame, 26, 25, 
[11330:11330:0814/024710.260428:INFO:switcher_host_impl.cc(127)] >>> [Key] add a new principal. [cid, principal, url, frame_id] = 3, 3:26_https://s.yimg.com/, https://s.yimg.com/, 25
[11330:11330:0814/024710.260494:INFO:frame_tree_node.cc(349)] 	FrameTreeNode::SetCurrentOrigin. [frameid, routingid, origin, url] = 25, 26, https://s.yimg.com/, https://s.yimg.com
[11330:11330:0814/024710.402509:INFO:switcher_host_impl.cc(127)] >>> [Key] add a new principal. [cid, principal, url, frame_id] = 3, 3:23_https://ads.pubmatic.com/, https://ads.pubmatic.com/, 22
[11330:11330:0814/024710.402588:INFO:frame_tree_node.cc(349)] 	FrameTreeNode::SetCurrentOrigin. [frameid, routingid, origin, url] = 22, 23, https://ads.pubmatic.com/, https://ads.pubmatic.com
[1:1:0814/024710.418107:INFO:html_document_parser.cc(1203)]  $$$ [TASK] HTMLDocumentParser::AppendBytes -> BackgroundHTMLParser::AppendRawBytesFromMainThread
[11330:11330:0814/024710.428044:INFO:switcher_host_impl.cc(127)] >>> [Key] add a new principal. [cid, principal, url, frame_id] = 3, 3:24_https://ads.pubmatic.com/, https://ads.pubmatic.com/, 23
[11330:11330:0814/024710.428113:INFO:frame_tree_node.cc(349)] 	FrameTreeNode::SetCurrentOrigin. [frameid, routingid, origin, url] = 23, 24, https://ads.pubmatic.com/, https://ads.pubmatic.com
[1:1:0814/024710.442850:INFO:html_document_parser.cc(1203)]  $$$ [TASK] HTMLDocumentParser::AppendBytes -> BackgroundHTMLParser::AppendRawBytesFromMainThread
[1:1:0814/024710.448645:INFO:ipc_mojo_bootstrap.cc(894)] ### [Switcher][kFrameNavigationControl_CommitNavigation_Name] get additional field: 3:22_https://oao-js-tag.onemobile.yahoo.com/
[1:1:0814/024710.477849:INFO:html_parser_scheduler.cc(81)]  $$$ [TASK] HTMLParserScheduler::ScheduleForUnpause -> HTMLParserScheduler::ContinueParsing
[1:1:0814/024710.539169:INFO:html_parser_scheduler.cc(81)]  $$$ [TASK] HTMLParserScheduler::ScheduleForUnpause -> HTMLParserScheduler::ContinueParsing
[1:1:0814/024710.555697:INFO:html_parser_scheduler.cc(81)]  $$$ [TASK] HTMLParserScheduler::ScheduleForUnpause -> HTMLParserScheduler::ContinueParsing
[11330:11330:0814/024710.582770:INFO:switcher_host_impl.cc(127)] >>> [Key] add a new principal. [cid, principal, url, frame_id] = 3, 3:22_https://oao-js-tag.onemobile.yahoo.com/, https://oao-js-tag.onemobile.yahoo.com/, 21
[11330:11330:0814/024710.582864:INFO:frame_tree_node.cc(349)] 	FrameTreeNode::SetCurrentOrigin. [frameid, routingid, origin, url] = 21, 22, https://oao-js-tag.onemobile.yahoo.com/, https://oao-js-tag.onemobile.yahoo.com
[1:1:0814/024710.584959:INFO:html_document_parser.cc(1203)]  $$$ [TASK] HTMLDocumentParser::AppendBytes -> BackgroundHTMLParser::AppendRawBytesFromMainThread
[1:1:0814/024710.593727:INFO:script_loader.cc(852)]  $$$ [Script] ScriptLoader::ExecuteScriptBlock. task_id, url is 3651 0x7fce7a96b8b0 0xd182983e4e0 , "https://s.yimg.com/rq/darla/3-15-0/html/r-sf.html"
[1:1:0814/024710.612288:INFO:html_parser_scheduler.cc(158)]  $$$ [TASK] HTMLParserScheduler::ContinueParsing
[1:1:0814/024710.612431:INFO:html_document_parser.cc(272)] >>> HTMLDocumentParser::ResumeParsingAfterYield. url is "https://googleads.g.doubleclick.net/pagead/ads?client=ca-pub-6785382607161389&output=html&h=250&slotname=1481641241&adk=3950437848&adf=2170632791&w=300&guci=2.2.0.0.2.2.0.0&format=300x250&url=https%3A%2F%2Fsg.yahoo.com%2F%3Fp%3Dus&ea=0&flash=0&avail_w=0&wgl=1&adsid=NT&dt=1565722027701&bpp=135&bdt=2477&fdt=1732&idt=1734&shv=r20190807&cbv=r20190131&saldr=aa&correlator=5786293875722&frm=24&ife=3&pv=2&ga_vid=662942446.1565722029&ga_sid=1565722029&ga_hid=1368130407&ga_fc=0&iag=3&icsg=649&nhd=1&dssz=7&mdo=33554432&mso=33554432&u_tz=480&u_his=2&u_java=0&u_h=1080&u_w=1920&u_ah=1056&u_aw=1855&u_cd=24&u_nplug=2&u_nmime=2&adx=0&ady=0&biw=-12245933&bih=-12245933&isw=300&ish=250&ifk=1120905753&scr_x=-12245933&scr_y=-12245933&oid=3&loc=https%3A%2F%2Fsg.yahoo.com%2F%3Fp%3Dus&rx=0&eae=3&brdim=75%2C34%2C75%2C34%2C1855%2C24%2C1280%2C1024%2C300%2C250&vis=1&rsz=%7C%7CaeE%7C&abl=CA&pfx=0&fu=16&bc=31&osw_key=1550835982&ifi=1&uci=1.m9oomyo3m9wg&fsb=1&dtd=1824"
[1:1:0814/024710.617905:INFO:script_loader.cc(852)]  $$$ [Script] ScriptLoader::ExecuteScriptBlock. task_id, url is 3671 0x7fce78a45070 0xd18293c9ee0 , "https://googleads.g.doubleclick.net/pagead/ads?client=ca-pub-6785382607161389&output=html&h=250&slotname=1481641241&adk=3950437848&adf=2170632791&w=300&guci=2.2.0.0.2.2.0.0&format=300x250&url=https%3A%2F%2Fsg.yahoo.com%2F%3Fp%3Dus&ea=0&flash=0&avail_w=0&wgl=1&adsid=NT&dt=1565722027701&bpp=135&bdt=2477&fdt=1732&idt=1734&shv=r20190807&cbv=r20190131&saldr=aa&correlator=5786293875722&frm=24&ife=3&pv=2&ga_vid=662942446.1565722029&ga_sid=1565722029&ga_hid=1368130407&ga_fc=0&iag=3&icsg=649&nhd=1&dssz=7&mdo=33554432&mso=33554432&u_tz=480&u_his=2&u_java=0&u_h=1080&u_w=1920&u_ah=1056&u_aw=1855&u_cd=24&u_nplug=2&u_nmime=2&adx=0&ady=0&biw=-12245933&bih=-12245933&isw=300&ish=250&ifk=1120905753&scr_x=-12245933&scr_y=-12245933&oid=3&loc=https%3A%2F%2Fsg.yahoo.com%2F%3Fp%3Dus&rx=0&eae=3&brdim=75%2C34%2C75%2C34%2C1855%2C24%2C1280%2C1024%2C300%2C250&vis=1&rsz=%7C%7CaeE%7C&abl=CA&pfx=0&fu=16&bc=31&osw_key=1550835982&ifi=1&uci=1.m9oomyo3m9wg&fsb=1&dtd=1824"
[1:1:0814/024710.622982:INFO:html_tree_builder.cc(780)] >>> [renderer][DOM] receive <iframe>
[11330:11330:0814/024710.635544:INFO:render_frame_host_impl.cc(1417)] 	 enter RenderFrameHostImpl::OnCreateChildFrame
[1:1:0814/024710.636633:INFO:render_frame_impl.cc(1477)] 	RenderFrameImpl::Initialize. 27, 0xd18293d6220
[1:1:0814/024710.636763:INFO:web_local_frame_impl.cc(1666)] 		WebLocalFrame::SetRoutingID. routing_id = 27
[11330:11330:0814/024710.638035:INFO:frame_tree.cc(218)] 	 enter FrameTree::AddFrame: , 27, 26, 
[1:1:0814/024710.644741:INFO:render_frame_impl.cc(7018)] >>> [renderer][DOM] RenderFrameImpl::BeginNavigation
[1:1:0814/024710.644896:INFO:render_frame_impl.cc(7019)] 	 [url] = https://googleads.g.doubleclick.net
[1:1:0814/024710.646123:INFO:script_loader.cc(852)]  $$$ [Script] ScriptLoader::ExecuteScriptBlock. task_id, url is 3671 0x7fce78a45070 0xd18293c9ee0 , "https://googleads.g.doubleclick.net/pagead/ads?client=ca-pub-6785382607161389&output=html&h=250&slotname=1481641241&adk=3950437848&adf=2170632791&w=300&guci=2.2.0.0.2.2.0.0&format=300x250&url=https%3A%2F%2Fsg.yahoo.com%2F%3Fp%3Dus&ea=0&flash=0&avail_w=0&wgl=1&adsid=NT&dt=1565722027701&bpp=135&bdt=2477&fdt=1732&idt=1734&shv=r20190807&cbv=r20190131&saldr=aa&correlator=5786293875722&frm=24&ife=3&pv=2&ga_vid=662942446.1565722029&ga_sid=1565722029&ga_hid=1368130407&ga_fc=0&iag=3&icsg=649&nhd=1&dssz=7&mdo=33554432&mso=33554432&u_tz=480&u_his=2&u_java=0&u_h=1080&u_w=1920&u_ah=1056&u_aw=1855&u_cd=24&u_nplug=2&u_nmime=2&adx=0&ady=0&biw=-12245933&bih=-12245933&isw=300&ish=250&ifk=1120905753&scr_x=-12245933&scr_y=-12245933&oid=3&loc=https%3A%2F%2Fsg.yahoo.com%2F%3Fp%3Dus&rx=0&eae=3&brdim=75%2C34%2C75%2C34%2C1855%2C24%2C1280%2C1024%2C300%2C250&vis=1&rsz=%7C%7CaeE%7C&abl=CA&pfx=0&fu=16&bc=31&osw_key=1550835982&ifi=1&uci=1.m9oomyo3m9wg&fsb=1&dtd=1824"
[11330:11330:0814/024710.648777:INFO:render_frame_host_impl.cc(3108)] >>> [broswer][navigation] RenderFrameHostImpl::BeginNavigation. ID from switcher is 3:21_https://googleads.g.doubleclick.net/
