[1:1:0812/042138.237185:INFO:script_loader.cc(852)]  $$$ [Script] ScriptLoader::ExecuteScriptBlock. task_id, url is 1989 0x7fe3c0cfb070 0x2ed8c9019660 , "https://s.yimg.com/rq/darla/3-15-0/html/r-csc.html"
[1:1:0812/042138.238287:INFO:script_loader.cc(852)]  $$$ [Script] ScriptLoader::ExecuteScriptBlock. task_id, url is 1989 0x7fe3c0cfb070 0x2ed8c9019660 , "https://s.yimg.com/rq/darla/3-15-0/html/r-csc.html"
[3185:3185:0812/042138.241602:INFO:CONSOLE(21)] "darla csc writer, potential invalid html content", source: https://s.yimg.com/rq/darla/3-15-0/html/r-csc.html (21)
[1:1:0812/042138.242238:INFO:script_loader.cc(852)]  $$$ [Script] ScriptLoader::ExecuteScriptBlock. task_id, url is 1989 0x7fe3c0cfb070 0x2ed8c9019660 , "https://s.yimg.com/rq/darla/3-15-0/html/r-csc.html"
[1:1:0812/042138.263882:INFO:script_loader.cc(852)]  $$$ [Script] ScriptLoader::ExecuteScriptBlock. task_id, url is 1991 0x7fe3c2c21f10 0x2ed8c9ef7960 , "https://sg.yahoo.com/?p=us"
[1:1:0812/042138.277436:INFO:script_loader.cc(852)]  $$$ [Script] ScriptLoader::ExecuteScriptBlock. task_id, url is 1992 0x7fe3c2c21f10 0x2ed8cc0381e0 , "https://sg.yahoo.com/?p=us"
[1:1:0812/042138.292182:INFO:script_loader.cc(852)]  $$$ [Script] ScriptLoader::ExecuteScriptBlock. task_id, url is 1997 0x7fe3c2c21f10 0x2ed8c824d360 , "https://sg.yahoo.com/?p=us"
[1:1:0812/042138.301706:INFO:script_loader.cc(852)]  $$$ [Script] ScriptLoader::ExecuteScriptBlock. task_id, url is 1998 0x7fe3c2c21f10 0x2ed8c6700e60 , "https://sg.yahoo.com/?p=us"
[1:1:0812/042138.311810:INFO:script_loader.cc(852)]  $$$ [Script] ScriptLoader::ExecuteScriptBlock. task_id, url is 2000 0x7fe3c2c21f10 0x2ed8c7c5a660 , "https://sg.yahoo.com/?p=us"
[1:1:0812/042138.321503:INFO:script_loader.cc(852)]  $$$ [Script] ScriptLoader::ExecuteScriptBlock. task_id, url is 2001 0x7fe3c2c21f10 0x2ed8c8580560 , "https://sg.yahoo.com/?p=us"
[1:1:0812/042138.330363:INFO:script_loader.cc(852)]  $$$ [Script] ScriptLoader::ExecuteScriptBlock. task_id, url is 2003 0x7fe3c2c21f10 0x2ed8cc0361e0 , "https://sg.yahoo.com/?p=us"
[1:1:0812/042138.338662:INFO:script_loader.cc(852)]  $$$ [Script] ScriptLoader::ExecuteScriptBlock. task_id, url is 2004 0x7fe3c2c21f10 0x2ed8c65a0c60 , "https://sg.yahoo.com/?p=us"
[1:1:0812/042138.350013:INFO:script_loader.cc(852)]  $$$ [Script] ScriptLoader::ExecuteScriptBlock. task_id, url is 2006 0x7fe3c2c21f10 0x2ed8c9ef3060 , "https://sg.yahoo.com/?p=us"
[1:1:0812/042138.361771:INFO:script_loader.cc(852)]  $$$ [Script] ScriptLoader::ExecuteScriptBlock. task_id, url is 2007 0x7fe3c2c21f10 0x2ed8c80af160 , "https://sg.yahoo.com/?p=us"
[1:1:0812/042138.373739:INFO:script_loader.cc(852)]  $$$ [Script] ScriptLoader::ExecuteScriptBlock. task_id, url is 2009 0x7fe3c2c21f10 0x2ed8c9931c60 , "https://sg.yahoo.com/?p=us"
[1:1:0812/042138.382404:INFO:script_loader.cc(852)]  $$$ [Script] ScriptLoader::ExecuteScriptBlock. task_id, url is 2010 0x7fe3c2c21f10 0x2ed8c64e8160 , "https://sg.yahoo.com/?p=us"
[1:1:0812/042138.391495:INFO:html_parser_scheduler.cc(158)]  $$$ [TASK] HTMLParserScheduler::ContinueParsing
[1:1:0812/042138.391605:INFO:html_document_parser.cc(272)] >>> HTMLDocumentParser::ResumeParsingAfterYield. url is "https://s.yimg.com/rq/darla/3-15-0/html/r-sf.html"
[1:1:0812/042138.394630:INFO:script_loader.cc(852)]  $$$ [Script] ScriptLoader::ExecuteScriptBlock. task_id, url is 2011 0x7fe3c0cfb070 0x2ed8cbef0160 , "https://s.yimg.com/rq/darla/3-15-0/html/r-sf.html"
[1:1:0812/042138.399423:INFO:script_loader.cc(852)]  $$$ [Script] ScriptLoader::ExecuteScriptBlock. task_id, url is 2013 0x7fe3c2c21f10 0x2ed8c1afa6e0 , "https://sg.yahoo.com/?p=us"
[1:1:0812/042138.409106:INFO:script_loader.cc(852)]  $$$ [Script] ScriptLoader::ExecuteScriptBlock. task_id, url is 2014 0x7fe3c2c21f10 0x2ed8c978e0e0 , "https://sg.yahoo.com/?p=us"
[1:1:0812/042138.418829:INFO:script_loader.cc(852)]  $$$ [Script] ScriptLoader::ExecuteScriptBlock. task_id, url is 2016 0x7fe3c2c21f10 0x2ed8c92a2de0 , "https://sg.yahoo.com/?p=us"
[1:1:0812/042138.427510:INFO:script_loader.cc(852)]  $$$ [Script] ScriptLoader::ExecuteScriptBlock. task_id, url is 2017 0x7fe3c2c21f10 0x2ed8c64e8060 , "https://sg.yahoo.com/?p=us"
[1:1:0812/042138.438196:INFO:script_loader.cc(852)]  $$$ [Script] ScriptLoader::ExecuteScriptBlock. task_id, url is 2021 0x7fe3c2c21f10 0x2ed8c65ae1e0 , "https://sg.yahoo.com/?p=us"
[1:1:0812/042138.447235:INFO:script_loader.cc(852)]  $$$ [Script] ScriptLoader::ExecuteScriptBlock. task_id, url is 2022 0x7fe3c2c21f10 0x2ed8c97903e0 , "https://sg.yahoo.com/?p=us"
[1:1:0812/042138.456426:INFO:script_loader.cc(852)]  $$$ [Script] ScriptLoader::ExecuteScriptBlock. task_id, url is 2024 0x7fe3c2c21f10 0x2ed8c7c52660 , "https://sg.yahoo.com/?p=us"
[1:1:0812/042138.465162:INFO:script_loader.cc(852)]  $$$ [Script] ScriptLoader::ExecuteScriptBlock. task_id, url is 2025 0x7fe3c2c21f10 0x2ed8cc0384e0 , "https://sg.yahoo.com/?p=us"
[1:1:0812/042138.475366:INFO:script_loader.cc(852)]  $$$ [Script] ScriptLoader::ExecuteScriptBlock. task_id, url is 2027 0x7fe3c2c21f10 0x2ed8c6716960 , "https://sg.yahoo.com/?p=us"
[1:1:0812/042138.484499:INFO:script_loader.cc(852)]  $$$ [Script] ScriptLoader::ExecuteScriptBlock. task_id, url is 2028 0x7fe3c2c21f10 0x2ed8c948e460 , "https://sg.yahoo.com/?p=us"
[1:1:0812/042138.492979:INFO:html_parser_scheduler.cc(158)]  $$$ [TASK] HTMLParserScheduler::ContinueParsing
[1:1:0812/042138.493071:INFO:html_document_parser.cc(272)] >>> HTMLDocumentParser::ResumeParsingAfterYield. url is "https://s.yimg.com/rq/darla/3-15-0/html/r-sf.html"
[1:1:0812/042138.495588:INFO:script_loader.cc(852)]  $$$ [Script] ScriptLoader::ExecuteScriptBlock. task_id, url is 2029 0x7fe3c0cfb070 0x2ed8cc036760 , "https://s.yimg.com/rq/darla/3-15-0/html/r-sf.html"
[1:1:0812/042138.500039:INFO:html_parser_scheduler.cc(158)]  $$$ [TASK] HTMLParserScheduler::ContinueParsing
[1:1:0812/042138.500143:INFO:html_document_parser.cc(272)] >>> HTMLDocumentParser::ResumeParsingAfterYield. url is "https://s.yimg.com/rq/darla/3-15-0/html/r-sf.html"
[1:1:0812/042138.502449:INFO:script_loader.cc(852)]  $$$ [Script] ScriptLoader::ExecuteScriptBlock. task_id, url is 2032 0x7fe3c0cfb070 0x2ed8c9ef79e0 , "https://s.yimg.com/rq/darla/3-15-0/html/r-sf.html"
[1:1:0812/042138.507323:INFO:html_parser_scheduler.cc(158)]  $$$ [TASK] HTMLParserScheduler::ContinueParsing
[1:1:0812/042138.507435:INFO:html_document_parser.cc(272)] >>> HTMLDocumentParser::ResumeParsingAfterYield. url is "https://s.yimg.com/rq/darla/3-15-0/html/r-sf.html"
[1:1:0812/042138.509698:INFO:script_loader.cc(852)]  $$$ [Script] ScriptLoader::ExecuteScriptBlock. task_id, url is 2035 0x7fe3c0cfb070 0x2ed8c9750760 , "https://s.yimg.com/rq/darla/3-15-0/html/r-sf.html"
[1:1:0812/042138.513870:INFO:script_loader.cc(852)]  $$$ [Script] ScriptLoader::ExecuteScriptBlock. task_id, url is 2041 0x7fe3c2c21f10 0x2ed8c6528b60 , "https://sg.yahoo.com/?p=us"
[1:1:0812/042138.522683:INFO:script_loader.cc(852)]  $$$ [Script] ScriptLoader::ExecuteScriptBlock. task_id, url is 2042 0x7fe3c2c21f10 0x2ed8c960bb60 , "https://sg.yahoo.com/?p=us"
[1:1:0812/042138.535477:INFO:script_loader.cc(852)]  $$$ [Script] ScriptLoader::ExecuteScriptBlock. task_id, url is 2045 0x7fe3c2c21f10 0x2ed8cbef23e0 , "https://sg.yahoo.com/?p=us"
[1:1:0812/042138.545819:INFO:script_loader.cc(852)]  $$$ [Script] ScriptLoader::ExecuteScriptBlock. task_id, url is 2046 0x7fe3c2c21f10 0x2ed8c87f9c60 , "https://sg.yahoo.com/?p=us"
[1:1:0812/042138.552161:INFO:script_loader.cc(852)]  $$$ [Script] ScriptLoader::ExecuteScriptBlock. task_id, url is 2048 0x7fe3c2c21f10 0x2ed8c65a1a60 , "https://sg.yahoo.com/?p=us"
[1:1:0812/042138.558678:INFO:script_loader.cc(852)]  $$$ [Script] ScriptLoader::ExecuteScriptBlock. task_id, url is 2050 0x7fe3c2c21f10 0x2ed8c1afa8e0 , "https://sg.yahoo.com/?p=us"
[1:1:0812/042138.565677:INFO:script_loader.cc(852)]  $$$ [Script] ScriptLoader::ExecuteScriptBlock. task_id, url is 2053 0x7fe3c2c21f10 0x2ed8c897d4e0 , "https://sg.yahoo.com/?p=us"
[1:1:0812/042138.572670:INFO:script_loader.cc(852)]  $$$ [Script] ScriptLoader::ExecuteScriptBlock. task_id, url is 2054 0x7fe3c2c21f10 0x2ed8c9ee0660 , "https://sg.yahoo.com/?p=us"
[1:1:0812/042138.579031:INFO:script_loader.cc(852)]  $$$ [Script] ScriptLoader::ExecuteScriptBlock. task_id, url is 2056 0x7fe3c2c21f10 0x2ed8c8a37160 , "https://sg.yahoo.com/?p=us"
[1:1:0812/042138.587197:INFO:script_loader.cc(852)]  $$$ [Script] ScriptLoader::ExecuteScriptBlock. task_id, url is 2057 0x7fe3c2c21f10 0x2ed8cc05d460 , "https://sg.yahoo.com/?p=us"
[1:1:0812/042138.594477:INFO:script_loader.cc(852)]  $$$ [Script] ScriptLoader::ExecuteScriptBlock. task_id, url is 2059 0x7fe3c2c21f10 0x2ed8c9a186e0 , "https://sg.yahoo.com/?p=us"
[1:1:0812/042138.601464:INFO:script_loader.cc(852)]  $$$ [Script] ScriptLoader::ExecuteScriptBlock. task_id, url is 2060 0x7fe3c2c21f10 0x2ed8c6722ee0 , "https://sg.yahoo.com/?p=us"
[1:1:0812/042138.607497:INFO:script_loader.cc(852)]  $$$ [Script] ScriptLoader::ExecuteScriptBlock. task_id, url is 2062 0x7fe3c2c21f10 0x2ed8cb80d560 , "https://sg.yahoo.com/?p=us"
[1:1:0812/042138.614684:INFO:script_loader.cc(852)]  $$$ [Script] ScriptLoader::ExecuteScriptBlock. task_id, url is 2063 0x7fe3c2c21f10 0x2ed8cbeed3e0 , "https://sg.yahoo.com/?p=us"
[1:1:0812/042138.622503:INFO:script_loader.cc(852)]  $$$ [Script] ScriptLoader::ExecuteScriptBlock. task_id, url is 2066 0x7fe3c2c21f10 0x2ed8cbee3460 , "https://sg.yahoo.com/?p=us"
[1:1:0812/042138.629364:INFO:script_loader.cc(852)]  $$$ [Script] ScriptLoader::ExecuteScriptBlock. task_id, url is 2067 0x7fe3c2c21f10 0x2ed8c9784fe0 , "https://sg.yahoo.com/?p=us"
[1:1:0812/042138.636681:INFO:script_loader.cc(852)]  $$$ [Script] ScriptLoader::ExecuteScriptBlock. task_id, url is 2070 0x7fe3c2c21f10 0x2ed8cbea7260 , "https://sg.yahoo.com/?p=us"
[1:1:0812/042138.642777:INFO:script_loader.cc(852)]  $$$ [Script] ScriptLoader::ExecuteScriptBlock. task_id, url is 2071 0x7fe3c2c21f10 0x2ed8c9efede0 , "https://sg.yahoo.com/?p=us"
[1:1:0812/042138.650307:INFO:script_loader.cc(852)]  $$$ [Script] ScriptLoader::ExecuteScriptBlock. task_id, url is 2073 0x7fe3c2c21f10 0x2ed8c8449960 , "https://sg.yahoo.com/?p=us"
[1:1:0812/042138.657307:INFO:script_loader.cc(852)]  $$$ [Script] ScriptLoader::ExecuteScriptBlock. task_id, url is 2074 0x7fe3c2c21f10 0x2ed8c9ed8160 , "https://sg.yahoo.com/?p=us"
[1:1:0812/042138.664220:INFO:script_loader.cc(852)]  $$$ [Script] ScriptLoader::ExecuteScriptBlock. task_id, url is 2076 0x7fe3c2c21f10 0x2ed8c8b400e0 , "https://sg.yahoo.com/?p=us"
[1:1:0812/042138.671134:INFO:script_loader.cc(852)]  $$$ [Script] ScriptLoader::ExecuteScriptBlock. task_id, url is 2077 0x7fe3c2c21f10 0x2ed8c9784a60 , "https://sg.yahoo.com/?p=us"
[1:1:0812/042138.677397:INFO:script_loader.cc(852)]  $$$ [Script] ScriptLoader::ExecuteScriptBlock. task_id, url is 2079 0x7fe3c2c21f10 0x2ed8cb863ae0 , "https://sg.yahoo.com/?p=us"
[1:1:0812/042138.684641:INFO:script_loader.cc(852)]  $$$ [Script] ScriptLoader::ExecuteScriptBlock. task_id, url is 2080 0x7fe3c2c21f10 0x2ed8c9018c60 , "https://sg.yahoo.com/?p=us"
[1:1:0812/042138.694003:INFO:script_loader.cc(852)]  $$$ [Script] ScriptLoader::ExecuteScriptBlock. task_id, url is 2082 0x7fe3c2c21f10 0x2ed8c6f4ede0 , "https://sg.yahoo.com/?p=us"
[1:1:0812/042138.704924:INFO:script_loader.cc(852)]  $$$ [Script] ScriptLoader::ExecuteScriptBlock. task_id, url is 2083 0x7fe3c2c21f10 0x2ed8c9eeace0 , "https://sg.yahoo.com/?p=us"
[1:1:0812/042138.715602:INFO:script_loader.cc(852)]  $$$ [Script] ScriptLoader::ExecuteScriptBlock. task_id, url is 2085 0x7fe3c2c21f10 0x2ed8c9ee0f60 , "https://sg.yahoo.com/?p=us"
[1:1:0812/042138.724907:INFO:script_loader.cc(852)]  $$$ [Script] ScriptLoader::ExecuteScriptBlock. task_id, url is 2086 0x7fe3c2c21f10 0x2ed8cbec34e0 , "https://sg.yahoo.com/?p=us"
[1:1:0812/042138.736093:INFO:script_loader.cc(852)]  $$$ [Script] ScriptLoader::ExecuteScriptBlock. task_id, url is 2088 0x7fe3c2c21f10 0x2ed8cb86b460 , "https://sg.yahoo.com/?p=us"
[1:1:0812/042138.749277:INFO:script_loader.cc(852)]  $$$ [Script] ScriptLoader::ExecuteScriptBlock. task_id, url is 2089 0x7fe3c2c21f10 0x2ed8c9ef9260 , "https://sg.yahoo.com/?p=us"
[1:1:0812/042138.759192:INFO:script_loader.cc(852)]  $$$ [Script] ScriptLoader::ExecuteScriptBlock. task_id, url is 2091 0x7fe3c2c21f10 0x2ed8c978f660 , "https://sg.yahoo.com/?p=us"
[1:1:0812/042138.766372:INFO:script_loader.cc(852)]  $$$ [Script] ScriptLoader::ExecuteScriptBlock. task_id, url is 2092 0x7fe3c2c21f10 0x2ed8c96810e0 , "https://sg.yahoo.com/?p=us"
[1:1:0812/042138.774707:INFO:script_loader.cc(852)]  $$$ [Script] ScriptLoader::ExecuteScriptBlock. task_id, url is 2094 0x7fe3c2c21f10 0x2ed8c5fe3ce0 , "https://sg.yahoo.com/?p=us"
[1:1:0812/042138.783388:INFO:script_loader.cc(852)]  $$$ [Script] ScriptLoader::ExecuteScriptBlock. task_id, url is 2095 0x7fe3c2c21f10 0x2ed8c978ef60 , "https://sg.yahoo.com/?p=us"
[1:1:0812/042138.790312:INFO:script_loader.cc(852)]  $$$ [Script] ScriptLoader::ExecuteScriptBlock. task_id, url is 2097 0x7fe3c2c21f10 0x2ed8c960a860 , "https://sg.yahoo.com/?p=us"
[1:1:0812/042138.797031:INFO:script_loader.cc(852)]  $$$ [Script] ScriptLoader::ExecuteScriptBlock. task_id, url is 2098 0x7fe3c2c21f10 0x2ed8c960f1e0 , "https://sg.yahoo.com/?p=us"
[1:1:0812/042138.806522:INFO:script_loader.cc(852)]  $$$ [Script] ScriptLoader::ExecuteScriptBlock. task_id, url is 2100 0x7fe3c2c21f10 0x2ed8c9784160 , "https://sg.yahoo.com/?p=us"
[1:1:0812/042138.814703:INFO:script_loader.cc(852)]  $$$ [Script] ScriptLoader::ExecuteScriptBlock. task_id, url is 2101 0x7fe3c2c21f10 0x2ed8cb863260 , "https://sg.yahoo.com/?p=us"
[1:1:0812/042138.821644:INFO:script_loader.cc(852)]  $$$ [Script] ScriptLoader::ExecuteScriptBlock. task_id, url is 2103 0x7fe3c2c21f10 0x2ed8cb885660 , "https://sg.yahoo.com/?p=us"
[1:1:0812/042138.828828:INFO:script_loader.cc(852)]  $$$ [Script] ScriptLoader::ExecuteScriptBlock. task_id, url is 2104 0x7fe3c2c21f10 0x2ed8cb870d60 , "https://sg.yahoo.com/?p=us"
[1:1:0812/042138.835670:INFO:script_loader.cc(852)]  $$$ [Script] ScriptLoader::ExecuteScriptBlock. task_id, url is 2106 0x7fe3c2c21f10 0x2ed8cb88e1e0 , "https://sg.yahoo.com/?p=us"
[1:1:0812/042138.844140:INFO:script_loader.cc(852)]  $$$ [Script] ScriptLoader::ExecuteScriptBlock. task_id, url is 2107 0x7fe3c2c21f10 0x2ed8c8580ae0 , "https://sg.yahoo.com/?p=us"
[3185:3185:0812/042139.037506:INFO:CONSOLE(14)] "yui: NOT loaded: videoplayer", source: https://s.yimg.com/zz/combo?yui:/3.18.0/yui/yui-min.js (14)
[3185:3185:0812/042139.038419:INFO:CONSOLE(14)] "yui: NOT loaded: td-applet-storyswarm-atomic-templates-list.tumblr", source: https://s.yimg.com/zz/combo?yui:/3.18.0/yui/yui-min.js (14)
[3185:3185:0812/042139.362166:INFO:CONSOLE(14)] "yui: NOT loaded: videoplayer", source: https://s.yimg.com/zz/combo?yui:/3.18.0/yui/yui-min.js (14)
[3185:3185:0812/042139.370947:INFO:CONSOLE(14)] "yui: NOT loaded: videoplayer", source: https://s.yimg.com/zz/combo?yui:/3.18.0/yui/yui-min.js (14)
[3185:3185:0812/042139.388073:INFO:CONSOLE(14)] "yui: NOT loaded: td-applet-storyswarm-atomic-templates-list.tumblr", source: https://s.yimg.com/zz/combo?yui:/3.18.0/yui/yui-min.js (14)
[3185:3185:0812/042139.537969:INFO:CONSOLE(3)] "FED545ED158847C215850B1FE8BD0906: 0.06201171875ms", source:  (3)
[1:1:0812/042139.540264:INFO:script_loader.cc(852)]  $$$ [Script] ScriptLoader::ExecuteScriptBlock. task_id, url is 2315, "https://s.yimg.com/rq/darla/3-15-0/html/r-csc.html"
[1:1:0812/042139.547396:INFO:render_frame_impl.cc(1477)] 	RenderFrameImpl::Initialize. 9, 0x2ed8c9731a20
[1:1:0812/042139.547602:INFO:web_local_frame_impl.cc(1666)] 		WebLocalFrame::SetRoutingID. routing_id = 9
[1:1:0812/042139.554862:INFO:render_frame_impl.cc(7018)] >>> [renderer][DOM] RenderFrameImpl::BeginNavigation
[1:1:0812/042139.555077:INFO:render_frame_impl.cc(7019)] 	 [url] = https://s.yimg.com
[1:1:0812/042139.573941:INFO:script_loader.cc(852)]  $$$ [Script] ScriptLoader::ExecuteScriptBlock. task_id, url is 2355, "https://s.yimg.com/rq/darla/3-15-0/html/r-sf.html"
[1:1:0812/042139.665558:INFO:event_target.cc(534)] !!!!!!!!!!!!!!!! RegisteredEventListener::SetCallback. 0x3ef975d43950
[1:1:0812/042139.761907:INFO:script_loader.cc(852)]  $$$ [Script] ScriptLoader::ExecuteScriptBlock. task_id, url is 2355, "https://s.yimg.com/rq/darla/3-15-0/html/r-sf.html"
[1:1:0812/042139.762745:INFO:html_tree_builder.cc(780)] >>> [renderer][DOM] receive <iframe>
[1:1:0812/042139.766407:INFO:render_frame_impl.cc(1477)] 	RenderFrameImpl::Initialize. 10, 0x2ed8c9732420
[1:1:0812/042139.766537:INFO:web_local_frame_impl.cc(1666)] 		WebLocalFrame::SetRoutingID. routing_id = 10
[1:1:0812/042139.772356:INFO:render_frame_impl.cc(7018)] >>> [renderer][DOM] RenderFrameImpl::BeginNavigation
[1:1:0812/042139.772461:INFO:render_frame_impl.cc(7019)] 	 [url] = https://s.yimg.com
[1:1:0812/042139.776696:INFO:event_target.cc(534)] !!!!!!!!!!!!!!!! RegisteredEventListener::SetCallback. 0x3ef975d43950
[1:1:0812/042139.786836:INFO:script_loader.cc(852)]  $$$ [Script] ScriptLoader::ExecuteScriptBlock. task_id, url is 2357, "https://s.yimg.com/rq/darla/3-15-0/html/r-sf.html"
[3185:3185:0812/042139.820184:INFO:render_frame_host_impl.cc(1417)] 	 enter RenderFrameHostImpl::OnCreateChildFrame
[3185:3185:0812/042139.821906:INFO:frame_tree.cc(218)] 	 enter FrameTree::AddFrame: , 9, 8, 
[3185:3185:0812/042139.824758:INFO:render_frame_host_impl.cc(3108)] >>> [broswer][navigation] RenderFrameHostImpl::BeginNavigation. ID from switcher is 3:4_https://s.yimg.com/
[3185:3185:0812/042139.832269:INFO:render_frame_host_impl.cc(1417)] 	 enter RenderFrameHostImpl::OnCreateChildFrame
[3185:3185:0812/042139.833821:INFO:frame_tree.cc(218)] 	 enter FrameTree::AddFrame: , 10, 9, 
[3185:3185:0812/042139.836970:INFO:render_frame_host_impl.cc(3108)] >>> [broswer][navigation] RenderFrameHostImpl::BeginNavigation. ID from switcher is 3:6_https://s.yimg.com/
[1:1:0812/042139.868733:INFO:event_target.cc(534)] !!!!!!!!!!!!!!!! RegisteredEventListener::SetCallback. 0x3ef975d45768
[3185:3185:0812/042139.869399:INFO:navigation_url_loader_network_service.cc(1293)] 	 enter NavigationURLLoaderNetworkService::OnReceiveResponse
[3185:3185:0812/042139.869727:INFO:navigation_handle_impl.cc(765)] 	 enter NavigationHandleImpl::WillProcessResponse
[3185:3195:0812/042139.871575:INFO:interface_endpoint_client.cc(447)] >>> [Frame] get kURLLoader_ProceedWithResponse_Name. [pid, routing_id] = 3, 9
[3185:3195:0812/042139.871634:INFO:mojo_async_resource_handler.cc(459)] >>> [IPC] MojoAsyncResourceHandler::ProceedWithResponse konws [cid, routing_id]: 3, 9, HandleIncomingMessage, HandleIncomingMessage
[3185:3185:0812/042139.872173:INFO:render_frame_host_impl.cc(3699)] >>> RenderFrameHostImpl::CommitNavigation https://tag.idsync.analytics.yahoo.com/
[3185:3185:0812/042139.872219:INFO:switcher_host_impl.cc(127)] >>> [Key] add a new principal. [cid, principal, url, frame_id] = 3, 3:9_https://tag.idsync.analytics.yahoo.com/, https://tag.idsync.analytics.yahoo.com/sp-frame.html?referrer=https%3A%2F%2Fsg.yahoo.com%2F%3Fp%3Dus, 8
[3185:3185:0812/042139.872297:INFO:render_frame_host_impl.cc(3718)] >>>	[site, common.url, headers] = 3:9_https://tag.idsync.analytics.yahoo.com/, HTTP/1.1 200 status:200 content-encoding:gzip content-type:text/html date:Sat, 10 Aug 2019 12:23:16 GMT etag:"9b27f08842ec1f21101a0bc4c5dba12e+gzip" last-modified:Thu, 08 Aug 2019 17:26:39 GMT server:ECS (sgb/C6E6) vary:Accept-Encoding x-amz-id-2:/jw3BeuK3VBRgbV7BwzdypkMPUTPb/nTEdYHO8NTh3oLxoyuUdYw5o+8NbVPrV32svKZnh17dBk= x-amz-request-id:33BD832464322143 x-amz-server-side-encryption:AES256 x-cache:HIT content-length:153  ,3229, 3
[1:7:0812/042139.874088:INFO:ipc_mojo_bootstrap.cc(809)] >>> [IPC] Accept. post a task to AcceptOnProxyThread
[1:1:0812/042139.991644:INFO:script_loader.cc(852)]  $$$ [Script] ScriptLoader::ExecuteScriptBlock. task_id, url is 2357, "https://s.yimg.com/rq/darla/3-15-0/html/r-sf.html"
[1:1:0812/042139.998484:INFO:event_target.cc(534)] !!!!!!!!!!!!!!!! RegisteredEventListener::SetCallback. 0x3ef975d45768
[3185:3185:0812/042140.018549:INFO:navigation_url_loader_network_service.cc(1293)] 	 enter NavigationURLLoaderNetworkService::OnReceiveResponse
[3185:3185:0812/042140.019181:INFO:navigation_handle_impl.cc(765)] 	 enter NavigationHandleImpl::WillProcessResponse
[3185:3185:0812/042140.021050:INFO:render_frame_host_impl.cc(3699)] >>> RenderFrameHostImpl::CommitNavigation https://s.yimg.com/
[3185:3195:0812/042140.021067:INFO:interface_endpoint_client.cc(447)] >>> [Frame] get kURLLoader_ProceedWithResponse_Name. [pid, routing_id] = 3, 10
[3185:3195:0812/042140.021114:INFO:mojo_async_resource_handler.cc(459)] >>> [IPC] MojoAsyncResourceHandler::ProceedWithResponse konws [cid, routing_id]: 3, 10, HandleIncomingMessage, HandleIncomingMessage
[3185:3185:0812/042140.021143:INFO:switcher_host_impl.cc(127)] >>> [Key] add a new principal. [cid, principal, url, frame_id] = 3, 3:10_https://s.yimg.com/, https://s.yimg.com/ja/ap/ssp_cookie_sync/apac.html, 9
[3185:3185:0812/042140.021206:INFO:render_frame_host_impl.cc(3718)] >>>	[site, common.url, headers] = 3:10_https://s.yimg.com/, HTTP/1.1 200 status:200 x-amz-id-2:pIBRrg+OyBIcW3l8LJ43DCt4sT6u7KRXkMK5N1vrlzXtJYzRXqPBAdNDuaMCjuAvNi4vYzE745A= x-amz-request-id:C24BF5801464A495 date:Sat, 10 Aug 2019 01:56:13 GMT last-modified:Mon, 30 Apr 2018 16:10:55 GMT etag:"08dc3a26368ba18d7aa3f08b2f39a55b-df" x-amz-server-side-encryption:AES256 cache-control:max-age=86400,public x-amz-meta-created-date:Fri, 15 Sep 2017 22:03:21 GMT x-amz-meta-mbst-etag:"YM:1:249064fb-6bcc-4b95-ad2a-83d4eb1faf2a000559418fadbd30" x-amz-meta-x-ysws-mbst-vtime:1505513001827632 expires:Sat, 05 Sep 2026 00:00:00 GMT x-amz-meta-x-ysws-access:public accept-ranges:bytes content-type:text/html; charset=utf-8 server:ATS referrer-policy:no-referrer-when-downgrade vary:Origin, Accept-Encoding content-encoding:gzip content-length:415 age:37624 strict-transport-security:max-age=15552000 expect-ct:max-age=31536000, report-uri="http://csp.yahoo.com/beacon/csp?src=yahoocom-expect-ct-report-only" x-xss-protection:1; mode=block x-content-type-options:nosniff  ,3229, 3
[1:7:0812/042140.022134:INFO:ipc_mojo_bootstrap.cc(809)] >>> [IPC] Accept. post a task to AcceptOnProxyThread
[1:1:0812/042142.345237:INFO:script_loader.cc(852)]  $$$ [Script] ScriptLoader::ExecuteScriptBlock. task_id, url is 2447 0x7fe3c1063bd0 0x2ed8cbabea58 , "https://s.yimg.com/rq/darla/3-15-0/html/r-sf.html"
[1:1:0812/042142.424026:INFO:event_target.cc(534)] !!!!!!!!!!!!!!!! RegisteredEventListener::SetCallback. 0x3ef975d4b7c8
[1:1:0812/042142.522655:INFO:script_loader.cc(852)]  $$$ [Script] ScriptLoader::ExecuteScriptBlock. task_id, url is 2447 0x7fe3c1063bd0 0x2ed8cbabea58 , "https://s.yimg.com/rq/darla/3-15-0/html/r-sf.html"
[1:1:0812/042142.523421:INFO:html_tree_builder.cc(780)] >>> [renderer][DOM] receive <iframe>
[3185:3185:0812/042142.524412:INFO:render_frame_host_impl.cc(1417)] 	 enter RenderFrameHostImpl::OnCreateChildFrame
[1:1:0812/042142.525201:INFO:render_frame_impl.cc(1477)] 	RenderFrameImpl::Initialize. 11, 0x2ed8c9732e20
[1:1:0812/042142.525353:INFO:web_local_frame_impl.cc(1666)] 		WebLocalFrame::SetRoutingID. routing_id = 11
[3185:3185:0812/042142.526091:INFO:frame_tree.cc(218)] 	 enter FrameTree::AddFrame: , 11, 10, 
[1:1:0812/042142.531398:INFO:render_frame_impl.cc(7018)] >>> [renderer][DOM] RenderFrameImpl::BeginNavigation
[1:1:0812/042142.531545:INFO:render_frame_impl.cc(7019)] 	 [url] = https://s.yimg.com
[3185:3185:0812/042142.532634:INFO:render_frame_host_impl.cc(3108)] >>> [broswer][navigation] RenderFrameHostImpl::BeginNavigation. ID from switcher is 3:6_https://s.yimg.com/
[1:1:0812/042142.535937:INFO:event_target.cc(534)] !!!!!!!!!!!!!!!! RegisteredEventListener::SetCallback. 0x3ef975d4b7c8
[1:1:0812/042142.555590:INFO:script_loader.cc(852)]  $$$ [Script] ScriptLoader::ExecuteScriptBlock. task_id, url is 2465 0x7fe3c1063bd0 0x2ed8cb877bd8 , "https://s.yimg.com/rq/darla/3-15-0/html/r-sf.html"
[1:1:0812/042142.629784:INFO:event_target.cc(534)] !!!!!!!!!!!!!!!! RegisteredEventListener::SetCallback. 0x3ef975d4d5e0
[1:1:0812/042142.728871:INFO:script_loader.cc(852)]  $$$ [Script] ScriptLoader::ExecuteScriptBlock. task_id, url is 2465 0x7fe3c1063bd0 0x2ed8cb877bd8 , "https://s.yimg.com/rq/darla/3-15-0/html/r-sf.html"
[1:1:0812/042142.736043:INFO:event_target.cc(534)] !!!!!!!!!!!!!!!! RegisteredEventListener::SetCallback. 0x3ef975d4d5e0
[1:1:0812/042142.748723:INFO:ipc_mojo_bootstrap.cc(894)] ### [Switcher][kFrameNavigationControl_CommitNavigation_Name] get additional field: 3:9_https://tag.idsync.analytics.yahoo.com/
[1:1:0812/042142.759215:INFO:ipc_mojo_bootstrap.cc(894)] ### [Switcher][kFrameNavigationControl_CommitNavigation_Name] get additional field: 3:10_https://s.yimg.com/
[1:1:0812/042142.774355:INFO:script_loader.cc(852)]  $$$ [Script] ScriptLoader::ExecuteScriptBlock. task_id, url is 2542, "https://s.yimg.com/rq/darla/3-15-0/html/r-sf.html"
[1:1:0812/042142.813394:INFO:platform_thread_posix.cc(131)] >>> invoke pthread_create
[1:1:0812/042142.903037:INFO:platform_thread_posix.cc(131)] >>> invoke pthread_create
[3185:3185:0812/042143.023920:INFO:navigation_url_loader_network_service.cc(1293)] 	 enter NavigationURLLoaderNetworkService::OnReceiveResponse
[3185:3185:0812/042143.024387:INFO:navigation_handle_impl.cc(765)] 	 enter NavigationHandleImpl::WillProcessResponse
[3185:3195:0812/042143.026196:INFO:interface_endpoint_client.cc(447)] >>> [Frame] get kURLLoader_ProceedWithResponse_Name. [pid, routing_id] = 3, 11
[3185:3195:0812/042143.026252:INFO:mojo_async_resource_handler.cc(459)] >>> [IPC] MojoAsyncResourceHandler::ProceedWithResponse konws [cid, routing_id]: 3, 11, HandleIncomingMessage, HandleIncomingMessage
[3185:3185:0812/042143.026316:INFO:render_frame_host_impl.cc(3699)] >>> RenderFrameHostImpl::CommitNavigation https://s.yimg.com/
[3185:3185:0812/042143.026351:INFO:switcher_host_impl.cc(127)] >>> [Key] add a new principal. [cid, principal, url, frame_id] = 3, 3:11_https://s.yimg.com/, https://s.yimg.com/ja/ap/ssp_cookie_sync/apac.html, 10
[3185:3185:0812/042143.026415:INFO:render_frame_host_impl.cc(3718)] >>>	[site, common.url, headers] = 3:11_https://s.yimg.com/, HTTP/1.1 200 status:304 date:Sat, 10 Aug 2019 12:23:19 GMT expires:Sat, 05 Sep 2026 00:00:00 GMT cache-control:max-age=86400,public vary:Origin, Accept-Encoding strict-transport-security:max-age=15552000 server:ATS expect-ct:max-age=31536000, report-uri="http://csp.yahoo.com/beacon/csp?src=yahoocom-expect-ct-report-only" x-amz-id-2:pIBRrg+OyBIcW3l8LJ43DCt4sT6u7KRXkMK5N1vrlzXtJYzRXqPBAdNDuaMCjuAvNi4vYzE745A= x-amz-request-id:C24BF5801464A495 last-modified:Mon, 30 Apr 2018 16:10:55 GMT etag:"08dc3a26368ba18d7aa3f08b2f39a55b-df" x-amz-server-side-encryption:AES256 x-amz-meta-created-date:Fri, 15 Sep 2017 22:03:21 GMT x-amz-meta-mbst-etag:"YM:1:249064fb-6bcc-4b95-ad2a-83d4eb1faf2a000559418fadbd30" x-amz-meta-x-ysws-mbst-vtime:1505513001827632 x-amz-meta-x-ysws-access:public accept-ranges:bytes content-type:text/html; charset=utf-8 referrer-policy:no-referrer-when-downgrade content-encoding:gzip content-length:415 age:37624 x-xss-protection:1; mode=block x-content-type-options:nosniff  ,3229, 3
[1:7:0812/042143.028188:INFO:ipc_mojo_bootstrap.cc(809)] >>> [IPC] Accept. post a task to AcceptOnProxyThread
[3185:3185:0812/042143.055850:INFO:switcher_host_impl.cc(127)] >>> [Key] add a new principal. [cid, principal, url, frame_id] = 3, 3:9_https://tag.idsync.analytics.yahoo.com/, https://tag.idsync.analytics.yahoo.com/, 8
[3185:3185:0812/042143.055928:INFO:frame_tree_node.cc(349)] 	FrameTreeNode::SetCurrentOrigin. [frameid, routingid, origin, url] = 8, 9, https://tag.idsync.analytics.yahoo.com/, https://tag.idsync.analytics.yahoo.com
[1:1:0812/042143.067678:INFO:html_document_parser.cc(1203)]  $$$ [TASK] HTMLDocumentParser::AppendBytes -> BackgroundHTMLParser::AppendRawBytesFromMainThread
[1:1:0812/042143.072628:INFO:script_loader.cc(852)]  $$$ [Script] ScriptLoader::ExecuteScriptBlock. task_id, url is 2702, "https://s.yimg.com/rq/darla/3-15-0/html/r-sf.html"
[3185:3185:0812/042143.085361:INFO:switcher_host_impl.cc(127)] >>> [Key] add a new principal. [cid, principal, url, frame_id] = 3, 3:10_https://s.yimg.com/, https://s.yimg.com/, 9
[3185:3185:0812/042143.085407:INFO:frame_tree_node.cc(349)] 	FrameTreeNode::SetCurrentOrigin. [frameid, routingid, origin, url] = 9, 10, https://s.yimg.com/, https://s.yimg.com
[1:1:0812/042143.096113:INFO:html_document_parser.cc(1203)]  $$$ [TASK] HTMLDocumentParser::AppendBytes -> BackgroundHTMLParser::AppendRawBytesFromMainThread
[1:1:0812/042143.104013:INFO:html_parser_scheduler.cc(81)]  $$$ [TASK] HTMLParserScheduler::ScheduleForUnpause -> HTMLParserScheduler::ContinueParsing
[1:1:0812/042143.383005:INFO:ipc_mojo_bootstrap.cc(894)] ### [Switcher][kFrameNavigationControl_CommitNavigation_Name] get additional field: 3:11_https://s.yimg.com/
[1:1:0812/042143.393437:INFO:script_loader.cc(852)]  $$$ [Script] ScriptLoader::ExecuteScriptBlock. task_id, url is 2811 0x7fe3c2c21f10 0x2ed8cf772660 , "https://s.yimg.com/rq/darla/3-15-0/html/r-sf.html"
[3185:3185:0812/042143.517287:INFO:render_frame_host_impl.cc(1417)] 	 enter RenderFrameHostImpl::OnCreateChildFrame
[1:1:0812/042143.517783:INFO:render_frame_impl.cc(1477)] 	RenderFrameImpl::Initialize. 12, 0x2ed8c9734220
[1:1:0812/042143.517974:INFO:web_local_frame_impl.cc(1666)] 		WebLocalFrame::SetRoutingID. routing_id = 12
[3185:3185:0812/042143.519803:INFO:frame_tree.cc(218)] 	 enter FrameTree::AddFrame: , 12, 11, 
[3185:3207:0812/042143.522384:ERROR:cert_verify_proc_nss.cc(980)] CERT_PKIXVerifyCert for adserver.adtechjp.com failed err=-8181
[3185:3185:0812/042143.535260:INFO:switcher_host_impl.cc(127)] >>> [Key] add a new principal. [cid, principal, url, frame_id] = 3, 3:12_https://s.yimg.com/, https://s.yimg.com/, 11
[3185:3185:0812/042143.535323:INFO:frame_tree_node.cc(349)] 	FrameTreeNode::SetCurrentOrigin. [frameid, routingid, origin, url] = 11, 12, https://s.yimg.com/, https://s.yimg.com
[1:1:0812/042143.554323:INFO:script_loader.cc(852)]  $$$ [Script] ScriptLoader::ExecuteScriptBlock. task_id, url is 2811 0x7fe3c2c21f10 0x2ed8cf772660 , "https://s.yimg.com/rq/darla/3-15-0/html/r-sf.html"
[1:1:0812/042143.586093:INFO:html_tree_builder.cc(780)] >>> [renderer][DOM] receive <iframe>
[1:1:0812/042143.588283:INFO:render_frame_impl.cc(1477)] 	RenderFrameImpl::Initialize. 13, 0x2ed8c9733820
[1:1:0812/042143.588447:INFO:web_local_frame_impl.cc(1666)] 		WebLocalFrame::SetRoutingID. routing_id = 13
[3185:3185:0812/042143.589945:INFO:render_frame_host_impl.cc(1417)] 	 enter RenderFrameHostImpl::OnCreateChildFrame
[3185:3185:0812/042143.592311:INFO:frame_tree.cc(218)] 	 enter FrameTree::AddFrame: aswift_0, 13, 12, 
[3185:3185:0812/042143.610436:INFO:switcher_host_impl.cc(127)] >>> [Key] add a new principal. [cid, principal, url, frame_id] = 3, 3:13_https://s.yimg.com/, https://s.yimg.com/, 12
[3185:3185:0812/042143.610496:INFO:frame_tree_node.cc(349)] 	FrameTreeNode::SetCurrentOrigin. [frameid, routingid, origin, url] = 12, 13, https://s.yimg.com/, https://s.yimg.com
[3185:3185:0812/042143.655562:INFO:render_frame_host_impl.cc(1417)] 	 enter RenderFrameHostImpl::OnCreateChildFrame
[1:1:0812/042143.655645:INFO:render_frame_impl.cc(1477)] 	RenderFrameImpl::Initialize. 14, 0x2ed8cdf3ba20
[1:1:0812/042143.655832:INFO:web_local_frame_impl.cc(1666)] 		WebLocalFrame::SetRoutingID. routing_id = 14
[3185:3185:0812/042143.658195:INFO:frame_tree.cc(218)] 	 enter FrameTree::AddFrame: google_esf, 14, 13, 
[1:1:0812/042143.663840:INFO:render_frame_impl.cc(7018)] >>> [renderer][DOM] RenderFrameImpl::BeginNavigation
[1:1:0812/042143.663980:INFO:render_frame_impl.cc(7019)] 	 [url] = https://s.yimg.com
[3185:3185:0812/042143.669829:INFO:render_frame_host_impl.cc(3108)] >>> [broswer][navigation] RenderFrameHostImpl::BeginNavigation. ID from switcher is 3:8_https://s.yimg.com/
[1:1:0812/042143.680193:INFO:html_parser_scheduler.cc(81)]  $$$ [TASK] HTMLParserScheduler::ScheduleForUnpause -> HTMLParserScheduler::ContinueParsing
[3185:3185:0812/042143.680343:INFO:navigation_url_loader_network_service.cc(1293)] 	 enter NavigationURLLoaderNetworkService::OnReceiveResponse
[3185:3185:0812/042143.680889:INFO:navigation_handle_impl.cc(765)] 	 enter NavigationHandleImpl::WillProcessResponse
[3185:3195:0812/042143.683062:INFO:interface_endpoint_client.cc(447)] >>> [Frame] get kURLLoader_ProceedWithResponse_Name. [pid, routing_id] = 3, 14
[3185:3195:0812/042143.683109:INFO:mojo_async_resource_handler.cc(459)] >>> [IPC] MojoAsyncResourceHandler::ProceedWithResponse konws [cid, routing_id]: 3, 14, HandleIncomingMessage, HandleIncomingMessage
[3185:3185:0812/042143.683114:INFO:render_frame_host_impl.cc(3699)] >>> RenderFrameHostImpl::CommitNavigation https://googleads.g.doubleclick.net/
[3185:3185:0812/042143.683165:INFO:switcher_host_impl.cc(127)] >>> [Key] add a new principal. [cid, principal, url, frame_id] = 3, 3:14_https://googleads.g.doubleclick.net/, https://googleads.g.doubleclick.net/pagead/html/r20190807/r20190131/zrt_lookup.html#, 13
[3185:3185:0812/042143.683224:INFO:render_frame_host_impl.cc(3718)] >>>	[site, common.url, headers] = 3:14_https://googleads.g.doubleclick.net/, HTTP/1.1 200 status:200 p3p:policyref="https://googleads.g.doubleclick.net/pagead/gcn_p3p_.xml", CP="CURa ADMa DEVa TAIo PSAo PSDo OUR IND UNI PUR INT DEM STA PRE COM NAV OTC NOI DSP COR" timing-allow-origin:* vary:Accept-Encoding date:Wed, 07 Aug 2019 20:43:51 GMT expires:Wed, 21 Aug 2019 20:43:51 GMT content-type:text/html; charset=UTF-8 etag:4817175036427020965 x-content-type-options:nosniff content-encoding:gzip server:cafe content-length:7274 x-xss-protection:0 cache-control:public, max-age=1209600 age:229169 alt-svc:quic="googleads.g.doubleclick.net:443"; ma=2592000; v="46,43,39",quic=":443"; ma=2592000; v="46,43,39"  ,3229, 3
[1:7:0812/042143.685261:INFO:ipc_mojo_bootstrap.cc(809)] >>> [IPC] Accept. post a task to AcceptOnProxyThread
[1:1:0812/042143.685505:INFO:html_parser_scheduler.cc(81)]  $$$ [TASK] HTMLParserScheduler::ScheduleForUnpause -> HTMLParserScheduler::ContinueParsing
[1:1:0812/042143.688726:INFO:html_parser_scheduler.cc(81)]  $$$ [TASK] HTMLParserScheduler::ScheduleForUnpause -> HTMLParserScheduler::ContinueParsing
[1:1:0812/042143.690638:INFO:html_parser_scheduler.cc(158)]  $$$ [TASK] HTMLParserScheduler::ContinueParsing
[1:1:0812/042143.690742:INFO:html_document_parser.cc(272)] >>> HTMLDocumentParser::ResumeParsingAfterYield. url is "https://s.yimg.com/rq/darla/3-15-0/html/r-sf.html"
[1:1:0812/042143.770260:INFO:script_loader.cc(852)]  $$$ [Script] ScriptLoader::ExecuteScriptBlock. task_id, url is 2885 0x7fe3c2c21f10 0x2ed8c6100c60 , "https://s.yimg.com/rq/darla/3-15-0/html/r-sf.html"
[3185:3185:0812/042143.869261:INFO:render_frame_host_impl.cc(1417)] 	 enter RenderFrameHostImpl::OnCreateChildFrame
[1:1:0812/042143.869522:INFO:render_frame_impl.cc(1477)] 	RenderFrameImpl::Initialize. 15, 0x2ed8cdf3c420
[1:1:0812/042143.869672:INFO:web_local_frame_impl.cc(1666)] 		WebLocalFrame::SetRoutingID. routing_id = 15
[3185:3185:0812/042143.871269:INFO:frame_tree.cc(218)] 	 enter FrameTree::AddFrame: , 15, 14, 
[3185:3185:0812/042143.886616:INFO:switcher_host_impl.cc(127)] >>> [Key] add a new principal. [cid, principal, url, frame_id] = 3, 3:15_https://s.yimg.com/, https://s.yimg.com/, 14
[3185:3185:0812/042143.886678:INFO:frame_tree_node.cc(349)] 	FrameTreeNode::SetCurrentOrigin. [frameid, routingid, origin, url] = 14, 15, https://s.yimg.com/, https://s.yimg.com
[1:1:0812/042143.901431:INFO:script_loader.cc(852)]  $$$ [Script] ScriptLoader::ExecuteScriptBlock. task_id, url is 2885 0x7fe3c2c21f10 0x2ed8c6100c60 , "https://s.yimg.com/rq/darla/3-15-0/html/r-sf.html"
[1:1:0812/042143.925930:INFO:html_tree_builder.cc(780)] >>> [renderer][DOM] receive <iframe>
[1:1:0812/042143.929098:INFO:render_frame_impl.cc(1477)] 	RenderFrameImpl::Initialize. 16, 0x2ed8cdf3ce20
[1:1:0812/042143.929235:INFO:web_local_frame_impl.cc(1666)] 		WebLocalFrame::SetRoutingID. routing_id = 16
[3185:3185:0812/042143.930495:INFO:render_frame_host_impl.cc(1417)] 	 enter RenderFrameHostImpl::OnCreateChildFrame
[3185:3185:0812/042143.932223:INFO:frame_tree.cc(218)] 	 enter FrameTree::AddFrame: aswift_0, 16, 15, 
[3185:3185:0812/042143.944580:INFO:switcher_host_impl.cc(127)] >>> [Key] add a new principal. [cid, principal, url, frame_id] = 3, 3:16_https://s.yimg.com/, https://s.yimg.com/, 15
[3185:3185:0812/042143.944647:INFO:frame_tree_node.cc(349)] 	FrameTreeNode::SetCurrentOrigin. [frameid, routingid, origin, url] = 15, 16, https://s.yimg.com/, https://s.yimg.com
[3185:3185:0812/042143.996878:INFO:switcher_host_impl.cc(127)] >>> [Key] add a new principal. [cid, principal, url, frame_id] = 3, 3:11_https://s.yimg.com/, https://s.yimg.com/, 10
[3185:3185:0812/042143.996928:INFO:frame_tree_node.cc(349)] 	FrameTreeNode::SetCurrentOrigin. [frameid, routingid, origin, url] = 10, 11, https://s.yimg.com/, https://s.yimg.com
[1:1:0812/042143.997949:INFO:html_document_parser.cc(1203)]  $$$ [TASK] HTMLDocumentParser::AppendBytes -> BackgroundHTMLParser::AppendRawBytesFromMainThread
[1:1:0812/042144.010625:INFO:console_message.cc(26)] >>> [renderer][DOM] ConsoleMessage::CreateForRequest: [msg, url] = "Failed to load resource: net::ERR_CERT_DATE_INVALID","https://adserver.adtechjp.com/addyn/3.0/8034/4869969/1028156/0/;AdId=10896735;BnId=-1;;misc=439781380;gdpr=0;euconsent=;tag.srvsrc=as;tag.srvlid=4378127;tag.srvcid=;c.tagid=craftAdTag0.5161283608828375;rdclick=https://us.y.atwola.com/adlink%7C5113.1%7C5085711%7C0%7C529%7CAdId=10947339;BnId=1;guid=d4tu83hektdp4&b=3&s=p9;itime=439781380;kvsecure-darla=3-15-0%7Cysd%7C1;kvmn=y963898543;kvssp=ssp;kvsecure=true;kvpgcolo=ir2;kvy-bucket=712;kvadtc_dvmktname=unknown;kvadtc_dvosplt=os_x:os_x_10_7;kvadtc_dvbrand=google;kvadtc_dvtype=desktop;kvadtc_dvmodel=chrome_-_os_x;kvrepo_dvosplt=os_x;kvadtc_dvosversion=10.7.3;kvadtc_crmcc=UNKNOWN;kvadtc_crmnc=UNKNOWN;gdpr=0;adclntid=1004;spaceid=2142378882;link="
[1:1:0812/042144.042788:INFO:html_parser_scheduler.cc(158)]  $$$ [TASK] HTMLParserScheduler::ContinueParsing
[1:1:0812/042144.042929:INFO:html_document_parser.cc(272)] >>> HTMLDocumentParser::ResumeParsingAfterYield. url is "https://tag.idsync.analytics.yahoo.com/sp-frame.html?referrer=https%3A%2F%2Fsg.yahoo.com%2F%3Fp%3Dus"
[1:1:0812/042144.048081:INFO:ipc_mojo_bootstrap.cc(894)] ### [Switcher][kFrameNavigationControl_CommitNavigation_Name] get additional field: 3:14_https://googleads.g.doubleclick.net/
[1:1:0812/042144.056067:INFO:html_parser_scheduler.cc(158)]  $$$ [TASK] HTMLParserScheduler::ContinueParsing
[1:1:0812/042144.056184:INFO:html_document_parser.cc(272)] >>> HTMLDocumentParser::ResumeParsingAfterYield. url is "https://s.yimg.com/rq/darla/3-15-0/html/r-sf.html"
[1:1:0812/042144.065702:INFO:html_parser_scheduler.cc(158)]  $$$ [TASK] HTMLParserScheduler::ContinueParsing
[1:1:0812/042144.065829:INFO:html_document_parser.cc(272)] >>> HTMLDocumentParser::ResumeParsingAfterYield. url is "https://s.yimg.com/ja/ap/ssp_cookie_sync/apac.html"
[1:1:0812/042144.067066:INFO:script_loader.cc(852)]  $$$ [Script] ScriptLoader::ExecuteScriptBlock. task_id, url is 2972 0x7fe3c0cfb070 0x2ed8c73c7560 , "https://s.yimg.com/ja/ap/ssp_cookie_sync/apac.html"
[1:1:0812/042144.071205:INFO:render_frame_impl.cc(1477)] 	RenderFrameImpl::Initialize. 17, 0x2ed8d3be2020
[1:1:0812/042144.071339:INFO:web_local_frame_impl.cc(1666)] 		WebLocalFrame::SetRoutingID. routing_id = 17
[3185:3185:0812/042144.073156:INFO:render_frame_host_impl.cc(1417)] 	 enter RenderFrameHostImpl::OnCreateChildFrame
[3185:3185:0812/042144.075534:INFO:frame_tree.cc(218)] 	 enter FrameTree::AddFrame: , 17, 16, 
[1:1:0812/042144.077846:INFO:render_frame_impl.cc(7018)] >>> [renderer][DOM] RenderFrameImpl::BeginNavigation
[1:1:0812/042144.077981:INFO:render_frame_impl.cc(7019)] 	 [url] = https://s.yimg.com
[3185:3185:0812/042144.096536:INFO:render_frame_host_impl.cc(3108)] >>> [broswer][navigation] RenderFrameHostImpl::BeginNavigation. ID from switcher is 3:10_https://s.yimg.com/
[1:1:0812/042144.153291:INFO:html_parser_scheduler.cc(81)]  $$$ [TASK] HTMLParserScheduler::ScheduleForUnpause -> HTMLParserScheduler::ContinueParsing
[1:1:0812/042144.169534:INFO:script_loader.cc(852)]  $$$ [Script] ScriptLoader::ExecuteScriptBlock. task_id, url is 3091 0x7fe3c2c21f10 0x2ed8cf7c3160 , "https://s.yimg.com/rq/darla/3-15-0/html/r-sf.html"
[1:1:0812/042144.173212:INFO:script_loader.cc(852)]  $$$ [Script] ScriptLoader::ExecuteScriptBlock. task_id, url is 3092 0x7fe3c2c21f10 0x2ed8c5df82e0 , "https://s.yimg.com/rq/darla/3-15-0/html/r-sf.html"
[3185:3185:0812/042144.174563:INFO:navigation_url_loader_network_service.cc(1293)] 	 enter NavigationURLLoaderNetworkService::OnReceiveResponse
[3185:3185:0812/042144.175165:INFO:navigation_handle_impl.cc(765)] 	 enter NavigationHandleImpl::WillProcessResponse
[3185:3195:0812/042144.176865:INFO:interface_endpoint_client.cc(447)] >>> [Frame] get kURLLoader_ProceedWithResponse_Name. [pid, routing_id] = 3, 17
[3185:3195:0812/042144.176926:INFO:mojo_async_resource_handler.cc(459)] >>> [IPC] MojoAsyncResourceHandler::ProceedWithResponse konws [cid, routing_id]: 3, 17, HandleIncomingMessage, HandleIncomingMessage
[3185:3185:0812/042144.176994:INFO:render_frame_host_impl.cc(3699)] >>> RenderFrameHostImpl::CommitNavigation https://ads.pubmatic.com/
[3185:3185:0812/042144.177070:INFO:switcher_host_impl.cc(127)] >>> [Key] add a new principal. [cid, principal, url, frame_id] = 3, 3:17_https://ads.pubmatic.com/, https://ads.pubmatic.com/AdServer/js/user_sync.html?p=156107&s=176446&predirect=https%3A%2F%2Fpr-bh.ybp.yahoo.com%2Fsync%2Fpubmatic%2F, 16
[3185:3185:0812/042144.177183:INFO:render_frame_host_impl.cc(3718)] >>>	[site, common.url, headers] = 3:17_https://ads.pubmatic.com/, HTTP/1.1 200 OK Last-Modified: Fri, 26 Jul 2019 09:40:01 GMT ETag: "1300708-26ca-58e92538a370a" Server: Apache/2.2.15 (CentOS) Accept-Ranges: bytes Content-Encoding: gzip P3P: CP="NOI DSP COR LAW CUR ADMo DEVo TAIo PSAo PSDo IVAo IVDo HISo OTPo OUR SAMo BUS UNI COM NAV INT DEM CNT STA PRE LOC", CP="NOI DSP COR LAW CUR ADMo DEVo TAIo PSAo PSDo IVAo IVDo HISo OTPo OUR SAMo BUS UNI COM NAV INT DEM CNT STA PRE LOC" Content-Length: 3860 Content-Type: text/html; charset=UTF-8 Cache-Control: max-age=111937 Expires: Sun, 11 Aug 2019 19:28:57 GMT Date: Sat, 10 Aug 2019 12:23:20 GMT Connection: keep-alive Vary: Accept-Encoding  ,3229, 3
[1:7:0812/042144.178472:INFO:ipc_mojo_bootstrap.cc(809)] >>> [IPC] Accept. post a task to AcceptOnProxyThread
[1:1:0812/042144.190606:INFO:script_loader.cc(852)]  $$$ [Script] ScriptLoader::ExecuteScriptBlock. task_id, url is 3111 0x7fe3d7382080 0x2ed8c60436a0 1 0 0x2ed8c60436b8 , "https://s.yimg.com/rq/darla/3-15-0/html/r-sf.html"
[1:1:0812/042144.565523:INFO:render_frame_impl.cc(1477)] 	RenderFrameImpl::Initialize. 18, 0x2ed8d3be2a20
[3185:3185:0812/042144.565756:INFO:render_frame_host_impl.cc(1417)] 	 enter RenderFrameHostImpl::OnCreateChildFrame
[1:1:0812/042144.565693:INFO:web_local_frame_impl.cc(1666)] 		WebLocalFrame::SetRoutingID. routing_id = 18
[3185:3185:0812/042144.568043:INFO:frame_tree.cc(218)] 	 enter FrameTree::AddFrame: , 18, 17, 
[3185:3185:0812/042144.658346:INFO:switcher_host_impl.cc(127)] >>> [Key] add a new principal. [cid, principal, url, frame_id] = 3, 3:18_https://s.yimg.com/, https://s.yimg.com/, 17
[3185:3185:0812/042144.658408:INFO:frame_tree_node.cc(349)] 	FrameTreeNode::SetCurrentOrigin. [frameid, routingid, origin, url] = 17, 18, https://s.yimg.com/, https://s.yimg.com
[1:1:0812/042145.521590:INFO:script_loader.cc(852)]  $$$ [Script] ScriptLoader::ExecuteScriptBlock. task_id, url is 3112, "https://tag.idsync.analytics.yahoo.com/sp-frame.html?referrer=https%3A%2F%2Fsg.yahoo.com%2F%3Fp%3Dus"
[1:1:0812/042145.564910:INFO:html_document_parser.cc(1203)]  $$$ [TASK] HTMLDocumentParser::AppendBytes -> BackgroundHTMLParser::AppendRawBytesFromMainThread
[3185:3185:0812/042145.567348:INFO:switcher_host_impl.cc(127)] >>> [Key] add a new principal. [cid, principal, url, frame_id] = 3, 3:14_https://googleads.g.doubleclick.net/, https://googleads.g.doubleclick.net/, 13
[3185:3185:0812/042145.567410:INFO:frame_tree_node.cc(349)] 	FrameTreeNode::SetCurrentOrigin. [frameid, routingid, origin, url] = 13, 14, https://googleads.g.doubleclick.net/, https://googleads.g.doubleclick.net
[1:1:0812/042145.592555:INFO:script_loader.cc(852)]  $$$ [Script] ScriptLoader::ExecuteScriptBlock. task_id, url is 3166 0x7fe3c2c21f10 0x2ed8c72dbfe0 , "https://s.yimg.com/rq/darla/3-15-0/html/r-sf.html"
[1:1:0812/042145.594297:INFO:script_loader.cc(852)]  $$$ [Script] ScriptLoader::ExecuteScriptBlock. task_id, url is 3167 0x7fe3c2c21f10 0x2ed8d3c04ce0 , "https://s.yimg.com/rq/darla/3-15-0/html/r-sf.html"
[1:1:0812/042145.626386:INFO:html_parser_scheduler.cc(158)]  $$$ [TASK] HTMLParserScheduler::ContinueParsing
[1:1:0812/042145.626548:INFO:html_document_parser.cc(272)] >>> HTMLDocumentParser::ResumeParsingAfterYield. url is "https://s.yimg.com/ja/ap/ssp_cookie_sync/apac.html"
[1:1:0812/042145.628247:INFO:script_loader.cc(852)]  $$$ [Script] ScriptLoader::ExecuteScriptBlock. task_id, url is 3188 0x7fe3c0cfb070 0x2ed8cfa9ce60 , "https://s.yimg.com/ja/ap/ssp_cookie_sync/apac.html"
[3185:3185:0812/042145.631758:INFO:render_frame_host_impl.cc(1417)] 	 enter RenderFrameHostImpl::OnCreateChildFrame
[1:1:0812/042145.632925:INFO:render_frame_impl.cc(1477)] 	RenderFrameImpl::Initialize. 19, 0x2ed8cdf3e220
[1:1:0812/042145.633102:INFO:web_local_frame_impl.cc(1666)] 		WebLocalFrame::SetRoutingID. routing_id = 19
[3185:3185:0812/042145.634292:INFO:frame_tree.cc(218)] 	 enter FrameTree::AddFrame: , 19, 18, 
[1:1:0812/042145.639507:INFO:render_frame_impl.cc(7018)] >>> [renderer][DOM] RenderFrameImpl::BeginNavigation
[1:1:0812/042145.639621:INFO:render_frame_impl.cc(7019)] 	 [url] = https://s.yimg.com
[3185:3185:0812/042145.640078:INFO:render_frame_host_impl.cc(3108)] >>> [broswer][navigation] RenderFrameHostImpl::BeginNavigation. ID from switcher is 3:11_https://s.yimg.com/
[1:1:0812/042145.651115:INFO:script_loader.cc(852)]  $$$ [Script] ScriptLoader::ExecuteScriptBlock. task_id, url is 3192 0x7fe3d7382080 0x2ed8c1ac3b00 1 0 0x2ed8c1ac3b18 , "https://s.yimg.com/rq/darla/3-15-0/html/r-sf.html"
[3185:3185:0812/042145.664328:INFO:navigation_url_loader_network_service.cc(1293)] 	 enter NavigationURLLoaderNetworkService::OnReceiveResponse
[3185:3185:0812/042145.664790:INFO:navigation_handle_impl.cc(765)] 	 enter NavigationHandleImpl::WillProcessResponse
[3185:3195:0812/042145.666445:INFO:interface_endpoint_client.cc(447)] >>> [Frame] get kURLLoader_ProceedWithResponse_Name. [pid, routing_id] = 3, 19
[3185:3195:0812/042145.666505:INFO:mojo_async_resource_handler.cc(459)] >>> [IPC] MojoAsyncResourceHandler::ProceedWithResponse konws [cid, routing_id]: 3, 19, HandleIncomingMessage, HandleIncomingMessage
[3185:3185:0812/042145.666584:INFO:render_frame_host_impl.cc(3699)] >>> RenderFrameHostImpl::CommitNavigation https://ads.pubmatic.com/
[3185:3185:0812/042145.666626:INFO:switcher_host_impl.cc(127)] >>> [Key] add a new principal. [cid, principal, url, frame_id] = 3, 3:19_https://ads.pubmatic.com/, https://ads.pubmatic.com/AdServer/js/user_sync.html?p=156107&s=176446&predirect=https%3A%2F%2Fpr-bh.ybp.yahoo.com%2Fsync%2Fpubmatic%2F, 18
[3185:3185:0812/042145.666704:INFO:render_frame_host_impl.cc(3718)] >>>	[site, common.url, headers] = 3:19_https://ads.pubmatic.com/, HTTP/1.1 200 OK Last-Modified: Fri, 26 Jul 2019 09:40:01 GMT Cache-Control: max-age=111935 Expires: Sun, 11 Aug 2019 19:28:57 GMT Date: Sat, 10 Aug 2019 12:23:22 GMT ETag: "1300708-26ca-58e92538a370a" Server: Apache/2.2.15 (CentOS) Accept-Ranges: bytes Content-Encoding: gzip P3P: CP="NOI DSP COR LAW CUR ADMo DEVo TAIo PSAo PSDo IVAo IVDo HISo OTPo OUR SAMo BUS UNI COM NAV INT DEM CNT STA PRE LOC", CP="NOI DSP COR LAW CUR ADMo DEVo TAIo PSAo PSDo IVAo IVDo HISo OTPo OUR SAMo BUS UNI COM NAV INT DEM CNT STA PRE LOC" Content-Length: 3860 Content-Type: text/html; charset=UTF-8 Vary: Accept-Encoding  ,3229, 3
[1:7:0812/042145.668546:INFO:ipc_mojo_bootstrap.cc(809)] >>> [IPC] Accept. post a task to AcceptOnProxyThread
[3185:3185:0812/042145.898109:INFO:render_frame_host_impl.cc(1417)] 	 enter RenderFrameHostImpl::OnCreateChildFrame
[1:1:0812/042145.899027:INFO:render_frame_impl.cc(1477)] 	RenderFrameImpl::Initialize. 20, 0x2ed8d3be3420
[1:1:0812/042145.899144:INFO:web_local_frame_impl.cc(1666)] 		WebLocalFrame::SetRoutingID. routing_id = 20
[3185:3185:0812/042145.900376:INFO:frame_tree.cc(218)] 	 enter FrameTree::AddFrame: , 20, 19, 
[3185:3185:0812/042145.911041:INFO:switcher_host_impl.cc(127)] >>> [Key] add a new principal. [cid, principal, url, frame_id] = 3, 3:20_https://s.yimg.com/, https://s.yimg.com/, 19
[3185:3185:0812/042145.911107:INFO:frame_tree_node.cc(349)] 	FrameTreeNode::SetCurrentOrigin. [frameid, routingid, origin, url] = 19, 20, https://s.yimg.com/, https://s.yimg.com
[1:1:0812/042146.796822:INFO:ipc_mojo_bootstrap.cc(894)] ### [Switcher][kFrameNavigationControl_CommitNavigation_Name] get additional field: 3:17_https://ads.pubmatic.com/
[1:1:0812/042146.877370:INFO:html_parser_scheduler.cc(81)]  $$$ [TASK] HTMLParserScheduler::ScheduleForUnpause -> HTMLParserScheduler::ContinueParsing
[1:1:0812/042147.013756:INFO:ipc_mojo_bootstrap.cc(894)] ### [Switcher][kFrameNavigationControl_CommitNavigation_Name] get additional field: 3:19_https://ads.pubmatic.com/
[1:1:0812/042147.221102:INFO:html_document_parser.cc(1203)]  $$$ [TASK] HTMLDocumentParser::AppendBytes -> BackgroundHTMLParser::AppendRawBytesFromMainThread
[3185:3185:0812/042147.222797:INFO:switcher_host_impl.cc(127)] >>> [Key] add a new principal. [cid, principal, url, frame_id] = 3, 3:17_https://ads.pubmatic.com/, https://ads.pubmatic.com/, 16
