[1:1:0814/022406.253639:INFO:ipc_mojo_bootstrap.cc(894)] ### [Switcher][kFrameNavigationControl_CommitNavigation_Name] get additional field: 3:10_https://s.yimg.com/
[1:1:0814/022406.273927:INFO:script_loader.cc(852)]  $$$ [Script] ScriptLoader::ExecuteScriptBlock. task_id, url is 2166, "https://s.yimg.com/rq/darla/3-15-0/html/r-sf.html"
[32414:32414:0814/022406.497728:INFO:switcher_host_impl.cc(127)] >>> [Key] add a new principal. [cid, principal, url, frame_id] = 3, 3:9_https://tag.idsync.analytics.yahoo.com/, https://tag.idsync.analytics.yahoo.com/, 8
[32414:32414:0814/022406.497814:INFO:frame_tree_node.cc(349)] 	FrameTreeNode::SetCurrentOrigin. [frameid, routingid, origin, url] = 8, 9, https://tag.idsync.analytics.yahoo.com/, https://tag.idsync.analytics.yahoo.com
[1:1:0814/022406.508471:INFO:html_document_parser.cc(1203)]  $$$ [TASK] HTMLDocumentParser::AppendBytes -> BackgroundHTMLParser::AppendRawBytesFromMainThread
[1:1:0814/022406.553125:INFO:script_loader.cc(852)]  $$$ [Script] ScriptLoader::ExecuteScriptBlock. task_id, url is 2254, "https://s.yimg.com/rq/darla/3-15-0/html/r-sf.html"
[1:1:0814/022406.561324:INFO:ipc_mojo_bootstrap.cc(894)] ### [Switcher][kFrameNavigationControl_CommitNavigation_Name] get additional field: 3:11_https://s.yimg.com/
[32414:32414:0814/022406.597435:INFO:switcher_host_impl.cc(127)] >>> [Key] add a new principal. [cid, principal, url, frame_id] = 3, 3:10_https://s.yimg.com/, https://s.yimg.com/, 9
[32414:32414:0814/022406.597491:INFO:frame_tree_node.cc(349)] 	FrameTreeNode::SetCurrentOrigin. [frameid, routingid, origin, url] = 9, 10, https://s.yimg.com/, https://s.yimg.com
[1:1:0814/022406.602171:INFO:html_document_parser.cc(1203)]  $$$ [TASK] HTMLDocumentParser::AppendBytes -> BackgroundHTMLParser::AppendRawBytesFromMainThread
[1:1:0814/022406.612892:INFO:html_parser_scheduler.cc(81)]  $$$ [TASK] HTMLParserScheduler::ScheduleForUnpause -> HTMLParserScheduler::ContinueParsing
[1:1:0814/022406.664786:INFO:html_parser_scheduler.cc(81)]  $$$ [TASK] HTMLParserScheduler::ScheduleForUnpause -> HTMLParserScheduler::ContinueParsing
[1:1:0814/022406.683479:INFO:html_parser_scheduler.cc(81)]  $$$ [TASK] HTMLParserScheduler::ScheduleForUnpause -> HTMLParserScheduler::ContinueParsing
[32414:32414:0814/022406.692341:INFO:switcher_host_impl.cc(127)] >>> [Key] add a new principal. [cid, principal, url, frame_id] = 3, 3:11_https://s.yimg.com/, https://s.yimg.com/, 10
[32414:32414:0814/022406.692398:INFO:frame_tree_node.cc(349)] 	FrameTreeNode::SetCurrentOrigin. [frameid, routingid, origin, url] = 10, 11, https://s.yimg.com/, https://s.yimg.com
[1:1:0814/022406.705536:INFO:html_document_parser.cc(1203)]  $$$ [TASK] HTMLDocumentParser::AppendBytes -> BackgroundHTMLParser::AppendRawBytesFromMainThread
[1:1:0814/022406.717413:INFO:html_parser_scheduler.cc(81)]  $$$ [TASK] HTMLParserScheduler::ScheduleForUnpause -> HTMLParserScheduler::ContinueParsing
[1:1:0814/022406.721956:INFO:script_loader.cc(852)]  $$$ [Script] ScriptLoader::ExecuteScriptBlock. task_id, url is 2378 0x7f345ce188b0 0x17e10fd233e0 , "https://s.yimg.com/rq/darla/3-15-0/html/r-sf.html"
[1:1:0814/022406.795948:INFO:render_frame_impl.cc(1477)] 	RenderFrameImpl::Initialize. 12, 0x17e10fe89e20
[1:1:0814/022406.796090:INFO:web_local_frame_impl.cc(1666)] 		WebLocalFrame::SetRoutingID. routing_id = 12
[32414:32414:0814/022406.796627:INFO:render_frame_host_impl.cc(1417)] 	 enter RenderFrameHostImpl::OnCreateChildFrame
[32414:32414:0814/022406.798833:INFO:frame_tree.cc(218)] 	 enter FrameTree::AddFrame: , 12, 11, 
[32414:32414:0814/022406.818685:INFO:switcher_host_impl.cc(127)] >>> [Key] add a new principal. [cid, principal, url, frame_id] = 3, 3:12_https://s.yimg.com/, https://s.yimg.com/, 11
[32414:32414:0814/022406.818795:INFO:frame_tree_node.cc(349)] 	FrameTreeNode::SetCurrentOrigin. [frameid, routingid, origin, url] = 11, 12, https://s.yimg.com/, https://s.yimg.com
[1:1:0814/022406.827560:INFO:script_loader.cc(852)]  $$$ [Script] ScriptLoader::ExecuteScriptBlock. task_id, url is 2378 0x7f345ce188b0 0x17e10fd233e0 , "https://s.yimg.com/rq/darla/3-15-0/html/r-sf.html"
[1:1:0814/022406.847166:INFO:html_tree_builder.cc(780)] >>> [renderer][DOM] receive <iframe>
[32414:32414:0814/022406.855897:INFO:render_frame_host_impl.cc(1417)] 	 enter RenderFrameHostImpl::OnCreateChildFrame
[1:1:0814/022406.856417:INFO:render_frame_impl.cc(1477)] 	RenderFrameImpl::Initialize. 13, 0x17e10fe8b220
[1:1:0814/022406.856581:INFO:web_local_frame_impl.cc(1666)] 		WebLocalFrame::SetRoutingID. routing_id = 13
[32414:32414:0814/022406.858460:INFO:frame_tree.cc(218)] 	 enter FrameTree::AddFrame: aswift_0, 13, 12, 
[32414:32414:0814/022406.874592:INFO:switcher_host_impl.cc(127)] >>> [Key] add a new principal. [cid, principal, url, frame_id] = 3, 3:13_https://s.yimg.com/, https://s.yimg.com/, 12
[32414:32414:0814/022406.874648:INFO:frame_tree_node.cc(349)] 	FrameTreeNode::SetCurrentOrigin. [frameid, routingid, origin, url] = 12, 13, https://s.yimg.com/, https://s.yimg.com
[1:1:0814/022406.891047:INFO:render_frame_impl.cc(1477)] 	RenderFrameImpl::Initialize. 14, 0x17e110b15020
[1:1:0814/022406.891210:INFO:web_local_frame_impl.cc(1666)] 		WebLocalFrame::SetRoutingID. routing_id = 14
[32414:32414:0814/022406.894284:INFO:render_frame_host_impl.cc(1417)] 	 enter RenderFrameHostImpl::OnCreateChildFrame
[32414:32414:0814/022406.897088:INFO:frame_tree.cc(218)] 	 enter FrameTree::AddFrame: google_esf, 14, 13, 
[1:1:0814/022406.898767:INFO:render_frame_impl.cc(7018)] >>> [renderer][DOM] RenderFrameImpl::BeginNavigation
[1:1:0814/022406.898950:INFO:render_frame_impl.cc(7019)] 	 [url] = https://s.yimg.com
[32414:32414:0814/022406.903036:INFO:render_frame_host_impl.cc(3108)] >>> [broswer][navigation] RenderFrameHostImpl::BeginNavigation. ID from switcher is 3:6_https://s.yimg.com/
[1:1:0814/022406.909070:INFO:html_parser_scheduler.cc(158)]  $$$ [TASK] HTMLParserScheduler::ContinueParsing
[1:1:0814/022406.909218:INFO:html_document_parser.cc(272)] >>> HTMLDocumentParser::ResumeParsingAfterYield. url is "https://s.yimg.com/rq/darla/3-15-0/html/r-sf.html"
[32414:32414:0814/022406.915240:INFO:navigation_url_loader_network_service.cc(1293)] 	 enter NavigationURLLoaderNetworkService::OnReceiveResponse
[32414:32414:0814/022406.915818:INFO:navigation_handle_impl.cc(765)] 	 enter NavigationHandleImpl::WillProcessResponse
[32414:32414:0814/022406.917905:INFO:render_frame_host_impl.cc(3699)] >>> RenderFrameHostImpl::CommitNavigation https://googleads.g.doubleclick.net/
[32414:32414:0814/022406.917947:INFO:switcher_host_impl.cc(127)] >>> [Key] add a new principal. [cid, principal, url, frame_id] = 3, 3:14_https://googleads.g.doubleclick.net/, https://googleads.g.doubleclick.net/pagead/html/r20190807/r20190131/zrt_lookup.html#, 13
[32414:32414:0814/022406.918019:INFO:render_frame_host_impl.cc(3718)] >>>	[site, common.url, headers] = 3:14_https://googleads.g.doubleclick.net/, HTTP/1.1 200 status:200 p3p:policyref="https://googleads.g.doubleclick.net/pagead/gcn_p3p_.xml", CP="CURa ADMa DEVa TAIo PSAo PSDo OUR IND UNI PUR INT DEM STA PRE COM NAV OTC NOI DSP COR" timing-allow-origin:* vary:Accept-Encoding date:Thu, 08 Aug 2019 16:26:48 GMT expires:Thu, 22 Aug 2019 16:26:48 GMT content-type:text/html; charset=UTF-8 etag:4817175036427020965 x-content-type-options:nosniff content-encoding:gzip server:cafe content-length:7274 x-xss-protection:0 cache-control:public, max-age=1209600 age:323937 alt-svc:quic="googleads.g.doubleclick.net:443"; ma=2592000; v="46,43,39",quic=":443"; ma=2592000; v="46,43,39"  ,32458, 3
[32414:32424:0814/022406.919453:INFO:interface_endpoint_client.cc(447)] >>> [Frame] get kURLLoader_ProceedWithResponse_Name. [pid, routing_id] = 3, 14
[32414:32424:0814/022406.919495:INFO:mojo_async_resource_handler.cc(459)] >>> [IPC] MojoAsyncResourceHandler::ProceedWithResponse konws [cid, routing_id]: 3, 14, HandleIncomingMessage, HandleIncomingMessage
[1:7:0814/022406.919846:INFO:ipc_mojo_bootstrap.cc(809)] >>> [IPC] Accept. post a task to AcceptOnProxyThread
[1:1:0814/022406.973072:INFO:html_parser_scheduler.cc(158)]  $$$ [TASK] HTMLParserScheduler::ContinueParsing
[1:1:0814/022406.973209:INFO:html_document_parser.cc(272)] >>> HTMLDocumentParser::ResumeParsingAfterYield. url is "https://tag.idsync.analytics.yahoo.com/sp-frame.html?referrer=https%3A%2F%2Fsg.yahoo.com%2F%3Fp%3Dus"
[1:1:0814/022406.982838:INFO:script_loader.cc(852)]  $$$ [Script] ScriptLoader::ExecuteScriptBlock. task_id, url is 2416 0x7f345ce188b0 0x17e1113eeae0 , "https://s.yimg.com/rq/darla/3-15-0/html/r-sf.html"
[1:1:0814/022407.025597:INFO:render_frame_impl.cc(1477)] 	RenderFrameImpl::Initialize. 15, 0x17e110b15a20
[1:1:0814/022407.025782:INFO:web_local_frame_impl.cc(1666)] 		WebLocalFrame::SetRoutingID. routing_id = 15
[32414:32414:0814/022407.028673:INFO:render_frame_host_impl.cc(1417)] 	 enter RenderFrameHostImpl::OnCreateChildFrame
[32414:32414:0814/022407.030726:INFO:frame_tree.cc(218)] 	 enter FrameTree::AddFrame: , 15, 14, 
[32414:32414:0814/022407.048503:INFO:switcher_host_impl.cc(127)] >>> [Key] add a new principal. [cid, principal, url, frame_id] = 3, 3:15_https://s.yimg.com/, https://s.yimg.com/, 14
[32414:32414:0814/022407.048587:INFO:frame_tree_node.cc(349)] 	FrameTreeNode::SetCurrentOrigin. [frameid, routingid, origin, url] = 14, 15, https://s.yimg.com/, https://s.yimg.com
[32414:32414:0814/022407.055300:WARNING:render_frame_host_impl.cc(414)] InterfaceRequest was dropped, the document is no longer active: content::mojom::RendererAudioOutputStreamFactory
[1:1:0814/022407.059710:INFO:script_loader.cc(852)]  $$$ [Script] ScriptLoader::ExecuteScriptBlock. task_id, url is 2416 0x7f345ce188b0 0x17e1113eeae0 , "https://s.yimg.com/rq/darla/3-15-0/html/r-sf.html"
[1:1:0814/022407.078324:INFO:html_tree_builder.cc(780)] >>> [renderer][DOM] receive <iframe>
[32414:32414:0814/022407.079780:INFO:render_frame_host_impl.cc(1417)] 	 enter RenderFrameHostImpl::OnCreateChildFrame
[1:1:0814/022407.080439:INFO:render_frame_impl.cc(1477)] 	RenderFrameImpl::Initialize. 16, 0x17e110b17820
[1:1:0814/022407.080562:INFO:web_local_frame_impl.cc(1666)] 		WebLocalFrame::SetRoutingID. routing_id = 16
[32414:32414:0814/022407.082267:INFO:frame_tree.cc(218)] 	 enter FrameTree::AddFrame: aswift_0, 16, 15, 
[32414:32414:0814/022407.097906:INFO:switcher_host_impl.cc(127)] >>> [Key] add a new principal. [cid, principal, url, frame_id] = 3, 3:16_https://s.yimg.com/, https://s.yimg.com/, 15
[32414:32414:0814/022407.097962:INFO:frame_tree_node.cc(349)] 	FrameTreeNode::SetCurrentOrigin. [frameid, routingid, origin, url] = 15, 16, https://s.yimg.com/, https://s.yimg.com
[1:1:0814/022407.131045:INFO:html_parser_scheduler.cc(158)]  $$$ [TASK] HTMLParserScheduler::ContinueParsing
[1:1:0814/022407.131216:INFO:html_document_parser.cc(272)] >>> HTMLDocumentParser::ResumeParsingAfterYield. url is "https://s.yimg.com/rq/darla/3-15-0/html/r-sf.html"
[1:1:0814/022407.149916:INFO:html_parser_scheduler.cc(81)]  $$$ [TASK] HTMLParserScheduler::ScheduleForUnpause -> HTMLParserScheduler::ContinueParsing
[1:1:0814/022407.158285:INFO:html_parser_scheduler.cc(158)]  $$$ [TASK] HTMLParserScheduler::ContinueParsing
[1:1:0814/022407.158424:INFO:html_document_parser.cc(272)] >>> HTMLDocumentParser::ResumeParsingAfterYield. url is "https://s.yimg.com/ja/ap/ssp_cookie_sync/apac.html"
[1:1:0814/022407.159892:INFO:script_loader.cc(852)]  $$$ [Script] ScriptLoader::ExecuteScriptBlock. task_id, url is 2444 0x7f345aef2070 0x17e11048bf60 , "https://s.yimg.com/ja/ap/ssp_cookie_sync/apac.html"
[32414:32414:0814/022407.163378:INFO:render_frame_host_impl.cc(1417)] 	 enter RenderFrameHostImpl::OnCreateChildFrame
[1:1:0814/022407.164100:INFO:render_frame_impl.cc(1477)] 	RenderFrameImpl::Initialize. 17, 0x17e110b16e20
[1:1:0814/022407.164211:INFO:web_local_frame_impl.cc(1666)] 		WebLocalFrame::SetRoutingID. routing_id = 17
[32414:32414:0814/022407.166634:INFO:frame_tree.cc(218)] 	 enter FrameTree::AddFrame: , 17, 16, 
[1:1:0814/022407.170195:INFO:render_frame_impl.cc(7018)] >>> [renderer][DOM] RenderFrameImpl::BeginNavigation
[1:1:0814/022407.170307:INFO:render_frame_impl.cc(7019)] 	 [url] = https://s.yimg.com
[32414:32414:0814/022407.174078:INFO:render_frame_host_impl.cc(3108)] >>> [broswer][navigation] RenderFrameHostImpl::BeginNavigation. ID from switcher is 3:10_https://s.yimg.com/
[1:1:0814/022407.221612:INFO:ipc_mojo_bootstrap.cc(894)] ### [Switcher][kFrameNavigationControl_CommitNavigation_Name] get additional field: 3:14_https://googleads.g.doubleclick.net/
[32414:32414:0814/022407.230971:INFO:navigation_url_loader_network_service.cc(1293)] 	 enter NavigationURLLoaderNetworkService::OnReceiveResponse
[32414:32414:0814/022407.231397:INFO:navigation_handle_impl.cc(765)] 	 enter NavigationHandleImpl::WillProcessResponse
[32414:32424:0814/022407.233130:INFO:interface_endpoint_client.cc(447)] >>> [Frame] get kURLLoader_ProceedWithResponse_Name. [pid, routing_id] = 3, 17
[32414:32414:0814/022407.233180:INFO:render_frame_host_impl.cc(3699)] >>> RenderFrameHostImpl::CommitNavigation https://ads.pubmatic.com/
[32414:32424:0814/022407.233187:INFO:mojo_async_resource_handler.cc(459)] >>> [IPC] MojoAsyncResourceHandler::ProceedWithResponse konws [cid, routing_id]: 3, 17, HandleIncomingMessage, HandleIncomingMessage
[32414:32414:0814/022407.233210:INFO:switcher_host_impl.cc(127)] >>> [Key] add a new principal. [cid, principal, url, frame_id] = 3, 3:17_https://ads.pubmatic.com/, https://ads.pubmatic.com/AdServer/js/user_sync.html?p=156107&s=176446&predirect=https%3A%2F%2Fpr-bh.ybp.yahoo.com%2Fsync%2Fpubmatic%2F, 16
[32414:32414:0814/022407.233263:INFO:render_frame_host_impl.cc(3718)] >>>	[site, common.url, headers] = 3:17_https://ads.pubmatic.com/, HTTP/1.1 200 OK Last-Modified: Fri, 26 Jul 2019 09:40:01 GMT ETag: "1300708-26ca-58e92538a370a" Server: Apache/2.2.15 (CentOS) Accept-Ranges: bytes Content-Encoding: gzip P3P: CP="NOI DSP COR LAW CUR ADMo DEVo TAIo PSAo PSDo IVAo IVDo HISo OTPo OUR SAMo BUS UNI COM NAV INT DEM CNT STA PRE LOC", CP="NOI DSP COR LAW CUR ADMo DEVo TAIo PSAo PSDo IVAo IVDo HISo OTPo OUR SAMo BUS UNI COM NAV INT DEM CNT STA PRE LOC" Content-Length: 3860 Content-Type: text/html; charset=UTF-8 Cache-Control: max-age=68305 Expires: Tue, 13 Aug 2019 05:24:10 GMT Date: Mon, 12 Aug 2019 10:25:45 GMT Connection: keep-alive Vary: Accept-Encoding  ,32458, 3
[1:7:0814/022407.234258:INFO:ipc_mojo_bootstrap.cc(809)] >>> [IPC] Accept. post a task to AcceptOnProxyThread
[1:1:0814/022407.290178:INFO:script_loader.cc(852)]  $$$ [Script] ScriptLoader::ExecuteScriptBlock. task_id, url is 2564, "https://tag.idsync.analytics.yahoo.com/sp-frame.html?referrer=https%3A%2F%2Fsg.yahoo.com%2F%3Fp%3Dus"
[1:1:0814/022407.340121:INFO:html_parser_scheduler.cc(158)]  $$$ [TASK] HTMLParserScheduler::ContinueParsing
[1:1:0814/022407.340251:INFO:html_document_parser.cc(272)] >>> HTMLDocumentParser::ResumeParsingAfterYield. url is "https://s.yimg.com/ja/ap/ssp_cookie_sync/apac.html"
[1:1:0814/022407.341618:INFO:script_loader.cc(852)]  $$$ [Script] ScriptLoader::ExecuteScriptBlock. task_id, url is 2634 0x7f345aef2070 0x17e110aaf3e0 , "https://s.yimg.com/ja/ap/ssp_cookie_sync/apac.html"
[32414:32414:0814/022407.344720:INFO:render_frame_host_impl.cc(1417)] 	 enter RenderFrameHostImpl::OnCreateChildFrame
[1:1:0814/022407.345804:INFO:render_frame_impl.cc(1477)] 	RenderFrameImpl::Initialize. 18, 0x17e110b16420
[1:1:0814/022407.345921:INFO:web_local_frame_impl.cc(1666)] 		WebLocalFrame::SetRoutingID. routing_id = 18
[32414:32414:0814/022407.346850:INFO:frame_tree.cc(218)] 	 enter FrameTree::AddFrame: , 18, 17, 
[1:1:0814/022407.352748:INFO:render_frame_impl.cc(7018)] >>> [renderer][DOM] RenderFrameImpl::BeginNavigation
[1:1:0814/022407.352899:INFO:render_frame_impl.cc(7019)] 	 [url] = https://s.yimg.com
[32414:32414:0814/022407.353448:INFO:render_frame_host_impl.cc(3108)] >>> [broswer][navigation] RenderFrameHostImpl::BeginNavigation. ID from switcher is 3:11_https://s.yimg.com/
[32414:32414:0814/022407.363780:INFO:navigation_url_loader_network_service.cc(1293)] 	 enter NavigationURLLoaderNetworkService::OnReceiveResponse
[32414:32414:0814/022407.364255:INFO:navigation_handle_impl.cc(765)] 	 enter NavigationHandleImpl::WillProcessResponse
[32414:32424:0814/022407.365949:INFO:interface_endpoint_client.cc(447)] >>> [Frame] get kURLLoader_ProceedWithResponse_Name. [pid, routing_id] = 3, 18
[32414:32424:0814/022407.366010:INFO:mojo_async_resource_handler.cc(459)] >>> [IPC] MojoAsyncResourceHandler::ProceedWithResponse konws [cid, routing_id]: 3, 18, HandleIncomingMessage, HandleIncomingMessage
[32414:32414:0814/022407.366030:INFO:render_frame_host_impl.cc(3699)] >>> RenderFrameHostImpl::CommitNavigation https://ads.pubmatic.com/
[32414:32414:0814/022407.366063:INFO:switcher_host_impl.cc(127)] >>> [Key] add a new principal. [cid, principal, url, frame_id] = 3, 3:18_https://ads.pubmatic.com/, https://ads.pubmatic.com/AdServer/js/user_sync.html?p=156107&s=176446&predirect=https%3A%2F%2Fpr-bh.ybp.yahoo.com%2Fsync%2Fpubmatic%2F, 17
[32414:32414:0814/022407.366120:INFO:render_frame_host_impl.cc(3718)] >>>	[site, common.url, headers] = 3:18_https://ads.pubmatic.com/, HTTP/1.1 200 OK Last-Modified: Fri, 26 Jul 2019 09:40:01 GMT Cache-Control: max-age=68305 Expires: Tue, 13 Aug 2019 05:24:10 GMT Date: Mon, 12 Aug 2019 10:25:45 GMT ETag: "1300708-26ca-58e92538a370a" Server: Apache/2.2.15 (CentOS) Accept-Ranges: bytes Content-Encoding: gzip P3P: CP="NOI DSP COR LAW CUR ADMo DEVo TAIo PSAo PSDo IVAo IVDo HISo OTPo OUR SAMo BUS UNI COM NAV INT DEM CNT STA PRE LOC", CP="NOI DSP COR LAW CUR ADMo DEVo TAIo PSAo PSDo IVAo IVDo HISo OTPo OUR SAMo BUS UNI COM NAV INT DEM CNT STA PRE LOC" Content-Length: 3860 Content-Type: text/html; charset=UTF-8 Vary: Accept-Encoding  ,32458, 3
[1:7:0814/022407.367994:INFO:ipc_mojo_bootstrap.cc(809)] >>> [IPC] Accept. post a task to AcceptOnProxyThread
[1:1:0814/022407.412869:INFO:script_loader.cc(852)]  $$$ [Script] ScriptLoader::ExecuteScriptBlock. task_id, url is 2669 0x7f345ce188b0 0x17e11154e9e0 , "https://s.yimg.com/rq/darla/3-15-0/html/r-sf.html"
[1:1:0814/022407.414515:INFO:script_loader.cc(852)]  $$$ [Script] ScriptLoader::ExecuteScriptBlock. task_id, url is 2670 0x7f345ce188b0 0x17e1117f33e0 , "https://s.yimg.com/rq/darla/3-15-0/html/r-sf.html"
[1:1:0814/022407.427245:INFO:script_loader.cc(852)]  $$$ [Script] ScriptLoader::ExecuteScriptBlock. task_id, url is 2687 0x7f3471579080 0x17e1114ee2e0 1 0 0x17e1114ee2f8 , "https://s.yimg.com/rq/darla/3-15-0/html/r-sf.html"
[32414:32414:0814/022407.592539:INFO:render_frame_host_impl.cc(1417)] 	 enter RenderFrameHostImpl::OnCreateChildFrame
[1:1:0814/022407.593594:INFO:render_frame_impl.cc(1477)] 	RenderFrameImpl::Initialize. 19, 0x17e111428020
[1:1:0814/022407.593798:INFO:web_local_frame_impl.cc(1666)] 		WebLocalFrame::SetRoutingID. routing_id = 19
[32414:32414:0814/022407.595006:INFO:frame_tree.cc(218)] 	 enter FrameTree::AddFrame: , 19, 18, 
[32414:32414:0814/022407.607212:INFO:switcher_host_impl.cc(127)] >>> [Key] add a new principal. [cid, principal, url, frame_id] = 3, 3:19_https://s.yimg.com/, https://s.yimg.com/, 18
[32414:32414:0814/022407.607316:INFO:frame_tree_node.cc(349)] 	FrameTreeNode::SetCurrentOrigin. [frameid, routingid, origin, url] = 18, 19, https://s.yimg.com/, https://s.yimg.com
[32414:32414:0814/022407.776535:INFO:switcher_host_impl.cc(127)] >>> [Key] add a new principal. [cid, principal, url, frame_id] = 3, 3:14_https://googleads.g.doubleclick.net/, https://googleads.g.doubleclick.net/, 13
[32414:32414:0814/022407.776591:INFO:frame_tree_node.cc(349)] 	FrameTreeNode::SetCurrentOrigin. [frameid, routingid, origin, url] = 13, 14, https://googleads.g.doubleclick.net/, https://googleads.g.doubleclick.net
[1:1:0814/022407.778141:INFO:html_document_parser.cc(1203)]  $$$ [TASK] HTMLDocumentParser::AppendBytes -> BackgroundHTMLParser::AppendRawBytesFromMainThread
[1:1:0814/022407.783634:INFO:ipc_mojo_bootstrap.cc(894)] ### [Switcher][kFrameNavigationControl_CommitNavigation_Name] get additional field: 3:17_https://ads.pubmatic.com/
[1:1:0814/022407.852975:INFO:script_loader.cc(852)]  $$$ [Script] ScriptLoader::ExecuteScriptBlock. task_id, url is 2744 0x7f345ce188b0 0x17e111046160 , "https://s.yimg.com/rq/darla/3-15-0/html/r-sf.html"
[1:1:0814/022407.854490:INFO:script_loader.cc(852)]  $$$ [Script] ScriptLoader::ExecuteScriptBlock. task_id, url is 2745 0x7f345ce188b0 0x17e111828260 , "https://s.yimg.com/rq/darla/3-15-0/html/r-sf.html"
[1:1:0814/022407.878766:INFO:script_loader.cc(852)]  $$$ [Script] ScriptLoader::ExecuteScriptBlock. task_id, url is 2782 0x7f3471579080 0x17e110de9380 1 0 0x17e110de9398 , "https://s.yimg.com/rq/darla/3-15-0/html/r-sf.html"
[32414:32414:0814/022407.940552:INFO:render_frame_host_impl.cc(1417)] 	 enter RenderFrameHostImpl::OnCreateChildFrame
[1:1:0814/022407.941691:INFO:render_frame_impl.cc(1477)] 	RenderFrameImpl::Initialize. 20, 0x17e111428020
[1:1:0814/022407.941865:INFO:web_local_frame_impl.cc(1666)] 		WebLocalFrame::SetRoutingID. routing_id = 20
[32414:32414:0814/022407.943160:INFO:frame_tree.cc(218)] 	 enter FrameTree::AddFrame: , 20, 19, 
[32414:32414:0814/022407.963006:INFO:switcher_host_impl.cc(127)] >>> [Key] add a new principal. [cid, principal, url, frame_id] = 3, 3:20_https://s.yimg.com/, https://s.yimg.com/, 19
[32414:32414:0814/022407.963083:INFO:frame_tree_node.cc(349)] 	FrameTreeNode::SetCurrentOrigin. [frameid, routingid, origin, url] = 19, 20, https://s.yimg.com/, https://s.yimg.com
[1:1:0814/022408.110588:INFO:ipc_mojo_bootstrap.cc(894)] ### [Switcher][kFrameNavigationControl_CommitNavigation_Name] get additional field: 3:18_https://ads.pubmatic.com/
[1:1:0814/022408.167250:INFO:html_parser_scheduler.cc(81)]  $$$ [TASK] HTMLParserScheduler::ScheduleForUnpause -> HTMLParserScheduler::ContinueParsing
[32414:32414:0814/022408.197786:INFO:switcher_host_impl.cc(127)] >>> [Key] add a new principal. [cid, principal, url, frame_id] = 3, 3:17_https://ads.pubmatic.com/, https://ads.pubmatic.com/, 16
[32414:32414:0814/022408.197860:INFO:frame_tree_node.cc(349)] 	FrameTreeNode::SetCurrentOrigin. [frameid, routingid, origin, url] = 16, 17, https://ads.pubmatic.com/, https://ads.pubmatic.com
[1:1:0814/022408.197881:INFO:html_document_parser.cc(1203)]  $$$ [TASK] HTMLDocumentParser::AppendBytes -> BackgroundHTMLParser::AppendRawBytesFromMainThread
[32414:32414:0814/022408.301675:INFO:switcher_host_impl.cc(127)] >>> [Key] add a new principal. [cid, principal, url, frame_id] = 3, 3:18_https://ads.pubmatic.com/, https://ads.pubmatic.com/, 17
[32414:32414:0814/022408.301781:INFO:frame_tree_node.cc(349)] 	FrameTreeNode::SetCurrentOrigin. [frameid, routingid, origin, url] = 17, 18, https://ads.pubmatic.com/, https://ads.pubmatic.com
[1:1:0814/022408.303827:INFO:html_document_parser.cc(1203)]  $$$ [TASK] HTMLDocumentParser::AppendBytes -> BackgroundHTMLParser::AppendRawBytesFromMainThread
[1:1:0814/022408.318462:INFO:script_loader.cc(852)]  $$$ [Script] ScriptLoader::ExecuteScriptBlock. task_id, url is 3020 0x7f3471579080 0x17e115898600 1 0 0x17e115898618 , "https://s.yimg.com/rq/darla/3-15-0/html/r-sf.html"
[1:1:0814/022408.407232:INFO:script_loader.cc(852)]  $$$ [Script] ScriptLoader::ExecuteScriptBlock. task_id, url is 3020 0x7f3471579080 0x17e115898600 1 0 0x17e115898618 , "https://s.yimg.com/rq/darla/3-15-0/html/r-sf.html"
[1:1:0814/022408.408421:INFO:script_loader.cc(852)]  $$$ [Script] ScriptLoader::ExecuteScriptBlock. task_id, url is 3020 0x7f3471579080 0x17e115898600 1 0 0x17e115898618 , "https://s.yimg.com/rq/darla/3-15-0/html/r-sf.html"
[32414:32414:0814/022408.524102:INFO:render_frame_host_impl.cc(1417)] 	 enter RenderFrameHostImpl::OnCreateChildFrame
[1:1:0814/022408.525494:INFO:render_frame_impl.cc(1477)] 	RenderFrameImpl::Initialize. 21, 0x17e10fe8a820
[1:1:0814/022408.525718:INFO:web_local_frame_impl.cc(1666)] 		WebLocalFrame::SetRoutingID. routing_id = 21
[32414:32414:0814/022408.526575:INFO:frame_tree.cc(218)] 	 enter FrameTree::AddFrame: google_ads_frame1, 21, 20, 
[1:1:0814/022408.534969:INFO:render_frame_impl.cc(7018)] >>> [renderer][DOM] RenderFrameImpl::BeginNavigation
[1:1:0814/022408.535202:INFO:render_frame_impl.cc(7019)] 	 [url] = https://s.yimg.com
[32414:32414:0814/022408.535916:INFO:render_frame_host_impl.cc(3108)] >>> [broswer][navigation] RenderFrameHostImpl::BeginNavigation. ID from switcher is 3:6_https://s.yimg.com/
[1:1:0814/022408.560477:INFO:html_parser_scheduler.cc(158)]  $$$ [TASK] HTMLParserScheduler::ContinueParsing
[1:1:0814/022408.560619:INFO:html_document_parser.cc(272)] >>> HTMLDocumentParser::ResumeParsingAfterYield. url is "https://googleads.g.doubleclick.net/pagead/html/r20190807/r20190131/zrt_lookup.html#"
[1:1:0814/022408.562040:INFO:script_loader.cc(852)]  $$$ [Script] ScriptLoader::ExecuteScriptBlock. task_id, url is 3036 0x7f345aef2070 0x17e10ff4b2e0 , "https://googleads.g.doubleclick.net/pagead/html/r20190807/r20190131/zrt_lookup.html#"
[1:1:0814/022408.587946:INFO:html_parser_scheduler.cc(81)]  $$$ [TASK] HTMLParserScheduler::ScheduleForUnpause -> HTMLParserScheduler::ContinueParsing
[1:1:0814/022408.600960:INFO:script_loader.cc(852)]  $$$ [Script] ScriptLoader::ExecuteScriptBlock. task_id, url is 3064 0x7f3471579080 0x17e115832ec0 1 0 0x17e115832ed8 , "https://s.yimg.com/rq/darla/3-15-0/html/r-sf.html"
[1:1:0814/022408.621984:INFO:script_loader.cc(852)]  $$$ [Script] ScriptLoader::ExecuteScriptBlock. task_id, url is 3064 0x7f3471579080 0x17e115832ec0 1 0 0x17e115832ed8 , "https://s.yimg.com/rq/darla/3-15-0/html/r-sf.html"
[1:1:0814/022408.622554:INFO:script_loader.cc(852)]  $$$ [Script] ScriptLoader::ExecuteScriptBlock. task_id, url is 3064 0x7f3471579080 0x17e115832ec0 1 0 0x17e115832ed8 , "https://s.yimg.com/rq/darla/3-15-0/html/r-sf.html"
[32414:32414:0814/022408.679413:INFO:render_frame_host_impl.cc(1417)] 	 enter RenderFrameHostImpl::OnCreateChildFrame
[1:1:0814/022408.680495:INFO:render_frame_impl.cc(1477)] 	RenderFrameImpl::Initialize. 22, 0x17e111451820
[1:1:0814/022408.680619:INFO:web_local_frame_impl.cc(1666)] 		WebLocalFrame::SetRoutingID. routing_id = 22
[32414:32414:0814/022408.681579:INFO:frame_tree.cc(218)] 	 enter FrameTree::AddFrame: google_ads_frame1, 22, 21, 
[1:1:0814/022408.688647:INFO:render_frame_impl.cc(7018)] >>> [renderer][DOM] RenderFrameImpl::BeginNavigation
[1:1:0814/022408.688829:INFO:render_frame_impl.cc(7019)] 	 [url] = https://s.yimg.com
[32414:32414:0814/022408.689486:INFO:render_frame_host_impl.cc(3108)] >>> [broswer][navigation] RenderFrameHostImpl::BeginNavigation. ID from switcher is 3:6_https://s.yimg.com/
[1:1:0814/022408.760129:INFO:script_loader.cc(852)]  $$$ [Script] ScriptLoader::ExecuteScriptBlock. task_id, url is 3088 0x7f345ce188b0 0x17e110aae8e0 , "https://s.yimg.com/rq/darla/3-15-0/html/r-sf.html"
[1:1:0814/022408.763584:INFO:script_loader.cc(852)]  $$$ [Script] ScriptLoader::ExecuteScriptBlock. task_id, url is 3092 0x7f345ce188b0 0x17e110cb9ae0 , "https://s.yimg.com/rq/darla/3-15-0/html/r-sf.html"
[1:1:0814/022408.769187:INFO:html_parser_scheduler.cc(81)]  $$$ [TASK] HTMLParserScheduler::ScheduleForUnpause -> HTMLParserScheduler::ContinueParsing
[1:1:0814/022408.803566:INFO:html_parser_scheduler.cc(158)]  $$$ [TASK] HTMLParserScheduler::ContinueParsing
[1:1:0814/022408.803690:INFO:html_document_parser.cc(272)] >>> HTMLDocumentParser::ResumeParsingAfterYield. url is "https://ads.pubmatic.com/AdServer/js/user_sync.html?p=156107&s=176446&predirect=https%3A%2F%2Fpr-bh.ybp.yahoo.com%2Fsync%2Fpubmatic%2F"
[1:1:0814/022408.804840:INFO:script_loader.cc(852)]  $$$ [Script] ScriptLoader::ExecuteScriptBlock. task_id, url is 3186 0x7f345aef2070 0x17e1158c16e0 , "https://ads.pubmatic.com/AdServer/js/user_sync.html?p=156107&s=176446&predirect=https%3A%2F%2Fpr-bh.ybp.yahoo.com%2Fsync%2Fpubmatic%2F"
[1:1:0814/022408.818208:INFO:html_tree_builder.cc(780)] >>> [renderer][DOM] receive <iframe>
[32414:32414:0814/022408.819265:INFO:render_frame_host_impl.cc(1417)] 	 enter RenderFrameHostImpl::OnCreateChildFrame
[1:1:0814/022408.820424:INFO:render_frame_impl.cc(1477)] 	RenderFrameImpl::Initialize. 23, 0x17e111428020
[1:1:0814/022408.820544:INFO:web_local_frame_impl.cc(1666)] 		WebLocalFrame::SetRoutingID. routing_id = 23
[32414:32414:0814/022408.821229:INFO:frame_tree.cc(218)] 	 enter FrameTree::AddFrame: , 23, 22, 
[1:1:0814/022408.827463:INFO:render_frame_impl.cc(7018)] >>> [renderer][DOM] RenderFrameImpl::BeginNavigation
[1:1:0814/022408.827616:INFO:render_frame_impl.cc(7019)] 	 [url] = https://ads.pubmatic.com
[32414:32414:0814/022408.829103:INFO:render_frame_host_impl.cc(3108)] >>> [broswer][navigation] RenderFrameHostImpl::BeginNavigation. ID from switcher is 3:17_https://ads.pubmatic.com/
[32414:32414:0814/022408.858391:INFO:navigation_url_loader_network_service.cc(1293)] 	 enter NavigationURLLoaderNetworkService::OnReceiveResponse
[32414:32414:0814/022408.858818:INFO:navigation_handle_impl.cc(765)] 	 enter NavigationHandleImpl::WillProcessResponse
[32414:32424:0814/022408.860292:INFO:interface_endpoint_client.cc(447)] >>> [Frame] get kURLLoader_ProceedWithResponse_Name. [pid, routing_id] = 3, 23
[32414:32424:0814/022408.860332:INFO:mojo_async_resource_handler.cc(459)] >>> [IPC] MojoAsyncResourceHandler::ProceedWithResponse konws [cid, routing_id]: 3, 23, HandleIncomingMessage, HandleIncomingMessage
[32414:32414:0814/022408.860370:INFO:render_frame_host_impl.cc(3699)] >>> RenderFrameHostImpl::CommitNavigation https://ads.pubmatic.com/
[32414:32414:0814/022408.860399:INFO:switcher_host_impl.cc(127)] >>> [Key] add a new principal. [cid, principal, url, frame_id] = 3, 3:23_https://ads.pubmatic.com/, https://ads.pubmatic.com/AdServer/js/showad.js#PIX&kdntuid=1&SPug=true&p=156107&s=176446&predirect=https%3A%2F%2Fpr-bh.ybp.yahoo.com%2Fsync%2Fpubmatic%2F&it=0&gdpr=0&np=0, 22
[32414:32414:0814/022408.860449:INFO:render_frame_host_impl.cc(3718)] >>>	[site, common.url, headers] = 3:23_https://ads.pubmatic.com/, HTTP/1.1 200 OK Server: Apache/2.2.15 (CentOS) ETag: "13006b6-9bf6-58e925294ef26" Set-Cookie: KTPCACOOKIE=YES; domain=.pubmatic.com; path=/; max-age=7776000; Last-Modified: Fri, 26 Jul 2019 09:39:45 GMT Accept-Ranges: bytes Content-Encoding: gzip P3P: CP="NOI DSP COR LAW CUR ADMo DEVo TAIo PSAo PSDo IVAo IVDo HISo OTPo OUR SAMo BUS UNI COM NAV INT DEM CNT STA PRE LOC", CP="NOI DSP COR LAW CUR ADMo DEVo TAIo PSAo PSDo IVAo IVDo HISo OTPo OUR SAMo BUS UNI COM NAV INT DEM CNT STA PRE LOC" Content-Length: 14898 Content-Type: text/html; charset=UTF-8 Cache-Control: public, max-age=106278 Expires: Tue, 13 Aug 2019 15:57:05 GMT Date: Mon, 12 Aug 2019 10:25:47 GMT Connection: keep-alive Vary: Accept-Encoding  ,32458, 3
[1:7:0814/022408.861466:INFO:ipc_mojo_bootstrap.cc(809)] >>> [IPC] Accept. post a task to AcceptOnProxyThread
[32414:32414:0814/022408.881348:INFO:navigation_url_loader_network_service.cc(1293)] 	 enter NavigationURLLoaderNetworkService::OnReceiveResponse
[32414:32414:0814/022408.882050:INFO:navigation_handle_impl.cc(765)] 	 enter NavigationHandleImpl::WillProcessResponse
[32414:32424:0814/022408.884384:INFO:interface_endpoint_client.cc(447)] >>> [Frame] get kURLLoader_ProceedWithResponse_Name. [pid, routing_id] = 3, 22
[32414:32424:0814/022408.884457:INFO:mojo_async_resource_handler.cc(459)] >>> [IPC] MojoAsyncResourceHandler::ProceedWithResponse konws [cid, routing_id]: 3, 22, HandleIncomingMessage, HandleIncomingMessage
[32414:32414:0814/022408.884480:INFO:render_frame_host_impl.cc(3699)] >>> RenderFrameHostImpl::CommitNavigation https://googleads.g.doubleclick.net/
[32414:32414:0814/022408.884525:INFO:switcher_host_impl.cc(127)] >>> [Key] add a new principal. [cid, principal, url, frame_id] = 3, 3:22_https://googleads.g.doubleclick.net/, https://googleads.g.doubleclick.net/pagead/ads?client=ca-pub-6785382607161389&output=html&h=250&slotname=1481641241&adk=3950437848&adf=2170632791&w=300&guci=2.2.0.0.2.2.0.0&format=300x250&url=https%3A%2F%2Fsg.yahoo.com%2F%3Fp%3Dus&ea=0&flash=0&avail_w=0&wgl=1&adsid=NT&dt=1565720647019&bpp=99&bdt=2625&fdt=1603&idt=1605&shv=r20190807&cbv=r20190131&saldr=aa&correlator=809121780694&frm=24&ife=3&pv=2&ga_vid=1310652342.1565720649&ga_sid=1565720649&ga_hid=1899182230&ga_fc=0&iag=3&icsg=649&nhd=1&dssz=7&mdo=33554432&mso=33554432&u_tz=480&u_his=2&u_java=0&u_h=1080&u_w=1920&u_ah=1056&u_aw=1855&u_cd=24&u_nplug=2&u_nmime=2&adx=0&ady=0&biw=-12245933&bih=-12245933&isw=300&ish=250&ifk=1120905753&scr_x=-12245933&scr_y=-12245933&eid=633794004%2C633794005&oid=3&loc=https%3A%2F%2Fsg.yahoo.com%2F%3Fp%3Dus&rx=0&eae=3&brdim=75%2C34%2C75%2C34%2C1855%2C24%2C1280%2C1024%2C300%2C250&vis=1&rsz=%7C%7CaeE%7C&abl=CA&pfx=0&fu=16&bc=31&osw_key=1550835982&ifi=1&uci=1.gj6v801mwrwt&fsb=1&dtd=1659, 21
[32414:32414:0814/022408.884594:INFO:render_frame_host_impl.cc(3718)] >>>	[site, common.url, headers] = 3:22_https://googleads.g.doubleclick.net/, HTTP/1.1 200 status:200 p3p:policyref="https://googleads.g.doubleclick.net/pagead/gcn_p3p_.xml", CP="CURa ADMa DEVa TAIo PSAo PSDo OUR IND UNI PUR INT DEM STA PRE COM NAV OTC NOI DSP COR" timing-allow-origin:* content-type:text/html; charset=UTF-8 x-content-type-options:nosniff content-encoding:br date:Mon, 12 Aug 2019 10:25:47 GMT server:cafe content-length:7700 x-xss-protection:0 alt-svc:quic="googleads.g.doubleclick.net:443"; ma=2592000; v="46,43,39",quic=":443"; ma=2592000; v="46,43,39"  ,32458, 3
[1:7:0814/022408.891080:INFO:ipc_mojo_bootstrap.cc(809)] >>> [IPC] Accept. post a task to AcceptOnProxyThread
[1:1:0814/022408.922314:INFO:html_parser_scheduler.cc(158)]  $$$ [TASK] HTMLParserScheduler::ContinueParsing
[1:1:0814/022408.922525:INFO:html_document_parser.cc(272)] >>> HTMLDocumentParser::ResumeParsingAfterYield. url is "https://ads.pubmatic.com/AdServer/js/user_sync.html?p=156107&s=176446&predirect=https%3A%2F%2Fpr-bh.ybp.yahoo.com%2Fsync%2Fpubmatic%2F"
[1:1:0814/022408.924062:INFO:script_loader.cc(852)]  $$$ [Script] ScriptLoader::ExecuteScriptBlock. task_id, url is 3250 0x7f345aef2070 0x17e10bb15d60 , "https://ads.pubmatic.com/AdServer/js/user_sync.html?p=156107&s=176446&predirect=https%3A%2F%2Fpr-bh.ybp.yahoo.com%2Fsync%2Fpubmatic%2F"
[1:1:0814/022408.928953:INFO:html_tree_builder.cc(780)] >>> [renderer][DOM] receive <iframe>
[32414:32414:0814/022408.929722:INFO:render_frame_host_impl.cc(1417)] 	 enter RenderFrameHostImpl::OnCreateChildFrame
[1:1:0814/022408.930518:INFO:render_frame_impl.cc(1477)] 	RenderFrameImpl::Initialize. 24, 0x17e111428a20
[1:1:0814/022408.930667:INFO:web_local_frame_impl.cc(1666)] 		WebLocalFrame::SetRoutingID. routing_id = 24
[32414:32414:0814/022408.931995:INFO:frame_tree.cc(218)] 	 enter FrameTree::AddFrame: , 24, 23, 
[1:1:0814/022408.937858:INFO:render_frame_impl.cc(7018)] >>> [renderer][DOM] RenderFrameImpl::BeginNavigation
[1:1:0814/022408.938005:INFO:render_frame_impl.cc(7019)] 	 [url] = https://ads.pubmatic.com
[32414:32414:0814/022408.938479:INFO:render_frame_host_impl.cc(3108)] >>> [broswer][navigation] RenderFrameHostImpl::BeginNavigation. ID from switcher is 3:18_https://ads.pubmatic.com/
[32414:32414:0814/022408.947612:INFO:navigation_url_loader_network_service.cc(1293)] 	 enter NavigationURLLoaderNetworkService::OnReceiveResponse
[32414:32414:0814/022408.948071:INFO:navigation_handle_impl.cc(765)] 	 enter NavigationHandleImpl::WillProcessResponse
[32414:32424:0814/022408.949589:INFO:interface_endpoint_client.cc(447)] >>> [Frame] get kURLLoader_ProceedWithResponse_Name. [pid, routing_id] = 3, 24
[32414:32424:0814/022408.949638:INFO:mojo_async_resource_handler.cc(459)] >>> [IPC] MojoAsyncResourceHandler::ProceedWithResponse konws [cid, routing_id]: 3, 24, HandleIncomingMessage, HandleIncomingMessage
[32414:32414:0814/022408.949714:INFO:render_frame_host_impl.cc(3699)] >>> RenderFrameHostImpl::CommitNavigation https://ads.pubmatic.com/
[32414:32414:0814/022408.949752:INFO:switcher_host_impl.cc(127)] >>> [Key] add a new principal. [cid, principal, url, frame_id] = 3, 3:24_https://ads.pubmatic.com/, https://ads.pubmatic.com/AdServer/js/showad.js#PIX&kdntuid=1&SPug=true&p=156107&s=176446&predirect=https%3A%2F%2Fpr-bh.ybp.yahoo.com%2Fsync%2Fpubmatic%2F&it=0&gdpr=0&np=0, 23
[32414:32414:0814/022408.949820:INFO:render_frame_host_impl.cc(3718)] >>>	[site, common.url, headers] = 3:24_https://ads.pubmatic.com/, HTTP/1.1 200 OK Last-Modified: Fri, 26 Jul 2019 09:39:45 GMT Cache-Control: public, max-age=106278 Expires: Tue, 13 Aug 2019 15:57:05 GMT Date: Mon, 12 Aug 2019 10:25:47 GMT Server: Apache/2.2.15 (CentOS) ETag: "13006b6-9bf6-58e925294ef26" Accept-Ranges: bytes Content-Encoding: gzip P3P: CP="NOI DSP COR LAW CUR ADMo DEVo TAIo PSAo PSDo IVAo IVDo HISo OTPo OUR SAMo BUS UNI COM NAV INT DEM CNT STA PRE LOC", CP="NOI DSP COR LAW CUR ADMo DEVo TAIo PSAo PSDo IVAo IVDo HISo OTPo OUR SAMo BUS UNI COM NAV INT DEM CNT STA PRE LOC" Content-Length: 14898 Content-Type: text/html; charset=UTF-8 Vary: Accept-Encoding  ,32458, 3
[1:7:0814/022408.950784:INFO:ipc_mojo_bootstrap.cc(809)] >>> [IPC] Accept. post a task to AcceptOnProxyThread
[32414:32414:0814/022408.954216:INFO:navigation_url_loader_network_service.cc(1293)] 	 enter NavigationURLLoaderNetworkService::OnReceiveResponse
[32414:32414:0814/022408.954623:INFO:navigation_handle_impl.cc(765)] 	 enter NavigationHandleImpl::WillProcessResponse
[32414:32424:0814/022408.956357:INFO:interface_endpoint_client.cc(447)] >>> [Frame] get kURLLoader_ProceedWithResponse_Name. [pid, routing_id] = 3, 21
[32414:32424:0814/022408.956426:INFO:mojo_async_resource_handler.cc(459)] >>> [IPC] MojoAsyncResourceHandler::ProceedWithResponse konws [cid, routing_id]: 3, 21, HandleIncomingMessage, HandleIncomingMessage
[32414:32414:0814/022408.956504:INFO:render_frame_host_impl.cc(3699)] >>> RenderFrameHostImpl::CommitNavigation https://oao-js-tag.onemobile.yahoo.com/
[32414:32414:0814/022408.956543:INFO:switcher_host_impl.cc(127)] >>> [Key] add a new principal. [cid, principal, url, frame_id] = 3, 3:21_https://oao-js-tag.onemobile.yahoo.com/, https://oao-js-tag.onemobile.yahoo.com/admax/adServe.do?brxdSectionId=284170563&req(url)=yahoo.com&yadpos=&pos=284170563_970x250&secure=1&wd=970&ht=250&brxdPublisherId=29284317589&brxdSiteId=41161561&dcn=brxd41161561&csrtype=5, 20
[32414:32414:0814/022408.956618:INFO:render_frame_host_impl.cc(3718)] >>>	[site, common.url, headers] = 3:21_https://oao-js-tag.onemobile.yahoo.com/, HTTP/1.1 200 status:200 date:Mon, 12 Aug 2019 10:25:47 GMT content-type:text/html;charset=utf-8 content-length:1253 cache-control:no-store cache-control:no-cache cache-control:must-revalidate cache-control:max-age=0 cache-control:no-transform cache-control:post-check=0, pre-check=0 pragma:no-cache expires:Thu, 01 Jan 1970 00:00:00 GMT server:Jetty(9.4.7.v20170914)  ,32458, 3
[1:7:0814/022408.958639:INFO:ipc_mojo_bootstrap.cc(809)] >>> [IPC] Accept. post a task to AcceptOnProxyThread
[1:1:0814/022408.986728:INFO:ipc_mojo_bootstrap.cc(894)] ### [Switcher][kFrameNavigationControl_CommitNavigation_Name] get additional field: 3:23_https://ads.pubmatic.com/
[1:1:0814/022408.998459:INFO:ipc_mojo_bootstrap.cc(894)] ### [Switcher][kFrameNavigationControl_CommitNavigation_Name] get additional field: 3:22_https://googleads.g.doubleclick.net/
[1:1:0814/022409.026490:INFO:event_target.cc(534)] !!!!!!!!!!!!!!!! RegisteredEventListener::SetCallback. 0x4523ca6d6a0
[1:1:0814/022409.075956:INFO:ipc_mojo_bootstrap.cc(894)] ### [Switcher][kFrameNavigationControl_CommitNavigation_Name] get additional field: 3:24_https://ads.pubmatic.com/
[1:1:0814/022409.081687:INFO:ipc_mojo_bootstrap.cc(894)] ### [Switcher][kFrameNavigationControl_CommitNavigation_Name] get additional field: 3:21_https://oao-js-tag.onemobile.yahoo.com/
[1:1:0814/022409.089170:INFO:script_loader.cc(852)]  $$$ [Script] ScriptLoader::ExecuteScriptBlock. task_id, url is 3390 0x7f345ce188b0 0x17e111790fe0 , "https://s.yimg.com/rq/darla/3-15-0/html/r-sf.html"
[32414:32414:0814/022409.131759:INFO:render_frame_host_impl.cc(1417)] 	 enter RenderFrameHostImpl::OnCreateChildFrame
[1:1:0814/022409.132955:INFO:render_frame_impl.cc(1477)] 	RenderFrameImpl::Initialize. 25, 0x17e11142a820
[1:1:0814/022409.133109:INFO:web_local_frame_impl.cc(1666)] 		WebLocalFrame::SetRoutingID. routing_id = 25
[32414:32414:0814/022409.134502:INFO:frame_tree.cc(218)] 	 enter FrameTree::AddFrame: google_osd_static_frame, 25, 24, 
[32414:32414:0814/022409.148824:INFO:switcher_host_impl.cc(127)] >>> [Key] add a new principal. [cid, principal, url, frame_id] = 3, 3:25_https://s.yimg.com/, https://s.yimg.com/, 24
[32414:32414:0814/022409.148900:INFO:frame_tree_node.cc(349)] 	FrameTreeNode::SetCurrentOrigin. [frameid, routingid, origin, url] = 24, 25, https://s.yimg.com/, https://s.yimg.com
[32414:32414:0814/022409.248700:INFO:switcher_host_impl.cc(127)] >>> [Key] add a new principal. [cid, principal, url, frame_id] = 3, 3:23_https://ads.pubmatic.com/, https://ads.pubmatic.com/, 22
[32414:32414:0814/022409.248784:INFO:frame_tree_node.cc(349)] 	FrameTreeNode::SetCurrentOrigin. [frameid, routingid, origin, url] = 22, 23, https://ads.pubmatic.com/, https://ads.pubmatic.com
[1:1:0814/022409.264809:INFO:html_document_parser.cc(1203)]  $$$ [TASK] HTMLDocumentParser::AppendBytes -> BackgroundHTMLParser::AppendRawBytesFromMainThread
[32414:32414:0814/022409.282411:INFO:switcher_host_impl.cc(127)] >>> [Key] add a new principal. [cid, principal, url, frame_id] = 3, 3:22_https://googleads.g.doubleclick.net/, https://googleads.g.doubleclick.net/, 21
[32414:32414:0814/022409.282482:INFO:frame_tree_node.cc(349)] 	FrameTreeNode::SetCurrentOrigin. [frameid, routingid, origin, url] = 21, 22, https://googleads.g.doubleclick.net/, https://googleads.g.doubleclick.net
[1:1:0814/022409.297829:INFO:html_document_parser.cc(1203)]  $$$ [TASK] HTMLDocumentParser::AppendBytes -> BackgroundHTMLParser::AppendRawBytesFromMainThread
[1:1:0814/022409.302522:INFO:script_loader.cc(852)]  $$$ [Script] ScriptLoader::ExecuteScriptBlock. task_id, url is 3426 0x7f345ce188b0 0x17e110a426e0 , "https://s.yimg.com/rq/darla/3-15-0/html/r-sf.html"
[32414:32414:0814/022409.315230:INFO:render_frame_host_impl.cc(1417)] 	 enter RenderFrameHostImpl::OnCreateChildFrame
[1:1:0814/022409.316491:INFO:render_frame_impl.cc(1477)] 	RenderFrameImpl::Initialize. 26, 0x17e111429420
[1:1:0814/022409.316636:INFO:web_local_frame_impl.cc(1666)] 		WebLocalFrame::SetRoutingID. routing_id = 26
[32414:32414:0814/022409.317299:INFO:frame_tree.cc(218)] 	 enter FrameTree::AddFrame: google_osd_static_frame, 26, 25, 
[32414:32414:0814/022409.331105:INFO:switcher_host_impl.cc(127)] >>> [Key] add a new principal. [cid, principal, url, frame_id] = 3, 3:26_https://s.yimg.com/, https://s.yimg.com/, 25
[32414:32414:0814/022409.331179:INFO:frame_tree_node.cc(349)] 	FrameTreeNode::SetCurrentOrigin. [frameid, routingid, origin, url] = 25, 26, https://s.yimg.com/, https://s.yimg.com
[32414:32414:0814/022409.451774:INFO:switcher_host_impl.cc(127)] >>> [Key] add a new principal. [cid, principal, url, frame_id] = 3, 3:24_https://ads.pubmatic.com/, https://ads.pubmatic.com/, 23
[32414:32414:0814/022409.451831:INFO:frame_tree_node.cc(349)] 	FrameTreeNode::SetCurrentOrigin. [frameid, routingid, origin, url] = 23, 24, https://ads.pubmatic.com/, https://ads.pubmatic.com
[1:1:0814/022409.463332:INFO:html_document_parser.cc(1203)]  $$$ [TASK] HTMLDocumentParser::AppendBytes -> BackgroundHTMLParser::AppendRawBytesFromMainThread
[32414:32414:0814/022409.486585:INFO:switcher_host_impl.cc(127)] >>> [Key] add a new principal. [cid, principal, url, frame_id] = 3, 3:21_https://oao-js-tag.onemobile.yahoo.com/, https://oao-js-tag.onemobile.yahoo.com/, 20
[32414:32414:0814/022409.486653:INFO:frame_tree_node.cc(349)] 	FrameTreeNode::SetCurrentOrigin. [frameid, routingid, origin, url] = 20, 21, https://oao-js-tag.onemobile.yahoo.com/, https://oao-js-tag.onemobile.yahoo.com
[1:1:0814/022409.487636:INFO:html_document_parser.cc(1203)]  $$$ [TASK] HTMLDocumentParser::AppendBytes -> BackgroundHTMLParser::AppendRawBytesFromMainThread
[1:1:0814/022409.518094:INFO:html_parser_scheduler.cc(81)]  $$$ [TASK] HTMLParserScheduler::ScheduleForUnpause -> HTMLParserScheduler::ContinueParsing
[1:1:0814/022409.527931:INFO:html_parser_scheduler.cc(81)]  $$$ [TASK] HTMLParserScheduler::ScheduleForUnpause -> HTMLParserScheduler::ContinueParsing
[1:1:0814/022409.608958:INFO:html_parser_scheduler.cc(81)]  $$$ [TASK] HTMLParserScheduler::ScheduleForUnpause -> HTMLParserScheduler::ContinueParsing
[1:1:0814/022409.624843:INFO:html_parser_scheduler.cc(81)]  $$$ [TASK] HTMLParserScheduler::ScheduleForUnpause -> HTMLParserScheduler::ContinueParsing
[1:1:0814/022409.639634:INFO:html_parser_scheduler.cc(158)]  $$$ [TASK] HTMLParserScheduler::ContinueParsing
[1:1:0814/022409.639783:INFO:html_document_parser.cc(272)] >>> HTMLDocumentParser::ResumeParsingAfterYield. url is "https://ads.pubmatic.com/AdServer/js/showad.js#PIX&kdntuid=1&SPug=true&p=156107&s=176446&predirect=https%3A%2F%2Fpr-bh.ybp.yahoo.com%2Fsync%2Fpubmatic%2F&it=0&gdpr=0&np=0"
[1:1:0814/022409.641272:INFO:script_loader.cc(852)]  $$$ [Script] ScriptLoader::ExecuteScriptBlock. task_id, url is 3648 0x7f345aef2070 0x17e10bf32060 , "https://ads.pubmatic.com/AdServer/js/showad.js#PIX&kdntuid=1&SPug=true&p=156107&s=176446&predirect=https%3A%2F%2Fpr-bh.ybp.yahoo.com%2Fsync%2Fpubmatic%2F&it=0&gdpr=0&np=0"
[1:1:0814/022409.675886:INFO:html_parser_scheduler.cc(158)]  $$$ [TASK] HTMLParserScheduler::ContinueParsing
[1:1:0814/022409.855729:INFO:html_document_parser.cc(272)] >>> HTMLDocumentParser::ResumeParsingAfterYield. url is "https://googleads.g.doubleclick.net/pagead/ads?client=ca-pub-6785382607161389&output=html&h=250&slotname=1481641241&adk=3950437848&adf=2170632791&w=300&guci=2.2.0.0.2.2.0.0&format=300x250&url=https%3A%2F%2Fsg.yahoo.com%2F%3Fp%3Dus&ea=0&flash=0&avail_w=0&wgl=1&adsid=NT&dt=1565720647019&bpp=99&bdt=2625&fdt=1603&idt=1605&shv=r20190807&cbv=r20190131&saldr=aa&correlator=809121780694&frm=24&ife=3&pv=2&ga_vid=1310652342.1565720649&ga_sid=1565720649&ga_hid=1899182230&ga_fc=0&iag=3&icsg=649&nhd=1&dssz=7&mdo=33554432&mso=33554432&u_tz=480&u_his=2&u_java=0&u_h=1080&u_w=1920&u_ah=1056&u_aw=1855&u_cd=24&u_nplug=2&u_nmime=2&adx=0&ady=0&biw=-12245933&bih=-12245933&isw=300&ish=250&ifk=1120905753&scr_x=-12245933&scr_y=-12245933&eid=633794004%2C633794005&oid=3&loc=https%3A%2F%2Fsg.yahoo.com%2F%3Fp%3Dus&rx=0&eae=3&brdim=75%2C34%2C75%2C34%2C1855%2C24%2C1280%2C1024%2C300%2C250&vis=1&rsz=%7C%7CaeE%7C&abl=CA&pfx=0&fu=16&bc=31&osw_key=1550835982&ifi=1&uci=1.gj6v801mwrwt&fsb=1&dtd=1659"
[1:1:0814/022409.869878:INFO:script_loader.cc(852)]  $$$ [Script] ScriptLoader::ExecuteScriptBlock. task_id, url is 3654 0x7f345aef2070 0x17e10bb5cae0 , "https://googleads.g.doubleclick.net/pagead/ads?client=ca-pub-6785382607161389&output=html&h=250&slotname=1481641241&adk=3950437848&adf=2170632791&w=300&guci=2.2.0.0.2.2.0.0&format=300x250&url=https%3A%2F%2Fsg.yahoo.com%2F%3Fp%3Dus&ea=0&flash=0&avail_w=0&wgl=1&adsid=NT&dt=1565720647019&bpp=99&bdt=2625&fdt=1603&idt=1605&shv=r20190807&cbv=r20190131&saldr=aa&correlator=809121780694&frm=24&ife=3&pv=2&ga_vid=1310652342.1565720649&ga_sid=1565720649&ga_hid=1899182230&ga_fc=0&iag=3&icsg=649&nhd=1&dssz=7&mdo=33554432&mso=33554432&u_tz=480&u_his=2&u_java=0&u_h=1080&u_w=1920&u_ah=1056&u_aw=1855&u_cd=24&u_nplug=2&u_nmime=2&adx=0&ady=0&biw=-12245933&bih=-12245933&isw=300&ish=250&ifk=1120905753&scr_x=-12245933&scr_y=-12245933&eid=633794004%2C633794005&oid=3&loc=https%3A%2F%2Fsg.yahoo.com%2F%3Fp%3Dus&rx=0&eae=3&brdim=75%2C34%2C75%2C34%2C1855%2C24%2C1280%2C1024%2C300%2C250&vis=1&rsz=%7C%7CaeE%7C&abl=CA&pfx=0&fu=16&bc=31&osw_key=1550835982&ifi=1&uci=1.gj6v801mwrwt&fsb=1&dtd=1659"
[1:1:0814/022409.877103:INFO:html_tree_builder.cc(780)] >>> [renderer][DOM] receive <iframe>
[32414:32414:0814/022409.887225:INFO:render_frame_host_impl.cc(1417)] 	 enter RenderFrameHostImpl::OnCreateChildFrame
[1:1:0814/022409.888511:INFO:render_frame_impl.cc(1477)] 	RenderFrameImpl::Initialize. 27, 0x17e10bfbc020
[1:1:0814/022409.888652:INFO:web_local_frame_impl.cc(1666)] 		WebLocalFrame::SetRoutingID. routing_id = 27
[32414:32414:0814/022409.890242:INFO:frame_tree.cc(218)] 	 enter FrameTree::AddFrame: , 27, 26, 
[1:1:0814/022409.895992:INFO:render_frame_impl.cc(7018)] >>> [renderer][DOM] RenderFrameImpl::BeginNavigation
[1:1:0814/022409.896096:INFO:render_frame_impl.cc(7019)] 	 [url] = https://googleads.g.doubleclick.net
[1:1:0814/022409.896886:INFO:script_loader.cc(852)]  $$$ [Script] ScriptLoader::ExecuteScriptBlock. task_id, url is 3654 0x7f345aef2070 0x17e10bb5cae0 , "https://googleads.g.doubleclick.net/pagead/ads?client=ca-pub-6785382607161389&output=html&h=250&slotname=1481641241&adk=3950437848&adf=2170632791&w=300&guci=2.2.0.0.2.2.0.0&format=300x250&url=https%3A%2F%2Fsg.yahoo.com%2F%3Fp%3Dus&ea=0&flash=0&avail_w=0&wgl=1&adsid=NT&dt=1565720647019&bpp=99&bdt=2625&fdt=1603&idt=1605&shv=r20190807&cbv=r20190131&saldr=aa&correlator=809121780694&frm=24&ife=3&pv=2&ga_vid=1310652342.1565720649&ga_sid=1565720649&ga_hid=1899182230&ga_fc=0&iag=3&icsg=649&nhd=1&dssz=7&mdo=33554432&mso=33554432&u_tz=480&u_his=2&u_java=0&u_h=1080&u_w=1920&u_ah=1056&u_aw=1855&u_cd=24&u_nplug=2&u_nmime=2&adx=0&ady=0&biw=-12245933&bih=-12245933&isw=300&ish=250&ifk=1120905753&scr_x=-12245933&scr_y=-12245933&eid=633794004%2C633794005&oid=3&loc=https%3A%2F%2Fsg.yahoo.com%2F%3Fp%3Dus&rx=0&eae=3&brdim=75%2C34%2C75%2C34%2C1855%2C24%2C1280%2C1024%2C300%2C250&vis=1&rsz=%7C%7CaeE%7C&abl=CA&pfx=0&fu=16&bc=31&osw_key=1550835982&ifi=1&uci=1.gj6v801mwrwt&fsb=1&dtd=1659"
